[2026-08-04T00:27:14.493+0000] {processor.py:186} INFO - Started process (PID=3809) to work on /opt/airflow/dags/dag_extract_dvizhenie.py
[2026-08-04T00:27:14.493+0000] {processor.py:914} INFO - Processing file /opt/airflow/dags/dag_extract_dvizhenie.py for tasks to queue
[2026-08-04T00:27:14.494+0000] {logging_mixin.py:190} INFO - [2026-08-04T00:27:14.494+0000] {dagbag.py:588} INFO - Filling up the DagBag from /opt/airflow/dags/dag_extract_dvizhenie.py
[2026-08-04T00:27:14.501+0000] {processor.py:925} INFO - DAG(s) 'dag_extract_dvizhenie' retrieved from /opt/airflow/dags/dag_extract_dvizhenie.py
[2026-08-04T00:27:14.518+0000] {logging_mixin.py:190} INFO - [2026-08-04T00:27:14.518+0000] {dag.py:3239} INFO - Sync 1 DAGs
[2026-08-04T00:27:14.535+0000] {processor.py:208} INFO - Processing /opt/airflow/dags/dag_extract_dvizhenie.py took 0.046 seconds
[2026-08-04T01:34:58.409+0000] {processor.py:186} INFO - Started process (PID=3846) to work on /opt/airflow/dags/dag_extract_dvizhenie.py
[2026-08-04T01:34:58.409+0000] {processor.py:914} INFO - Processing file /opt/airflow/dags/dag_extract_dvizhenie.py for tasks to queue
[2026-08-04T01:34:58.409+0000] {logging_mixin.py:190} INFO - [2026-08-04T01:34:58.409+0000] {dagbag.py:588} INFO - Filling up the DagBag from /opt/airflow/dags/dag_extract_dvizhenie.py
[2026-08-04T01:34:58.414+0000] {processor.py:925} INFO - DAG(s) 'dag_extract_dvizhenie' retrieved from /opt/airflow/dags/dag_extract_dvizhenie.py
[2026-08-04T01:34:58.424+0000] {logging_mixin.py:190} INFO - [2026-08-04T01:34:58.424+0000] {dag.py:3239} INFO - Sync 1 DAGs
[2026-08-04T01:34:58.435+0000] {processor.py:208} INFO - Processing /opt/airflow/dags/dag_extract_dvizhenie.py took 0.029 seconds
[2026-08-04T02:44:27.594+0000] {processor.py:186} INFO - Started process (PID=3869) to work on /opt/airflow/dags/dag_extract_dvizhenie.py
[2026-08-04T02:44:27.594+0000] {processor.py:914} INFO - Processing file /opt/airflow/dags/dag_extract_dvizhenie.py for tasks to queue
[2026-08-04T02:44:27.595+0000] {logging_mixin.py:190} INFO - [2026-08-04T02:44:27.595+0000] {dagbag.py:588} INFO - Filling up the DagBag from /opt/airflow/dags/dag_extract_dvizhenie.py
[2026-08-04T02:44:27.600+0000] {processor.py:925} INFO - DAG(s) 'dag_extract_dvizhenie' retrieved from /opt/airflow/dags/dag_extract_dvizhenie.py
[2026-08-04T02:44:27.611+0000] {logging_mixin.py:190} INFO - [2026-08-04T02:44:27.611+0000] {dag.py:3239} INFO - Sync 1 DAGs
[2026-08-04T02:44:27.622+0000] {processor.py:208} INFO - Processing /opt/airflow/dags/dag_extract_dvizhenie.py took 0.034 seconds
[2026-08-04T03:07:17.352+0000] {processor.py:186} INFO - Started process (PID=3905) to work on /opt/airflow/dags/dag_extract_dvizhenie.py
[2026-08-04T03:07:17.353+0000] {processor.py:914} INFO - Processing file /opt/airflow/dags/dag_extract_dvizhenie.py for tasks to queue
[2026-08-04T03:07:17.354+0000] {logging_mixin.py:190} INFO - [2026-08-04T03:07:17.354+0000] {dagbag.py:588} INFO - Filling up the DagBag from /opt/airflow/dags/dag_extract_dvizhenie.py
[2026-08-04T03:07:17.364+0000] {processor.py:925} INFO - DAG(s) 'dag_extract_dvizhenie' retrieved from /opt/airflow/dags/dag_extract_dvizhenie.py
[2026-08-04T03:07:17.386+0000] {logging_mixin.py:190} INFO - [2026-08-04T03:07:17.386+0000] {dag.py:3239} INFO - Sync 1 DAGs
[2026-08-04T03:07:17.413+0000] {processor.py:208} INFO - Processing /opt/airflow/dags/dag_extract_dvizhenie.py took 0.068 seconds
[2026-08-04T03:41:33.476+0000] {processor.py:186} INFO - Started process (PID=3927) to work on /opt/airflow/dags/dag_extract_dvizhenie.py
[2026-08-04T03:41:33.477+0000] {processor.py:914} INFO - Processing file /opt/airflow/dags/dag_extract_dvizhenie.py for tasks to queue
[2026-08-04T03:41:33.477+0000] {logging_mixin.py:190} INFO - [2026-08-04T03:41:33.477+0000] {dagbag.py:588} INFO - Filling up the DagBag from /opt/airflow/dags/dag_extract_dvizhenie.py
[2026-08-04T03:41:33.482+0000] {processor.py:925} INFO - DAG(s) 'dag_extract_dvizhenie' retrieved from /opt/airflow/dags/dag_extract_dvizhenie.py
[2026-08-04T03:41:33.491+0000] {logging_mixin.py:190} INFO - [2026-08-04T03:41:33.491+0000] {dag.py:3239} INFO - Sync 1 DAGs
[2026-08-04T03:41:33.503+0000] {processor.py:208} INFO - Processing /opt/airflow/dags/dag_extract_dvizhenie.py took 0.029 seconds
[2026-08-04T04:02:51.269+0000] {processor.py:186} INFO - Started process (PID=3956) to work on /opt/airflow/dags/dag_extract_dvizhenie.py
[2026-08-04T04:02:51.269+0000] {processor.py:914} INFO - Processing file /opt/airflow/dags/dag_extract_dvizhenie.py for tasks to queue
[2026-08-04T04:02:51.270+0000] {logging_mixin.py:190} INFO - [2026-08-04T04:02:51.269+0000] {dagbag.py:588} INFO - Filling up the DagBag from /opt/airflow/dags/dag_extract_dvizhenie.py
[2026-08-04T04:02:51.274+0000] {processor.py:925} INFO - DAG(s) 'dag_extract_dvizhenie' retrieved from /opt/airflow/dags/dag_extract_dvizhenie.py
[2026-08-04T04:02:51.283+0000] {logging_mixin.py:190} INFO - [2026-08-04T04:02:51.283+0000] {dag.py:3239} INFO - Sync 1 DAGs
[2026-08-04T04:02:51.295+0000] {processor.py:208} INFO - Processing /opt/airflow/dags/dag_extract_dvizhenie.py took 0.028 seconds
[2026-08-04T05:36:10.752+0000] {processor.py:186} INFO - Started process (PID=3988) to work on /opt/airflow/dags/dag_extract_dvizhenie.py
[2026-08-04T05:36:10.753+0000] {processor.py:914} INFO - Processing file /opt/airflow/dags/dag_extract_dvizhenie.py for tasks to queue
[2026-08-04T05:36:10.754+0000] {logging_mixin.py:190} INFO - [2026-08-04T05:36:10.754+0000] {dagbag.py:588} INFO - Filling up the DagBag from /opt/airflow/dags/dag_extract_dvizhenie.py
[2026-08-04T05:36:10.767+0000] {processor.py:925} INFO - DAG(s) 'dag_extract_dvizhenie' retrieved from /opt/airflow/dags/dag_extract_dvizhenie.py
[2026-08-04T05:36:10.785+0000] {logging_mixin.py:190} INFO - [2026-08-04T05:36:10.784+0000] {dag.py:3239} INFO - Sync 1 DAGs
[2026-08-04T05:36:10.809+0000] {processor.py:208} INFO - Processing /opt/airflow/dags/dag_extract_dvizhenie.py took 0.060 seconds
[2026-08-04T05:53:09.018+0000] {processor.py:186} INFO - Started process (PID=4029) to work on /opt/airflow/dags/dag_extract_dvizhenie.py
[2026-08-04T05:53:09.018+0000] {processor.py:914} INFO - Processing file /opt/airflow/dags/dag_extract_dvizhenie.py for tasks to queue
[2026-08-04T05:53:09.019+0000] {logging_mixin.py:190} INFO - [2026-08-04T05:53:09.019+0000] {dagbag.py:588} INFO - Filling up the DagBag from /opt/airflow/dags/dag_extract_dvizhenie.py
[2026-08-04T05:53:09.028+0000] {processor.py:925} INFO - DAG(s) 'dag_extract_dvizhenie' retrieved from /opt/airflow/dags/dag_extract_dvizhenie.py
[2026-08-04T05:53:09.038+0000] {logging_mixin.py:190} INFO - [2026-08-04T05:53:09.038+0000] {dag.py:3239} INFO - Sync 1 DAGs
[2026-08-04T05:53:09.050+0000] {processor.py:208} INFO - Processing /opt/airflow/dags/dag_extract_dvizhenie.py took 0.035 seconds
[2026-08-04T06:55:38.078+0000] {processor.py:186} INFO - Started process (PID=4049) to work on /opt/airflow/dags/dag_extract_dvizhenie.py
[2026-08-04T06:55:38.079+0000] {processor.py:914} INFO - Processing file /opt/airflow/dags/dag_extract_dvizhenie.py for tasks to queue
[2026-08-04T06:55:38.080+0000] {logging_mixin.py:190} INFO - [2026-08-04T06:55:38.079+0000] {dagbag.py:588} INFO - Filling up the DagBag from /opt/airflow/dags/dag_extract_dvizhenie.py
[2026-08-04T06:55:38.085+0000] {processor.py:925} INFO - DAG(s) 'dag_extract_dvizhenie' retrieved from /opt/airflow/dags/dag_extract_dvizhenie.py
[2026-08-04T06:55:38.097+0000] {logging_mixin.py:190} INFO - [2026-08-04T06:55:38.097+0000] {dag.py:3239} INFO - Sync 1 DAGs
[2026-08-04T06:55:38.110+0000] {processor.py:208} INFO - Processing /opt/airflow/dags/dag_extract_dvizhenie.py took 0.041 seconds
[2026-08-04T07:40:19.610+0000] {processor.py:186} INFO - Started process (PID=4081) to work on /opt/airflow/dags/dag_extract_dvizhenie.py
[2026-08-04T07:40:19.610+0000] {processor.py:914} INFO - Processing file /opt/airflow/dags/dag_extract_dvizhenie.py for tasks to queue
[2026-08-04T07:40:19.611+0000] {logging_mixin.py:190} INFO - [2026-08-04T07:40:19.611+0000] {dagbag.py:588} INFO - Filling up the DagBag from /opt/airflow/dags/dag_extract_dvizhenie.py
[2026-08-04T07:40:19.615+0000] {processor.py:925} INFO - DAG(s) 'dag_extract_dvizhenie' retrieved from /opt/airflow/dags/dag_extract_dvizhenie.py
[2026-08-04T07:40:19.625+0000] {logging_mixin.py:190} INFO - [2026-08-04T07:40:19.625+0000] {dag.py:3239} INFO - Sync 1 DAGs
[2026-08-04T07:40:19.636+0000] {processor.py:208} INFO - Processing /opt/airflow/dags/dag_extract_dvizhenie.py took 0.029 seconds
[2026-08-04T08:39:29.205+0000] {processor.py:186} INFO - Started process (PID=4102) to work on /opt/airflow/dags/dag_extract_dvizhenie.py
[2026-08-04T08:39:29.206+0000] {processor.py:914} INFO - Processing file /opt/airflow/dags/dag_extract_dvizhenie.py for tasks to queue
[2026-08-04T08:39:29.207+0000] {logging_mixin.py:190} INFO - [2026-08-04T08:39:29.207+0000] {dagbag.py:588} INFO - Filling up the DagBag from /opt/airflow/dags/dag_extract_dvizhenie.py
[2026-08-04T08:39:29.213+0000] {processor.py:925} INFO - DAG(s) 'dag_extract_dvizhenie' retrieved from /opt/airflow/dags/dag_extract_dvizhenie.py
[2026-08-04T08:39:29.229+0000] {logging_mixin.py:190} INFO - [2026-08-04T08:39:29.229+0000] {dag.py:3239} INFO - Sync 1 DAGs
[2026-08-04T08:39:29.372+0000] {processor.py:208} INFO - Processing /opt/airflow/dags/dag_extract_dvizhenie.py took 0.170 seconds
[2026-08-04T09:43:21.624+0000] {processor.py:186} INFO - Started process (PID=4127) to work on /opt/airflow/dags/dag_extract_dvizhenie.py
[2026-08-04T09:43:21.625+0000] {processor.py:914} INFO - Processing file /opt/airflow/dags/dag_extract_dvizhenie.py for tasks to queue
[2026-08-04T09:43:21.625+0000] {logging_mixin.py:190} INFO - [2026-08-04T09:43:21.625+0000] {dagbag.py:588} INFO - Filling up the DagBag from /opt/airflow/dags/dag_extract_dvizhenie.py
[2026-08-04T09:43:21.629+0000] {processor.py:925} INFO - DAG(s) 'dag_extract_dvizhenie' retrieved from /opt/airflow/dags/dag_extract_dvizhenie.py
[2026-08-04T09:43:21.639+0000] {logging_mixin.py:190} INFO - [2026-08-04T09:43:21.639+0000] {dag.py:3239} INFO - Sync 1 DAGs
[2026-08-04T09:43:21.651+0000] {processor.py:208} INFO - Processing /opt/airflow/dags/dag_extract_dvizhenie.py took 0.030 seconds
[2026-08-04T10:25:06.326+0000] {processor.py:186} INFO - Started process (PID=4150) to work on /opt/airflow/dags/dag_extract_dvizhenie.py
[2026-08-04T10:25:06.327+0000] {processor.py:914} INFO - Processing file /opt/airflow/dags/dag_extract_dvizhenie.py for tasks to queue
[2026-08-04T10:25:06.327+0000] {logging_mixin.py:190} INFO - [2026-08-04T10:25:06.327+0000] {dagbag.py:588} INFO - Filling up the DagBag from /opt/airflow/dags/dag_extract_dvizhenie.py
[2026-08-04T10:25:06.332+0000] {processor.py:925} INFO - DAG(s) 'dag_extract_dvizhenie' retrieved from /opt/airflow/dags/dag_extract_dvizhenie.py
[2026-08-04T10:25:06.342+0000] {logging_mixin.py:190} INFO - [2026-08-04T10:25:06.342+0000] {dag.py:3239} INFO - Sync 1 DAGs
[2026-08-04T10:25:06.353+0000] {processor.py:208} INFO - Processing /opt/airflow/dags/dag_extract_dvizhenie.py took 0.031 seconds
[2026-08-04T11:09:47.325+0000] {processor.py:186} INFO - Started process (PID=4177) to work on /opt/airflow/dags/dag_extract_dvizhenie.py
[2026-08-04T11:09:47.325+0000] {processor.py:914} INFO - Processing file /opt/airflow/dags/dag_extract_dvizhenie.py for tasks to queue
[2026-08-04T11:09:47.327+0000] {logging_mixin.py:190} INFO - [2026-08-04T11:09:47.327+0000] {dagbag.py:588} INFO - Filling up the DagBag from /opt/airflow/dags/dag_extract_dvizhenie.py
[2026-08-04T11:09:47.335+0000] {processor.py:925} INFO - DAG(s) 'dag_extract_dvizhenie' retrieved from /opt/airflow/dags/dag_extract_dvizhenie.py
[2026-08-04T11:09:47.351+0000] {logging_mixin.py:190} INFO - [2026-08-04T11:09:47.351+0000] {dag.py:3239} INFO - Sync 1 DAGs
[2026-08-04T11:09:47.366+0000] {processor.py:208} INFO - Processing /opt/airflow/dags/dag_extract_dvizhenie.py took 0.044 seconds
[2026-08-04T11:42:08.073+0000] {processor.py:186} INFO - Started process (PID=4202) to work on /opt/airflow/dags/dag_extract_dvizhenie.py
[2026-08-04T11:42:08.074+0000] {processor.py:914} INFO - Processing file /opt/airflow/dags/dag_extract_dvizhenie.py for tasks to queue
[2026-08-04T11:42:08.074+0000] {logging_mixin.py:190} INFO - [2026-08-04T11:42:08.074+0000] {dagbag.py:588} INFO - Filling up the DagBag from /opt/airflow/dags/dag_extract_dvizhenie.py
[2026-08-04T11:42:08.080+0000] {processor.py:925} INFO - DAG(s) 'dag_extract_dvizhenie' retrieved from /opt/airflow/dags/dag_extract_dvizhenie.py
[2026-08-04T11:42:08.092+0000] {logging_mixin.py:190} INFO - [2026-08-04T11:42:08.092+0000] {dag.py:3239} INFO - Sync 1 DAGs
[2026-08-04T11:42:08.105+0000] {processor.py:208} INFO - Processing /opt/airflow/dags/dag_extract_dvizhenie.py took 0.034 seconds
[2026-08-04T12:45:25.607+0000] {processor.py:186} INFO - Started process (PID=4223) to work on /opt/airflow/dags/dag_extract_dvizhenie.py
[2026-08-04T12:45:25.608+0000] {processor.py:914} INFO - Processing file /opt/airflow/dags/dag_extract_dvizhenie.py for tasks to queue
[2026-08-04T12:45:25.609+0000] {logging_mixin.py:190} INFO - [2026-08-04T12:45:25.609+0000] {dagbag.py:588} INFO - Filling up the DagBag from /opt/airflow/dags/dag_extract_dvizhenie.py
[2026-08-04T12:45:25.619+0000] {processor.py:925} INFO - DAG(s) 'dag_extract_dvizhenie' retrieved from /opt/airflow/dags/dag_extract_dvizhenie.py
[2026-08-04T12:45:25.631+0000] {logging_mixin.py:190} INFO - [2026-08-04T12:45:25.631+0000] {dag.py:3239} INFO - Sync 1 DAGs
[2026-08-04T12:45:25.649+0000] {processor.py:208} INFO - Processing /opt/airflow/dags/dag_extract_dvizhenie.py took 0.048 seconds
[2026-08-04T13:44:02.538+0000] {processor.py:186} INFO - Started process (PID=4246) to work on /opt/airflow/dags/dag_extract_dvizhenie.py
[2026-08-04T13:44:02.538+0000] {processor.py:914} INFO - Processing file /opt/airflow/dags/dag_extract_dvizhenie.py for tasks to queue
[2026-08-04T13:44:02.539+0000] {logging_mixin.py:190} INFO - [2026-08-04T13:44:02.539+0000] {dagbag.py:588} INFO - Filling up the DagBag from /opt/airflow/dags/dag_extract_dvizhenie.py
[2026-08-04T13:44:02.549+0000] {processor.py:925} INFO - DAG(s) 'dag_extract_dvizhenie' retrieved from /opt/airflow/dags/dag_extract_dvizhenie.py
[2026-08-04T13:44:02.571+0000] {logging_mixin.py:190} INFO - [2026-08-04T13:44:02.571+0000] {dag.py:3239} INFO - Sync 1 DAGs
[2026-08-04T13:44:02.609+0000] {processor.py:208} INFO - Processing /opt/airflow/dags/dag_extract_dvizhenie.py took 0.075 seconds
[2026-08-04T14:46:35.395+0000] {processor.py:186} INFO - Started process (PID=4268) to work on /opt/airflow/dags/dag_extract_dvizhenie.py
[2026-08-04T14:46:35.395+0000] {processor.py:914} INFO - Processing file /opt/airflow/dags/dag_extract_dvizhenie.py for tasks to queue
[2026-08-04T14:46:35.396+0000] {logging_mixin.py:190} INFO - [2026-08-04T14:46:35.396+0000] {dagbag.py:588} INFO - Filling up the DagBag from /opt/airflow/dags/dag_extract_dvizhenie.py
[2026-08-04T14:46:35.400+0000] {processor.py:925} INFO - DAG(s) 'dag_extract_dvizhenie' retrieved from /opt/airflow/dags/dag_extract_dvizhenie.py
[2026-08-04T14:46:35.410+0000] {logging_mixin.py:190} INFO - [2026-08-04T14:46:35.410+0000] {dag.py:3239} INFO - Sync 1 DAGs
[2026-08-04T14:46:35.422+0000] {processor.py:208} INFO - Processing /opt/airflow/dags/dag_extract_dvizhenie.py took 0.030 seconds
[2026-08-04T15:46:15.300+0000] {processor.py:186} INFO - Started process (PID=4294) to work on /opt/airflow/dags/dag_extract_dvizhenie.py
[2026-08-04T15:46:15.301+0000] {processor.py:914} INFO - Processing file /opt/airflow/dags/dag_extract_dvizhenie.py for tasks to queue
[2026-08-04T15:46:15.302+0000] {logging_mixin.py:190} INFO - [2026-08-04T15:46:15.302+0000] {dagbag.py:588} INFO - Filling up the DagBag from /opt/airflow/dags/dag_extract_dvizhenie.py
[2026-08-04T15:46:15.308+0000] {processor.py:925} INFO - DAG(s) 'dag_extract_dvizhenie' retrieved from /opt/airflow/dags/dag_extract_dvizhenie.py
[2026-08-04T15:46:15.319+0000] {logging_mixin.py:190} INFO - [2026-08-04T15:46:15.319+0000] {dag.py:3239} INFO - Sync 1 DAGs
[2026-08-04T15:46:15.331+0000] {processor.py:208} INFO - Processing /opt/airflow/dags/dag_extract_dvizhenie.py took 0.037 seconds
[2026-08-04T17:15:54.093+0000] {processor.py:186} INFO - Started process (PID=4317) to work on /opt/airflow/dags/dag_extract_dvizhenie.py
[2026-08-04T17:15:54.094+0000] {processor.py:914} INFO - Processing file /opt/airflow/dags/dag_extract_dvizhenie.py for tasks to queue
[2026-08-04T17:15:54.095+0000] {logging_mixin.py:190} INFO - [2026-08-04T17:15:54.094+0000] {dagbag.py:588} INFO - Filling up the DagBag from /opt/airflow/dags/dag_extract_dvizhenie.py
[2026-08-04T17:15:54.100+0000] {processor.py:925} INFO - DAG(s) 'dag_extract_dvizhenie' retrieved from /opt/airflow/dags/dag_extract_dvizhenie.py
[2026-08-04T17:15:54.113+0000] {logging_mixin.py:190} INFO - [2026-08-04T17:15:54.113+0000] {dag.py:3239} INFO - Sync 1 DAGs
[2026-08-04T17:15:54.129+0000] {processor.py:208} INFO - Processing /opt/airflow/dags/dag_extract_dvizhenie.py took 0.039 seconds
[2026-08-04T18:17:01.434+0000] {processor.py:186} INFO - Started process (PID=4346) to work on /opt/airflow/dags/dag_extract_dvizhenie.py
[2026-08-04T18:17:01.436+0000] {processor.py:914} INFO - Processing file /opt/airflow/dags/dag_extract_dvizhenie.py for tasks to queue
[2026-08-04T18:17:01.437+0000] {logging_mixin.py:190} INFO - [2026-08-04T18:17:01.437+0000] {dagbag.py:588} INFO - Filling up the DagBag from /opt/airflow/dags/dag_extract_dvizhenie.py
[2026-08-04T18:17:01.448+0000] {processor.py:925} INFO - DAG(s) 'dag_extract_dvizhenie' retrieved from /opt/airflow/dags/dag_extract_dvizhenie.py
[2026-08-04T18:17:01.473+0000] {logging_mixin.py:190} INFO - [2026-08-04T18:17:01.473+0000] {dag.py:3239} INFO - Sync 1 DAGs
[2026-08-04T18:17:01.512+0000] {processor.py:208} INFO - Processing /opt/airflow/dags/dag_extract_dvizhenie.py took 0.201 seconds
[2026-08-04T19:15:14.524+0000] {processor.py:186} INFO - Started process (PID=4369) to work on /opt/airflow/dags/dag_extract_dvizhenie.py
[2026-08-04T19:15:14.525+0000] {processor.py:914} INFO - Processing file /opt/airflow/dags/dag_extract_dvizhenie.py for tasks to queue
[2026-08-04T19:15:14.525+0000] {logging_mixin.py:190} INFO - [2026-08-04T19:15:14.525+0000] {dagbag.py:588} INFO - Filling up the DagBag from /opt/airflow/dags/dag_extract_dvizhenie.py
[2026-08-04T19:15:14.530+0000] {processor.py:925} INFO - DAG(s) 'dag_extract_dvizhenie' retrieved from /opt/airflow/dags/dag_extract_dvizhenie.py
[2026-08-04T19:15:14.539+0000] {logging_mixin.py:190} INFO - [2026-08-04T19:15:14.539+0000] {dag.py:3239} INFO - Sync 1 DAGs
[2026-08-04T19:15:14.551+0000] {processor.py:208} INFO - Processing /opt/airflow/dags/dag_extract_dvizhenie.py took 0.029 seconds
[2026-08-04T19:51:33.348+0000] {processor.py:186} INFO - Started process (PID=4393) to work on /opt/airflow/dags/dag_extract_dvizhenie.py
[2026-08-04T19:51:33.349+0000] {processor.py:914} INFO - Processing file /opt/airflow/dags/dag_extract_dvizhenie.py for tasks to queue
[2026-08-04T19:51:33.349+0000] {logging_mixin.py:190} INFO - [2026-08-04T19:51:33.349+0000] {dagbag.py:588} INFO - Filling up the DagBag from /opt/airflow/dags/dag_extract_dvizhenie.py
[2026-08-04T19:51:33.355+0000] {processor.py:925} INFO - DAG(s) 'dag_extract_dvizhenie' retrieved from /opt/airflow/dags/dag_extract_dvizhenie.py
[2026-08-04T19:51:33.367+0000] {logging_mixin.py:190} INFO - [2026-08-04T19:51:33.367+0000] {dag.py:3239} INFO - Sync 1 DAGs
[2026-08-04T19:51:33.381+0000] {processor.py:208} INFO - Processing /opt/airflow/dags/dag_extract_dvizhenie.py took 0.036 seconds
[2026-08-04T20:18:56.579+0000] {processor.py:186} INFO - Started process (PID=4415) to work on /opt/airflow/dags/dag_extract_dvizhenie.py
[2026-08-04T20:18:56.579+0000] {processor.py:914} INFO - Processing file /opt/airflow/dags/dag_extract_dvizhenie.py for tasks to queue
[2026-08-04T20:18:56.580+0000] {logging_mixin.py:190} INFO - [2026-08-04T20:18:56.580+0000] {dagbag.py:588} INFO - Filling up the DagBag from /opt/airflow/dags/dag_extract_dvizhenie.py
[2026-08-04T20:18:56.587+0000] {processor.py:925} INFO - DAG(s) 'dag_extract_dvizhenie' retrieved from /opt/airflow/dags/dag_extract_dvizhenie.py
[2026-08-04T20:18:56.600+0000] {logging_mixin.py:190} INFO - [2026-08-04T20:18:56.600+0000] {dag.py:3239} INFO - Sync 1 DAGs
[2026-08-04T20:18:56.619+0000] {processor.py:208} INFO - Processing /opt/airflow/dags/dag_extract_dvizhenie.py took 0.044 seconds
[2026-08-04T21:28:36.699+0000] {processor.py:186} INFO - Started process (PID=4444) to work on /opt/airflow/dags/dag_extract_dvizhenie.py
[2026-08-04T21:28:36.700+0000] {processor.py:914} INFO - Processing file /opt/airflow/dags/dag_extract_dvizhenie.py for tasks to queue
[2026-08-04T21:28:36.700+0000] {logging_mixin.py:190} INFO - [2026-08-04T21:28:36.700+0000] {dagbag.py:588} INFO - Filling up the DagBag from /opt/airflow/dags/dag_extract_dvizhenie.py
[2026-08-04T21:28:36.705+0000] {processor.py:925} INFO - DAG(s) 'dag_extract_dvizhenie' retrieved from /opt/airflow/dags/dag_extract_dvizhenie.py
[2026-08-04T21:28:36.715+0000] {logging_mixin.py:190} INFO - [2026-08-04T21:28:36.715+0000] {dag.py:3239} INFO - Sync 1 DAGs
[2026-08-04T21:28:36.727+0000] {processor.py:208} INFO - Processing /opt/airflow/dags/dag_extract_dvizhenie.py took 0.030 seconds
[2026-08-04T22:00:23.849+0000] {processor.py:186} INFO - Started process (PID=4462) to work on /opt/airflow/dags/dag_extract_dvizhenie.py
[2026-08-04T22:00:23.850+0000] {processor.py:914} INFO - Processing file /opt/airflow/dags/dag_extract_dvizhenie.py for tasks to queue
[2026-08-04T22:00:23.852+0000] {logging_mixin.py:190} INFO - [2026-08-04T22:00:23.852+0000] {dagbag.py:588} INFO - Filling up the DagBag from /opt/airflow/dags/dag_extract_dvizhenie.py
[2026-08-04T22:00:23.858+0000] {processor.py:925} INFO - DAG(s) 'dag_extract_dvizhenie' retrieved from /opt/airflow/dags/dag_extract_dvizhenie.py
[2026-08-04T22:00:23.870+0000] {logging_mixin.py:190} INFO - [2026-08-04T22:00:23.870+0000] {dag.py:3239} INFO - Sync 1 DAGs
[2026-08-04T22:00:23.885+0000] {processor.py:208} INFO - Processing /opt/airflow/dags/dag_extract_dvizhenie.py took 0.039 seconds
[2026-08-04T22:19:33.820+0000] {processor.py:186} INFO - Started process (PID=4487) to work on /opt/airflow/dags/dag_extract_dvizhenie.py
[2026-08-04T22:19:33.820+0000] {processor.py:914} INFO - Processing file /opt/airflow/dags/dag_extract_dvizhenie.py for tasks to queue
[2026-08-04T22:19:33.821+0000] {logging_mixin.py:190} INFO - [2026-08-04T22:19:33.821+0000] {dagbag.py:588} INFO - Filling up the DagBag from /opt/airflow/dags/dag_extract_dvizhenie.py
[2026-08-04T22:19:33.826+0000] {processor.py:925} INFO - DAG(s) 'dag_extract_dvizhenie' retrieved from /opt/airflow/dags/dag_extract_dvizhenie.py
[2026-08-04T22:19:33.836+0000] {logging_mixin.py:190} INFO - [2026-08-04T22:19:33.836+0000] {dag.py:3239} INFO - Sync 1 DAGs
[2026-08-04T22:19:33.848+0000] {processor.py:208} INFO - Processing /opt/airflow/dags/dag_extract_dvizhenie.py took 0.030 seconds
[2026-08-04T23:09:49.870+0000] {processor.py:186} INFO - Started process (PID=4507) to work on /opt/airflow/dags/dag_extract_dvizhenie.py
[2026-08-04T23:09:49.870+0000] {processor.py:914} INFO - Processing file /opt/airflow/dags/dag_extract_dvizhenie.py for tasks to queue
[2026-08-04T23:09:49.871+0000] {logging_mixin.py:190} INFO - [2026-08-04T23:09:49.871+0000] {dagbag.py:588} INFO - Filling up the DagBag from /opt/airflow/dags/dag_extract_dvizhenie.py
[2026-08-04T23:09:49.877+0000] {processor.py:925} INFO - DAG(s) 'dag_extract_dvizhenie' retrieved from /opt/airflow/dags/dag_extract_dvizhenie.py
[2026-08-04T23:09:49.890+0000] {logging_mixin.py:190} INFO - [2026-08-04T23:09:49.890+0000] {dag.py:3239} INFO - Sync 1 DAGs
[2026-08-04T23:09:49.904+0000] {processor.py:208} INFO - Processing /opt/airflow/dags/dag_extract_dvizhenie.py took 0.038 seconds
[2026-08-04T23:27:09.714+0000] {processor.py:186} INFO - Started process (PID=4527) to work on /opt/airflow/dags/dag_extract_dvizhenie.py
[2026-08-04T23:27:09.715+0000] {processor.py:914} INFO - Processing file /opt/airflow/dags/dag_extract_dvizhenie.py for tasks to queue
[2026-08-04T23:27:09.715+0000] {logging_mixin.py:190} INFO - [2026-08-04T23:27:09.715+0000] {dagbag.py:588} INFO - Filling up the DagBag from /opt/airflow/dags/dag_extract_dvizhenie.py
[2026-08-04T23:27:09.720+0000] {processor.py:925} INFO - DAG(s) 'dag_extract_dvizhenie' retrieved from /opt/airflow/dags/dag_extract_dvizhenie.py
[2026-08-04T23:27:09.732+0000] {logging_mixin.py:190} INFO - [2026-08-04T23:27:09.732+0000] {dag.py:3239} INFO - Sync 1 DAGs
[2026-08-04T23:27:09.750+0000] {processor.py:208} INFO - Processing /opt/airflow/dags/dag_extract_dvizhenie.py took 0.038 seconds
[2026-08-04T23:27:13.287+0000] {processor.py:186} INFO - Started process (PID=4537) to work on /opt/airflow/dags/dag_extract_dvizhenie.py
[2026-08-04T23:27:13.288+0000] {processor.py:914} INFO - Processing file /opt/airflow/dags/dag_extract_dvizhenie.py for tasks to queue
[2026-08-04T23:27:13.289+0000] {logging_mixin.py:190} INFO - [2026-08-04T23:27:13.289+0000] {dagbag.py:588} INFO - Filling up the DagBag from /opt/airflow/dags/dag_extract_dvizhenie.py
[2026-08-04T23:27:13.302+0000] {processor.py:925} INFO - DAG(s) 'dag_extract_dvizhenie' retrieved from /opt/airflow/dags/dag_extract_dvizhenie.py
[2026-08-04T23:27:13.312+0000] {logging_mixin.py:190} INFO - [2026-08-04T23:27:13.312+0000] {taskinstance.py:3313} ERROR - {'DAG Id': 'dag_extract_dvizhenie', 'Task Id': 'extract_dvizhenie', 'Run Id': 'scheduled__2026-08-04T18:00:00+00:00', 'Hostname': 'ce016640a6d7'}
[2026-08-04T23:27:13.319+0000] {logging_mixin.py:190} INFO - [2026-08-04T23:27:13.319+0000] {taskinstance.py:1225} INFO - Marking task as FAILED. dag_id=dag_extract_dvizhenie, task_id=extract_dvizhenie, run_id=scheduled__2026-08-04T18:00:00+00:00, execution_date=20260804T180000, start_date=20260804T220024, end_date=20260804T232713
[2026-08-04T23:27:13.324+0000] {logging_mixin.py:190} INFO - [2026-08-04T23:27:13.324+0000] {processor.py:876} INFO - Executed callback for <TaskInstance: dag_extract_dvizhenie.extract_dvizhenie scheduled__2026-08-04T18:00:00+00:00 [failed]> in state failed
[2026-08-04T23:27:13.330+0000] {logging_mixin.py:190} INFO - [2026-08-04T23:27:13.330+0000] {dag.py:3239} INFO - Sync 1 DAGs
[2026-08-04T23:27:13.344+0000] {processor.py:208} INFO - Processing /opt/airflow/dags/dag_extract_dvizhenie.py took 0.064 seconds
