[2026-08-04T00:27:14.402+0000] {processor.py:186} INFO - Started process (PID=3801) to work on /opt/airflow/dags/dag_extract_putevoy_list.py
[2026-08-04T00:27:14.403+0000] {processor.py:914} INFO - Processing file /opt/airflow/dags/dag_extract_putevoy_list.py for tasks to queue
[2026-08-04T00:27:14.403+0000] {logging_mixin.py:190} INFO - [2026-08-04T00:27:14.403+0000] {dagbag.py:588} INFO - Filling up the DagBag from /opt/airflow/dags/dag_extract_putevoy_list.py
[2026-08-04T00:27:14.418+0000] {processor.py:925} INFO - DAG(s) 'dag_extract_putevoy_list' retrieved from /opt/airflow/dags/dag_extract_putevoy_list.py
[2026-08-04T00:27:14.440+0000] {logging_mixin.py:190} INFO - [2026-08-04T00:27:14.440+0000] {dag.py:3239} INFO - Sync 1 DAGs
[2026-08-04T00:27:14.458+0000] {logging_mixin.py:190} INFO - [2026-08-04T00:27:14.457+0000] {dag.py:4180} INFO - Setting next_dagrun for dag_extract_putevoy_list to 2026-08-03 02:00:00+00:00, run_after=2026-08-04 02:00:00+00:00
[2026-08-04T00:27:14.472+0000] {processor.py:208} INFO - Processing /opt/airflow/dags/dag_extract_putevoy_list.py took 0.073 seconds
[2026-08-04T01:34:58.340+0000] {processor.py:186} INFO - Started process (PID=3839) to work on /opt/airflow/dags/dag_extract_putevoy_list.py
[2026-08-04T01:34:58.341+0000] {processor.py:914} INFO - Processing file /opt/airflow/dags/dag_extract_putevoy_list.py for tasks to queue
[2026-08-04T01:34:58.341+0000] {logging_mixin.py:190} INFO - [2026-08-04T01:34:58.341+0000] {dagbag.py:588} INFO - Filling up the DagBag from /opt/airflow/dags/dag_extract_putevoy_list.py
[2026-08-04T01:34:58.353+0000] {processor.py:925} INFO - DAG(s) 'dag_extract_putevoy_list' retrieved from /opt/airflow/dags/dag_extract_putevoy_list.py
[2026-08-04T01:34:58.372+0000] {logging_mixin.py:190} INFO - [2026-08-04T01:34:58.372+0000] {dag.py:3239} INFO - Sync 1 DAGs
[2026-08-04T01:34:58.387+0000] {logging_mixin.py:190} INFO - [2026-08-04T01:34:58.387+0000] {dag.py:4180} INFO - Setting next_dagrun for dag_extract_putevoy_list to 2026-08-03 02:00:00+00:00, run_after=2026-08-04 02:00:00+00:00
[2026-08-04T01:34:58.394+0000] {processor.py:208} INFO - Processing /opt/airflow/dags/dag_extract_putevoy_list.py took 0.059 seconds
[2026-08-04T02:44:27.511+0000] {processor.py:186} INFO - Started process (PID=3862) to work on /opt/airflow/dags/dag_extract_putevoy_list.py
[2026-08-04T02:44:27.512+0000] {processor.py:914} INFO - Processing file /opt/airflow/dags/dag_extract_putevoy_list.py for tasks to queue
[2026-08-04T02:44:27.513+0000] {logging_mixin.py:190} INFO - [2026-08-04T02:44:27.513+0000] {dagbag.py:588} INFO - Filling up the DagBag from /opt/airflow/dags/dag_extract_putevoy_list.py
[2026-08-04T02:44:27.530+0000] {processor.py:925} INFO - DAG(s) 'dag_extract_putevoy_list' retrieved from /opt/airflow/dags/dag_extract_putevoy_list.py
[2026-08-04T02:44:27.548+0000] {logging_mixin.py:190} INFO - [2026-08-04T02:44:27.548+0000] {dag.py:3239} INFO - Sync 1 DAGs
[2026-08-04T02:44:27.567+0000] {logging_mixin.py:190} INFO - [2026-08-04T02:44:27.567+0000] {dag.py:4180} INFO - Setting next_dagrun for dag_extract_putevoy_list to 2026-08-03 02:00:00+00:00, run_after=2026-08-04 02:00:00+00:00
[2026-08-04T02:44:27.578+0000] {processor.py:208} INFO - Processing /opt/airflow/dags/dag_extract_putevoy_list.py took 0.071 seconds
[2026-08-04T03:07:17.255+0000] {processor.py:186} INFO - Started process (PID=3897) to work on /opt/airflow/dags/dag_extract_putevoy_list.py
[2026-08-04T03:07:17.256+0000] {processor.py:914} INFO - Processing file /opt/airflow/dags/dag_extract_putevoy_list.py for tasks to queue
[2026-08-04T03:07:17.257+0000] {logging_mixin.py:190} INFO - [2026-08-04T03:07:17.257+0000] {dagbag.py:588} INFO - Filling up the DagBag from /opt/airflow/dags/dag_extract_putevoy_list.py
[2026-08-04T03:07:17.268+0000] {processor.py:925} INFO - DAG(s) 'dag_extract_putevoy_list' retrieved from /opt/airflow/dags/dag_extract_putevoy_list.py
[2026-08-04T03:07:17.288+0000] {logging_mixin.py:190} INFO - [2026-08-04T03:07:17.288+0000] {dag.py:3239} INFO - Sync 1 DAGs
[2026-08-04T03:07:17.322+0000] {processor.py:208} INFO - Processing /opt/airflow/dags/dag_extract_putevoy_list.py took 0.072 seconds
[2026-08-04T03:41:33.421+0000] {processor.py:186} INFO - Started process (PID=3920) to work on /opt/airflow/dags/dag_extract_putevoy_list.py
[2026-08-04T03:41:33.422+0000] {processor.py:914} INFO - Processing file /opt/airflow/dags/dag_extract_putevoy_list.py for tasks to queue
[2026-08-04T03:41:33.422+0000] {logging_mixin.py:190} INFO - [2026-08-04T03:41:33.422+0000] {dagbag.py:588} INFO - Filling up the DagBag from /opt/airflow/dags/dag_extract_putevoy_list.py
[2026-08-04T03:41:33.428+0000] {processor.py:925} INFO - DAG(s) 'dag_extract_putevoy_list' retrieved from /opt/airflow/dags/dag_extract_putevoy_list.py
[2026-08-04T03:41:33.444+0000] {logging_mixin.py:190} INFO - [2026-08-04T03:41:33.444+0000] {dag.py:3239} INFO - Sync 1 DAGs
[2026-08-04T03:41:33.462+0000] {processor.py:208} INFO - Processing /opt/airflow/dags/dag_extract_putevoy_list.py took 0.043 seconds
[2026-08-04T04:02:51.225+0000] {processor.py:186} INFO - Started process (PID=3949) to work on /opt/airflow/dags/dag_extract_putevoy_list.py
[2026-08-04T04:02:51.226+0000] {processor.py:914} INFO - Processing file /opt/airflow/dags/dag_extract_putevoy_list.py for tasks to queue
[2026-08-04T04:02:51.226+0000] {logging_mixin.py:190} INFO - [2026-08-04T04:02:51.226+0000] {dagbag.py:588} INFO - Filling up the DagBag from /opt/airflow/dags/dag_extract_putevoy_list.py
[2026-08-04T04:02:51.232+0000] {processor.py:925} INFO - DAG(s) 'dag_extract_putevoy_list' retrieved from /opt/airflow/dags/dag_extract_putevoy_list.py
[2026-08-04T04:02:51.244+0000] {logging_mixin.py:190} INFO - [2026-08-04T04:02:51.244+0000] {dag.py:3239} INFO - Sync 1 DAGs
[2026-08-04T04:02:51.258+0000] {processor.py:208} INFO - Processing /opt/airflow/dags/dag_extract_putevoy_list.py took 0.037 seconds
[2026-08-04T05:36:10.620+0000] {processor.py:186} INFO - Started process (PID=3978) to work on /opt/airflow/dags/dag_extract_putevoy_list.py
[2026-08-04T05:36:10.621+0000] {processor.py:914} INFO - Processing file /opt/airflow/dags/dag_extract_putevoy_list.py for tasks to queue
[2026-08-04T05:36:10.624+0000] {logging_mixin.py:190} INFO - [2026-08-04T05:36:10.623+0000] {dagbag.py:588} INFO - Filling up the DagBag from /opt/airflow/dags/dag_extract_putevoy_list.py
[2026-08-04T05:36:10.648+0000] {processor.py:925} INFO - DAG(s) 'dag_extract_putevoy_list' retrieved from /opt/airflow/dags/dag_extract_putevoy_list.py
[2026-08-04T05:36:10.687+0000] {logging_mixin.py:190} INFO - [2026-08-04T05:36:10.687+0000] {dag.py:3239} INFO - Sync 1 DAGs
[2026-08-04T05:36:10.728+0000] {processor.py:208} INFO - Processing /opt/airflow/dags/dag_extract_putevoy_list.py took 0.114 seconds
[2026-08-04T05:53:08.929+0000] {processor.py:186} INFO - Started process (PID=4022) to work on /opt/airflow/dags/dag_extract_putevoy_list.py
[2026-08-04T05:53:08.930+0000] {processor.py:914} INFO - Processing file /opt/airflow/dags/dag_extract_putevoy_list.py for tasks to queue
[2026-08-04T05:53:08.932+0000] {logging_mixin.py:190} INFO - [2026-08-04T05:53:08.931+0000] {dagbag.py:588} INFO - Filling up the DagBag from /opt/airflow/dags/dag_extract_putevoy_list.py
[2026-08-04T05:53:08.943+0000] {processor.py:925} INFO - DAG(s) 'dag_extract_putevoy_list' retrieved from /opt/airflow/dags/dag_extract_putevoy_list.py
[2026-08-04T05:53:08.969+0000] {logging_mixin.py:190} INFO - [2026-08-04T05:53:08.969+0000] {dag.py:3239} INFO - Sync 1 DAGs
[2026-08-04T05:53:09.005+0000] {processor.py:208} INFO - Processing /opt/airflow/dags/dag_extract_putevoy_list.py took 0.083 seconds
[2026-08-04T06:55:37.993+0000] {processor.py:186} INFO - Started process (PID=4042) to work on /opt/airflow/dags/dag_extract_putevoy_list.py
[2026-08-04T06:55:37.994+0000] {processor.py:914} INFO - Processing file /opt/airflow/dags/dag_extract_putevoy_list.py for tasks to queue
[2026-08-04T06:55:37.995+0000] {logging_mixin.py:190} INFO - [2026-08-04T06:55:37.994+0000] {dagbag.py:588} INFO - Filling up the DagBag from /opt/airflow/dags/dag_extract_putevoy_list.py
[2026-08-04T06:55:38.007+0000] {processor.py:925} INFO - DAG(s) 'dag_extract_putevoy_list' retrieved from /opt/airflow/dags/dag_extract_putevoy_list.py
[2026-08-04T06:55:38.034+0000] {logging_mixin.py:190} INFO - [2026-08-04T06:55:38.034+0000] {dag.py:3239} INFO - Sync 1 DAGs
[2026-08-04T06:55:38.059+0000] {processor.py:208} INFO - Processing /opt/airflow/dags/dag_extract_putevoy_list.py took 0.070 seconds
[2026-08-04T07:40:19.554+0000] {processor.py:186} INFO - Started process (PID=4074) to work on /opt/airflow/dags/dag_extract_putevoy_list.py
[2026-08-04T07:40:19.555+0000] {processor.py:914} INFO - Processing file /opt/airflow/dags/dag_extract_putevoy_list.py for tasks to queue
[2026-08-04T07:40:19.556+0000] {logging_mixin.py:190} INFO - [2026-08-04T07:40:19.556+0000] {dagbag.py:588} INFO - Filling up the DagBag from /opt/airflow/dags/dag_extract_putevoy_list.py
[2026-08-04T07:40:19.567+0000] {processor.py:925} INFO - DAG(s) 'dag_extract_putevoy_list' retrieved from /opt/airflow/dags/dag_extract_putevoy_list.py
[2026-08-04T07:40:19.580+0000] {logging_mixin.py:190} INFO - [2026-08-04T07:40:19.580+0000] {dag.py:3239} INFO - Sync 1 DAGs
[2026-08-04T07:40:19.591+0000] {logging_mixin.py:190} INFO - [2026-08-04T07:40:19.591+0000] {dag.py:4180} INFO - Setting next_dagrun for dag_extract_putevoy_list to 2026-08-04 02:00:00+00:00, run_after=2026-08-05 02:00:00+00:00
[2026-08-04T07:40:19.598+0000] {processor.py:208} INFO - Processing /opt/airflow/dags/dag_extract_putevoy_list.py took 0.048 seconds
[2026-08-04T08:39:29.132+0000] {processor.py:186} INFO - Started process (PID=4095) to work on /opt/airflow/dags/dag_extract_putevoy_list.py
[2026-08-04T08:39:29.134+0000] {processor.py:914} INFO - Processing file /opt/airflow/dags/dag_extract_putevoy_list.py for tasks to queue
[2026-08-04T08:39:29.136+0000] {logging_mixin.py:190} INFO - [2026-08-04T08:39:29.135+0000] {dagbag.py:588} INFO - Filling up the DagBag from /opt/airflow/dags/dag_extract_putevoy_list.py
[2026-08-04T08:39:29.152+0000] {processor.py:925} INFO - DAG(s) 'dag_extract_putevoy_list' retrieved from /opt/airflow/dags/dag_extract_putevoy_list.py
[2026-08-04T08:39:29.170+0000] {logging_mixin.py:190} INFO - [2026-08-04T08:39:29.170+0000] {dag.py:3239} INFO - Sync 1 DAGs
[2026-08-04T08:39:29.185+0000] {logging_mixin.py:190} INFO - [2026-08-04T08:39:29.185+0000] {dag.py:4180} INFO - Setting next_dagrun for dag_extract_putevoy_list to 2026-08-04 02:00:00+00:00, run_after=2026-08-05 02:00:00+00:00
[2026-08-04T08:39:29.196+0000] {processor.py:208} INFO - Processing /opt/airflow/dags/dag_extract_putevoy_list.py took 0.070 seconds
[2026-08-04T09:43:21.550+0000] {processor.py:186} INFO - Started process (PID=4120) to work on /opt/airflow/dags/dag_extract_putevoy_list.py
[2026-08-04T09:43:21.551+0000] {processor.py:914} INFO - Processing file /opt/airflow/dags/dag_extract_putevoy_list.py for tasks to queue
[2026-08-04T09:43:21.551+0000] {logging_mixin.py:190} INFO - [2026-08-04T09:43:21.551+0000] {dagbag.py:588} INFO - Filling up the DagBag from /opt/airflow/dags/dag_extract_putevoy_list.py
[2026-08-04T09:43:21.564+0000] {processor.py:925} INFO - DAG(s) 'dag_extract_putevoy_list' retrieved from /opt/airflow/dags/dag_extract_putevoy_list.py
[2026-08-04T09:43:21.585+0000] {logging_mixin.py:190} INFO - [2026-08-04T09:43:21.585+0000] {dag.py:3239} INFO - Sync 1 DAGs
[2026-08-04T09:43:21.601+0000] {logging_mixin.py:190} INFO - [2026-08-04T09:43:21.600+0000] {dag.py:4180} INFO - Setting next_dagrun for dag_extract_putevoy_list to 2026-08-04 02:00:00+00:00, run_after=2026-08-05 02:00:00+00:00
[2026-08-04T09:43:21.611+0000] {processor.py:208} INFO - Processing /opt/airflow/dags/dag_extract_putevoy_list.py took 0.064 seconds
[2026-08-04T10:25:06.254+0000] {processor.py:186} INFO - Started process (PID=4143) to work on /opt/airflow/dags/dag_extract_putevoy_list.py
[2026-08-04T10:25:06.255+0000] {processor.py:914} INFO - Processing file /opt/airflow/dags/dag_extract_putevoy_list.py for tasks to queue
[2026-08-04T10:25:06.256+0000] {logging_mixin.py:190} INFO - [2026-08-04T10:25:06.256+0000] {dagbag.py:588} INFO - Filling up the DagBag from /opt/airflow/dags/dag_extract_putevoy_list.py
[2026-08-04T10:25:06.268+0000] {processor.py:925} INFO - DAG(s) 'dag_extract_putevoy_list' retrieved from /opt/airflow/dags/dag_extract_putevoy_list.py
[2026-08-04T10:25:06.287+0000] {logging_mixin.py:190} INFO - [2026-08-04T10:25:06.287+0000] {dag.py:3239} INFO - Sync 1 DAGs
[2026-08-04T10:25:06.302+0000] {logging_mixin.py:190} INFO - [2026-08-04T10:25:06.302+0000] {dag.py:4180} INFO - Setting next_dagrun for dag_extract_putevoy_list to 2026-08-04 02:00:00+00:00, run_after=2026-08-05 02:00:00+00:00
[2026-08-04T10:25:06.312+0000] {processor.py:208} INFO - Processing /opt/airflow/dags/dag_extract_putevoy_list.py took 0.063 seconds
[2026-08-04T11:09:47.268+0000] {processor.py:186} INFO - Started process (PID=4170) to work on /opt/airflow/dags/dag_extract_putevoy_list.py
[2026-08-04T11:09:47.268+0000] {processor.py:914} INFO - Processing file /opt/airflow/dags/dag_extract_putevoy_list.py for tasks to queue
[2026-08-04T11:09:47.270+0000] {logging_mixin.py:190} INFO - [2026-08-04T11:09:47.270+0000] {dagbag.py:588} INFO - Filling up the DagBag from /opt/airflow/dags/dag_extract_putevoy_list.py
[2026-08-04T11:09:47.279+0000] {processor.py:925} INFO - DAG(s) 'dag_extract_putevoy_list' retrieved from /opt/airflow/dags/dag_extract_putevoy_list.py
[2026-08-04T11:09:47.299+0000] {logging_mixin.py:190} INFO - [2026-08-04T11:09:47.299+0000] {dag.py:3239} INFO - Sync 1 DAGs
[2026-08-04T11:09:47.310+0000] {logging_mixin.py:190} INFO - [2026-08-04T11:09:47.310+0000] {dag.py:4180} INFO - Setting next_dagrun for dag_extract_putevoy_list to 2026-08-04 02:00:00+00:00, run_after=2026-08-05 02:00:00+00:00
[2026-08-04T11:09:47.317+0000] {processor.py:208} INFO - Processing /opt/airflow/dags/dag_extract_putevoy_list.py took 0.053 seconds
[2026-08-04T11:42:08.013+0000] {processor.py:186} INFO - Started process (PID=4195) to work on /opt/airflow/dags/dag_extract_putevoy_list.py
[2026-08-04T11:42:08.015+0000] {processor.py:914} INFO - Processing file /opt/airflow/dags/dag_extract_putevoy_list.py for tasks to queue
[2026-08-04T11:42:08.016+0000] {logging_mixin.py:190} INFO - [2026-08-04T11:42:08.016+0000] {dagbag.py:588} INFO - Filling up the DagBag from /opt/airflow/dags/dag_extract_putevoy_list.py
[2026-08-04T11:42:08.027+0000] {processor.py:925} INFO - DAG(s) 'dag_extract_putevoy_list' retrieved from /opt/airflow/dags/dag_extract_putevoy_list.py
[2026-08-04T11:42:08.042+0000] {logging_mixin.py:190} INFO - [2026-08-04T11:42:08.042+0000] {dag.py:3239} INFO - Sync 1 DAGs
[2026-08-04T11:42:08.053+0000] {logging_mixin.py:190} INFO - [2026-08-04T11:42:08.053+0000] {dag.py:4180} INFO - Setting next_dagrun for dag_extract_putevoy_list to 2026-08-04 02:00:00+00:00, run_after=2026-08-05 02:00:00+00:00
[2026-08-04T11:42:08.061+0000] {processor.py:208} INFO - Processing /opt/airflow/dags/dag_extract_putevoy_list.py took 0.052 seconds
[2026-08-04T12:45:25.518+0000] {processor.py:186} INFO - Started process (PID=4215) to work on /opt/airflow/dags/dag_extract_putevoy_list.py
[2026-08-04T12:45:25.519+0000] {processor.py:914} INFO - Processing file /opt/airflow/dags/dag_extract_putevoy_list.py for tasks to queue
[2026-08-04T12:45:25.521+0000] {logging_mixin.py:190} INFO - [2026-08-04T12:45:25.520+0000] {dagbag.py:588} INFO - Filling up the DagBag from /opt/airflow/dags/dag_extract_putevoy_list.py
[2026-08-04T12:45:25.533+0000] {processor.py:925} INFO - DAG(s) 'dag_extract_putevoy_list' retrieved from /opt/airflow/dags/dag_extract_putevoy_list.py
[2026-08-04T12:45:25.558+0000] {logging_mixin.py:190} INFO - [2026-08-04T12:45:25.557+0000] {dag.py:3239} INFO - Sync 1 DAGs
[2026-08-04T12:45:25.575+0000] {logging_mixin.py:190} INFO - [2026-08-04T12:45:25.575+0000] {dag.py:4180} INFO - Setting next_dagrun for dag_extract_putevoy_list to 2026-08-04 02:00:00+00:00, run_after=2026-08-05 02:00:00+00:00
[2026-08-04T12:45:25.585+0000] {processor.py:208} INFO - Processing /opt/airflow/dags/dag_extract_putevoy_list.py took 0.072 seconds
[2026-08-04T13:44:02.446+0000] {processor.py:186} INFO - Started process (PID=4241) to work on /opt/airflow/dags/dag_extract_putevoy_list.py
[2026-08-04T13:44:02.447+0000] {processor.py:914} INFO - Processing file /opt/airflow/dags/dag_extract_putevoy_list.py for tasks to queue
[2026-08-04T13:44:02.448+0000] {logging_mixin.py:190} INFO - [2026-08-04T13:44:02.448+0000] {dagbag.py:588} INFO - Filling up the DagBag from /opt/airflow/dags/dag_extract_putevoy_list.py
[2026-08-04T13:44:02.465+0000] {processor.py:925} INFO - DAG(s) 'dag_extract_putevoy_list' retrieved from /opt/airflow/dags/dag_extract_putevoy_list.py
[2026-08-04T13:44:02.492+0000] {logging_mixin.py:190} INFO - [2026-08-04T13:44:02.492+0000] {dag.py:3239} INFO - Sync 1 DAGs
[2026-08-04T13:44:02.511+0000] {logging_mixin.py:190} INFO - [2026-08-04T13:44:02.511+0000] {dag.py:4180} INFO - Setting next_dagrun for dag_extract_putevoy_list to 2026-08-04 02:00:00+00:00, run_after=2026-08-05 02:00:00+00:00
[2026-08-04T13:44:02.526+0000] {processor.py:208} INFO - Processing /opt/airflow/dags/dag_extract_putevoy_list.py took 0.087 seconds
[2026-08-04T14:46:35.318+0000] {processor.py:186} INFO - Started process (PID=4261) to work on /opt/airflow/dags/dag_extract_putevoy_list.py
[2026-08-04T14:46:35.319+0000] {processor.py:914} INFO - Processing file /opt/airflow/dags/dag_extract_putevoy_list.py for tasks to queue
[2026-08-04T14:46:35.321+0000] {logging_mixin.py:190} INFO - [2026-08-04T14:46:35.320+0000] {dagbag.py:588} INFO - Filling up the DagBag from /opt/airflow/dags/dag_extract_putevoy_list.py
[2026-08-04T14:46:35.333+0000] {processor.py:925} INFO - DAG(s) 'dag_extract_putevoy_list' retrieved from /opt/airflow/dags/dag_extract_putevoy_list.py
[2026-08-04T14:46:35.355+0000] {logging_mixin.py:190} INFO - [2026-08-04T14:46:35.355+0000] {dag.py:3239} INFO - Sync 1 DAGs
[2026-08-04T14:46:35.372+0000] {logging_mixin.py:190} INFO - [2026-08-04T14:46:35.372+0000] {dag.py:4180} INFO - Setting next_dagrun for dag_extract_putevoy_list to 2026-08-04 02:00:00+00:00, run_after=2026-08-05 02:00:00+00:00
[2026-08-04T14:46:35.382+0000] {processor.py:208} INFO - Processing /opt/airflow/dags/dag_extract_putevoy_list.py took 0.071 seconds
[2026-08-04T15:46:15.226+0000] {processor.py:186} INFO - Started process (PID=4287) to work on /opt/airflow/dags/dag_extract_putevoy_list.py
[2026-08-04T15:46:15.226+0000] {processor.py:914} INFO - Processing file /opt/airflow/dags/dag_extract_putevoy_list.py for tasks to queue
[2026-08-04T15:46:15.227+0000] {logging_mixin.py:190} INFO - [2026-08-04T15:46:15.227+0000] {dagbag.py:588} INFO - Filling up the DagBag from /opt/airflow/dags/dag_extract_putevoy_list.py
[2026-08-04T15:46:15.242+0000] {processor.py:925} INFO - DAG(s) 'dag_extract_putevoy_list' retrieved from /opt/airflow/dags/dag_extract_putevoy_list.py
[2026-08-04T15:46:15.261+0000] {logging_mixin.py:190} INFO - [2026-08-04T15:46:15.261+0000] {dag.py:3239} INFO - Sync 1 DAGs
[2026-08-04T15:46:15.274+0000] {logging_mixin.py:190} INFO - [2026-08-04T15:46:15.274+0000] {dag.py:4180} INFO - Setting next_dagrun for dag_extract_putevoy_list to 2026-08-04 02:00:00+00:00, run_after=2026-08-05 02:00:00+00:00
[2026-08-04T15:46:15.283+0000] {processor.py:208} INFO - Processing /opt/airflow/dags/dag_extract_putevoy_list.py took 0.061 seconds
[2026-08-04T17:15:54.022+0000] {processor.py:186} INFO - Started process (PID=4310) to work on /opt/airflow/dags/dag_extract_putevoy_list.py
[2026-08-04T17:15:54.023+0000] {processor.py:914} INFO - Processing file /opt/airflow/dags/dag_extract_putevoy_list.py for tasks to queue
[2026-08-04T17:15:54.024+0000] {logging_mixin.py:190} INFO - [2026-08-04T17:15:54.024+0000] {dagbag.py:588} INFO - Filling up the DagBag from /opt/airflow/dags/dag_extract_putevoy_list.py
[2026-08-04T17:15:54.036+0000] {processor.py:925} INFO - DAG(s) 'dag_extract_putevoy_list' retrieved from /opt/airflow/dags/dag_extract_putevoy_list.py
[2026-08-04T17:15:54.054+0000] {logging_mixin.py:190} INFO - [2026-08-04T17:15:54.054+0000] {dag.py:3239} INFO - Sync 1 DAGs
[2026-08-04T17:15:54.070+0000] {logging_mixin.py:190} INFO - [2026-08-04T17:15:54.069+0000] {dag.py:4180} INFO - Setting next_dagrun for dag_extract_putevoy_list to 2026-08-04 02:00:00+00:00, run_after=2026-08-05 02:00:00+00:00
[2026-08-04T17:15:54.079+0000] {processor.py:208} INFO - Processing /opt/airflow/dags/dag_extract_putevoy_list.py took 0.059 seconds
[2026-08-04T18:17:01.253+0000] {processor.py:186} INFO - Started process (PID=4339) to work on /opt/airflow/dags/dag_extract_putevoy_list.py
[2026-08-04T18:17:01.254+0000] {processor.py:914} INFO - Processing file /opt/airflow/dags/dag_extract_putevoy_list.py for tasks to queue
[2026-08-04T18:17:01.255+0000] {logging_mixin.py:190} INFO - [2026-08-04T18:17:01.255+0000] {dagbag.py:588} INFO - Filling up the DagBag from /opt/airflow/dags/dag_extract_putevoy_list.py
[2026-08-04T18:17:01.264+0000] {processor.py:925} INFO - DAG(s) 'dag_extract_putevoy_list' retrieved from /opt/airflow/dags/dag_extract_putevoy_list.py
[2026-08-04T18:17:01.281+0000] {logging_mixin.py:190} INFO - [2026-08-04T18:17:01.281+0000] {dag.py:3239} INFO - Sync 1 DAGs
[2026-08-04T18:17:01.292+0000] {logging_mixin.py:190} INFO - [2026-08-04T18:17:01.292+0000] {dag.py:4180} INFO - Setting next_dagrun for dag_extract_putevoy_list to 2026-08-04 02:00:00+00:00, run_after=2026-08-05 02:00:00+00:00
[2026-08-04T18:17:01.301+0000] {processor.py:208} INFO - Processing /opt/airflow/dags/dag_extract_putevoy_list.py took 0.051 seconds
[2026-08-04T19:15:14.475+0000] {processor.py:186} INFO - Started process (PID=4362) to work on /opt/airflow/dags/dag_extract_putevoy_list.py
[2026-08-04T19:15:14.476+0000] {processor.py:914} INFO - Processing file /opt/airflow/dags/dag_extract_putevoy_list.py for tasks to queue
[2026-08-04T19:15:14.477+0000] {logging_mixin.py:190} INFO - [2026-08-04T19:15:14.476+0000] {dagbag.py:588} INFO - Filling up the DagBag from /opt/airflow/dags/dag_extract_putevoy_list.py
[2026-08-04T19:15:14.482+0000] {processor.py:925} INFO - DAG(s) 'dag_extract_putevoy_list' retrieved from /opt/airflow/dags/dag_extract_putevoy_list.py
[2026-08-04T19:15:14.496+0000] {logging_mixin.py:190} INFO - [2026-08-04T19:15:14.496+0000] {dag.py:3239} INFO - Sync 1 DAGs
[2026-08-04T19:15:14.505+0000] {logging_mixin.py:190} INFO - [2026-08-04T19:15:14.505+0000] {dag.py:4180} INFO - Setting next_dagrun for dag_extract_putevoy_list to 2026-08-04 02:00:00+00:00, run_after=2026-08-05 02:00:00+00:00
[2026-08-04T19:15:14.513+0000] {processor.py:208} INFO - Processing /opt/airflow/dags/dag_extract_putevoy_list.py took 0.040 seconds
[2026-08-04T19:51:33.272+0000] {processor.py:186} INFO - Started process (PID=4385) to work on /opt/airflow/dags/dag_extract_putevoy_list.py
[2026-08-04T19:51:33.273+0000] {processor.py:914} INFO - Processing file /opt/airflow/dags/dag_extract_putevoy_list.py for tasks to queue
[2026-08-04T19:51:33.276+0000] {logging_mixin.py:190} INFO - [2026-08-04T19:51:33.276+0000] {dagbag.py:588} INFO - Filling up the DagBag from /opt/airflow/dags/dag_extract_putevoy_list.py
[2026-08-04T19:51:33.286+0000] {processor.py:925} INFO - DAG(s) 'dag_extract_putevoy_list' retrieved from /opt/airflow/dags/dag_extract_putevoy_list.py
[2026-08-04T19:51:33.307+0000] {logging_mixin.py:190} INFO - [2026-08-04T19:51:33.307+0000] {dag.py:3239} INFO - Sync 1 DAGs
[2026-08-04T19:51:33.323+0000] {logging_mixin.py:190} INFO - [2026-08-04T19:51:33.323+0000] {dag.py:4180} INFO - Setting next_dagrun for dag_extract_putevoy_list to 2026-08-04 02:00:00+00:00, run_after=2026-08-05 02:00:00+00:00
[2026-08-04T19:51:33.335+0000] {processor.py:208} INFO - Processing /opt/airflow/dags/dag_extract_putevoy_list.py took 0.068 seconds
[2026-08-04T20:18:56.517+0000] {processor.py:186} INFO - Started process (PID=4408) to work on /opt/airflow/dags/dag_extract_putevoy_list.py
[2026-08-04T20:18:56.518+0000] {processor.py:914} INFO - Processing file /opt/airflow/dags/dag_extract_putevoy_list.py for tasks to queue
[2026-08-04T20:18:56.519+0000] {logging_mixin.py:190} INFO - [2026-08-04T20:18:56.519+0000] {dagbag.py:588} INFO - Filling up the DagBag from /opt/airflow/dags/dag_extract_putevoy_list.py
[2026-08-04T20:18:56.530+0000] {processor.py:925} INFO - DAG(s) 'dag_extract_putevoy_list' retrieved from /opt/airflow/dags/dag_extract_putevoy_list.py
[2026-08-04T20:18:56.548+0000] {logging_mixin.py:190} INFO - [2026-08-04T20:18:56.547+0000] {dag.py:3239} INFO - Sync 1 DAGs
[2026-08-04T20:18:56.557+0000] {logging_mixin.py:190} INFO - [2026-08-04T20:18:56.557+0000] {dag.py:4180} INFO - Setting next_dagrun for dag_extract_putevoy_list to 2026-08-04 02:00:00+00:00, run_after=2026-08-05 02:00:00+00:00
[2026-08-04T20:18:56.566+0000] {processor.py:208} INFO - Processing /opt/airflow/dags/dag_extract_putevoy_list.py took 0.052 seconds
[2026-08-04T21:28:36.633+0000] {processor.py:186} INFO - Started process (PID=4437) to work on /opt/airflow/dags/dag_extract_putevoy_list.py
[2026-08-04T21:28:36.634+0000] {processor.py:914} INFO - Processing file /opt/airflow/dags/dag_extract_putevoy_list.py for tasks to queue
[2026-08-04T21:28:36.636+0000] {logging_mixin.py:190} INFO - [2026-08-04T21:28:36.636+0000] {dagbag.py:588} INFO - Filling up the DagBag from /opt/airflow/dags/dag_extract_putevoy_list.py
[2026-08-04T21:28:36.649+0000] {processor.py:925} INFO - DAG(s) 'dag_extract_putevoy_list' retrieved from /opt/airflow/dags/dag_extract_putevoy_list.py
[2026-08-04T21:28:36.668+0000] {logging_mixin.py:190} INFO - [2026-08-04T21:28:36.667+0000] {dag.py:3239} INFO - Sync 1 DAGs
[2026-08-04T21:28:36.680+0000] {logging_mixin.py:190} INFO - [2026-08-04T21:28:36.679+0000] {dag.py:4180} INFO - Setting next_dagrun for dag_extract_putevoy_list to 2026-08-04 02:00:00+00:00, run_after=2026-08-05 02:00:00+00:00
[2026-08-04T21:28:36.687+0000] {processor.py:208} INFO - Processing /opt/airflow/dags/dag_extract_putevoy_list.py took 0.059 seconds
[2026-08-04T22:00:23.793+0000] {processor.py:186} INFO - Started process (PID=4457) to work on /opt/airflow/dags/dag_extract_putevoy_list.py
[2026-08-04T22:00:23.794+0000] {processor.py:914} INFO - Processing file /opt/airflow/dags/dag_extract_putevoy_list.py for tasks to queue
[2026-08-04T22:00:23.795+0000] {logging_mixin.py:190} INFO - [2026-08-04T22:00:23.795+0000] {dagbag.py:588} INFO - Filling up the DagBag from /opt/airflow/dags/dag_extract_putevoy_list.py
[2026-08-04T22:00:23.807+0000] {processor.py:925} INFO - DAG(s) 'dag_extract_putevoy_list' retrieved from /opt/airflow/dags/dag_extract_putevoy_list.py
[2026-08-04T22:00:23.822+0000] {logging_mixin.py:190} INFO - [2026-08-04T22:00:23.822+0000] {dag.py:3239} INFO - Sync 1 DAGs
[2026-08-04T22:00:23.833+0000] {logging_mixin.py:190} INFO - [2026-08-04T22:00:23.833+0000] {dag.py:4180} INFO - Setting next_dagrun for dag_extract_putevoy_list to 2026-08-04 02:00:00+00:00, run_after=2026-08-05 02:00:00+00:00
[2026-08-04T22:00:23.843+0000] {processor.py:208} INFO - Processing /opt/airflow/dags/dag_extract_putevoy_list.py took 0.054 seconds
[2026-08-04T22:19:33.762+0000] {processor.py:186} INFO - Started process (PID=4480) to work on /opt/airflow/dags/dag_extract_putevoy_list.py
[2026-08-04T22:19:33.762+0000] {processor.py:914} INFO - Processing file /opt/airflow/dags/dag_extract_putevoy_list.py for tasks to queue
[2026-08-04T22:19:33.763+0000] {logging_mixin.py:190} INFO - [2026-08-04T22:19:33.763+0000] {dagbag.py:588} INFO - Filling up the DagBag from /opt/airflow/dags/dag_extract_putevoy_list.py
[2026-08-04T22:19:33.771+0000] {processor.py:925} INFO - DAG(s) 'dag_extract_putevoy_list' retrieved from /opt/airflow/dags/dag_extract_putevoy_list.py
[2026-08-04T22:19:33.788+0000] {logging_mixin.py:190} INFO - [2026-08-04T22:19:33.788+0000] {dag.py:3239} INFO - Sync 1 DAGs
[2026-08-04T22:19:33.800+0000] {logging_mixin.py:190} INFO - [2026-08-04T22:19:33.800+0000] {dag.py:4180} INFO - Setting next_dagrun for dag_extract_putevoy_list to 2026-08-04 02:00:00+00:00, run_after=2026-08-05 02:00:00+00:00
[2026-08-04T22:19:33.808+0000] {processor.py:208} INFO - Processing /opt/airflow/dags/dag_extract_putevoy_list.py took 0.052 seconds
[2026-08-04T23:09:49.810+0000] {processor.py:186} INFO - Started process (PID=4500) to work on /opt/airflow/dags/dag_extract_putevoy_list.py
[2026-08-04T23:09:49.810+0000] {processor.py:914} INFO - Processing file /opt/airflow/dags/dag_extract_putevoy_list.py for tasks to queue
[2026-08-04T23:09:49.811+0000] {logging_mixin.py:190} INFO - [2026-08-04T23:09:49.811+0000] {dagbag.py:588} INFO - Filling up the DagBag from /opt/airflow/dags/dag_extract_putevoy_list.py
[2026-08-04T23:09:49.818+0000] {processor.py:925} INFO - DAG(s) 'dag_extract_putevoy_list' retrieved from /opt/airflow/dags/dag_extract_putevoy_list.py
[2026-08-04T23:09:49.835+0000] {logging_mixin.py:190} INFO - [2026-08-04T23:09:49.835+0000] {dag.py:3239} INFO - Sync 1 DAGs
[2026-08-04T23:09:49.847+0000] {logging_mixin.py:190} INFO - [2026-08-04T23:09:49.847+0000] {dag.py:4180} INFO - Setting next_dagrun for dag_extract_putevoy_list to 2026-08-04 02:00:00+00:00, run_after=2026-08-05 02:00:00+00:00
[2026-08-04T23:09:49.853+0000] {processor.py:208} INFO - Processing /opt/airflow/dags/dag_extract_putevoy_list.py took 0.050 seconds
[2026-08-04T23:27:09.655+0000] {processor.py:186} INFO - Started process (PID=4520) to work on /opt/airflow/dags/dag_extract_putevoy_list.py
[2026-08-04T23:27:09.656+0000] {processor.py:914} INFO - Processing file /opt/airflow/dags/dag_extract_putevoy_list.py for tasks to queue
[2026-08-04T23:27:09.657+0000] {logging_mixin.py:190} INFO - [2026-08-04T23:27:09.657+0000] {dagbag.py:588} INFO - Filling up the DagBag from /opt/airflow/dags/dag_extract_putevoy_list.py
[2026-08-04T23:27:09.665+0000] {processor.py:925} INFO - DAG(s) 'dag_extract_putevoy_list' retrieved from /opt/airflow/dags/dag_extract_putevoy_list.py
[2026-08-04T23:27:09.681+0000] {logging_mixin.py:190} INFO - [2026-08-04T23:27:09.681+0000] {dag.py:3239} INFO - Sync 1 DAGs
[2026-08-04T23:27:09.693+0000] {logging_mixin.py:190} INFO - [2026-08-04T23:27:09.693+0000] {dag.py:4180} INFO - Setting next_dagrun for dag_extract_putevoy_list to 2026-08-04 02:00:00+00:00, run_after=2026-08-05 02:00:00+00:00
[2026-08-04T23:27:09.701+0000] {processor.py:208} INFO - Processing /opt/airflow/dags/dag_extract_putevoy_list.py took 0.050 seconds
