[2026-08-04T00:27:14.564+0000] {processor.py:186} INFO - Started process (PID=3814) to work on /opt/airflow/dags/dag_extract_catalogs.py
[2026-08-04T00:27:14.565+0000] {processor.py:914} INFO - Processing file /opt/airflow/dags/dag_extract_catalogs.py for tasks to queue
[2026-08-04T00:27:14.566+0000] {logging_mixin.py:190} INFO - [2026-08-04T00:27:14.566+0000] {dagbag.py:588} INFO - Filling up the DagBag from /opt/airflow/dags/dag_extract_catalogs.py
[2026-08-04T00:27:14.576+0000] {processor.py:925} INFO - DAG(s) 'dag_extract_catalogs' retrieved from /opt/airflow/dags/dag_extract_catalogs.py
[2026-08-04T00:27:14.589+0000] {logging_mixin.py:190} INFO - [2026-08-04T00:27:14.589+0000] {dag.py:3239} INFO - Sync 1 DAGs
[2026-08-04T00:27:14.601+0000] {logging_mixin.py:190} INFO - [2026-08-04T00:27:14.600+0000] {dag.py:4180} INFO - Setting next_dagrun for dag_extract_catalogs to 2026-08-03 01:00:00+00:00, run_after=2026-08-04 01:00:00+00:00
[2026-08-04T00:27:14.611+0000] {processor.py:208} INFO - Processing /opt/airflow/dags/dag_extract_catalogs.py took 0.056 seconds
[2026-08-04T01:34:58.446+0000] {processor.py:186} INFO - Started process (PID=3851) to work on /opt/airflow/dags/dag_extract_catalogs.py
[2026-08-04T01:34:58.446+0000] {processor.py:914} INFO - Processing file /opt/airflow/dags/dag_extract_catalogs.py for tasks to queue
[2026-08-04T01:34:58.447+0000] {logging_mixin.py:190} INFO - [2026-08-04T01:34:58.447+0000] {dagbag.py:588} INFO - Filling up the DagBag from /opt/airflow/dags/dag_extract_catalogs.py
[2026-08-04T01:34:58.452+0000] {processor.py:925} INFO - DAG(s) 'dag_extract_catalogs' retrieved from /opt/airflow/dags/dag_extract_catalogs.py
[2026-08-04T01:34:58.461+0000] {logging_mixin.py:190} INFO - [2026-08-04T01:34:58.461+0000] {dag.py:3239} INFO - Sync 1 DAGs
[2026-08-04T01:34:58.472+0000] {processor.py:208} INFO - Processing /opt/airflow/dags/dag_extract_catalogs.py took 0.028 seconds
[2026-08-04T02:44:27.634+0000] {processor.py:186} INFO - Started process (PID=3874) to work on /opt/airflow/dags/dag_extract_catalogs.py
[2026-08-04T02:44:27.635+0000] {processor.py:914} INFO - Processing file /opt/airflow/dags/dag_extract_catalogs.py for tasks to queue
[2026-08-04T02:44:27.635+0000] {logging_mixin.py:190} INFO - [2026-08-04T02:44:27.635+0000] {dagbag.py:588} INFO - Filling up the DagBag from /opt/airflow/dags/dag_extract_catalogs.py
[2026-08-04T02:44:27.640+0000] {processor.py:925} INFO - DAG(s) 'dag_extract_catalogs' retrieved from /opt/airflow/dags/dag_extract_catalogs.py
[2026-08-04T02:44:27.649+0000] {logging_mixin.py:190} INFO - [2026-08-04T02:44:27.649+0000] {dag.py:3239} INFO - Sync 1 DAGs
[2026-08-04T02:44:27.661+0000] {processor.py:208} INFO - Processing /opt/airflow/dags/dag_extract_catalogs.py took 0.029 seconds
[2026-08-04T03:07:17.358+0000] {processor.py:186} INFO - Started process (PID=3908) to work on /opt/airflow/dags/dag_extract_catalogs.py
[2026-08-04T03:07:17.359+0000] {processor.py:914} INFO - Processing file /opt/airflow/dags/dag_extract_catalogs.py for tasks to queue
[2026-08-04T03:07:17.360+0000] {logging_mixin.py:190} INFO - [2026-08-04T03:07:17.360+0000] {dagbag.py:588} INFO - Filling up the DagBag from /opt/airflow/dags/dag_extract_catalogs.py
[2026-08-04T03:07:17.370+0000] {processor.py:925} INFO - DAG(s) 'dag_extract_catalogs' retrieved from /opt/airflow/dags/dag_extract_catalogs.py
[2026-08-04T03:07:17.391+0000] {logging_mixin.py:190} INFO - [2026-08-04T03:07:17.391+0000] {dag.py:3239} INFO - Sync 1 DAGs
[2026-08-04T03:07:17.421+0000] {processor.py:208} INFO - Processing /opt/airflow/dags/dag_extract_catalogs.py took 0.068 seconds
[2026-08-04T03:41:33.514+0000] {processor.py:186} INFO - Started process (PID=3932) to work on /opt/airflow/dags/dag_extract_catalogs.py
[2026-08-04T03:41:33.514+0000] {processor.py:914} INFO - Processing file /opt/airflow/dags/dag_extract_catalogs.py for tasks to queue
[2026-08-04T03:41:33.515+0000] {logging_mixin.py:190} INFO - [2026-08-04T03:41:33.514+0000] {dagbag.py:588} INFO - Filling up the DagBag from /opt/airflow/dags/dag_extract_catalogs.py
[2026-08-04T03:41:33.519+0000] {processor.py:925} INFO - DAG(s) 'dag_extract_catalogs' retrieved from /opt/airflow/dags/dag_extract_catalogs.py
[2026-08-04T03:41:33.529+0000] {logging_mixin.py:190} INFO - [2026-08-04T03:41:33.529+0000] {dag.py:3239} INFO - Sync 1 DAGs
[2026-08-04T03:41:33.541+0000] {processor.py:208} INFO - Processing /opt/airflow/dags/dag_extract_catalogs.py took 0.029 seconds
[2026-08-04T04:02:51.305+0000] {processor.py:186} INFO - Started process (PID=3961) to work on /opt/airflow/dags/dag_extract_catalogs.py
[2026-08-04T04:02:51.306+0000] {processor.py:914} INFO - Processing file /opt/airflow/dags/dag_extract_catalogs.py for tasks to queue
[2026-08-04T04:02:51.306+0000] {logging_mixin.py:190} INFO - [2026-08-04T04:02:51.306+0000] {dagbag.py:588} INFO - Filling up the DagBag from /opt/airflow/dags/dag_extract_catalogs.py
[2026-08-04T04:02:51.311+0000] {processor.py:925} INFO - DAG(s) 'dag_extract_catalogs' retrieved from /opt/airflow/dags/dag_extract_catalogs.py
[2026-08-04T04:02:51.321+0000] {logging_mixin.py:190} INFO - [2026-08-04T04:02:51.321+0000] {dag.py:3239} INFO - Sync 1 DAGs
[2026-08-04T04:02:51.333+0000] {processor.py:208} INFO - Processing /opt/airflow/dags/dag_extract_catalogs.py took 0.030 seconds
[2026-08-04T05:36:10.757+0000] {processor.py:186} INFO - Started process (PID=3991) to work on /opt/airflow/dags/dag_extract_catalogs.py
[2026-08-04T05:36:10.758+0000] {processor.py:914} INFO - Processing file /opt/airflow/dags/dag_extract_catalogs.py for tasks to queue
[2026-08-04T05:36:10.759+0000] {logging_mixin.py:190} INFO - [2026-08-04T05:36:10.759+0000] {dagbag.py:588} INFO - Filling up the DagBag from /opt/airflow/dags/dag_extract_catalogs.py
[2026-08-04T05:36:10.773+0000] {processor.py:925} INFO - DAG(s) 'dag_extract_catalogs' retrieved from /opt/airflow/dags/dag_extract_catalogs.py
[2026-08-04T05:36:10.790+0000] {logging_mixin.py:190} INFO - [2026-08-04T05:36:10.789+0000] {dag.py:3239} INFO - Sync 1 DAGs
[2026-08-04T05:36:10.811+0000] {processor.py:208} INFO - Processing /opt/airflow/dags/dag_extract_catalogs.py took 0.057 seconds
[2026-08-04T05:53:09.062+0000] {processor.py:186} INFO - Started process (PID=4034) to work on /opt/airflow/dags/dag_extract_catalogs.py
[2026-08-04T05:53:09.062+0000] {processor.py:914} INFO - Processing file /opt/airflow/dags/dag_extract_catalogs.py for tasks to queue
[2026-08-04T05:53:09.063+0000] {logging_mixin.py:190} INFO - [2026-08-04T05:53:09.063+0000] {dagbag.py:588} INFO - Filling up the DagBag from /opt/airflow/dags/dag_extract_catalogs.py
[2026-08-04T05:53:09.069+0000] {processor.py:925} INFO - DAG(s) 'dag_extract_catalogs' retrieved from /opt/airflow/dags/dag_extract_catalogs.py
[2026-08-04T05:53:09.081+0000] {logging_mixin.py:190} INFO - [2026-08-04T05:53:09.081+0000] {dag.py:3239} INFO - Sync 1 DAGs
[2026-08-04T05:53:09.095+0000] {processor.py:208} INFO - Processing /opt/airflow/dags/dag_extract_catalogs.py took 0.036 seconds
[2026-08-04T06:55:38.124+0000] {processor.py:186} INFO - Started process (PID=4054) to work on /opt/airflow/dags/dag_extract_catalogs.py
[2026-08-04T06:55:38.124+0000] {processor.py:914} INFO - Processing file /opt/airflow/dags/dag_extract_catalogs.py for tasks to queue
[2026-08-04T06:55:38.125+0000] {logging_mixin.py:190} INFO - [2026-08-04T06:55:38.125+0000] {dagbag.py:588} INFO - Filling up the DagBag from /opt/airflow/dags/dag_extract_catalogs.py
[2026-08-04T06:55:38.131+0000] {processor.py:925} INFO - DAG(s) 'dag_extract_catalogs' retrieved from /opt/airflow/dags/dag_extract_catalogs.py
[2026-08-04T06:55:38.143+0000] {logging_mixin.py:190} INFO - [2026-08-04T06:55:38.143+0000] {dag.py:3239} INFO - Sync 1 DAGs
[2026-08-04T06:55:38.152+0000] {logging_mixin.py:190} INFO - [2026-08-04T06:55:38.152+0000] {dag.py:4180} INFO - Setting next_dagrun for dag_extract_catalogs to 2026-08-04 01:00:00+00:00, run_after=2026-08-05 01:00:00+00:00
[2026-08-04T06:55:38.157+0000] {processor.py:208} INFO - Processing /opt/airflow/dags/dag_extract_catalogs.py took 0.038 seconds
[2026-08-04T07:40:19.647+0000] {processor.py:186} INFO - Started process (PID=4086) to work on /opt/airflow/dags/dag_extract_catalogs.py
[2026-08-04T07:40:19.648+0000] {processor.py:914} INFO - Processing file /opt/airflow/dags/dag_extract_catalogs.py for tasks to queue
[2026-08-04T07:40:19.648+0000] {logging_mixin.py:190} INFO - [2026-08-04T07:40:19.648+0000] {dagbag.py:588} INFO - Filling up the DagBag from /opt/airflow/dags/dag_extract_catalogs.py
[2026-08-04T07:40:19.653+0000] {processor.py:925} INFO - DAG(s) 'dag_extract_catalogs' retrieved from /opt/airflow/dags/dag_extract_catalogs.py
[2026-08-04T07:40:19.663+0000] {logging_mixin.py:190} INFO - [2026-08-04T07:40:19.663+0000] {dag.py:3239} INFO - Sync 1 DAGs
[2026-08-04T07:40:19.670+0000] {logging_mixin.py:190} INFO - [2026-08-04T07:40:19.670+0000] {dag.py:4180} INFO - Setting next_dagrun for dag_extract_catalogs to 2026-08-04 01:00:00+00:00, run_after=2026-08-05 01:00:00+00:00
[2026-08-04T07:40:19.675+0000] {processor.py:208} INFO - Processing /opt/airflow/dags/dag_extract_catalogs.py took 0.030 seconds
[2026-08-04T08:39:29.213+0000] {processor.py:186} INFO - Started process (PID=4105) to work on /opt/airflow/dags/dag_extract_catalogs.py
[2026-08-04T08:39:29.214+0000] {processor.py:914} INFO - Processing file /opt/airflow/dags/dag_extract_catalogs.py for tasks to queue
[2026-08-04T08:39:29.215+0000] {logging_mixin.py:190} INFO - [2026-08-04T08:39:29.215+0000] {dagbag.py:588} INFO - Filling up the DagBag from /opt/airflow/dags/dag_extract_catalogs.py
[2026-08-04T08:39:29.223+0000] {processor.py:925} INFO - DAG(s) 'dag_extract_catalogs' retrieved from /opt/airflow/dags/dag_extract_catalogs.py
[2026-08-04T08:39:29.238+0000] {logging_mixin.py:190} INFO - [2026-08-04T08:39:29.238+0000] {dag.py:3239} INFO - Sync 1 DAGs
[2026-08-04T08:39:29.389+0000] {logging_mixin.py:190} INFO - [2026-08-04T08:39:29.387+0000] {dag.py:4180} INFO - Setting next_dagrun for dag_extract_catalogs to 2026-08-04 01:00:00+00:00, run_after=2026-08-05 01:00:00+00:00
[2026-08-04T08:39:29.475+0000] {processor.py:208} INFO - Processing /opt/airflow/dags/dag_extract_catalogs.py took 0.266 seconds
[2026-08-04T09:43:21.663+0000] {processor.py:186} INFO - Started process (PID=4132) to work on /opt/airflow/dags/dag_extract_catalogs.py
[2026-08-04T09:43:21.664+0000] {processor.py:914} INFO - Processing file /opt/airflow/dags/dag_extract_catalogs.py for tasks to queue
[2026-08-04T09:43:21.664+0000] {logging_mixin.py:190} INFO - [2026-08-04T09:43:21.664+0000] {dagbag.py:588} INFO - Filling up the DagBag from /opt/airflow/dags/dag_extract_catalogs.py
[2026-08-04T09:43:21.670+0000] {processor.py:925} INFO - DAG(s) 'dag_extract_catalogs' retrieved from /opt/airflow/dags/dag_extract_catalogs.py
[2026-08-04T09:43:21.680+0000] {logging_mixin.py:190} INFO - [2026-08-04T09:43:21.680+0000] {dag.py:3239} INFO - Sync 1 DAGs
[2026-08-04T09:43:21.688+0000] {logging_mixin.py:190} INFO - [2026-08-04T09:43:21.688+0000] {dag.py:4180} INFO - Setting next_dagrun for dag_extract_catalogs to 2026-08-04 01:00:00+00:00, run_after=2026-08-05 01:00:00+00:00
[2026-08-04T09:43:21.693+0000] {processor.py:208} INFO - Processing /opt/airflow/dags/dag_extract_catalogs.py took 0.032 seconds
[2026-08-04T10:25:06.366+0000] {processor.py:186} INFO - Started process (PID=4155) to work on /opt/airflow/dags/dag_extract_catalogs.py
[2026-08-04T10:25:06.366+0000] {processor.py:914} INFO - Processing file /opt/airflow/dags/dag_extract_catalogs.py for tasks to queue
[2026-08-04T10:25:06.367+0000] {logging_mixin.py:190} INFO - [2026-08-04T10:25:06.367+0000] {dagbag.py:588} INFO - Filling up the DagBag from /opt/airflow/dags/dag_extract_catalogs.py
[2026-08-04T10:25:06.372+0000] {processor.py:925} INFO - DAG(s) 'dag_extract_catalogs' retrieved from /opt/airflow/dags/dag_extract_catalogs.py
[2026-08-04T10:25:06.383+0000] {logging_mixin.py:190} INFO - [2026-08-04T10:25:06.383+0000] {dag.py:3239} INFO - Sync 1 DAGs
[2026-08-04T10:25:06.390+0000] {logging_mixin.py:190} INFO - [2026-08-04T10:25:06.390+0000] {dag.py:4180} INFO - Setting next_dagrun for dag_extract_catalogs to 2026-08-04 01:00:00+00:00, run_after=2026-08-05 01:00:00+00:00
[2026-08-04T10:25:06.396+0000] {processor.py:208} INFO - Processing /opt/airflow/dags/dag_extract_catalogs.py took 0.033 seconds
[2026-08-04T11:09:47.333+0000] {processor.py:186} INFO - Started process (PID=4182) to work on /opt/airflow/dags/dag_extract_catalogs.py
[2026-08-04T11:09:47.334+0000] {processor.py:914} INFO - Processing file /opt/airflow/dags/dag_extract_catalogs.py for tasks to queue
[2026-08-04T11:09:47.334+0000] {logging_mixin.py:190} INFO - [2026-08-04T11:09:47.334+0000] {dagbag.py:588} INFO - Filling up the DagBag from /opt/airflow/dags/dag_extract_catalogs.py
[2026-08-04T11:09:47.342+0000] {processor.py:925} INFO - DAG(s) 'dag_extract_catalogs' retrieved from /opt/airflow/dags/dag_extract_catalogs.py
[2026-08-04T11:09:47.355+0000] {logging_mixin.py:190} INFO - [2026-08-04T11:09:47.355+0000] {dag.py:3239} INFO - Sync 1 DAGs
[2026-08-04T11:09:47.365+0000] {logging_mixin.py:190} INFO - [2026-08-04T11:09:47.365+0000] {dag.py:4180} INFO - Setting next_dagrun for dag_extract_catalogs to 2026-08-04 01:00:00+00:00, run_after=2026-08-05 01:00:00+00:00
[2026-08-04T11:09:47.372+0000] {processor.py:208} INFO - Processing /opt/airflow/dags/dag_extract_catalogs.py took 0.041 seconds
[2026-08-04T11:42:08.119+0000] {processor.py:186} INFO - Started process (PID=4207) to work on /opt/airflow/dags/dag_extract_catalogs.py
[2026-08-04T11:42:08.119+0000] {processor.py:914} INFO - Processing file /opt/airflow/dags/dag_extract_catalogs.py for tasks to queue
[2026-08-04T11:42:08.120+0000] {logging_mixin.py:190} INFO - [2026-08-04T11:42:08.119+0000] {dagbag.py:588} INFO - Filling up the DagBag from /opt/airflow/dags/dag_extract_catalogs.py
[2026-08-04T11:42:08.124+0000] {processor.py:925} INFO - DAG(s) 'dag_extract_catalogs' retrieved from /opt/airflow/dags/dag_extract_catalogs.py
[2026-08-04T11:42:08.134+0000] {logging_mixin.py:190} INFO - [2026-08-04T11:42:08.134+0000] {dag.py:3239} INFO - Sync 1 DAGs
[2026-08-04T11:42:08.141+0000] {logging_mixin.py:190} INFO - [2026-08-04T11:42:08.141+0000] {dag.py:4180} INFO - Setting next_dagrun for dag_extract_catalogs to 2026-08-04 01:00:00+00:00, run_after=2026-08-05 01:00:00+00:00
[2026-08-04T11:42:08.146+0000] {processor.py:208} INFO - Processing /opt/airflow/dags/dag_extract_catalogs.py took 0.030 seconds
[2026-08-04T12:45:25.666+0000] {processor.py:186} INFO - Started process (PID=4228) to work on /opt/airflow/dags/dag_extract_catalogs.py
[2026-08-04T12:45:25.667+0000] {processor.py:914} INFO - Processing file /opt/airflow/dags/dag_extract_catalogs.py for tasks to queue
[2026-08-04T12:45:25.668+0000] {logging_mixin.py:190} INFO - [2026-08-04T12:45:25.668+0000] {dagbag.py:588} INFO - Filling up the DagBag from /opt/airflow/dags/dag_extract_catalogs.py
[2026-08-04T12:45:25.673+0000] {processor.py:925} INFO - DAG(s) 'dag_extract_catalogs' retrieved from /opt/airflow/dags/dag_extract_catalogs.py
[2026-08-04T12:45:25.689+0000] {logging_mixin.py:190} INFO - [2026-08-04T12:45:25.689+0000] {dag.py:3239} INFO - Sync 1 DAGs
[2026-08-04T12:45:25.698+0000] {logging_mixin.py:190} INFO - [2026-08-04T12:45:25.698+0000] {dag.py:4180} INFO - Setting next_dagrun for dag_extract_catalogs to 2026-08-04 01:00:00+00:00, run_after=2026-08-05 01:00:00+00:00
[2026-08-04T12:45:25.706+0000] {processor.py:208} INFO - Processing /opt/airflow/dags/dag_extract_catalogs.py took 0.045 seconds
[2026-08-04T13:44:02.558+0000] {processor.py:186} INFO - Started process (PID=4251) to work on /opt/airflow/dags/dag_extract_catalogs.py
[2026-08-04T13:44:02.558+0000] {processor.py:914} INFO - Processing file /opt/airflow/dags/dag_extract_catalogs.py for tasks to queue
[2026-08-04T13:44:02.559+0000] {logging_mixin.py:190} INFO - [2026-08-04T13:44:02.559+0000] {dagbag.py:588} INFO - Filling up the DagBag from /opt/airflow/dags/dag_extract_catalogs.py
[2026-08-04T13:44:02.570+0000] {processor.py:925} INFO - DAG(s) 'dag_extract_catalogs' retrieved from /opt/airflow/dags/dag_extract_catalogs.py
[2026-08-04T13:44:02.603+0000] {logging_mixin.py:190} INFO - [2026-08-04T13:44:02.603+0000] {dag.py:3239} INFO - Sync 1 DAGs
[2026-08-04T13:44:02.615+0000] {logging_mixin.py:190} INFO - [2026-08-04T13:44:02.615+0000] {dag.py:4180} INFO - Setting next_dagrun for dag_extract_catalogs to 2026-08-04 01:00:00+00:00, run_after=2026-08-05 01:00:00+00:00
[2026-08-04T13:44:02.620+0000] {processor.py:208} INFO - Processing /opt/airflow/dags/dag_extract_catalogs.py took 0.068 seconds
[2026-08-04T14:46:35.434+0000] {processor.py:186} INFO - Started process (PID=4273) to work on /opt/airflow/dags/dag_extract_catalogs.py
[2026-08-04T14:46:35.434+0000] {processor.py:914} INFO - Processing file /opt/airflow/dags/dag_extract_catalogs.py for tasks to queue
[2026-08-04T14:46:35.435+0000] {logging_mixin.py:190} INFO - [2026-08-04T14:46:35.435+0000] {dagbag.py:588} INFO - Filling up the DagBag from /opt/airflow/dags/dag_extract_catalogs.py
[2026-08-04T14:46:35.441+0000] {processor.py:925} INFO - DAG(s) 'dag_extract_catalogs' retrieved from /opt/airflow/dags/dag_extract_catalogs.py
[2026-08-04T14:46:35.453+0000] {logging_mixin.py:190} INFO - [2026-08-04T14:46:35.453+0000] {dag.py:3239} INFO - Sync 1 DAGs
[2026-08-04T14:46:35.463+0000] {logging_mixin.py:190} INFO - [2026-08-04T14:46:35.463+0000] {dag.py:4180} INFO - Setting next_dagrun for dag_extract_catalogs to 2026-08-04 01:00:00+00:00, run_after=2026-08-05 01:00:00+00:00
[2026-08-04T14:46:35.469+0000] {processor.py:208} INFO - Processing /opt/airflow/dags/dag_extract_catalogs.py took 0.038 seconds
[2026-08-04T15:46:15.345+0000] {processor.py:186} INFO - Started process (PID=4299) to work on /opt/airflow/dags/dag_extract_catalogs.py
[2026-08-04T15:46:15.345+0000] {processor.py:914} INFO - Processing file /opt/airflow/dags/dag_extract_catalogs.py for tasks to queue
[2026-08-04T15:46:15.345+0000] {logging_mixin.py:190} INFO - [2026-08-04T15:46:15.345+0000] {dagbag.py:588} INFO - Filling up the DagBag from /opt/airflow/dags/dag_extract_catalogs.py
[2026-08-04T15:46:15.351+0000] {processor.py:925} INFO - DAG(s) 'dag_extract_catalogs' retrieved from /opt/airflow/dags/dag_extract_catalogs.py
[2026-08-04T15:46:15.360+0000] {logging_mixin.py:190} INFO - [2026-08-04T15:46:15.360+0000] {dag.py:3239} INFO - Sync 1 DAGs
[2026-08-04T15:46:15.368+0000] {logging_mixin.py:190} INFO - [2026-08-04T15:46:15.368+0000] {dag.py:4180} INFO - Setting next_dagrun for dag_extract_catalogs to 2026-08-04 01:00:00+00:00, run_after=2026-08-05 01:00:00+00:00
[2026-08-04T15:46:15.373+0000] {processor.py:208} INFO - Processing /opt/airflow/dags/dag_extract_catalogs.py took 0.032 seconds
[2026-08-04T17:15:54.143+0000] {processor.py:186} INFO - Started process (PID=4323) to work on /opt/airflow/dags/dag_extract_catalogs.py
[2026-08-04T17:15:54.145+0000] {processor.py:914} INFO - Processing file /opt/airflow/dags/dag_extract_catalogs.py for tasks to queue
[2026-08-04T17:15:54.145+0000] {logging_mixin.py:190} INFO - [2026-08-04T17:15:54.145+0000] {dagbag.py:588} INFO - Filling up the DagBag from /opt/airflow/dags/dag_extract_catalogs.py
[2026-08-04T17:15:54.151+0000] {processor.py:925} INFO - DAG(s) 'dag_extract_catalogs' retrieved from /opt/airflow/dags/dag_extract_catalogs.py
[2026-08-04T17:15:54.163+0000] {logging_mixin.py:190} INFO - [2026-08-04T17:15:54.163+0000] {dag.py:3239} INFO - Sync 1 DAGs
[2026-08-04T17:15:54.172+0000] {logging_mixin.py:190} INFO - [2026-08-04T17:15:54.172+0000] {dag.py:4180} INFO - Setting next_dagrun for dag_extract_catalogs to 2026-08-04 01:00:00+00:00, run_after=2026-08-05 01:00:00+00:00
[2026-08-04T17:15:54.179+0000] {processor.py:208} INFO - Processing /opt/airflow/dags/dag_extract_catalogs.py took 0.039 seconds
[2026-08-04T18:17:01.539+0000] {processor.py:186} INFO - Started process (PID=4351) to work on /opt/airflow/dags/dag_extract_catalogs.py
[2026-08-04T18:17:01.540+0000] {processor.py:914} INFO - Processing file /opt/airflow/dags/dag_extract_catalogs.py for tasks to queue
[2026-08-04T18:17:01.540+0000] {logging_mixin.py:190} INFO - [2026-08-04T18:17:01.540+0000] {dagbag.py:588} INFO - Filling up the DagBag from /opt/airflow/dags/dag_extract_catalogs.py
[2026-08-04T18:17:01.547+0000] {processor.py:925} INFO - DAG(s) 'dag_extract_catalogs' retrieved from /opt/airflow/dags/dag_extract_catalogs.py
[2026-08-04T18:17:01.560+0000] {logging_mixin.py:190} INFO - [2026-08-04T18:17:01.560+0000] {dag.py:3239} INFO - Sync 1 DAGs
[2026-08-04T18:17:01.569+0000] {logging_mixin.py:190} INFO - [2026-08-04T18:17:01.569+0000] {dag.py:4180} INFO - Setting next_dagrun for dag_extract_catalogs to 2026-08-04 01:00:00+00:00, run_after=2026-08-05 01:00:00+00:00
[2026-08-04T18:17:01.575+0000] {processor.py:208} INFO - Processing /opt/airflow/dags/dag_extract_catalogs.py took 0.040 seconds
[2026-08-04T19:15:14.562+0000] {processor.py:186} INFO - Started process (PID=4374) to work on /opt/airflow/dags/dag_extract_catalogs.py
[2026-08-04T19:15:14.562+0000] {processor.py:914} INFO - Processing file /opt/airflow/dags/dag_extract_catalogs.py for tasks to queue
[2026-08-04T19:15:14.563+0000] {logging_mixin.py:190} INFO - [2026-08-04T19:15:14.563+0000] {dagbag.py:588} INFO - Filling up the DagBag from /opt/airflow/dags/dag_extract_catalogs.py
[2026-08-04T19:15:14.568+0000] {processor.py:925} INFO - DAG(s) 'dag_extract_catalogs' retrieved from /opt/airflow/dags/dag_extract_catalogs.py
[2026-08-04T19:15:14.577+0000] {logging_mixin.py:190} INFO - [2026-08-04T19:15:14.577+0000] {dag.py:3239} INFO - Sync 1 DAGs
[2026-08-04T19:15:14.584+0000] {logging_mixin.py:190} INFO - [2026-08-04T19:15:14.584+0000] {dag.py:4180} INFO - Setting next_dagrun for dag_extract_catalogs to 2026-08-04 01:00:00+00:00, run_after=2026-08-05 01:00:00+00:00
[2026-08-04T19:15:14.589+0000] {processor.py:208} INFO - Processing /opt/airflow/dags/dag_extract_catalogs.py took 0.030 seconds
[2026-08-04T19:51:33.396+0000] {processor.py:186} INFO - Started process (PID=4398) to work on /opt/airflow/dags/dag_extract_catalogs.py
[2026-08-04T19:51:33.396+0000] {processor.py:914} INFO - Processing file /opt/airflow/dags/dag_extract_catalogs.py for tasks to queue
[2026-08-04T19:51:33.397+0000] {logging_mixin.py:190} INFO - [2026-08-04T19:51:33.397+0000] {dagbag.py:588} INFO - Filling up the DagBag from /opt/airflow/dags/dag_extract_catalogs.py
[2026-08-04T19:51:33.407+0000] {processor.py:925} INFO - DAG(s) 'dag_extract_catalogs' retrieved from /opt/airflow/dags/dag_extract_catalogs.py
[2026-08-04T19:51:33.420+0000] {logging_mixin.py:190} INFO - [2026-08-04T19:51:33.420+0000] {dag.py:3239} INFO - Sync 1 DAGs
[2026-08-04T19:51:33.429+0000] {logging_mixin.py:190} INFO - [2026-08-04T19:51:33.429+0000] {dag.py:4180} INFO - Setting next_dagrun for dag_extract_catalogs to 2026-08-04 01:00:00+00:00, run_after=2026-08-05 01:00:00+00:00
[2026-08-04T19:51:33.436+0000] {processor.py:208} INFO - Processing /opt/airflow/dags/dag_extract_catalogs.py took 0.043 seconds
[2026-08-04T20:18:56.639+0000] {processor.py:186} INFO - Started process (PID=4421) to work on /opt/airflow/dags/dag_extract_catalogs.py
[2026-08-04T20:18:56.639+0000] {processor.py:914} INFO - Processing file /opt/airflow/dags/dag_extract_catalogs.py for tasks to queue
[2026-08-04T20:18:56.640+0000] {logging_mixin.py:190} INFO - [2026-08-04T20:18:56.639+0000] {dagbag.py:588} INFO - Filling up the DagBag from /opt/airflow/dags/dag_extract_catalogs.py
[2026-08-04T20:18:56.646+0000] {processor.py:925} INFO - DAG(s) 'dag_extract_catalogs' retrieved from /opt/airflow/dags/dag_extract_catalogs.py
[2026-08-04T20:18:56.657+0000] {logging_mixin.py:190} INFO - [2026-08-04T20:18:56.657+0000] {dag.py:3239} INFO - Sync 1 DAGs
[2026-08-04T20:18:56.668+0000] {logging_mixin.py:190} INFO - [2026-08-04T20:18:56.668+0000] {dag.py:4180} INFO - Setting next_dagrun for dag_extract_catalogs to 2026-08-04 01:00:00+00:00, run_after=2026-08-05 01:00:00+00:00
[2026-08-04T20:18:56.675+0000] {processor.py:208} INFO - Processing /opt/airflow/dags/dag_extract_catalogs.py took 0.039 seconds
[2026-08-04T21:28:36.738+0000] {processor.py:186} INFO - Started process (PID=4449) to work on /opt/airflow/dags/dag_extract_catalogs.py
[2026-08-04T21:28:36.739+0000] {processor.py:914} INFO - Processing file /opt/airflow/dags/dag_extract_catalogs.py for tasks to queue
[2026-08-04T21:28:36.739+0000] {logging_mixin.py:190} INFO - [2026-08-04T21:28:36.739+0000] {dagbag.py:588} INFO - Filling up the DagBag from /opt/airflow/dags/dag_extract_catalogs.py
[2026-08-04T21:28:36.744+0000] {processor.py:925} INFO - DAG(s) 'dag_extract_catalogs' retrieved from /opt/airflow/dags/dag_extract_catalogs.py
[2026-08-04T21:28:36.754+0000] {logging_mixin.py:190} INFO - [2026-08-04T21:28:36.754+0000] {dag.py:3239} INFO - Sync 1 DAGs
[2026-08-04T21:28:36.761+0000] {logging_mixin.py:190} INFO - [2026-08-04T21:28:36.761+0000] {dag.py:4180} INFO - Setting next_dagrun for dag_extract_catalogs to 2026-08-04 01:00:00+00:00, run_after=2026-08-05 01:00:00+00:00
[2026-08-04T21:28:36.766+0000] {processor.py:208} INFO - Processing /opt/airflow/dags/dag_extract_catalogs.py took 0.030 seconds
[2026-08-04T22:00:23.858+0000] {processor.py:186} INFO - Started process (PID=4467) to work on /opt/airflow/dags/dag_extract_catalogs.py
[2026-08-04T22:00:23.858+0000] {processor.py:914} INFO - Processing file /opt/airflow/dags/dag_extract_catalogs.py for tasks to queue
[2026-08-04T22:00:23.859+0000] {logging_mixin.py:190} INFO - [2026-08-04T22:00:23.859+0000] {dagbag.py:588} INFO - Filling up the DagBag from /opt/airflow/dags/dag_extract_catalogs.py
[2026-08-04T22:00:23.865+0000] {processor.py:925} INFO - DAG(s) 'dag_extract_catalogs' retrieved from /opt/airflow/dags/dag_extract_catalogs.py
[2026-08-04T22:00:23.879+0000] {logging_mixin.py:190} INFO - [2026-08-04T22:00:23.879+0000] {dag.py:3239} INFO - Sync 1 DAGs
[2026-08-04T22:00:23.889+0000] {logging_mixin.py:190} INFO - [2026-08-04T22:00:23.889+0000] {dag.py:4180} INFO - Setting next_dagrun for dag_extract_catalogs to 2026-08-04 01:00:00+00:00, run_after=2026-08-05 01:00:00+00:00
[2026-08-04T22:00:23.894+0000] {processor.py:208} INFO - Processing /opt/airflow/dags/dag_extract_catalogs.py took 0.038 seconds
[2026-08-04T22:19:33.859+0000] {processor.py:186} INFO - Started process (PID=4492) to work on /opt/airflow/dags/dag_extract_catalogs.py
[2026-08-04T22:19:33.860+0000] {processor.py:914} INFO - Processing file /opt/airflow/dags/dag_extract_catalogs.py for tasks to queue
[2026-08-04T22:19:33.860+0000] {logging_mixin.py:190} INFO - [2026-08-04T22:19:33.860+0000] {dagbag.py:588} INFO - Filling up the DagBag from /opt/airflow/dags/dag_extract_catalogs.py
[2026-08-04T22:19:33.865+0000] {processor.py:925} INFO - DAG(s) 'dag_extract_catalogs' retrieved from /opt/airflow/dags/dag_extract_catalogs.py
[2026-08-04T22:19:33.875+0000] {logging_mixin.py:190} INFO - [2026-08-04T22:19:33.875+0000] {dag.py:3239} INFO - Sync 1 DAGs
[2026-08-04T22:19:33.883+0000] {logging_mixin.py:190} INFO - [2026-08-04T22:19:33.883+0000] {dag.py:4180} INFO - Setting next_dagrun for dag_extract_catalogs to 2026-08-04 01:00:00+00:00, run_after=2026-08-05 01:00:00+00:00
[2026-08-04T22:19:33.888+0000] {processor.py:208} INFO - Processing /opt/airflow/dags/dag_extract_catalogs.py took 0.031 seconds
[2026-08-04T23:09:49.873+0000] {processor.py:186} INFO - Started process (PID=4510) to work on /opt/airflow/dags/dag_extract_catalogs.py
[2026-08-04T23:09:49.873+0000] {processor.py:914} INFO - Processing file /opt/airflow/dags/dag_extract_catalogs.py for tasks to queue
[2026-08-04T23:09:49.874+0000] {logging_mixin.py:190} INFO - [2026-08-04T23:09:49.873+0000] {dagbag.py:588} INFO - Filling up the DagBag from /opt/airflow/dags/dag_extract_catalogs.py
[2026-08-04T23:09:49.879+0000] {processor.py:925} INFO - DAG(s) 'dag_extract_catalogs' retrieved from /opt/airflow/dags/dag_extract_catalogs.py
[2026-08-04T23:09:49.890+0000] {logging_mixin.py:190} INFO - [2026-08-04T23:09:49.890+0000] {dag.py:3239} INFO - Sync 1 DAGs
[2026-08-04T23:09:49.899+0000] {logging_mixin.py:190} INFO - [2026-08-04T23:09:49.899+0000] {dag.py:4180} INFO - Setting next_dagrun for dag_extract_catalogs to 2026-08-04 01:00:00+00:00, run_after=2026-08-05 01:00:00+00:00
[2026-08-04T23:09:49.906+0000] {processor.py:208} INFO - Processing /opt/airflow/dags/dag_extract_catalogs.py took 0.036 seconds
[2026-08-04T23:27:09.717+0000] {processor.py:186} INFO - Started process (PID=4530) to work on /opt/airflow/dags/dag_extract_catalogs.py
[2026-08-04T23:27:09.717+0000] {processor.py:914} INFO - Processing file /opt/airflow/dags/dag_extract_catalogs.py for tasks to queue
[2026-08-04T23:27:09.717+0000] {logging_mixin.py:190} INFO - [2026-08-04T23:27:09.717+0000] {dagbag.py:588} INFO - Filling up the DagBag from /opt/airflow/dags/dag_extract_catalogs.py
[2026-08-04T23:27:09.722+0000] {processor.py:925} INFO - DAG(s) 'dag_extract_catalogs' retrieved from /opt/airflow/dags/dag_extract_catalogs.py
[2026-08-04T23:27:09.733+0000] {logging_mixin.py:190} INFO - [2026-08-04T23:27:09.733+0000] {dag.py:3239} INFO - Sync 1 DAGs
[2026-08-04T23:27:09.746+0000] {logging_mixin.py:190} INFO - [2026-08-04T23:27:09.746+0000] {dag.py:4180} INFO - Setting next_dagrun for dag_extract_catalogs to 2026-08-04 01:00:00+00:00, run_after=2026-08-05 01:00:00+00:00
[2026-08-04T23:27:09.752+0000] {processor.py:208} INFO - Processing /opt/airflow/dags/dag_extract_catalogs.py took 0.038 seconds
