[2026-07-13T18:40:30.660+0000] {local_task_job_runner.py:123} INFO - ::group::Pre task execution logs
[2026-07-13T18:40:30.667+0000] {taskinstance.py:2613} INFO - Dependencies all met for dep_context=non-requeueable deps ti=<TaskInstance: dag_extract_catalogs.extract_upakovki manual__2026-07-13T17:56:07.176096+00:00 [queued]>
[2026-07-13T18:40:30.671+0000] {taskinstance.py:2613} INFO - Dependencies all met for dep_context=requeueable deps ti=<TaskInstance: dag_extract_catalogs.extract_upakovki manual__2026-07-13T17:56:07.176096+00:00 [queued]>
[2026-07-13T18:40:30.672+0000] {taskinstance.py:2866} INFO - Starting attempt 1 of 3
[2026-07-13T18:40:30.677+0000] {taskinstance.py:2889} INFO - Executing <Task(PythonOperator): extract_upakovki> on 2026-07-13 17:56:07.176096+00:00
[2026-07-13T18:40:30.679+0000] {standard_task_runner.py:72} INFO - Started process 67157 to run task
[2026-07-13T18:40:30.681+0000] {standard_task_runner.py:104} INFO - Running: ['***', 'tasks', 'run', 'dag_extract_catalogs', 'extract_upakovki', 'manual__2026-07-13T17:56:07.176096+00:00', '--job-id', '660', '--raw', '--subdir', 'DAGS_FOLDER/dag_extract_catalogs.py', '--cfg-path', '/tmp/tmpai0yipa_']
[2026-07-13T18:40:30.682+0000] {standard_task_runner.py:105} INFO - Job 660: Subtask extract_upakovki
[2026-07-13T18:40:30.702+0000] {task_command.py:467} INFO - Running <TaskInstance: dag_extract_catalogs.extract_upakovki manual__2026-07-13T17:56:07.176096+00:00 [running]> on host ce016640a6d7
[2026-07-13T18:40:30.733+0000] {taskinstance.py:3132} INFO - Exporting env vars: AIRFLOW_CTX_DAG_OWNER='bi' AIRFLOW_CTX_DAG_ID='dag_extract_catalogs' AIRFLOW_CTX_TASK_ID='extract_upakovki' AIRFLOW_CTX_EXECUTION_DATE='2026-07-13T17:56:07.176096+00:00' AIRFLOW_CTX_TRY_NUMBER='1' AIRFLOW_CTX_DAG_RUN_ID='manual__2026-07-13T17:56:07.176096+00:00'
[2026-07-13T18:40:30.734+0000] {taskinstance.py:731} INFO - ::endgroup::
[2026-07-13T18:40:30.802+0000] {taskinstance.py:3311} ERROR - Task failed with exception
Traceback (most recent call last):
  File "/home/airflow/.local/lib/python3.11/site-packages/airflow/models/taskinstance.py", line 767, in _execute_task
    result = _execute_callable(context=context, **execute_callable_kwargs)
             ^^^^^^^^^^^^^^^^^^^^^^^^^^^^^^^^^^^^^^^^^^^^^^^^^^^^^^^^^^^^^
  File "/home/airflow/.local/lib/python3.11/site-packages/airflow/models/taskinstance.py", line 733, in _execute_callable
    return ExecutionCallableRunner(
           ^^^^^^^^^^^^^^^^^^^^^^^^
  File "/home/airflow/.local/lib/python3.11/site-packages/airflow/utils/operator_helpers.py", line 252, in run
    return self.func(*args, **kwargs)
           ^^^^^^^^^^^^^^^^^^^^^^^^^^
  File "/home/airflow/.local/lib/python3.11/site-packages/airflow/models/baseoperator.py", line 417, in wrapper
    return func(self, *args, **kwargs)
           ^^^^^^^^^^^^^^^^^^^^^^^^^^^
  File "/home/airflow/.local/lib/python3.11/site-packages/airflow/operators/python.py", line 238, in execute
    return_value = self.execute_callable()
                   ^^^^^^^^^^^^^^^^^^^^^^^
  File "/home/airflow/.local/lib/python3.11/site-packages/airflow/operators/python.py", line 256, in execute_callable
    return runner.run(*self.op_args, **self.op_kwargs)
           ^^^^^^^^^^^^^^^^^^^^^^^^^^^^^^^^^^^^^^^^^^^
  File "/home/airflow/.local/lib/python3.11/site-packages/airflow/utils/operator_helpers.py", line 252, in run
    return self.func(*args, **kwargs)
           ^^^^^^^^^^^^^^^^^^^^^^^^^^
  File "/opt/airflow/dags/dag_extract_catalogs.py", line 53, in _extract_upakovki
    raw = _fetch_all(cfg, "Catalog_УпаковкиЕдиницыИзмерения", "Ref_Key,DeletionMark,Description,Code,Вес,Объем")
          ^^^^^^^^^^^^^^^^^^^^^^^^^^^^^^^^^^^^^^^^^^^^^^^^^^^^^^^^^^^^^^^^^^^^^^^^^^^^^^^^^^^^^^^^^^^^^^^^^^^^^^
  File "/opt/airflow/dags/dag_extract_catalogs.py", line 42, in _fetch_all
    resp.raise_for_status()
  File "/home/airflow/.local/lib/python3.11/site-packages/requests/models.py", line 1024, in raise_for_status
    raise HTTPError(http_error_msg, response=self)
requests.exceptions.HTTPError: 404 Client Error: Not Found for url: http://10.50.254.22/ld_erp_ibOdata/odata/standard.odata/Catalog_%D0%A3%D0%BF%D0%B0%D0%BA%D0%BE%D0%B2%D0%BA%D0%B8%D0%95%D0%B4%D0%B8%D0%BD%D0%B8%D1%86%D1%8B%D0%98%D0%B7%D0%BC%D0%B5%D1%80%D0%B5%D0%BD%D0%B8%D1%8F?$format=json&$select=Ref_Key,DeletionMark,Description,Code,%D0%92%D0%B5%D1%81,%D0%9E%D0%B1%D1%8A%D0%B5%D0%BC&$top=500&$skip=0
[2026-07-13T18:40:30.809+0000] {taskinstance.py:1225} INFO - Marking task as UP_FOR_RETRY. dag_id=dag_extract_catalogs, task_id=extract_upakovki, run_id=manual__2026-07-13T17:56:07.176096+00:00, execution_date=20260713T175607, start_date=20260713T184030, end_date=20260713T184030
[2026-07-13T18:40:30.815+0000] {taskinstance.py:340} INFO - ::group::Post task execution logs
[2026-07-13T18:40:30.815+0000] {standard_task_runner.py:124} ERROR - Failed to execute job 660 for task extract_upakovki (404 Client Error: Not Found for url: http://10.50.254.22/ld_erp_ibOdata/odata/standard.odata/Catalog_%D0%A3%D0%BF%D0%B0%D0%BA%D0%BE%D0%B2%D0%BA%D0%B8%D0%95%D0%B4%D0%B8%D0%BD%D0%B8%D1%86%D1%8B%D0%98%D0%B7%D0%BC%D0%B5%D1%80%D0%B5%D0%BD%D0%B8%D1%8F?$format=json&$select=Ref_Key,DeletionMark,Description,Code,%D0%92%D0%B5%D1%81,%D0%9E%D0%B1%D1%8A%D0%B5%D0%BC&$top=500&$skip=0; 67157)
Traceback (most recent call last):
  File "/home/airflow/.local/lib/python3.11/site-packages/airflow/task/task_runner/standard_task_runner.py", line 117, in _start_by_fork
    ret = args.func(args, dag=self.dag)
          ^^^^^^^^^^^^^^^^^^^^^^^^^^^^^
  File "/home/airflow/.local/lib/python3.11/site-packages/airflow/cli/cli_config.py", line 49, in command
    return func(*args, **kwargs)
           ^^^^^^^^^^^^^^^^^^^^^
  File "/home/airflow/.local/lib/python3.11/site-packages/airflow/utils/cli.py", line 116, in wrapper
    return f(*args, **kwargs)
           ^^^^^^^^^^^^^^^^^^
  File "/home/airflow/.local/lib/python3.11/site-packages/airflow/cli/commands/task_command.py", line 483, in task_run
    task_return_code = _run_task_by_selected_method(args, _dag, ti)
                       ^^^^^^^^^^^^^^^^^^^^^^^^^^^^^^^^^^^^^^^^^^^^
  File "/home/airflow/.local/lib/python3.11/site-packages/airflow/cli/commands/task_command.py", line 256, in _run_task_by_selected_method
    return _run_raw_task(args, ti)
           ^^^^^^^^^^^^^^^^^^^^^^^
  File "/home/airflow/.local/lib/python3.11/site-packages/airflow/cli/commands/task_command.py", line 341, in _run_raw_task
    return ti._run_raw_task(
           ^^^^^^^^^^^^^^^^^
  File "/home/airflow/.local/lib/python3.11/site-packages/airflow/utils/session.py", line 97, in wrapper
    return func(*args, session=session, **kwargs)
           ^^^^^^^^^^^^^^^^^^^^^^^^^^^^^^^^^^^^^^
  File "/home/airflow/.local/lib/python3.11/site-packages/airflow/models/taskinstance.py", line 3005, in _run_raw_task
    return _run_raw_task(
           ^^^^^^^^^^^^^^
  File "/home/airflow/.local/lib/python3.11/site-packages/airflow/models/taskinstance.py", line 273, in _run_raw_task
    TaskInstance._execute_task_with_callbacks(
  File "/home/airflow/.local/lib/python3.11/site-packages/airflow/models/taskinstance.py", line 3159, in _execute_task_with_callbacks
    result = self._execute_task(context, task_orig)
             ^^^^^^^^^^^^^^^^^^^^^^^^^^^^^^^^^^^^^^
  File "/home/airflow/.local/lib/python3.11/site-packages/airflow/models/taskinstance.py", line 3183, in _execute_task
    return _execute_task(self, context, task_orig)
           ^^^^^^^^^^^^^^^^^^^^^^^^^^^^^^^^^^^^^^^
  File "/home/airflow/.local/lib/python3.11/site-packages/airflow/models/taskinstance.py", line 767, in _execute_task
    result = _execute_callable(context=context, **execute_callable_kwargs)
             ^^^^^^^^^^^^^^^^^^^^^^^^^^^^^^^^^^^^^^^^^^^^^^^^^^^^^^^^^^^^^
  File "/home/airflow/.local/lib/python3.11/site-packages/airflow/models/taskinstance.py", line 733, in _execute_callable
    return ExecutionCallableRunner(
           ^^^^^^^^^^^^^^^^^^^^^^^^
  File "/home/airflow/.local/lib/python3.11/site-packages/airflow/utils/operator_helpers.py", line 252, in run
    return self.func(*args, **kwargs)
           ^^^^^^^^^^^^^^^^^^^^^^^^^^
  File "/home/airflow/.local/lib/python3.11/site-packages/airflow/models/baseoperator.py", line 417, in wrapper
    return func(self, *args, **kwargs)
           ^^^^^^^^^^^^^^^^^^^^^^^^^^^
  File "/home/airflow/.local/lib/python3.11/site-packages/airflow/operators/python.py", line 238, in execute
    return_value = self.execute_callable()
                   ^^^^^^^^^^^^^^^^^^^^^^^
  File "/home/airflow/.local/lib/python3.11/site-packages/airflow/operators/python.py", line 256, in execute_callable
    return runner.run(*self.op_args, **self.op_kwargs)
           ^^^^^^^^^^^^^^^^^^^^^^^^^^^^^^^^^^^^^^^^^^^
  File "/home/airflow/.local/lib/python3.11/site-packages/airflow/utils/operator_helpers.py", line 252, in run
    return self.func(*args, **kwargs)
           ^^^^^^^^^^^^^^^^^^^^^^^^^^
  File "/opt/airflow/dags/dag_extract_catalogs.py", line 53, in _extract_upakovki
    raw = _fetch_all(cfg, "Catalog_УпаковкиЕдиницыИзмерения", "Ref_Key,DeletionMark,Description,Code,Вес,Объем")
          ^^^^^^^^^^^^^^^^^^^^^^^^^^^^^^^^^^^^^^^^^^^^^^^^^^^^^^^^^^^^^^^^^^^^^^^^^^^^^^^^^^^^^^^^^^^^^^^^^^^^^^
  File "/opt/airflow/dags/dag_extract_catalogs.py", line 42, in _fetch_all
    resp.raise_for_status()
  File "/home/airflow/.local/lib/python3.11/site-packages/requests/models.py", line 1024, in raise_for_status
    raise HTTPError(http_error_msg, response=self)
requests.exceptions.HTTPError: 404 Client Error: Not Found for url: http://10.50.254.22/ld_erp_ibOdata/odata/standard.odata/Catalog_%D0%A3%D0%BF%D0%B0%D0%BA%D0%BE%D0%B2%D0%BA%D0%B8%D0%95%D0%B4%D0%B8%D0%BD%D0%B8%D1%86%D1%8B%D0%98%D0%B7%D0%BC%D0%B5%D1%80%D0%B5%D0%BD%D0%B8%D1%8F?$format=json&$select=Ref_Key,DeletionMark,Description,Code,%D0%92%D0%B5%D1%81,%D0%9E%D0%B1%D1%8A%D0%B5%D0%BC&$top=500&$skip=0
[2026-07-13T18:40:30.858+0000] {local_task_job_runner.py:266} INFO - Task exited with return code 1
[2026-07-13T18:40:30.867+0000] {taskinstance.py:3895} INFO - 0 downstream tasks scheduled from follow-on schedule check
[2026-07-13T18:40:30.867+0000] {local_task_job_runner.py:245} INFO - ::endgroup::
