[2026-08-05T00:15:11.083+0000] {processor.py:186} INFO - Started process (PID=4545) to work on /opt/airflow/dags/dag_transform_mart.py
[2026-08-05T00:15:11.084+0000] {processor.py:914} INFO - Processing file /opt/airflow/dags/dag_transform_mart.py for tasks to queue
[2026-08-05T00:15:11.085+0000] {logging_mixin.py:190} INFO - [2026-08-05T00:15:11.084+0000] {dagbag.py:588} INFO - Filling up the DagBag from /opt/airflow/dags/dag_transform_mart.py
[2026-08-05T00:15:11.097+0000] {processor.py:925} INFO - DAG(s) 'dag_transform_mart' retrieved from /opt/airflow/dags/dag_transform_mart.py
[2026-08-05T00:15:11.113+0000] {logging_mixin.py:190} INFO - [2026-08-05T00:15:11.113+0000] {dag.py:3239} INFO - Sync 1 DAGs
[2026-08-05T00:15:11.126+0000] {logging_mixin.py:190} INFO - [2026-08-05T00:15:11.126+0000] {dag.py:4180} INFO - Setting next_dagrun for dag_transform_mart to 2026-08-04 03:30:00+00:00, run_after=2026-08-05 03:30:00+00:00
[2026-08-05T00:15:11.134+0000] {processor.py:208} INFO - Processing /opt/airflow/dags/dag_transform_mart.py took 0.057 seconds
[2026-08-05T01:21:19.960+0000] {processor.py:186} INFO - Started process (PID=4568) to work on /opt/airflow/dags/dag_transform_mart.py
[2026-08-05T01:21:19.961+0000] {processor.py:914} INFO - Processing file /opt/airflow/dags/dag_transform_mart.py for tasks to queue
[2026-08-05T01:21:19.962+0000] {logging_mixin.py:190} INFO - [2026-08-05T01:21:19.962+0000] {dagbag.py:588} INFO - Filling up the DagBag from /opt/airflow/dags/dag_transform_mart.py
[2026-08-05T01:21:19.972+0000] {processor.py:925} INFO - DAG(s) 'dag_transform_mart' retrieved from /opt/airflow/dags/dag_transform_mart.py
[2026-08-05T01:21:19.994+0000] {logging_mixin.py:190} INFO - [2026-08-05T01:21:19.994+0000] {dag.py:3239} INFO - Sync 1 DAGs
[2026-08-05T01:21:20.010+0000] {logging_mixin.py:190} INFO - [2026-08-05T01:21:20.010+0000] {dag.py:4180} INFO - Setting next_dagrun for dag_transform_mart to 2026-08-04 03:30:00+00:00, run_after=2026-08-05 03:30:00+00:00
[2026-08-05T01:21:20.160+0000] {processor.py:208} INFO - Processing /opt/airflow/dags/dag_transform_mart.py took 0.203 seconds
[2026-08-05T03:02:31.097+0000] {processor.py:186} INFO - Started process (PID=4606) to work on /opt/airflow/dags/dag_transform_mart.py
[2026-08-05T03:02:31.098+0000] {processor.py:914} INFO - Processing file /opt/airflow/dags/dag_transform_mart.py for tasks to queue
[2026-08-05T03:02:31.101+0000] {logging_mixin.py:190} INFO - [2026-08-05T03:02:31.100+0000] {dagbag.py:588} INFO - Filling up the DagBag from /opt/airflow/dags/dag_transform_mart.py
[2026-08-05T03:02:31.114+0000] {processor.py:925} INFO - DAG(s) 'dag_transform_mart' retrieved from /opt/airflow/dags/dag_transform_mart.py
[2026-08-05T03:02:31.152+0000] {logging_mixin.py:190} INFO - [2026-08-05T03:02:31.151+0000] {dag.py:3239} INFO - Sync 1 DAGs
[2026-08-05T03:02:31.202+0000] {logging_mixin.py:190} INFO - [2026-08-05T03:02:31.200+0000] {dag.py:4180} INFO - Setting next_dagrun for dag_transform_mart to 2026-08-04 03:30:00+00:00, run_after=2026-08-05 03:30:00+00:00
[2026-08-05T03:02:31.222+0000] {processor.py:208} INFO - Processing /opt/airflow/dags/dag_transform_mart.py took 0.132 seconds
[2026-08-05T03:15:32.984+0000] {processor.py:186} INFO - Started process (PID=4656) to work on /opt/airflow/dags/dag_transform_mart.py
[2026-08-05T03:15:32.985+0000] {processor.py:914} INFO - Processing file /opt/airflow/dags/dag_transform_mart.py for tasks to queue
[2026-08-05T03:15:32.986+0000] {logging_mixin.py:190} INFO - [2026-08-05T03:15:32.986+0000] {dagbag.py:588} INFO - Filling up the DagBag from /opt/airflow/dags/dag_transform_mart.py
[2026-08-05T03:15:32.996+0000] {processor.py:925} INFO - DAG(s) 'dag_transform_mart' retrieved from /opt/airflow/dags/dag_transform_mart.py
[2026-08-05T03:15:33.012+0000] {logging_mixin.py:190} INFO - [2026-08-05T03:15:33.012+0000] {dag.py:3239} INFO - Sync 1 DAGs
[2026-08-05T03:15:33.028+0000] {logging_mixin.py:190} INFO - [2026-08-05T03:15:33.028+0000] {dag.py:4180} INFO - Setting next_dagrun for dag_transform_mart to 2026-08-04 03:30:00+00:00, run_after=2026-08-05 03:30:00+00:00
[2026-08-05T03:15:33.035+0000] {processor.py:208} INFO - Processing /opt/airflow/dags/dag_transform_mart.py took 0.055 seconds
[2026-08-05T04:09:18.050+0000] {processor.py:186} INFO - Started process (PID=4679) to work on /opt/airflow/dags/dag_transform_mart.py
[2026-08-05T04:09:18.051+0000] {processor.py:914} INFO - Processing file /opt/airflow/dags/dag_transform_mart.py for tasks to queue
[2026-08-05T04:09:18.053+0000] {logging_mixin.py:190} INFO - [2026-08-05T04:09:18.052+0000] {dagbag.py:588} INFO - Filling up the DagBag from /opt/airflow/dags/dag_transform_mart.py
[2026-08-05T04:09:18.065+0000] {processor.py:925} INFO - DAG(s) 'dag_transform_mart' retrieved from /opt/airflow/dags/dag_transform_mart.py
[2026-08-05T04:09:18.082+0000] {logging_mixin.py:190} INFO - [2026-08-05T04:09:18.082+0000] {dag.py:3239} INFO - Sync 1 DAGs
[2026-08-05T04:09:18.093+0000] {logging_mixin.py:190} INFO - [2026-08-05T04:09:18.093+0000] {dag.py:4180} INFO - Setting next_dagrun for dag_transform_mart to 2026-08-04 03:30:00+00:00, run_after=2026-08-05 03:30:00+00:00
[2026-08-05T04:09:18.102+0000] {processor.py:208} INFO - Processing /opt/airflow/dags/dag_transform_mart.py took 0.057 seconds
[2026-08-05T05:51:17.688+0000] {processor.py:186} INFO - Started process (PID=4726) to work on /opt/airflow/dags/dag_transform_mart.py
[2026-08-05T05:51:17.688+0000] {processor.py:914} INFO - Processing file /opt/airflow/dags/dag_transform_mart.py for tasks to queue
[2026-08-05T05:51:17.689+0000] {logging_mixin.py:190} INFO - [2026-08-05T05:51:17.689+0000] {dagbag.py:588} INFO - Filling up the DagBag from /opt/airflow/dags/dag_transform_mart.py
[2026-08-05T05:51:17.697+0000] {processor.py:925} INFO - DAG(s) 'dag_transform_mart' retrieved from /opt/airflow/dags/dag_transform_mart.py
[2026-08-05T05:51:17.712+0000] {logging_mixin.py:190} INFO - [2026-08-05T05:51:17.712+0000] {dag.py:3239} INFO - Sync 1 DAGs
[2026-08-05T05:51:17.730+0000] {processor.py:208} INFO - Processing /opt/airflow/dags/dag_transform_mart.py took 0.046 seconds
[2026-08-05T06:48:32.276+0000] {processor.py:186} INFO - Started process (PID=4761) to work on /opt/airflow/dags/dag_transform_mart.py
[2026-08-05T06:48:32.277+0000] {processor.py:914} INFO - Processing file /opt/airflow/dags/dag_transform_mart.py for tasks to queue
[2026-08-05T06:48:32.279+0000] {logging_mixin.py:190} INFO - [2026-08-05T06:48:32.278+0000] {dagbag.py:588} INFO - Filling up the DagBag from /opt/airflow/dags/dag_transform_mart.py
[2026-08-05T06:48:32.291+0000] {processor.py:925} INFO - DAG(s) 'dag_transform_mart' retrieved from /opt/airflow/dags/dag_transform_mart.py
[2026-08-05T06:48:32.313+0000] {logging_mixin.py:190} INFO - [2026-08-05T06:48:32.313+0000] {dag.py:3239} INFO - Sync 1 DAGs
[2026-08-05T06:48:32.355+0000] {processor.py:208} INFO - Processing /opt/airflow/dags/dag_transform_mart.py took 0.085 seconds
[2026-08-05T07:59:36.024+0000] {processor.py:186} INFO - Started process (PID=4784) to work on /opt/airflow/dags/dag_transform_mart.py
[2026-08-05T07:59:36.025+0000] {processor.py:914} INFO - Processing file /opt/airflow/dags/dag_transform_mart.py for tasks to queue
[2026-08-05T07:59:36.026+0000] {logging_mixin.py:190} INFO - [2026-08-05T07:59:36.026+0000] {dagbag.py:588} INFO - Filling up the DagBag from /opt/airflow/dags/dag_transform_mart.py
[2026-08-05T07:59:36.037+0000] {processor.py:925} INFO - DAG(s) 'dag_transform_mart' retrieved from /opt/airflow/dags/dag_transform_mart.py
[2026-08-05T07:59:36.063+0000] {logging_mixin.py:190} INFO - [2026-08-05T07:59:36.063+0000] {dag.py:3239} INFO - Sync 1 DAGs
[2026-08-05T07:59:36.087+0000] {logging_mixin.py:190} INFO - [2026-08-05T07:59:36.087+0000] {dag.py:4180} INFO - Setting next_dagrun for dag_transform_mart to 2026-08-05 03:30:00+00:00, run_after=2026-08-06 03:30:00+00:00
[2026-08-05T07:59:36.095+0000] {processor.py:208} INFO - Processing /opt/airflow/dags/dag_transform_mart.py took 0.076 seconds
[2026-08-05T09:02:37.636+0000] {processor.py:186} INFO - Started process (PID=4807) to work on /opt/airflow/dags/dag_transform_mart.py
[2026-08-05T09:02:37.637+0000] {processor.py:914} INFO - Processing file /opt/airflow/dags/dag_transform_mart.py for tasks to queue
[2026-08-05T09:02:37.638+0000] {logging_mixin.py:190} INFO - [2026-08-05T09:02:37.638+0000] {dagbag.py:588} INFO - Filling up the DagBag from /opt/airflow/dags/dag_transform_mart.py
[2026-08-05T09:02:37.651+0000] {processor.py:925} INFO - DAG(s) 'dag_transform_mart' retrieved from /opt/airflow/dags/dag_transform_mart.py
[2026-08-05T09:02:37.673+0000] {logging_mixin.py:190} INFO - [2026-08-05T09:02:37.673+0000] {dag.py:3239} INFO - Sync 1 DAGs
[2026-08-05T09:02:37.690+0000] {logging_mixin.py:190} INFO - [2026-08-05T09:02:37.690+0000] {dag.py:4180} INFO - Setting next_dagrun for dag_transform_mart to 2026-08-05 03:30:00+00:00, run_after=2026-08-06 03:30:00+00:00
[2026-08-05T09:02:37.702+0000] {processor.py:208} INFO - Processing /opt/airflow/dags/dag_transform_mart.py took 0.073 seconds
[2026-08-05T09:13:39.899+0000] {processor.py:186} INFO - Started process (PID=4830) to work on /opt/airflow/dags/dag_transform_mart.py
[2026-08-05T09:13:39.900+0000] {processor.py:914} INFO - Processing file /opt/airflow/dags/dag_transform_mart.py for tasks to queue
[2026-08-05T09:13:39.901+0000] {logging_mixin.py:190} INFO - [2026-08-05T09:13:39.901+0000] {dagbag.py:588} INFO - Filling up the DagBag from /opt/airflow/dags/dag_transform_mart.py
[2026-08-05T09:13:39.914+0000] {processor.py:925} INFO - DAG(s) 'dag_transform_mart' retrieved from /opt/airflow/dags/dag_transform_mart.py
[2026-08-05T09:13:39.937+0000] {logging_mixin.py:190} INFO - [2026-08-05T09:13:39.937+0000] {dag.py:3239} INFO - Sync 1 DAGs
[2026-08-05T09:13:39.953+0000] {logging_mixin.py:190} INFO - [2026-08-05T09:13:39.952+0000] {dag.py:4180} INFO - Setting next_dagrun for dag_transform_mart to 2026-08-05 03:30:00+00:00, run_after=2026-08-06 03:30:00+00:00
[2026-08-05T09:13:39.961+0000] {processor.py:208} INFO - Processing /opt/airflow/dags/dag_transform_mart.py took 0.068 seconds
[2026-08-05T10:03:01.023+0000] {processor.py:186} INFO - Started process (PID=4859) to work on /opt/airflow/dags/dag_transform_mart.py
[2026-08-05T10:03:01.024+0000] {processor.py:914} INFO - Processing file /opt/airflow/dags/dag_transform_mart.py for tasks to queue
[2026-08-05T10:03:01.025+0000] {logging_mixin.py:190} INFO - [2026-08-05T10:03:01.024+0000] {dagbag.py:588} INFO - Filling up the DagBag from /opt/airflow/dags/dag_transform_mart.py
[2026-08-05T10:03:01.043+0000] {processor.py:925} INFO - DAG(s) 'dag_transform_mart' retrieved from /opt/airflow/dags/dag_transform_mart.py
[2026-08-05T10:03:01.067+0000] {logging_mixin.py:190} INFO - [2026-08-05T10:03:01.067+0000] {dag.py:3239} INFO - Sync 1 DAGs
[2026-08-05T10:03:01.082+0000] {logging_mixin.py:190} INFO - [2026-08-05T10:03:01.082+0000] {dag.py:4180} INFO - Setting next_dagrun for dag_transform_mart to 2026-08-05 03:30:00+00:00, run_after=2026-08-06 03:30:00+00:00
[2026-08-05T10:03:01.091+0000] {processor.py:208} INFO - Processing /opt/airflow/dags/dag_transform_mart.py took 0.076 seconds
[2026-08-05T10:47:07.907+0000] {processor.py:186} INFO - Started process (PID=4882) to work on /opt/airflow/dags/dag_transform_mart.py
[2026-08-05T10:47:07.907+0000] {processor.py:914} INFO - Processing file /opt/airflow/dags/dag_transform_mart.py for tasks to queue
[2026-08-05T10:47:07.909+0000] {logging_mixin.py:190} INFO - [2026-08-05T10:47:07.908+0000] {dagbag.py:588} INFO - Filling up the DagBag from /opt/airflow/dags/dag_transform_mart.py
[2026-08-05T10:47:07.921+0000] {processor.py:925} INFO - DAG(s) 'dag_transform_mart' retrieved from /opt/airflow/dags/dag_transform_mart.py
[2026-08-05T10:47:07.946+0000] {logging_mixin.py:190} INFO - [2026-08-05T10:47:07.946+0000] {dag.py:3239} INFO - Sync 1 DAGs
[2026-08-05T10:47:07.960+0000] {logging_mixin.py:190} INFO - [2026-08-05T10:47:07.960+0000] {dag.py:4180} INFO - Setting next_dagrun for dag_transform_mart to 2026-08-05 03:30:00+00:00, run_after=2026-08-06 03:30:00+00:00
[2026-08-05T10:47:07.971+0000] {processor.py:208} INFO - Processing /opt/airflow/dags/dag_transform_mart.py took 0.069 seconds
[2026-08-05T11:02:47.415+0000] {processor.py:186} INFO - Started process (PID=4905) to work on /opt/airflow/dags/dag_transform_mart.py
[2026-08-05T11:02:47.415+0000] {processor.py:914} INFO - Processing file /opt/airflow/dags/dag_transform_mart.py for tasks to queue
[2026-08-05T11:02:47.417+0000] {logging_mixin.py:190} INFO - [2026-08-05T11:02:47.416+0000] {dagbag.py:588} INFO - Filling up the DagBag from /opt/airflow/dags/dag_transform_mart.py
[2026-08-05T11:02:47.425+0000] {processor.py:925} INFO - DAG(s) 'dag_transform_mart' retrieved from /opt/airflow/dags/dag_transform_mart.py
[2026-08-05T11:02:47.441+0000] {logging_mixin.py:190} INFO - [2026-08-05T11:02:47.441+0000] {dag.py:3239} INFO - Sync 1 DAGs
[2026-08-05T11:02:47.452+0000] {logging_mixin.py:190} INFO - [2026-08-05T11:02:47.452+0000] {dag.py:4180} INFO - Setting next_dagrun for dag_transform_mart to 2026-08-05 03:30:00+00:00, run_after=2026-08-06 03:30:00+00:00
[2026-08-05T11:02:47.459+0000] {processor.py:208} INFO - Processing /opt/airflow/dags/dag_transform_mart.py took 0.050 seconds
[2026-08-05T11:15:18.980+0000] {processor.py:186} INFO - Started process (PID=4929) to work on /opt/airflow/dags/dag_transform_mart.py
[2026-08-05T11:15:18.981+0000] {processor.py:914} INFO - Processing file /opt/airflow/dags/dag_transform_mart.py for tasks to queue
[2026-08-05T11:15:18.983+0000] {logging_mixin.py:190} INFO - [2026-08-05T11:15:18.983+0000] {dagbag.py:588} INFO - Filling up the DagBag from /opt/airflow/dags/dag_transform_mart.py
[2026-08-05T11:15:18.998+0000] {processor.py:925} INFO - DAG(s) 'dag_transform_mart' retrieved from /opt/airflow/dags/dag_transform_mart.py
[2026-08-05T11:15:19.021+0000] {logging_mixin.py:190} INFO - [2026-08-05T11:15:19.021+0000] {dag.py:3239} INFO - Sync 1 DAGs
[2026-08-05T11:15:19.038+0000] {logging_mixin.py:190} INFO - [2026-08-05T11:15:19.038+0000] {dag.py:4180} INFO - Setting next_dagrun for dag_transform_mart to 2026-08-05 03:30:00+00:00, run_after=2026-08-06 03:30:00+00:00
[2026-08-05T11:15:19.051+0000] {processor.py:208} INFO - Processing /opt/airflow/dags/dag_transform_mart.py took 0.079 seconds
[2026-08-05T12:51:13.497+0000] {processor.py:186} INFO - Started process (PID=4954) to work on /opt/airflow/dags/dag_transform_mart.py
[2026-08-05T12:51:13.498+0000] {processor.py:914} INFO - Processing file /opt/airflow/dags/dag_transform_mart.py for tasks to queue
[2026-08-05T12:51:13.499+0000] {logging_mixin.py:190} INFO - [2026-08-05T12:51:13.499+0000] {dagbag.py:588} INFO - Filling up the DagBag from /opt/airflow/dags/dag_transform_mart.py
[2026-08-05T12:51:13.511+0000] {processor.py:925} INFO - DAG(s) 'dag_transform_mart' retrieved from /opt/airflow/dags/dag_transform_mart.py
[2026-08-05T12:51:13.526+0000] {logging_mixin.py:190} INFO - [2026-08-05T12:51:13.526+0000] {dag.py:3239} INFO - Sync 1 DAGs
[2026-08-05T12:51:13.543+0000] {logging_mixin.py:190} INFO - [2026-08-05T12:51:13.543+0000] {dag.py:4180} INFO - Setting next_dagrun for dag_transform_mart to 2026-08-05 03:30:00+00:00, run_after=2026-08-06 03:30:00+00:00
[2026-08-05T12:51:13.553+0000] {processor.py:208} INFO - Processing /opt/airflow/dags/dag_transform_mart.py took 0.059 seconds
[2026-08-05T14:05:59.405+0000] {processor.py:186} INFO - Started process (PID=4974) to work on /opt/airflow/dags/dag_transform_mart.py
[2026-08-05T14:05:59.405+0000] {processor.py:914} INFO - Processing file /opt/airflow/dags/dag_transform_mart.py for tasks to queue
[2026-08-05T14:05:59.407+0000] {logging_mixin.py:190} INFO - [2026-08-05T14:05:59.406+0000] {dagbag.py:588} INFO - Filling up the DagBag from /opt/airflow/dags/dag_transform_mart.py
[2026-08-05T14:05:59.415+0000] {processor.py:925} INFO - DAG(s) 'dag_transform_mart' retrieved from /opt/airflow/dags/dag_transform_mart.py
[2026-08-05T14:05:59.434+0000] {logging_mixin.py:190} INFO - [2026-08-05T14:05:59.434+0000] {dag.py:3239} INFO - Sync 1 DAGs
[2026-08-05T14:05:59.447+0000] {logging_mixin.py:190} INFO - [2026-08-05T14:05:59.446+0000] {dag.py:4180} INFO - Setting next_dagrun for dag_transform_mart to 2026-08-05 03:30:00+00:00, run_after=2026-08-06 03:30:00+00:00
[2026-08-05T14:05:59.456+0000] {processor.py:208} INFO - Processing /opt/airflow/dags/dag_transform_mart.py took 0.055 seconds
[2026-08-05T15:16:08.225+0000] {processor.py:186} INFO - Started process (PID=4997) to work on /opt/airflow/dags/dag_transform_mart.py
[2026-08-05T15:16:08.225+0000] {processor.py:914} INFO - Processing file /opt/airflow/dags/dag_transform_mart.py for tasks to queue
[2026-08-05T15:16:08.226+0000] {logging_mixin.py:190} INFO - [2026-08-05T15:16:08.226+0000] {dagbag.py:588} INFO - Filling up the DagBag from /opt/airflow/dags/dag_transform_mart.py
[2026-08-05T15:16:08.238+0000] {processor.py:925} INFO - DAG(s) 'dag_transform_mart' retrieved from /opt/airflow/dags/dag_transform_mart.py
[2026-08-05T15:16:08.256+0000] {logging_mixin.py:190} INFO - [2026-08-05T15:16:08.256+0000] {dag.py:3239} INFO - Sync 1 DAGs
[2026-08-05T15:16:08.268+0000] {logging_mixin.py:190} INFO - [2026-08-05T15:16:08.268+0000] {dag.py:4180} INFO - Setting next_dagrun for dag_transform_mart to 2026-08-05 03:30:00+00:00, run_after=2026-08-06 03:30:00+00:00
[2026-08-05T15:16:08.281+0000] {processor.py:208} INFO - Processing /opt/airflow/dags/dag_transform_mart.py took 0.062 seconds
[2026-08-05T15:35:30.414+0000] {processor.py:186} INFO - Started process (PID=5026) to work on /opt/airflow/dags/dag_transform_mart.py
[2026-08-05T15:35:30.415+0000] {processor.py:914} INFO - Processing file /opt/airflow/dags/dag_transform_mart.py for tasks to queue
[2026-08-05T15:35:30.416+0000] {logging_mixin.py:190} INFO - [2026-08-05T15:35:30.416+0000] {dagbag.py:588} INFO - Filling up the DagBag from /opt/airflow/dags/dag_transform_mart.py
[2026-08-05T15:35:30.427+0000] {processor.py:925} INFO - DAG(s) 'dag_transform_mart' retrieved from /opt/airflow/dags/dag_transform_mart.py
[2026-08-05T15:35:30.446+0000] {logging_mixin.py:190} INFO - [2026-08-05T15:35:30.446+0000] {dag.py:3239} INFO - Sync 1 DAGs
[2026-08-05T15:35:30.459+0000] {logging_mixin.py:190} INFO - [2026-08-05T15:35:30.459+0000] {dag.py:4180} INFO - Setting next_dagrun for dag_transform_mart to 2026-08-05 03:30:00+00:00, run_after=2026-08-06 03:30:00+00:00
[2026-08-05T15:35:30.471+0000] {processor.py:208} INFO - Processing /opt/airflow/dags/dag_transform_mart.py took 0.062 seconds
[2026-08-05T15:52:38.642+0000] {processor.py:186} INFO - Started process (PID=5049) to work on /opt/airflow/dags/dag_transform_mart.py
[2026-08-05T15:52:38.643+0000] {processor.py:914} INFO - Processing file /opt/airflow/dags/dag_transform_mart.py for tasks to queue
[2026-08-05T15:52:38.644+0000] {logging_mixin.py:190} INFO - [2026-08-05T15:52:38.643+0000] {dagbag.py:588} INFO - Filling up the DagBag from /opt/airflow/dags/dag_transform_mart.py
[2026-08-05T15:52:38.652+0000] {processor.py:925} INFO - DAG(s) 'dag_transform_mart' retrieved from /opt/airflow/dags/dag_transform_mart.py
[2026-08-05T15:52:38.667+0000] {logging_mixin.py:190} INFO - [2026-08-05T15:52:38.667+0000] {dag.py:3239} INFO - Sync 1 DAGs
[2026-08-05T15:52:38.678+0000] {logging_mixin.py:190} INFO - [2026-08-05T15:52:38.678+0000] {dag.py:4180} INFO - Setting next_dagrun for dag_transform_mart to 2026-08-05 03:30:00+00:00, run_after=2026-08-06 03:30:00+00:00
[2026-08-05T15:52:38.686+0000] {processor.py:208} INFO - Processing /opt/airflow/dags/dag_transform_mart.py took 0.051 seconds
[2026-08-05T16:35:42.465+0000] {processor.py:186} INFO - Started process (PID=5069) to work on /opt/airflow/dags/dag_transform_mart.py
[2026-08-05T16:35:42.466+0000] {processor.py:914} INFO - Processing file /opt/airflow/dags/dag_transform_mart.py for tasks to queue
[2026-08-05T16:35:42.468+0000] {logging_mixin.py:190} INFO - [2026-08-05T16:35:42.467+0000] {dagbag.py:588} INFO - Filling up the DagBag from /opt/airflow/dags/dag_transform_mart.py
[2026-08-05T16:35:42.481+0000] {processor.py:925} INFO - DAG(s) 'dag_transform_mart' retrieved from /opt/airflow/dags/dag_transform_mart.py
[2026-08-05T16:35:42.503+0000] {logging_mixin.py:190} INFO - [2026-08-05T16:35:42.503+0000] {dag.py:3239} INFO - Sync 1 DAGs
[2026-08-05T16:35:42.519+0000] {logging_mixin.py:190} INFO - [2026-08-05T16:35:42.519+0000] {dag.py:4180} INFO - Setting next_dagrun for dag_transform_mart to 2026-08-05 03:30:00+00:00, run_after=2026-08-06 03:30:00+00:00
[2026-08-05T16:35:42.533+0000] {processor.py:208} INFO - Processing /opt/airflow/dags/dag_transform_mart.py took 0.074 seconds
[2026-08-05T17:21:18.496+0000] {processor.py:186} INFO - Started process (PID=5092) to work on /opt/airflow/dags/dag_transform_mart.py
[2026-08-05T17:21:18.496+0000] {processor.py:914} INFO - Processing file /opt/airflow/dags/dag_transform_mart.py for tasks to queue
[2026-08-05T17:21:18.498+0000] {logging_mixin.py:190} INFO - [2026-08-05T17:21:18.498+0000] {dagbag.py:588} INFO - Filling up the DagBag from /opt/airflow/dags/dag_transform_mart.py
[2026-08-05T17:21:18.518+0000] {processor.py:925} INFO - DAG(s) 'dag_transform_mart' retrieved from /opt/airflow/dags/dag_transform_mart.py
[2026-08-05T17:21:18.539+0000] {logging_mixin.py:190} INFO - [2026-08-05T17:21:18.539+0000] {dag.py:3239} INFO - Sync 1 DAGs
[2026-08-05T17:21:18.553+0000] {logging_mixin.py:190} INFO - [2026-08-05T17:21:18.553+0000] {dag.py:4180} INFO - Setting next_dagrun for dag_transform_mart to 2026-08-05 03:30:00+00:00, run_after=2026-08-06 03:30:00+00:00
[2026-08-05T17:21:18.561+0000] {processor.py:208} INFO - Processing /opt/airflow/dags/dag_transform_mart.py took 0.072 seconds
[2026-08-05T18:22:21.132+0000] {processor.py:186} INFO - Started process (PID=5115) to work on /opt/airflow/dags/dag_transform_mart.py
[2026-08-05T18:22:21.134+0000] {processor.py:914} INFO - Processing file /opt/airflow/dags/dag_transform_mart.py for tasks to queue
[2026-08-05T18:22:21.135+0000] {logging_mixin.py:190} INFO - [2026-08-05T18:22:21.135+0000] {dagbag.py:588} INFO - Filling up the DagBag from /opt/airflow/dags/dag_transform_mart.py
[2026-08-05T18:22:21.148+0000] {processor.py:925} INFO - DAG(s) 'dag_transform_mart' retrieved from /opt/airflow/dags/dag_transform_mart.py
[2026-08-05T18:22:21.168+0000] {logging_mixin.py:190} INFO - [2026-08-05T18:22:21.167+0000] {dag.py:3239} INFO - Sync 1 DAGs
[2026-08-05T18:22:21.182+0000] {logging_mixin.py:190} INFO - [2026-08-05T18:22:21.182+0000] {dag.py:4180} INFO - Setting next_dagrun for dag_transform_mart to 2026-08-05 03:30:00+00:00, run_after=2026-08-06 03:30:00+00:00
[2026-08-05T18:22:21.191+0000] {processor.py:208} INFO - Processing /opt/airflow/dags/dag_transform_mart.py took 0.064 seconds
[2026-08-05T18:39:42.169+0000] {processor.py:186} INFO - Started process (PID=5141) to work on /opt/airflow/dags/dag_transform_mart.py
[2026-08-05T18:39:42.170+0000] {processor.py:914} INFO - Processing file /opt/airflow/dags/dag_transform_mart.py for tasks to queue
[2026-08-05T18:39:42.171+0000] {logging_mixin.py:190} INFO - [2026-08-05T18:39:42.171+0000] {dagbag.py:588} INFO - Filling up the DagBag from /opt/airflow/dags/dag_transform_mart.py
[2026-08-05T18:39:42.179+0000] {processor.py:925} INFO - DAG(s) 'dag_transform_mart' retrieved from /opt/airflow/dags/dag_transform_mart.py
[2026-08-05T18:39:42.195+0000] {logging_mixin.py:190} INFO - [2026-08-05T18:39:42.195+0000] {dag.py:3239} INFO - Sync 1 DAGs
[2026-08-05T18:39:42.205+0000] {logging_mixin.py:190} INFO - [2026-08-05T18:39:42.205+0000] {dag.py:4180} INFO - Setting next_dagrun for dag_transform_mart to 2026-08-05 03:30:00+00:00, run_after=2026-08-06 03:30:00+00:00
[2026-08-05T18:39:42.213+0000] {processor.py:208} INFO - Processing /opt/airflow/dags/dag_transform_mart.py took 0.050 seconds
[2026-08-05T19:56:11.669+0000] {processor.py:186} INFO - Started process (PID=5167) to work on /opt/airflow/dags/dag_transform_mart.py
[2026-08-05T19:56:11.670+0000] {processor.py:914} INFO - Processing file /opt/airflow/dags/dag_transform_mart.py for tasks to queue
[2026-08-05T19:56:11.671+0000] {logging_mixin.py:190} INFO - [2026-08-05T19:56:11.670+0000] {dagbag.py:588} INFO - Filling up the DagBag from /opt/airflow/dags/dag_transform_mart.py
[2026-08-05T19:56:11.680+0000] {processor.py:925} INFO - DAG(s) 'dag_transform_mart' retrieved from /opt/airflow/dags/dag_transform_mart.py
[2026-08-05T19:56:11.696+0000] {logging_mixin.py:190} INFO - [2026-08-05T19:56:11.696+0000] {dag.py:3239} INFO - Sync 1 DAGs
[2026-08-05T19:56:11.708+0000] {logging_mixin.py:190} INFO - [2026-08-05T19:56:11.708+0000] {dag.py:4180} INFO - Setting next_dagrun for dag_transform_mart to 2026-08-05 03:30:00+00:00, run_after=2026-08-06 03:30:00+00:00
[2026-08-05T19:56:11.714+0000] {processor.py:208} INFO - Processing /opt/airflow/dags/dag_transform_mart.py took 0.050 seconds
[2026-08-05T20:24:19.300+0000] {processor.py:186} INFO - Started process (PID=5190) to work on /opt/airflow/dags/dag_transform_mart.py
[2026-08-05T20:24:19.301+0000] {processor.py:914} INFO - Processing file /opt/airflow/dags/dag_transform_mart.py for tasks to queue
[2026-08-05T20:24:19.301+0000] {logging_mixin.py:190} INFO - [2026-08-05T20:24:19.301+0000] {dagbag.py:588} INFO - Filling up the DagBag from /opt/airflow/dags/dag_transform_mart.py
[2026-08-05T20:24:19.310+0000] {processor.py:925} INFO - DAG(s) 'dag_transform_mart' retrieved from /opt/airflow/dags/dag_transform_mart.py
[2026-08-05T20:24:19.322+0000] {logging_mixin.py:190} INFO - [2026-08-05T20:24:19.321+0000] {dag.py:3239} INFO - Sync 1 DAGs
[2026-08-05T20:24:19.330+0000] {logging_mixin.py:190} INFO - [2026-08-05T20:24:19.330+0000] {dag.py:4180} INFO - Setting next_dagrun for dag_transform_mart to 2026-08-05 03:30:00+00:00, run_after=2026-08-06 03:30:00+00:00
[2026-08-05T20:24:19.336+0000] {processor.py:208} INFO - Processing /opt/airflow/dags/dag_transform_mart.py took 0.040 seconds
[2026-08-05T21:12:10.852+0000] {processor.py:186} INFO - Started process (PID=5213) to work on /opt/airflow/dags/dag_transform_mart.py
[2026-08-05T21:12:10.853+0000] {processor.py:914} INFO - Processing file /opt/airflow/dags/dag_transform_mart.py for tasks to queue
[2026-08-05T21:12:10.854+0000] {logging_mixin.py:190} INFO - [2026-08-05T21:12:10.854+0000] {dagbag.py:588} INFO - Filling up the DagBag from /opt/airflow/dags/dag_transform_mart.py
[2026-08-05T21:12:10.870+0000] {processor.py:925} INFO - DAG(s) 'dag_transform_mart' retrieved from /opt/airflow/dags/dag_transform_mart.py
[2026-08-05T21:12:10.892+0000] {logging_mixin.py:190} INFO - [2026-08-05T21:12:10.892+0000] {dag.py:3239} INFO - Sync 1 DAGs
[2026-08-05T21:12:10.903+0000] {logging_mixin.py:190} INFO - [2026-08-05T21:12:10.903+0000] {dag.py:4180} INFO - Setting next_dagrun for dag_transform_mart to 2026-08-05 03:30:00+00:00, run_after=2026-08-06 03:30:00+00:00
[2026-08-05T21:12:10.911+0000] {processor.py:208} INFO - Processing /opt/airflow/dags/dag_transform_mart.py took 0.064 seconds
[2026-08-05T22:20:54.738+0000] {processor.py:186} INFO - Started process (PID=5233) to work on /opt/airflow/dags/dag_transform_mart.py
[2026-08-05T22:20:54.739+0000] {processor.py:914} INFO - Processing file /opt/airflow/dags/dag_transform_mart.py for tasks to queue
[2026-08-05T22:20:54.740+0000] {logging_mixin.py:190} INFO - [2026-08-05T22:20:54.739+0000] {dagbag.py:588} INFO - Filling up the DagBag from /opt/airflow/dags/dag_transform_mart.py
[2026-08-05T22:20:54.749+0000] {processor.py:925} INFO - DAG(s) 'dag_transform_mart' retrieved from /opt/airflow/dags/dag_transform_mart.py
[2026-08-05T22:20:54.765+0000] {logging_mixin.py:190} INFO - [2026-08-05T22:20:54.765+0000] {dag.py:3239} INFO - Sync 1 DAGs
[2026-08-05T22:20:54.776+0000] {logging_mixin.py:190} INFO - [2026-08-05T22:20:54.776+0000] {dag.py:4180} INFO - Setting next_dagrun for dag_transform_mart to 2026-08-05 03:30:00+00:00, run_after=2026-08-06 03:30:00+00:00
[2026-08-05T22:20:54.784+0000] {processor.py:208} INFO - Processing /opt/airflow/dags/dag_transform_mart.py took 0.051 seconds
[2026-08-05T23:31:36.420+0000] {processor.py:186} INFO - Started process (PID=5259) to work on /opt/airflow/dags/dag_transform_mart.py
[2026-08-05T23:31:36.420+0000] {processor.py:914} INFO - Processing file /opt/airflow/dags/dag_transform_mart.py for tasks to queue
[2026-08-05T23:31:36.421+0000] {logging_mixin.py:190} INFO - [2026-08-05T23:31:36.421+0000] {dagbag.py:588} INFO - Filling up the DagBag from /opt/airflow/dags/dag_transform_mart.py
[2026-08-05T23:31:36.431+0000] {processor.py:925} INFO - DAG(s) 'dag_transform_mart' retrieved from /opt/airflow/dags/dag_transform_mart.py
[2026-08-05T23:31:36.447+0000] {logging_mixin.py:190} INFO - [2026-08-05T23:31:36.447+0000] {dag.py:3239} INFO - Sync 1 DAGs
[2026-08-05T23:31:36.458+0000] {logging_mixin.py:190} INFO - [2026-08-05T23:31:36.458+0000] {dag.py:4180} INFO - Setting next_dagrun for dag_transform_mart to 2026-08-05 03:30:00+00:00, run_after=2026-08-06 03:30:00+00:00
[2026-08-05T23:31:36.466+0000] {processor.py:208} INFO - Processing /opt/airflow/dags/dag_transform_mart.py took 0.052 seconds
