[2026-08-05T00:15:11.186+0000] {processor.py:186} INFO - Started process (PID=4560) to work on /opt/airflow/dags/dag_extract_catalogs.py
[2026-08-05T00:15:11.187+0000] {processor.py:914} INFO - Processing file /opt/airflow/dags/dag_extract_catalogs.py for tasks to queue
[2026-08-05T00:15:11.187+0000] {logging_mixin.py:190} INFO - [2026-08-05T00:15:11.187+0000] {dagbag.py:588} INFO - Filling up the DagBag from /opt/airflow/dags/dag_extract_catalogs.py
[2026-08-05T00:15:11.192+0000] {processor.py:925} INFO - DAG(s) 'dag_extract_catalogs' retrieved from /opt/airflow/dags/dag_extract_catalogs.py
[2026-08-05T00:15:11.202+0000] {logging_mixin.py:190} INFO - [2026-08-05T00:15:11.202+0000] {dag.py:3239} INFO - Sync 1 DAGs
[2026-08-05T00:15:11.209+0000] {logging_mixin.py:190} INFO - [2026-08-05T00:15:11.209+0000] {dag.py:4180} INFO - Setting next_dagrun for dag_extract_catalogs to 2026-08-04 01:00:00+00:00, run_after=2026-08-05 01:00:00+00:00
[2026-08-05T00:15:11.213+0000] {processor.py:208} INFO - Processing /opt/airflow/dags/dag_extract_catalogs.py took 0.029 seconds
[2026-08-05T01:21:20.320+0000] {processor.py:186} INFO - Started process (PID=4585) to work on /opt/airflow/dags/dag_extract_catalogs.py
[2026-08-05T01:21:20.321+0000] {processor.py:914} INFO - Processing file /opt/airflow/dags/dag_extract_catalogs.py for tasks to queue
[2026-08-05T01:21:20.324+0000] {logging_mixin.py:190} INFO - [2026-08-05T01:21:20.323+0000] {dagbag.py:588} INFO - Filling up the DagBag from /opt/airflow/dags/dag_extract_catalogs.py
[2026-08-05T01:21:20.341+0000] {processor.py:925} INFO - DAG(s) 'dag_extract_catalogs' retrieved from /opt/airflow/dags/dag_extract_catalogs.py
[2026-08-05T01:21:20.370+0000] {logging_mixin.py:190} INFO - [2026-08-05T01:21:20.370+0000] {dag.py:3239} INFO - Sync 1 DAGs
[2026-08-05T01:21:20.408+0000] {processor.py:208} INFO - Processing /opt/airflow/dags/dag_extract_catalogs.py took 0.096 seconds
[2026-08-05T03:02:31.360+0000] {processor.py:186} INFO - Started process (PID=4636) to work on /opt/airflow/dags/dag_extract_catalogs.py
[2026-08-05T03:02:31.363+0000] {processor.py:914} INFO - Processing file /opt/airflow/dags/dag_extract_catalogs.py for tasks to queue
[2026-08-05T03:02:31.365+0000] {logging_mixin.py:190} INFO - [2026-08-05T03:02:31.365+0000] {dagbag.py:588} INFO - Filling up the DagBag from /opt/airflow/dags/dag_extract_catalogs.py
[2026-08-05T03:02:31.374+0000] {processor.py:925} INFO - DAG(s) 'dag_extract_catalogs' retrieved from /opt/airflow/dags/dag_extract_catalogs.py
[2026-08-05T03:02:31.395+0000] {logging_mixin.py:190} INFO - [2026-08-05T03:02:31.395+0000] {dag.py:3239} INFO - Sync 1 DAGs
[2026-08-05T03:02:31.423+0000] {processor.py:208} INFO - Processing /opt/airflow/dags/dag_extract_catalogs.py took 0.071 seconds
[2026-08-05T03:15:33.089+0000] {processor.py:186} INFO - Started process (PID=4671) to work on /opt/airflow/dags/dag_extract_catalogs.py
[2026-08-05T03:15:33.089+0000] {processor.py:914} INFO - Processing file /opt/airflow/dags/dag_extract_catalogs.py for tasks to queue
[2026-08-05T03:15:33.090+0000] {logging_mixin.py:190} INFO - [2026-08-05T03:15:33.090+0000] {dagbag.py:588} INFO - Filling up the DagBag from /opt/airflow/dags/dag_extract_catalogs.py
[2026-08-05T03:15:33.097+0000] {processor.py:925} INFO - DAG(s) 'dag_extract_catalogs' retrieved from /opt/airflow/dags/dag_extract_catalogs.py
[2026-08-05T03:15:33.110+0000] {logging_mixin.py:190} INFO - [2026-08-05T03:15:33.110+0000] {dag.py:3239} INFO - Sync 1 DAGs
[2026-08-05T03:15:33.121+0000] {processor.py:208} INFO - Processing /opt/airflow/dags/dag_extract_catalogs.py took 0.035 seconds
[2026-08-05T04:09:18.156+0000] {processor.py:186} INFO - Started process (PID=4694) to work on /opt/airflow/dags/dag_extract_catalogs.py
[2026-08-05T04:09:18.157+0000] {processor.py:914} INFO - Processing file /opt/airflow/dags/dag_extract_catalogs.py for tasks to queue
[2026-08-05T04:09:18.157+0000] {logging_mixin.py:190} INFO - [2026-08-05T04:09:18.157+0000] {dagbag.py:588} INFO - Filling up the DagBag from /opt/airflow/dags/dag_extract_catalogs.py
[2026-08-05T04:09:18.162+0000] {processor.py:925} INFO - DAG(s) 'dag_extract_catalogs' retrieved from /opt/airflow/dags/dag_extract_catalogs.py
[2026-08-05T04:09:18.173+0000] {logging_mixin.py:190} INFO - [2026-08-05T04:09:18.173+0000] {dag.py:3239} INFO - Sync 1 DAGs
[2026-08-05T04:09:18.181+0000] {logging_mixin.py:190} INFO - [2026-08-05T04:09:18.181+0000] {dag.py:4180} INFO - Setting next_dagrun for dag_extract_catalogs to 2026-08-05 01:00:00+00:00, run_after=2026-08-06 01:00:00+00:00
[2026-08-05T04:09:18.186+0000] {processor.py:208} INFO - Processing /opt/airflow/dags/dag_extract_catalogs.py took 0.032 seconds
[2026-08-05T05:51:17.782+0000] {processor.py:186} INFO - Started process (PID=4741) to work on /opt/airflow/dags/dag_extract_catalogs.py
[2026-08-05T05:51:17.783+0000] {processor.py:914} INFO - Processing file /opt/airflow/dags/dag_extract_catalogs.py for tasks to queue
[2026-08-05T05:51:17.783+0000] {logging_mixin.py:190} INFO - [2026-08-05T05:51:17.783+0000] {dagbag.py:588} INFO - Filling up the DagBag from /opt/airflow/dags/dag_extract_catalogs.py
[2026-08-05T05:51:17.788+0000] {processor.py:925} INFO - DAG(s) 'dag_extract_catalogs' retrieved from /opt/airflow/dags/dag_extract_catalogs.py
[2026-08-05T05:51:17.798+0000] {logging_mixin.py:190} INFO - [2026-08-05T05:51:17.798+0000] {dag.py:3239} INFO - Sync 1 DAGs
[2026-08-05T05:51:17.806+0000] {logging_mixin.py:190} INFO - [2026-08-05T05:51:17.806+0000] {dag.py:4180} INFO - Setting next_dagrun for dag_extract_catalogs to 2026-08-05 01:00:00+00:00, run_after=2026-08-06 01:00:00+00:00
[2026-08-05T05:51:17.811+0000] {processor.py:208} INFO - Processing /opt/airflow/dags/dag_extract_catalogs.py took 0.031 seconds
[2026-08-05T06:48:32.384+0000] {processor.py:186} INFO - Started process (PID=4774) to work on /opt/airflow/dags/dag_extract_catalogs.py
[2026-08-05T06:48:32.385+0000] {processor.py:914} INFO - Processing file /opt/airflow/dags/dag_extract_catalogs.py for tasks to queue
[2026-08-05T06:48:32.386+0000] {logging_mixin.py:190} INFO - [2026-08-05T06:48:32.386+0000] {dagbag.py:588} INFO - Filling up the DagBag from /opt/airflow/dags/dag_extract_catalogs.py
[2026-08-05T06:48:32.392+0000] {processor.py:925} INFO - DAG(s) 'dag_extract_catalogs' retrieved from /opt/airflow/dags/dag_extract_catalogs.py
[2026-08-05T06:48:32.405+0000] {logging_mixin.py:190} INFO - [2026-08-05T06:48:32.405+0000] {dag.py:3239} INFO - Sync 1 DAGs
[2026-08-05T06:48:32.417+0000] {logging_mixin.py:190} INFO - [2026-08-05T06:48:32.417+0000] {dag.py:4180} INFO - Setting next_dagrun for dag_extract_catalogs to 2026-08-05 01:00:00+00:00, run_after=2026-08-06 01:00:00+00:00
[2026-08-05T06:48:32.426+0000] {processor.py:208} INFO - Processing /opt/airflow/dags/dag_extract_catalogs.py took 0.045 seconds
[2026-08-05T07:59:36.152+0000] {processor.py:186} INFO - Started process (PID=4799) to work on /opt/airflow/dags/dag_extract_catalogs.py
[2026-08-05T07:59:36.152+0000] {processor.py:914} INFO - Processing file /opt/airflow/dags/dag_extract_catalogs.py for tasks to queue
[2026-08-05T07:59:36.153+0000] {logging_mixin.py:190} INFO - [2026-08-05T07:59:36.152+0000] {dagbag.py:588} INFO - Filling up the DagBag from /opt/airflow/dags/dag_extract_catalogs.py
[2026-08-05T07:59:36.157+0000] {processor.py:925} INFO - DAG(s) 'dag_extract_catalogs' retrieved from /opt/airflow/dags/dag_extract_catalogs.py
[2026-08-05T07:59:36.168+0000] {logging_mixin.py:190} INFO - [2026-08-05T07:59:36.168+0000] {dag.py:3239} INFO - Sync 1 DAGs
[2026-08-05T07:59:36.176+0000] {logging_mixin.py:190} INFO - [2026-08-05T07:59:36.176+0000] {dag.py:4180} INFO - Setting next_dagrun for dag_extract_catalogs to 2026-08-05 01:00:00+00:00, run_after=2026-08-06 01:00:00+00:00
[2026-08-05T07:59:36.181+0000] {processor.py:208} INFO - Processing /opt/airflow/dags/dag_extract_catalogs.py took 0.033 seconds
[2026-08-05T09:02:37.763+0000] {processor.py:186} INFO - Started process (PID=4822) to work on /opt/airflow/dags/dag_extract_catalogs.py
[2026-08-05T09:02:37.763+0000] {processor.py:914} INFO - Processing file /opt/airflow/dags/dag_extract_catalogs.py for tasks to queue
[2026-08-05T09:02:37.764+0000] {logging_mixin.py:190} INFO - [2026-08-05T09:02:37.764+0000] {dagbag.py:588} INFO - Filling up the DagBag from /opt/airflow/dags/dag_extract_catalogs.py
[2026-08-05T09:02:37.769+0000] {processor.py:925} INFO - DAG(s) 'dag_extract_catalogs' retrieved from /opt/airflow/dags/dag_extract_catalogs.py
[2026-08-05T09:02:37.779+0000] {logging_mixin.py:190} INFO - [2026-08-05T09:02:37.779+0000] {dag.py:3239} INFO - Sync 1 DAGs
[2026-08-05T09:02:37.786+0000] {logging_mixin.py:190} INFO - [2026-08-05T09:02:37.786+0000] {dag.py:4180} INFO - Setting next_dagrun for dag_extract_catalogs to 2026-08-05 01:00:00+00:00, run_after=2026-08-06 01:00:00+00:00
[2026-08-05T09:02:37.791+0000] {processor.py:208} INFO - Processing /opt/airflow/dags/dag_extract_catalogs.py took 0.033 seconds
[2026-08-05T09:13:40.026+0000] {processor.py:186} INFO - Started process (PID=4846) to work on /opt/airflow/dags/dag_extract_catalogs.py
[2026-08-05T09:13:40.026+0000] {processor.py:914} INFO - Processing file /opt/airflow/dags/dag_extract_catalogs.py for tasks to queue
[2026-08-05T09:13:40.027+0000] {logging_mixin.py:190} INFO - [2026-08-05T09:13:40.027+0000] {dagbag.py:588} INFO - Filling up the DagBag from /opt/airflow/dags/dag_extract_catalogs.py
[2026-08-05T09:13:40.034+0000] {processor.py:925} INFO - DAG(s) 'dag_extract_catalogs' retrieved from /opt/airflow/dags/dag_extract_catalogs.py
[2026-08-05T09:13:40.050+0000] {logging_mixin.py:190} INFO - [2026-08-05T09:13:40.050+0000] {dag.py:3239} INFO - Sync 1 DAGs
[2026-08-05T09:13:40.058+0000] {logging_mixin.py:190} INFO - [2026-08-05T09:13:40.058+0000] {dag.py:4180} INFO - Setting next_dagrun for dag_extract_catalogs to 2026-08-05 01:00:00+00:00, run_after=2026-08-06 01:00:00+00:00
[2026-08-05T09:13:40.067+0000] {processor.py:208} INFO - Processing /opt/airflow/dags/dag_extract_catalogs.py took 0.046 seconds
[2026-08-05T10:03:01.147+0000] {processor.py:186} INFO - Started process (PID=4874) to work on /opt/airflow/dags/dag_extract_catalogs.py
[2026-08-05T10:03:01.147+0000] {processor.py:914} INFO - Processing file /opt/airflow/dags/dag_extract_catalogs.py for tasks to queue
[2026-08-05T10:03:01.148+0000] {logging_mixin.py:190} INFO - [2026-08-05T10:03:01.148+0000] {dagbag.py:588} INFO - Filling up the DagBag from /opt/airflow/dags/dag_extract_catalogs.py
[2026-08-05T10:03:01.153+0000] {processor.py:925} INFO - DAG(s) 'dag_extract_catalogs' retrieved from /opt/airflow/dags/dag_extract_catalogs.py
[2026-08-05T10:03:01.163+0000] {logging_mixin.py:190} INFO - [2026-08-05T10:03:01.163+0000] {dag.py:3239} INFO - Sync 1 DAGs
[2026-08-05T10:03:01.171+0000] {logging_mixin.py:190} INFO - [2026-08-05T10:03:01.171+0000] {dag.py:4180} INFO - Setting next_dagrun for dag_extract_catalogs to 2026-08-05 01:00:00+00:00, run_after=2026-08-06 01:00:00+00:00
[2026-08-05T10:03:01.176+0000] {processor.py:208} INFO - Processing /opt/airflow/dags/dag_extract_catalogs.py took 0.033 seconds
[2026-08-05T10:47:08.027+0000] {processor.py:186} INFO - Started process (PID=4897) to work on /opt/airflow/dags/dag_extract_catalogs.py
[2026-08-05T10:47:08.028+0000] {processor.py:914} INFO - Processing file /opt/airflow/dags/dag_extract_catalogs.py for tasks to queue
[2026-08-05T10:47:08.028+0000] {logging_mixin.py:190} INFO - [2026-08-05T10:47:08.028+0000] {dagbag.py:588} INFO - Filling up the DagBag from /opt/airflow/dags/dag_extract_catalogs.py
[2026-08-05T10:47:08.034+0000] {processor.py:925} INFO - DAG(s) 'dag_extract_catalogs' retrieved from /opt/airflow/dags/dag_extract_catalogs.py
[2026-08-05T10:47:08.045+0000] {logging_mixin.py:190} INFO - [2026-08-05T10:47:08.045+0000] {dag.py:3239} INFO - Sync 1 DAGs
[2026-08-05T10:47:08.055+0000] {logging_mixin.py:190} INFO - [2026-08-05T10:47:08.055+0000] {dag.py:4180} INFO - Setting next_dagrun for dag_extract_catalogs to 2026-08-05 01:00:00+00:00, run_after=2026-08-06 01:00:00+00:00
[2026-08-05T10:47:08.066+0000] {processor.py:208} INFO - Processing /opt/airflow/dags/dag_extract_catalogs.py took 0.041 seconds
[2026-08-05T11:02:47.484+0000] {processor.py:186} INFO - Started process (PID=4918) to work on /opt/airflow/dags/dag_extract_catalogs.py
[2026-08-05T11:02:47.485+0000] {processor.py:914} INFO - Processing file /opt/airflow/dags/dag_extract_catalogs.py for tasks to queue
[2026-08-05T11:02:47.485+0000] {logging_mixin.py:190} INFO - [2026-08-05T11:02:47.485+0000] {dagbag.py:588} INFO - Filling up the DagBag from /opt/airflow/dags/dag_extract_catalogs.py
[2026-08-05T11:02:47.494+0000] {processor.py:925} INFO - DAG(s) 'dag_extract_catalogs' retrieved from /opt/airflow/dags/dag_extract_catalogs.py
[2026-08-05T11:02:47.508+0000] {logging_mixin.py:190} INFO - [2026-08-05T11:02:47.508+0000] {dag.py:3239} INFO - Sync 1 DAGs
[2026-08-05T11:02:47.520+0000] {logging_mixin.py:190} INFO - [2026-08-05T11:02:47.520+0000] {dag.py:4180} INFO - Setting next_dagrun for dag_extract_catalogs to 2026-08-05 01:00:00+00:00, run_after=2026-08-06 01:00:00+00:00
[2026-08-05T11:02:47.527+0000] {processor.py:208} INFO - Processing /opt/airflow/dags/dag_extract_catalogs.py took 0.046 seconds
[2026-08-05T11:15:19.120+0000] {processor.py:186} INFO - Started process (PID=4946) to work on /opt/airflow/dags/dag_extract_catalogs.py
[2026-08-05T11:15:19.121+0000] {processor.py:914} INFO - Processing file /opt/airflow/dags/dag_extract_catalogs.py for tasks to queue
[2026-08-05T11:15:19.122+0000] {logging_mixin.py:190} INFO - [2026-08-05T11:15:19.122+0000] {dagbag.py:588} INFO - Filling up the DagBag from /opt/airflow/dags/dag_extract_catalogs.py
[2026-08-05T11:15:19.128+0000] {processor.py:925} INFO - DAG(s) 'dag_extract_catalogs' retrieved from /opt/airflow/dags/dag_extract_catalogs.py
[2026-08-05T11:15:19.141+0000] {logging_mixin.py:190} INFO - [2026-08-05T11:15:19.141+0000] {dag.py:3239} INFO - Sync 1 DAGs
[2026-08-05T11:15:19.152+0000] {logging_mixin.py:190} INFO - [2026-08-05T11:15:19.152+0000] {dag.py:4180} INFO - Setting next_dagrun for dag_extract_catalogs to 2026-08-05 01:00:00+00:00, run_after=2026-08-06 01:00:00+00:00
[2026-08-05T11:15:19.162+0000] {processor.py:208} INFO - Processing /opt/airflow/dags/dag_extract_catalogs.py took 0.045 seconds
[2026-08-05T12:51:13.605+0000] {processor.py:186} INFO - Started process (PID=4969) to work on /opt/airflow/dags/dag_extract_catalogs.py
[2026-08-05T12:51:13.606+0000] {processor.py:914} INFO - Processing file /opt/airflow/dags/dag_extract_catalogs.py for tasks to queue
[2026-08-05T12:51:13.606+0000] {logging_mixin.py:190} INFO - [2026-08-05T12:51:13.606+0000] {dagbag.py:588} INFO - Filling up the DagBag from /opt/airflow/dags/dag_extract_catalogs.py
[2026-08-05T12:51:13.611+0000] {processor.py:925} INFO - DAG(s) 'dag_extract_catalogs' retrieved from /opt/airflow/dags/dag_extract_catalogs.py
[2026-08-05T12:51:13.622+0000] {logging_mixin.py:190} INFO - [2026-08-05T12:51:13.622+0000] {dag.py:3239} INFO - Sync 1 DAGs
[2026-08-05T12:51:13.631+0000] {logging_mixin.py:190} INFO - [2026-08-05T12:51:13.631+0000] {dag.py:4180} INFO - Setting next_dagrun for dag_extract_catalogs to 2026-08-05 01:00:00+00:00, run_after=2026-08-06 01:00:00+00:00
[2026-08-05T12:51:13.636+0000] {processor.py:208} INFO - Processing /opt/airflow/dags/dag_extract_catalogs.py took 0.034 seconds
[2026-08-05T14:05:59.509+0000] {processor.py:186} INFO - Started process (PID=4989) to work on /opt/airflow/dags/dag_extract_catalogs.py
[2026-08-05T14:05:59.509+0000] {processor.py:914} INFO - Processing file /opt/airflow/dags/dag_extract_catalogs.py for tasks to queue
[2026-08-05T14:05:59.510+0000] {logging_mixin.py:190} INFO - [2026-08-05T14:05:59.509+0000] {dagbag.py:588} INFO - Filling up the DagBag from /opt/airflow/dags/dag_extract_catalogs.py
[2026-08-05T14:05:59.514+0000] {processor.py:925} INFO - DAG(s) 'dag_extract_catalogs' retrieved from /opt/airflow/dags/dag_extract_catalogs.py
[2026-08-05T14:05:59.525+0000] {logging_mixin.py:190} INFO - [2026-08-05T14:05:59.524+0000] {dag.py:3239} INFO - Sync 1 DAGs
[2026-08-05T14:05:59.532+0000] {logging_mixin.py:190} INFO - [2026-08-05T14:05:59.532+0000] {dag.py:4180} INFO - Setting next_dagrun for dag_extract_catalogs to 2026-08-05 01:00:00+00:00, run_after=2026-08-06 01:00:00+00:00
[2026-08-05T14:05:59.537+0000] {processor.py:208} INFO - Processing /opt/airflow/dags/dag_extract_catalogs.py took 0.031 seconds
[2026-08-05T15:16:08.347+0000] {processor.py:186} INFO - Started process (PID=5013) to work on /opt/airflow/dags/dag_extract_catalogs.py
[2026-08-05T15:16:08.347+0000] {processor.py:914} INFO - Processing file /opt/airflow/dags/dag_extract_catalogs.py for tasks to queue
[2026-08-05T15:16:08.348+0000] {logging_mixin.py:190} INFO - [2026-08-05T15:16:08.348+0000] {dagbag.py:588} INFO - Filling up the DagBag from /opt/airflow/dags/dag_extract_catalogs.py
[2026-08-05T15:16:08.354+0000] {processor.py:925} INFO - DAG(s) 'dag_extract_catalogs' retrieved from /opt/airflow/dags/dag_extract_catalogs.py
[2026-08-05T15:16:08.375+0000] {logging_mixin.py:190} INFO - [2026-08-05T15:16:08.375+0000] {dag.py:3239} INFO - Sync 1 DAGs
[2026-08-05T15:16:08.387+0000] {logging_mixin.py:190} INFO - [2026-08-05T15:16:08.386+0000] {dag.py:4180} INFO - Setting next_dagrun for dag_extract_catalogs to 2026-08-05 01:00:00+00:00, run_after=2026-08-06 01:00:00+00:00
[2026-08-05T15:16:08.393+0000] {processor.py:208} INFO - Processing /opt/airflow/dags/dag_extract_catalogs.py took 0.049 seconds
[2026-08-05T15:35:30.531+0000] {processor.py:186} INFO - Started process (PID=5041) to work on /opt/airflow/dags/dag_extract_catalogs.py
[2026-08-05T15:35:30.532+0000] {processor.py:914} INFO - Processing file /opt/airflow/dags/dag_extract_catalogs.py for tasks to queue
[2026-08-05T15:35:30.532+0000] {logging_mixin.py:190} INFO - [2026-08-05T15:35:30.532+0000] {dagbag.py:588} INFO - Filling up the DagBag from /opt/airflow/dags/dag_extract_catalogs.py
[2026-08-05T15:35:30.537+0000] {processor.py:925} INFO - DAG(s) 'dag_extract_catalogs' retrieved from /opt/airflow/dags/dag_extract_catalogs.py
[2026-08-05T15:35:30.547+0000] {logging_mixin.py:190} INFO - [2026-08-05T15:35:30.547+0000] {dag.py:3239} INFO - Sync 1 DAGs
[2026-08-05T15:35:30.555+0000] {logging_mixin.py:190} INFO - [2026-08-05T15:35:30.555+0000] {dag.py:4180} INFO - Setting next_dagrun for dag_extract_catalogs to 2026-08-05 01:00:00+00:00, run_after=2026-08-06 01:00:00+00:00
[2026-08-05T15:35:30.560+0000] {processor.py:208} INFO - Processing /opt/airflow/dags/dag_extract_catalogs.py took 0.031 seconds
[2026-08-05T15:52:38.704+0000] {processor.py:186} INFO - Started process (PID=5062) to work on /opt/airflow/dags/dag_extract_catalogs.py
[2026-08-05T15:52:38.705+0000] {processor.py:914} INFO - Processing file /opt/airflow/dags/dag_extract_catalogs.py for tasks to queue
[2026-08-05T15:52:38.706+0000] {logging_mixin.py:190} INFO - [2026-08-05T15:52:38.706+0000] {dagbag.py:588} INFO - Filling up the DagBag from /opt/airflow/dags/dag_extract_catalogs.py
[2026-08-05T15:52:38.711+0000] {processor.py:925} INFO - DAG(s) 'dag_extract_catalogs' retrieved from /opt/airflow/dags/dag_extract_catalogs.py
[2026-08-05T15:52:38.726+0000] {logging_mixin.py:190} INFO - [2026-08-05T15:52:38.725+0000] {dag.py:3239} INFO - Sync 1 DAGs
[2026-08-05T15:52:38.736+0000] {logging_mixin.py:190} INFO - [2026-08-05T15:52:38.735+0000] {dag.py:4180} INFO - Setting next_dagrun for dag_extract_catalogs to 2026-08-05 01:00:00+00:00, run_after=2026-08-06 01:00:00+00:00
[2026-08-05T15:52:38.743+0000] {processor.py:208} INFO - Processing /opt/airflow/dags/dag_extract_catalogs.py took 0.042 seconds
[2026-08-05T16:35:42.603+0000] {processor.py:186} INFO - Started process (PID=5085) to work on /opt/airflow/dags/dag_extract_catalogs.py
[2026-08-05T16:35:42.604+0000] {processor.py:914} INFO - Processing file /opt/airflow/dags/dag_extract_catalogs.py for tasks to queue
[2026-08-05T16:35:42.604+0000] {logging_mixin.py:190} INFO - [2026-08-05T16:35:42.604+0000] {dagbag.py:588} INFO - Filling up the DagBag from /opt/airflow/dags/dag_extract_catalogs.py
[2026-08-05T16:35:42.610+0000] {processor.py:925} INFO - DAG(s) 'dag_extract_catalogs' retrieved from /opt/airflow/dags/dag_extract_catalogs.py
[2026-08-05T16:35:42.627+0000] {logging_mixin.py:190} INFO - [2026-08-05T16:35:42.627+0000] {dag.py:3239} INFO - Sync 1 DAGs
[2026-08-05T16:35:42.638+0000] {logging_mixin.py:190} INFO - [2026-08-05T16:35:42.638+0000] {dag.py:4180} INFO - Setting next_dagrun for dag_extract_catalogs to 2026-08-05 01:00:00+00:00, run_after=2026-08-06 01:00:00+00:00
[2026-08-05T16:35:42.645+0000] {processor.py:208} INFO - Processing /opt/airflow/dags/dag_extract_catalogs.py took 0.046 seconds
[2026-08-05T17:21:18.614+0000] {processor.py:186} INFO - Started process (PID=5107) to work on /opt/airflow/dags/dag_extract_catalogs.py
[2026-08-05T17:21:18.614+0000] {processor.py:914} INFO - Processing file /opt/airflow/dags/dag_extract_catalogs.py for tasks to queue
[2026-08-05T17:21:18.615+0000] {logging_mixin.py:190} INFO - [2026-08-05T17:21:18.614+0000] {dagbag.py:588} INFO - Filling up the DagBag from /opt/airflow/dags/dag_extract_catalogs.py
[2026-08-05T17:21:18.620+0000] {processor.py:925} INFO - DAG(s) 'dag_extract_catalogs' retrieved from /opt/airflow/dags/dag_extract_catalogs.py
[2026-08-05T17:21:18.632+0000] {logging_mixin.py:190} INFO - [2026-08-05T17:21:18.632+0000] {dag.py:3239} INFO - Sync 1 DAGs
[2026-08-05T17:21:18.642+0000] {logging_mixin.py:190} INFO - [2026-08-05T17:21:18.642+0000] {dag.py:4180} INFO - Setting next_dagrun for dag_extract_catalogs to 2026-08-05 01:00:00+00:00, run_after=2026-08-06 01:00:00+00:00
[2026-08-05T17:21:18.647+0000] {processor.py:208} INFO - Processing /opt/airflow/dags/dag_extract_catalogs.py took 0.037 seconds
[2026-08-05T18:22:21.240+0000] {processor.py:186} INFO - Started process (PID=5130) to work on /opt/airflow/dags/dag_extract_catalogs.py
[2026-08-05T18:22:21.240+0000] {processor.py:914} INFO - Processing file /opt/airflow/dags/dag_extract_catalogs.py for tasks to queue
[2026-08-05T18:22:21.241+0000] {logging_mixin.py:190} INFO - [2026-08-05T18:22:21.241+0000] {dagbag.py:588} INFO - Filling up the DagBag from /opt/airflow/dags/dag_extract_catalogs.py
[2026-08-05T18:22:21.246+0000] {processor.py:925} INFO - DAG(s) 'dag_extract_catalogs' retrieved from /opt/airflow/dags/dag_extract_catalogs.py
[2026-08-05T18:22:21.256+0000] {logging_mixin.py:190} INFO - [2026-08-05T18:22:21.255+0000] {dag.py:3239} INFO - Sync 1 DAGs
[2026-08-05T18:22:21.263+0000] {logging_mixin.py:190} INFO - [2026-08-05T18:22:21.262+0000] {dag.py:4180} INFO - Setting next_dagrun for dag_extract_catalogs to 2026-08-05 01:00:00+00:00, run_after=2026-08-06 01:00:00+00:00
[2026-08-05T18:22:21.267+0000] {processor.py:208} INFO - Processing /opt/airflow/dags/dag_extract_catalogs.py took 0.030 seconds
[2026-08-05T18:39:42.263+0000] {processor.py:186} INFO - Started process (PID=5156) to work on /opt/airflow/dags/dag_extract_catalogs.py
[2026-08-05T18:39:42.264+0000] {processor.py:914} INFO - Processing file /opt/airflow/dags/dag_extract_catalogs.py for tasks to queue
[2026-08-05T18:39:42.264+0000] {logging_mixin.py:190} INFO - [2026-08-05T18:39:42.264+0000] {dagbag.py:588} INFO - Filling up the DagBag from /opt/airflow/dags/dag_extract_catalogs.py
[2026-08-05T18:39:42.269+0000] {processor.py:925} INFO - DAG(s) 'dag_extract_catalogs' retrieved from /opt/airflow/dags/dag_extract_catalogs.py
[2026-08-05T18:39:42.279+0000] {logging_mixin.py:190} INFO - [2026-08-05T18:39:42.279+0000] {dag.py:3239} INFO - Sync 1 DAGs
[2026-08-05T18:39:42.286+0000] {logging_mixin.py:190} INFO - [2026-08-05T18:39:42.286+0000] {dag.py:4180} INFO - Setting next_dagrun for dag_extract_catalogs to 2026-08-05 01:00:00+00:00, run_after=2026-08-06 01:00:00+00:00
[2026-08-05T18:39:42.291+0000] {processor.py:208} INFO - Processing /opt/airflow/dags/dag_extract_catalogs.py took 0.031 seconds
[2026-08-05T19:56:11.729+0000] {processor.py:186} INFO - Started process (PID=5180) to work on /opt/airflow/dags/dag_extract_catalogs.py
[2026-08-05T19:56:11.730+0000] {processor.py:914} INFO - Processing file /opt/airflow/dags/dag_extract_catalogs.py for tasks to queue
[2026-08-05T19:56:11.730+0000] {logging_mixin.py:190} INFO - [2026-08-05T19:56:11.730+0000] {dagbag.py:588} INFO - Filling up the DagBag from /opt/airflow/dags/dag_extract_catalogs.py
[2026-08-05T19:56:11.737+0000] {processor.py:925} INFO - DAG(s) 'dag_extract_catalogs' retrieved from /opt/airflow/dags/dag_extract_catalogs.py
[2026-08-05T19:56:11.749+0000] {logging_mixin.py:190} INFO - [2026-08-05T19:56:11.749+0000] {dag.py:3239} INFO - Sync 1 DAGs
[2026-08-05T19:56:11.758+0000] {logging_mixin.py:190} INFO - [2026-08-05T19:56:11.758+0000] {dag.py:4180} INFO - Setting next_dagrun for dag_extract_catalogs to 2026-08-05 01:00:00+00:00, run_after=2026-08-06 01:00:00+00:00
[2026-08-05T19:56:11.764+0000] {processor.py:208} INFO - Processing /opt/airflow/dags/dag_extract_catalogs.py took 0.037 seconds
[2026-08-05T20:24:19.383+0000] {processor.py:186} INFO - Started process (PID=5205) to work on /opt/airflow/dags/dag_extract_catalogs.py
[2026-08-05T20:24:19.383+0000] {processor.py:914} INFO - Processing file /opt/airflow/dags/dag_extract_catalogs.py for tasks to queue
[2026-08-05T20:24:19.384+0000] {logging_mixin.py:190} INFO - [2026-08-05T20:24:19.384+0000] {dagbag.py:588} INFO - Filling up the DagBag from /opt/airflow/dags/dag_extract_catalogs.py
[2026-08-05T20:24:19.389+0000] {processor.py:925} INFO - DAG(s) 'dag_extract_catalogs' retrieved from /opt/airflow/dags/dag_extract_catalogs.py
[2026-08-05T20:24:19.398+0000] {logging_mixin.py:190} INFO - [2026-08-05T20:24:19.398+0000] {dag.py:3239} INFO - Sync 1 DAGs
[2026-08-05T20:24:19.406+0000] {logging_mixin.py:190} INFO - [2026-08-05T20:24:19.406+0000] {dag.py:4180} INFO - Setting next_dagrun for dag_extract_catalogs to 2026-08-05 01:00:00+00:00, run_after=2026-08-06 01:00:00+00:00
[2026-08-05T20:24:19.410+0000] {processor.py:208} INFO - Processing /opt/airflow/dags/dag_extract_catalogs.py took 0.029 seconds
[2026-08-05T21:12:10.961+0000] {processor.py:186} INFO - Started process (PID=5228) to work on /opt/airflow/dags/dag_extract_catalogs.py
[2026-08-05T21:12:10.961+0000] {processor.py:914} INFO - Processing file /opt/airflow/dags/dag_extract_catalogs.py for tasks to queue
[2026-08-05T21:12:10.962+0000] {logging_mixin.py:190} INFO - [2026-08-05T21:12:10.962+0000] {dagbag.py:588} INFO - Filling up the DagBag from /opt/airflow/dags/dag_extract_catalogs.py
[2026-08-05T21:12:10.967+0000] {processor.py:925} INFO - DAG(s) 'dag_extract_catalogs' retrieved from /opt/airflow/dags/dag_extract_catalogs.py
[2026-08-05T21:12:10.976+0000] {logging_mixin.py:190} INFO - [2026-08-05T21:12:10.976+0000] {dag.py:3239} INFO - Sync 1 DAGs
[2026-08-05T21:12:10.984+0000] {logging_mixin.py:190} INFO - [2026-08-05T21:12:10.984+0000] {dag.py:4180} INFO - Setting next_dagrun for dag_extract_catalogs to 2026-08-05 01:00:00+00:00, run_after=2026-08-06 01:00:00+00:00
[2026-08-05T21:12:10.989+0000] {processor.py:208} INFO - Processing /opt/airflow/dags/dag_extract_catalogs.py took 0.030 seconds
[2026-08-05T22:20:55.052+0000] {processor.py:186} INFO - Started process (PID=5246) to work on /opt/airflow/dags/dag_extract_catalogs.py
[2026-08-05T22:20:55.054+0000] {processor.py:914} INFO - Processing file /opt/airflow/dags/dag_extract_catalogs.py for tasks to queue
[2026-08-05T22:20:55.056+0000] {logging_mixin.py:190} INFO - [2026-08-05T22:20:55.055+0000] {dagbag.py:588} INFO - Filling up the DagBag from /opt/airflow/dags/dag_extract_catalogs.py
[2026-08-05T22:20:55.075+0000] {processor.py:925} INFO - DAG(s) 'dag_extract_catalogs' retrieved from /opt/airflow/dags/dag_extract_catalogs.py
[2026-08-05T22:20:55.102+0000] {logging_mixin.py:190} INFO - [2026-08-05T22:20:55.102+0000] {dag.py:3239} INFO - Sync 1 DAGs
[2026-08-05T22:20:55.118+0000] {logging_mixin.py:190} INFO - [2026-08-05T22:20:55.117+0000] {dag.py:4180} INFO - Setting next_dagrun for dag_extract_catalogs to 2026-08-05 01:00:00+00:00, run_after=2026-08-06 01:00:00+00:00
[2026-08-05T22:20:55.135+0000] {processor.py:208} INFO - Processing /opt/airflow/dags/dag_extract_catalogs.py took 0.109 seconds
[2026-08-05T23:31:36.519+0000] {processor.py:186} INFO - Started process (PID=5274) to work on /opt/airflow/dags/dag_extract_catalogs.py
[2026-08-05T23:31:36.519+0000] {processor.py:914} INFO - Processing file /opt/airflow/dags/dag_extract_catalogs.py for tasks to queue
[2026-08-05T23:31:36.520+0000] {logging_mixin.py:190} INFO - [2026-08-05T23:31:36.520+0000] {dagbag.py:588} INFO - Filling up the DagBag from /opt/airflow/dags/dag_extract_catalogs.py
[2026-08-05T23:31:36.525+0000] {processor.py:925} INFO - DAG(s) 'dag_extract_catalogs' retrieved from /opt/airflow/dags/dag_extract_catalogs.py
[2026-08-05T23:31:36.535+0000] {logging_mixin.py:190} INFO - [2026-08-05T23:31:36.534+0000] {dag.py:3239} INFO - Sync 1 DAGs
[2026-08-05T23:31:36.542+0000] {logging_mixin.py:190} INFO - [2026-08-05T23:31:36.542+0000] {dag.py:4180} INFO - Setting next_dagrun for dag_extract_catalogs to 2026-08-05 01:00:00+00:00, run_after=2026-08-06 01:00:00+00:00
[2026-08-05T23:31:36.546+0000] {processor.py:208} INFO - Processing /opt/airflow/dags/dag_extract_catalogs.py took 0.029 seconds
