[2026-08-04T22:00:24.444+0000] {local_task_job_runner.py:123} INFO - ::group::Pre task execution logs
[2026-08-04T22:00:24.450+0000] {taskinstance.py:2613} INFO - Dependencies all met for dep_context=non-requeueable deps ti=<TaskInstance: dag_extract_dvizhenie.extract_dvizhenie scheduled__2026-08-04T18:00:00+00:00 [queued]>
[2026-08-04T22:00:24.452+0000] {taskinstance.py:2613} INFO - Dependencies all met for dep_context=requeueable deps ti=<TaskInstance: dag_extract_dvizhenie.extract_dvizhenie scheduled__2026-08-04T18:00:00+00:00 [queued]>
[2026-08-04T22:00:24.452+0000] {taskinstance.py:2866} INFO - Starting attempt 3 of 3
[2026-08-04T22:00:24.455+0000] {taskinstance.py:2889} INFO - Executing <Task(PythonOperator): extract_dvizhenie> on 2026-08-04 18:00:00+00:00
[2026-08-04T22:00:24.457+0000] {standard_task_runner.py:72} INFO - Started process 4475 to run task
[2026-08-04T22:00:24.459+0000] {standard_task_runner.py:104} INFO - Running: ['***', 'tasks', 'run', 'dag_extract_dvizhenie', 'extract_dvizhenie', 'scheduled__2026-08-04T18:00:00+00:00', '--job-id', '2157', '--raw', '--subdir', 'DAGS_FOLDER/dag_extract_dvizhenie.py', '--cfg-path', '/tmp/tmp5fv77bou']
[2026-08-04T22:00:24.460+0000] {standard_task_runner.py:105} INFO - Job 2157: Subtask extract_dvizhenie
[2026-08-04T22:00:24.478+0000] {task_command.py:467} INFO - Running <TaskInstance: dag_extract_dvizhenie.extract_dvizhenie scheduled__2026-08-04T18:00:00+00:00 [running]> on host ce016640a6d7
[2026-08-04T22:00:24.506+0000] {taskinstance.py:3132} INFO - Exporting env vars: AIRFLOW_CTX_DAG_OWNER='bi' AIRFLOW_CTX_DAG_ID='dag_extract_dvizhenie' AIRFLOW_CTX_TASK_ID='extract_dvizhenie' AIRFLOW_CTX_EXECUTION_DATE='2026-08-04T18:00:00+00:00' AIRFLOW_CTX_TRY_NUMBER='3' AIRFLOW_CTX_DAG_RUN_ID='scheduled__2026-08-04T18:00:00+00:00'
[2026-08-04T22:00:24.506+0000] {taskinstance.py:731} INFO - ::endgroup::
[2026-08-04T22:19:34.098+0000] {job.py:229} INFO - Heartbeat recovered after 1124.45 seconds
[2026-08-04T23:09:52.800+0000] {job.py:229} INFO - Heartbeat recovered after 2990.71 seconds
[2026-08-04T23:27:13.484+0000] {job.py:229} INFO - Heartbeat recovered after 1015.37 seconds
[2026-08-04T23:27:18.534+0000] {local_task_job_runner.py:346} WARNING - State of this instance has been externally set to failed. Terminating instance.
[2026-08-04T23:27:18.535+0000] {local_task_job_runner.py:245} INFO - ::endgroup::
[2026-08-04T23:27:18.538+0000] {process_utils.py:132} INFO - Sending 15 to group 4475. PIDs of all processes in the group: [4475]
[2026-08-04T23:27:18.538+0000] {process_utils.py:87} INFO - Sending the signal 15 to group 4475
[2026-08-04T23:27:18.539+0000] {taskinstance.py:3093} ERROR - Received SIGTERM. Terminating subprocesses.
[2026-08-04T23:27:18.587+0000] {taskinstance.py:340} INFO - ::group::Post task execution logs
[2026-08-04T23:27:18.595+0000] {process_utils.py:80} INFO - Process psutil.Process(pid=4475, status='terminated', exitcode=0, started='22:00:23') (4475) terminated with exit code 0
