[2026-07-24T00:08:56.645+0000] {processor.py:186} INFO - Started process (PID=34805) to work on /opt/airflow/dags/dag_extract_putevoy_list.py
[2026-07-24T00:08:56.646+0000] {processor.py:914} INFO - Processing file /opt/airflow/dags/dag_extract_putevoy_list.py for tasks to queue
[2026-07-24T00:08:56.647+0000] {logging_mixin.py:190} INFO - [2026-07-24T00:08:56.647+0000] {dagbag.py:588} INFO - Filling up the DagBag from /opt/airflow/dags/dag_extract_putevoy_list.py
[2026-07-24T00:08:56.653+0000] {processor.py:925} INFO - DAG(s) 'dag_extract_putevoy_list' retrieved from /opt/airflow/dags/dag_extract_putevoy_list.py
[2026-07-24T00:08:56.663+0000] {logging_mixin.py:190} INFO - [2026-07-24T00:08:56.663+0000] {dag.py:3239} INFO - Sync 1 DAGs
[2026-07-24T00:08:56.671+0000] {logging_mixin.py:190} INFO - [2026-07-24T00:08:56.671+0000] {dag.py:4180} INFO - Setting next_dagrun for dag_extract_putevoy_list to 2026-07-23 02:00:00+00:00, run_after=2026-07-24 02:00:00+00:00
[2026-07-24T00:08:56.676+0000] {processor.py:208} INFO - Processing /opt/airflow/dags/dag_extract_putevoy_list.py took 0.034 seconds
[2026-07-24T00:42:37.357+0000] {processor.py:186} INFO - Started process (PID=34828) to work on /opt/airflow/dags/dag_extract_putevoy_list.py
[2026-07-24T00:42:37.358+0000] {processor.py:914} INFO - Processing file /opt/airflow/dags/dag_extract_putevoy_list.py for tasks to queue
[2026-07-24T00:42:37.360+0000] {logging_mixin.py:190} INFO - [2026-07-24T00:42:37.360+0000] {dagbag.py:588} INFO - Filling up the DagBag from /opt/airflow/dags/dag_extract_putevoy_list.py
[2026-07-24T00:42:37.367+0000] {processor.py:925} INFO - DAG(s) 'dag_extract_putevoy_list' retrieved from /opt/airflow/dags/dag_extract_putevoy_list.py
[2026-07-24T00:42:37.380+0000] {logging_mixin.py:190} INFO - [2026-07-24T00:42:37.380+0000] {dag.py:3239} INFO - Sync 1 DAGs
[2026-07-24T00:42:37.391+0000] {logging_mixin.py:190} INFO - [2026-07-24T00:42:37.391+0000] {dag.py:4180} INFO - Setting next_dagrun for dag_extract_putevoy_list to 2026-07-23 02:00:00+00:00, run_after=2026-07-24 02:00:00+00:00
[2026-07-24T00:42:37.398+0000] {processor.py:208} INFO - Processing /opt/airflow/dags/dag_extract_putevoy_list.py took 0.044 seconds
[2026-07-24T01:34:16.934+0000] {processor.py:186} INFO - Started process (PID=34848) to work on /opt/airflow/dags/dag_extract_putevoy_list.py
[2026-07-24T01:34:16.935+0000] {processor.py:914} INFO - Processing file /opt/airflow/dags/dag_extract_putevoy_list.py for tasks to queue
[2026-07-24T01:34:16.937+0000] {logging_mixin.py:190} INFO - [2026-07-24T01:34:16.937+0000] {dagbag.py:588} INFO - Filling up the DagBag from /opt/airflow/dags/dag_extract_putevoy_list.py
[2026-07-24T01:34:16.943+0000] {processor.py:925} INFO - DAG(s) 'dag_extract_putevoy_list' retrieved from /opt/airflow/dags/dag_extract_putevoy_list.py
[2026-07-24T01:34:16.958+0000] {logging_mixin.py:190} INFO - [2026-07-24T01:34:16.958+0000] {dag.py:3239} INFO - Sync 1 DAGs
[2026-07-24T01:34:16.966+0000] {logging_mixin.py:190} INFO - [2026-07-24T01:34:16.966+0000] {dag.py:4180} INFO - Setting next_dagrun for dag_extract_putevoy_list to 2026-07-23 02:00:00+00:00, run_after=2026-07-24 02:00:00+00:00
[2026-07-24T01:34:16.973+0000] {processor.py:208} INFO - Processing /opt/airflow/dags/dag_extract_putevoy_list.py took 0.043 seconds
[2026-07-24T01:58:11.005+0000] {processor.py:186} INFO - Started process (PID=34892) to work on /opt/airflow/dags/dag_extract_putevoy_list.py
[2026-07-24T01:58:11.007+0000] {processor.py:914} INFO - Processing file /opt/airflow/dags/dag_extract_putevoy_list.py for tasks to queue
[2026-07-24T01:58:11.008+0000] {logging_mixin.py:190} INFO - [2026-07-24T01:58:11.008+0000] {dagbag.py:588} INFO - Filling up the DagBag from /opt/airflow/dags/dag_extract_putevoy_list.py
[2026-07-24T01:58:11.013+0000] {processor.py:925} INFO - DAG(s) 'dag_extract_putevoy_list' retrieved from /opt/airflow/dags/dag_extract_putevoy_list.py
[2026-07-24T01:58:11.024+0000] {logging_mixin.py:190} INFO - [2026-07-24T01:58:11.024+0000] {dag.py:3239} INFO - Sync 1 DAGs
[2026-07-24T01:58:11.032+0000] {logging_mixin.py:190} INFO - [2026-07-24T01:58:11.032+0000] {dag.py:4180} INFO - Setting next_dagrun for dag_extract_putevoy_list to 2026-07-23 02:00:00+00:00, run_after=2026-07-24 02:00:00+00:00
[2026-07-24T01:58:11.040+0000] {processor.py:208} INFO - Processing /opt/airflow/dags/dag_extract_putevoy_list.py took 0.038 seconds
[2026-07-24T02:45:46.276+0000] {processor.py:186} INFO - Started process (PID=34912) to work on /opt/airflow/dags/dag_extract_putevoy_list.py
[2026-07-24T02:45:46.277+0000] {processor.py:914} INFO - Processing file /opt/airflow/dags/dag_extract_putevoy_list.py for tasks to queue
[2026-07-24T02:45:46.279+0000] {logging_mixin.py:190} INFO - [2026-07-24T02:45:46.279+0000] {dagbag.py:588} INFO - Filling up the DagBag from /opt/airflow/dags/dag_extract_putevoy_list.py
[2026-07-24T02:45:46.287+0000] {processor.py:925} INFO - DAG(s) 'dag_extract_putevoy_list' retrieved from /opt/airflow/dags/dag_extract_putevoy_list.py
[2026-07-24T02:45:46.301+0000] {logging_mixin.py:190} INFO - [2026-07-24T02:45:46.301+0000] {dag.py:3239} INFO - Sync 1 DAGs
[2026-07-24T02:45:46.310+0000] {logging_mixin.py:190} INFO - [2026-07-24T02:45:46.310+0000] {dag.py:4180} INFO - Setting next_dagrun for dag_extract_putevoy_list to 2026-07-23 02:00:00+00:00, run_after=2026-07-24 02:00:00+00:00
[2026-07-24T02:45:46.317+0000] {processor.py:208} INFO - Processing /opt/airflow/dags/dag_extract_putevoy_list.py took 0.044 seconds
[2026-07-24T03:20:14.369+0000] {processor.py:186} INFO - Started process (PID=34949) to work on /opt/airflow/dags/dag_extract_putevoy_list.py
[2026-07-24T03:20:14.370+0000] {processor.py:914} INFO - Processing file /opt/airflow/dags/dag_extract_putevoy_list.py for tasks to queue
[2026-07-24T03:20:14.372+0000] {logging_mixin.py:190} INFO - [2026-07-24T03:20:14.372+0000] {dagbag.py:588} INFO - Filling up the DagBag from /opt/airflow/dags/dag_extract_putevoy_list.py
[2026-07-24T03:20:14.380+0000] {processor.py:925} INFO - DAG(s) 'dag_extract_putevoy_list' retrieved from /opt/airflow/dags/dag_extract_putevoy_list.py
[2026-07-24T03:20:14.395+0000] {logging_mixin.py:190} INFO - [2026-07-24T03:20:14.395+0000] {dag.py:3239} INFO - Sync 1 DAGs
[2026-07-24T03:20:14.413+0000] {processor.py:208} INFO - Processing /opt/airflow/dags/dag_extract_putevoy_list.py took 0.048 seconds
[2026-07-24T03:51:57.224+0000] {processor.py:186} INFO - Started process (PID=34973) to work on /opt/airflow/dags/dag_extract_putevoy_list.py
[2026-07-24T03:51:57.227+0000] {processor.py:914} INFO - Processing file /opt/airflow/dags/dag_extract_putevoy_list.py for tasks to queue
[2026-07-24T03:51:57.228+0000] {logging_mixin.py:190} INFO - [2026-07-24T03:51:57.228+0000] {dagbag.py:588} INFO - Filling up the DagBag from /opt/airflow/dags/dag_extract_putevoy_list.py
[2026-07-24T03:51:57.235+0000] {processor.py:925} INFO - DAG(s) 'dag_extract_putevoy_list' retrieved from /opt/airflow/dags/dag_extract_putevoy_list.py
[2026-07-24T03:51:57.258+0000] {logging_mixin.py:190} INFO - [2026-07-24T03:51:57.258+0000] {dag.py:3239} INFO - Sync 1 DAGs
[2026-07-24T03:51:57.287+0000] {processor.py:208} INFO - Processing /opt/airflow/dags/dag_extract_putevoy_list.py took 0.066 seconds
[2026-07-24T04:48:15.772+0000] {processor.py:186} INFO - Started process (PID=35020) to work on /opt/airflow/dags/dag_extract_putevoy_list.py
[2026-07-24T04:48:15.773+0000] {processor.py:914} INFO - Processing file /opt/airflow/dags/dag_extract_putevoy_list.py for tasks to queue
[2026-07-24T04:48:15.776+0000] {logging_mixin.py:190} INFO - [2026-07-24T04:48:15.775+0000] {dagbag.py:588} INFO - Filling up the DagBag from /opt/airflow/dags/dag_extract_putevoy_list.py
[2026-07-24T04:48:15.784+0000] {processor.py:925} INFO - DAG(s) 'dag_extract_putevoy_list' retrieved from /opt/airflow/dags/dag_extract_putevoy_list.py
[2026-07-24T04:48:15.795+0000] {logging_mixin.py:190} INFO - [2026-07-24T04:48:15.795+0000] {dag.py:3239} INFO - Sync 1 DAGs
[2026-07-24T04:48:15.803+0000] {logging_mixin.py:190} INFO - [2026-07-24T04:48:15.803+0000] {dag.py:4180} INFO - Setting next_dagrun for dag_extract_putevoy_list to 2026-07-24 02:00:00+00:00, run_after=2026-07-25 02:00:00+00:00
[2026-07-24T04:48:15.809+0000] {processor.py:208} INFO - Processing /opt/airflow/dags/dag_extract_putevoy_list.py took 0.040 seconds
[2026-07-24T06:01:10.798+0000] {processor.py:186} INFO - Started process (PID=35052) to work on /opt/airflow/dags/dag_extract_putevoy_list.py
[2026-07-24T06:01:10.799+0000] {processor.py:914} INFO - Processing file /opt/airflow/dags/dag_extract_putevoy_list.py for tasks to queue
[2026-07-24T06:01:10.801+0000] {logging_mixin.py:190} INFO - [2026-07-24T06:01:10.800+0000] {dagbag.py:588} INFO - Filling up the DagBag from /opt/airflow/dags/dag_extract_putevoy_list.py
[2026-07-24T06:01:10.808+0000] {processor.py:925} INFO - DAG(s) 'dag_extract_putevoy_list' retrieved from /opt/airflow/dags/dag_extract_putevoy_list.py
[2026-07-24T06:01:10.823+0000] {logging_mixin.py:190} INFO - [2026-07-24T06:01:10.823+0000] {dag.py:3239} INFO - Sync 1 DAGs
[2026-07-24T06:01:10.835+0000] {logging_mixin.py:190} INFO - [2026-07-24T06:01:10.834+0000] {dag.py:4180} INFO - Setting next_dagrun for dag_extract_putevoy_list to 2026-07-24 02:00:00+00:00, run_after=2026-07-25 02:00:00+00:00
[2026-07-24T06:01:10.845+0000] {processor.py:208} INFO - Processing /opt/airflow/dags/dag_extract_putevoy_list.py took 0.050 seconds
[2026-07-24T06:48:45.299+0000] {processor.py:186} INFO - Started process (PID=35075) to work on /opt/airflow/dags/dag_extract_putevoy_list.py
[2026-07-24T06:48:45.300+0000] {processor.py:914} INFO - Processing file /opt/airflow/dags/dag_extract_putevoy_list.py for tasks to queue
[2026-07-24T06:48:45.301+0000] {logging_mixin.py:190} INFO - [2026-07-24T06:48:45.301+0000] {dagbag.py:588} INFO - Filling up the DagBag from /opt/airflow/dags/dag_extract_putevoy_list.py
[2026-07-24T06:48:45.310+0000] {processor.py:925} INFO - DAG(s) 'dag_extract_putevoy_list' retrieved from /opt/airflow/dags/dag_extract_putevoy_list.py
[2026-07-24T06:48:45.325+0000] {logging_mixin.py:190} INFO - [2026-07-24T06:48:45.325+0000] {dag.py:3239} INFO - Sync 1 DAGs
[2026-07-24T06:48:45.334+0000] {logging_mixin.py:190} INFO - [2026-07-24T06:48:45.334+0000] {dag.py:4180} INFO - Setting next_dagrun for dag_extract_putevoy_list to 2026-07-24 02:00:00+00:00, run_after=2026-07-25 02:00:00+00:00
[2026-07-24T06:48:45.342+0000] {processor.py:208} INFO - Processing /opt/airflow/dags/dag_extract_putevoy_list.py took 0.046 seconds
[2026-07-24T07:45:56.957+0000] {processor.py:186} INFO - Started process (PID=35098) to work on /opt/airflow/dags/dag_extract_putevoy_list.py
[2026-07-24T07:45:56.958+0000] {processor.py:914} INFO - Processing file /opt/airflow/dags/dag_extract_putevoy_list.py for tasks to queue
[2026-07-24T07:45:56.960+0000] {logging_mixin.py:190} INFO - [2026-07-24T07:45:56.960+0000] {dagbag.py:588} INFO - Filling up the DagBag from /opt/airflow/dags/dag_extract_putevoy_list.py
[2026-07-24T07:45:56.967+0000] {processor.py:925} INFO - DAG(s) 'dag_extract_putevoy_list' retrieved from /opt/airflow/dags/dag_extract_putevoy_list.py
[2026-07-24T07:45:56.984+0000] {logging_mixin.py:190} INFO - [2026-07-24T07:45:56.984+0000] {dag.py:3239} INFO - Sync 1 DAGs
[2026-07-24T07:45:56.994+0000] {logging_mixin.py:190} INFO - [2026-07-24T07:45:56.994+0000] {dag.py:4180} INFO - Setting next_dagrun for dag_extract_putevoy_list to 2026-07-24 02:00:00+00:00, run_after=2026-07-25 02:00:00+00:00
[2026-07-24T07:45:57.003+0000] {processor.py:208} INFO - Processing /opt/airflow/dags/dag_extract_putevoy_list.py took 0.050 seconds
[2026-07-24T08:38:06.609+0000] {processor.py:186} INFO - Started process (PID=35124) to work on /opt/airflow/dags/dag_extract_putevoy_list.py
[2026-07-24T08:38:06.610+0000] {processor.py:914} INFO - Processing file /opt/airflow/dags/dag_extract_putevoy_list.py for tasks to queue
[2026-07-24T08:38:06.611+0000] {logging_mixin.py:190} INFO - [2026-07-24T08:38:06.611+0000] {dagbag.py:588} INFO - Filling up the DagBag from /opt/airflow/dags/dag_extract_putevoy_list.py
[2026-07-24T08:38:06.616+0000] {processor.py:925} INFO - DAG(s) 'dag_extract_putevoy_list' retrieved from /opt/airflow/dags/dag_extract_putevoy_list.py
[2026-07-24T08:38:06.629+0000] {logging_mixin.py:190} INFO - [2026-07-24T08:38:06.629+0000] {dag.py:3239} INFO - Sync 1 DAGs
[2026-07-24T08:38:06.638+0000] {logging_mixin.py:190} INFO - [2026-07-24T08:38:06.638+0000] {dag.py:4180} INFO - Setting next_dagrun for dag_extract_putevoy_list to 2026-07-24 02:00:00+00:00, run_after=2026-07-25 02:00:00+00:00
[2026-07-24T08:38:06.644+0000] {processor.py:208} INFO - Processing /opt/airflow/dags/dag_extract_putevoy_list.py took 0.038 seconds
[2026-07-24T09:04:05.808+0000] {processor.py:186} INFO - Started process (PID=35147) to work on /opt/airflow/dags/dag_extract_putevoy_list.py
[2026-07-24T09:04:05.810+0000] {processor.py:914} INFO - Processing file /opt/airflow/dags/dag_extract_putevoy_list.py for tasks to queue
[2026-07-24T09:04:05.812+0000] {logging_mixin.py:190} INFO - [2026-07-24T09:04:05.811+0000] {dagbag.py:588} INFO - Filling up the DagBag from /opt/airflow/dags/dag_extract_putevoy_list.py
[2026-07-24T09:04:05.819+0000] {processor.py:925} INFO - DAG(s) 'dag_extract_putevoy_list' retrieved from /opt/airflow/dags/dag_extract_putevoy_list.py
[2026-07-24T09:04:05.835+0000] {logging_mixin.py:190} INFO - [2026-07-24T09:04:05.835+0000] {dag.py:3239} INFO - Sync 1 DAGs
[2026-07-24T09:04:05.845+0000] {logging_mixin.py:190} INFO - [2026-07-24T09:04:05.844+0000] {dag.py:4180} INFO - Setting next_dagrun for dag_extract_putevoy_list to 2026-07-24 02:00:00+00:00, run_after=2026-07-25 02:00:00+00:00
[2026-07-24T09:04:05.854+0000] {processor.py:208} INFO - Processing /opt/airflow/dags/dag_extract_putevoy_list.py took 0.049 seconds
[2026-07-24T10:05:12.768+0000] {processor.py:186} INFO - Started process (PID=35173) to work on /opt/airflow/dags/dag_extract_putevoy_list.py
[2026-07-24T10:05:12.769+0000] {processor.py:914} INFO - Processing file /opt/airflow/dags/dag_extract_putevoy_list.py for tasks to queue
[2026-07-24T10:05:12.770+0000] {logging_mixin.py:190} INFO - [2026-07-24T10:05:12.770+0000] {dagbag.py:588} INFO - Filling up the DagBag from /opt/airflow/dags/dag_extract_putevoy_list.py
[2026-07-24T10:05:12.775+0000] {processor.py:925} INFO - DAG(s) 'dag_extract_putevoy_list' retrieved from /opt/airflow/dags/dag_extract_putevoy_list.py
[2026-07-24T10:05:12.790+0000] {logging_mixin.py:190} INFO - [2026-07-24T10:05:12.789+0000] {dag.py:3239} INFO - Sync 1 DAGs
[2026-07-24T10:05:12.798+0000] {logging_mixin.py:190} INFO - [2026-07-24T10:05:12.798+0000] {dag.py:4180} INFO - Setting next_dagrun for dag_extract_putevoy_list to 2026-07-24 02:00:00+00:00, run_after=2026-07-25 02:00:00+00:00
[2026-07-24T10:05:12.807+0000] {processor.py:208} INFO - Processing /opt/airflow/dags/dag_extract_putevoy_list.py took 0.042 seconds
[2026-07-24T10:05:43.219+0000] {processor.py:186} INFO - Started process (PID=35196) to work on /opt/airflow/dags/dag_extract_putevoy_list.py
[2026-07-24T10:05:43.219+0000] {processor.py:914} INFO - Processing file /opt/airflow/dags/dag_extract_putevoy_list.py for tasks to queue
[2026-07-24T10:05:43.220+0000] {logging_mixin.py:190} INFO - [2026-07-24T10:05:43.220+0000] {dagbag.py:588} INFO - Filling up the DagBag from /opt/airflow/dags/dag_extract_putevoy_list.py
[2026-07-24T10:05:43.231+0000] {processor.py:925} INFO - DAG(s) 'dag_extract_putevoy_list' retrieved from /opt/airflow/dags/dag_extract_putevoy_list.py
[2026-07-24T10:05:43.248+0000] {logging_mixin.py:190} INFO - [2026-07-24T10:05:43.248+0000] {dag.py:3239} INFO - Sync 1 DAGs
[2026-07-24T10:05:43.259+0000] {logging_mixin.py:190} INFO - [2026-07-24T10:05:43.259+0000] {dag.py:4180} INFO - Setting next_dagrun for dag_extract_putevoy_list to 2026-07-24 02:00:00+00:00, run_after=2026-07-25 02:00:00+00:00
[2026-07-24T10:05:43.266+0000] {processor.py:208} INFO - Processing /opt/airflow/dags/dag_extract_putevoy_list.py took 0.053 seconds
[2026-07-24T11:23:28.299+0000] {processor.py:186} INFO - Started process (PID=35219) to work on /opt/airflow/dags/dag_extract_putevoy_list.py
[2026-07-24T11:23:28.301+0000] {processor.py:914} INFO - Processing file /opt/airflow/dags/dag_extract_putevoy_list.py for tasks to queue
[2026-07-24T11:23:28.303+0000] {logging_mixin.py:190} INFO - [2026-07-24T11:23:28.303+0000] {dagbag.py:588} INFO - Filling up the DagBag from /opt/airflow/dags/dag_extract_putevoy_list.py
[2026-07-24T11:23:28.315+0000] {processor.py:925} INFO - DAG(s) 'dag_extract_putevoy_list' retrieved from /opt/airflow/dags/dag_extract_putevoy_list.py
[2026-07-24T11:23:28.335+0000] {logging_mixin.py:190} INFO - [2026-07-24T11:23:28.335+0000] {dag.py:3239} INFO - Sync 1 DAGs
[2026-07-24T11:23:28.348+0000] {logging_mixin.py:190} INFO - [2026-07-24T11:23:28.348+0000] {dag.py:4180} INFO - Setting next_dagrun for dag_extract_putevoy_list to 2026-07-24 02:00:00+00:00, run_after=2026-07-25 02:00:00+00:00
[2026-07-24T11:23:28.358+0000] {processor.py:208} INFO - Processing /opt/airflow/dags/dag_extract_putevoy_list.py took 0.063 seconds
[2026-07-24T12:40:51.214+0000] {processor.py:186} INFO - Started process (PID=35240) to work on /opt/airflow/dags/dag_extract_putevoy_list.py
[2026-07-24T12:40:51.215+0000] {processor.py:914} INFO - Processing file /opt/airflow/dags/dag_extract_putevoy_list.py for tasks to queue
[2026-07-24T12:40:51.219+0000] {logging_mixin.py:190} INFO - [2026-07-24T12:40:51.219+0000] {dagbag.py:588} INFO - Filling up the DagBag from /opt/airflow/dags/dag_extract_putevoy_list.py
[2026-07-24T12:40:51.233+0000] {processor.py:925} INFO - DAG(s) 'dag_extract_putevoy_list' retrieved from /opt/airflow/dags/dag_extract_putevoy_list.py
[2026-07-24T12:40:51.260+0000] {logging_mixin.py:190} INFO - [2026-07-24T12:40:51.260+0000] {dag.py:3239} INFO - Sync 1 DAGs
[2026-07-24T12:40:51.278+0000] {logging_mixin.py:190} INFO - [2026-07-24T12:40:51.278+0000] {dag.py:4180} INFO - Setting next_dagrun for dag_extract_putevoy_list to 2026-07-24 02:00:00+00:00, run_after=2026-07-25 02:00:00+00:00
[2026-07-24T12:40:51.290+0000] {processor.py:208} INFO - Processing /opt/airflow/dags/dag_extract_putevoy_list.py took 0.083 seconds
[2026-07-24T13:58:40.541+0000] {processor.py:186} INFO - Started process (PID=35268) to work on /opt/airflow/dags/dag_extract_putevoy_list.py
[2026-07-24T13:58:40.541+0000] {processor.py:914} INFO - Processing file /opt/airflow/dags/dag_extract_putevoy_list.py for tasks to queue
[2026-07-24T13:58:40.542+0000] {logging_mixin.py:190} INFO - [2026-07-24T13:58:40.542+0000] {dagbag.py:588} INFO - Filling up the DagBag from /opt/airflow/dags/dag_extract_putevoy_list.py
[2026-07-24T13:58:40.549+0000] {processor.py:925} INFO - DAG(s) 'dag_extract_putevoy_list' retrieved from /opt/airflow/dags/dag_extract_putevoy_list.py
[2026-07-24T13:58:40.562+0000] {logging_mixin.py:190} INFO - [2026-07-24T13:58:40.561+0000] {dag.py:3239} INFO - Sync 1 DAGs
[2026-07-24T13:58:40.571+0000] {logging_mixin.py:190} INFO - [2026-07-24T13:58:40.571+0000] {dag.py:4180} INFO - Setting next_dagrun for dag_extract_putevoy_list to 2026-07-24 02:00:00+00:00, run_after=2026-07-25 02:00:00+00:00
[2026-07-24T13:58:40.578+0000] {processor.py:208} INFO - Processing /opt/airflow/dags/dag_extract_putevoy_list.py took 0.041 seconds
[2026-07-24T15:10:12.427+0000] {processor.py:186} INFO - Started process (PID=35288) to work on /opt/airflow/dags/dag_extract_putevoy_list.py
[2026-07-24T15:10:12.428+0000] {processor.py:914} INFO - Processing file /opt/airflow/dags/dag_extract_putevoy_list.py for tasks to queue
[2026-07-24T15:10:12.430+0000] {logging_mixin.py:190} INFO - [2026-07-24T15:10:12.429+0000] {dagbag.py:588} INFO - Filling up the DagBag from /opt/airflow/dags/dag_extract_putevoy_list.py
[2026-07-24T15:10:12.441+0000] {processor.py:925} INFO - DAG(s) 'dag_extract_putevoy_list' retrieved from /opt/airflow/dags/dag_extract_putevoy_list.py
[2026-07-24T15:10:12.454+0000] {logging_mixin.py:190} INFO - [2026-07-24T15:10:12.454+0000] {dag.py:3239} INFO - Sync 1 DAGs
[2026-07-24T15:10:12.464+0000] {logging_mixin.py:190} INFO - [2026-07-24T15:10:12.463+0000] {dag.py:4180} INFO - Setting next_dagrun for dag_extract_putevoy_list to 2026-07-24 02:00:00+00:00, run_after=2026-07-25 02:00:00+00:00
[2026-07-24T15:10:12.472+0000] {processor.py:208} INFO - Processing /opt/airflow/dags/dag_extract_putevoy_list.py took 0.049 seconds
[2026-07-24T15:39:19.073+0000] {processor.py:186} INFO - Started process (PID=35317) to work on /opt/airflow/dags/dag_extract_putevoy_list.py
[2026-07-24T15:39:19.074+0000] {processor.py:914} INFO - Processing file /opt/airflow/dags/dag_extract_putevoy_list.py for tasks to queue
[2026-07-24T15:39:19.075+0000] {logging_mixin.py:190} INFO - [2026-07-24T15:39:19.075+0000] {dagbag.py:588} INFO - Filling up the DagBag from /opt/airflow/dags/dag_extract_putevoy_list.py
[2026-07-24T15:39:19.083+0000] {processor.py:925} INFO - DAG(s) 'dag_extract_putevoy_list' retrieved from /opt/airflow/dags/dag_extract_putevoy_list.py
[2026-07-24T15:39:19.096+0000] {logging_mixin.py:190} INFO - [2026-07-24T15:39:19.096+0000] {dag.py:3239} INFO - Sync 1 DAGs
[2026-07-24T15:39:19.106+0000] {logging_mixin.py:190} INFO - [2026-07-24T15:39:19.105+0000] {dag.py:4180} INFO - Setting next_dagrun for dag_extract_putevoy_list to 2026-07-24 02:00:00+00:00, run_after=2026-07-25 02:00:00+00:00
[2026-07-24T15:39:19.113+0000] {processor.py:208} INFO - Processing /opt/airflow/dags/dag_extract_putevoy_list.py took 0.044 seconds
[2026-07-24T16:00:07.315+0000] {processor.py:186} INFO - Started process (PID=35337) to work on /opt/airflow/dags/dag_extract_putevoy_list.py
[2026-07-24T16:00:07.320+0000] {processor.py:914} INFO - Processing file /opt/airflow/dags/dag_extract_putevoy_list.py for tasks to queue
[2026-07-24T16:00:07.324+0000] {logging_mixin.py:190} INFO - [2026-07-24T16:00:07.323+0000] {dagbag.py:588} INFO - Filling up the DagBag from /opt/airflow/dags/dag_extract_putevoy_list.py
[2026-07-24T16:00:07.345+0000] {processor.py:925} INFO - DAG(s) 'dag_extract_putevoy_list' retrieved from /opt/airflow/dags/dag_extract_putevoy_list.py
[2026-07-24T16:00:07.390+0000] {logging_mixin.py:190} INFO - [2026-07-24T16:00:07.389+0000] {dag.py:3239} INFO - Sync 1 DAGs
[2026-07-24T16:00:07.421+0000] {logging_mixin.py:190} INFO - [2026-07-24T16:00:07.421+0000] {dag.py:4180} INFO - Setting next_dagrun for dag_extract_putevoy_list to 2026-07-24 02:00:00+00:00, run_after=2026-07-25 02:00:00+00:00
[2026-07-24T16:00:07.442+0000] {processor.py:208} INFO - Processing /opt/airflow/dags/dag_extract_putevoy_list.py took 0.135 seconds
[2026-07-24T16:00:37.916+0000] {processor.py:186} INFO - Started process (PID=35363) to work on /opt/airflow/dags/dag_extract_putevoy_list.py
[2026-07-24T16:00:37.917+0000] {processor.py:914} INFO - Processing file /opt/airflow/dags/dag_extract_putevoy_list.py for tasks to queue
[2026-07-24T16:00:37.922+0000] {logging_mixin.py:190} INFO - [2026-07-24T16:00:37.922+0000] {dagbag.py:588} INFO - Filling up the DagBag from /opt/airflow/dags/dag_extract_putevoy_list.py
[2026-07-24T16:00:37.944+0000] {processor.py:925} INFO - DAG(s) 'dag_extract_putevoy_list' retrieved from /opt/airflow/dags/dag_extract_putevoy_list.py
[2026-07-24T16:00:37.975+0000] {logging_mixin.py:190} INFO - [2026-07-24T16:00:37.975+0000] {dag.py:3239} INFO - Sync 1 DAGs
[2026-07-24T16:00:37.996+0000] {logging_mixin.py:190} INFO - [2026-07-24T16:00:37.996+0000] {dag.py:4180} INFO - Setting next_dagrun for dag_extract_putevoy_list to 2026-07-24 02:00:00+00:00, run_after=2026-07-25 02:00:00+00:00
[2026-07-24T16:00:38.013+0000] {processor.py:208} INFO - Processing /opt/airflow/dags/dag_extract_putevoy_list.py took 0.104 seconds
[2026-07-24T16:01:08.431+0000] {processor.py:186} INFO - Started process (PID=35383) to work on /opt/airflow/dags/dag_extract_putevoy_list.py
[2026-07-24T16:01:08.434+0000] {processor.py:914} INFO - Processing file /opt/airflow/dags/dag_extract_putevoy_list.py for tasks to queue
[2026-07-24T16:01:08.435+0000] {logging_mixin.py:190} INFO - [2026-07-24T16:01:08.435+0000] {dagbag.py:588} INFO - Filling up the DagBag from /opt/airflow/dags/dag_extract_putevoy_list.py
[2026-07-24T16:01:08.444+0000] {processor.py:925} INFO - DAG(s) 'dag_extract_putevoy_list' retrieved from /opt/airflow/dags/dag_extract_putevoy_list.py
[2026-07-24T16:01:08.458+0000] {logging_mixin.py:190} INFO - [2026-07-24T16:01:08.458+0000] {dag.py:3239} INFO - Sync 1 DAGs
[2026-07-24T16:01:08.471+0000] {logging_mixin.py:190} INFO - [2026-07-24T16:01:08.471+0000] {dag.py:4180} INFO - Setting next_dagrun for dag_extract_putevoy_list to 2026-07-24 02:00:00+00:00, run_after=2026-07-25 02:00:00+00:00
[2026-07-24T16:01:08.479+0000] {processor.py:208} INFO - Processing /opt/airflow/dags/dag_extract_putevoy_list.py took 0.052 seconds
[2026-07-24T16:01:38.876+0000] {processor.py:186} INFO - Started process (PID=35403) to work on /opt/airflow/dags/dag_extract_putevoy_list.py
[2026-07-24T16:01:38.877+0000] {processor.py:914} INFO - Processing file /opt/airflow/dags/dag_extract_putevoy_list.py for tasks to queue
[2026-07-24T16:01:38.879+0000] {logging_mixin.py:190} INFO - [2026-07-24T16:01:38.879+0000] {dagbag.py:588} INFO - Filling up the DagBag from /opt/airflow/dags/dag_extract_putevoy_list.py
[2026-07-24T16:01:38.890+0000] {processor.py:925} INFO - DAG(s) 'dag_extract_putevoy_list' retrieved from /opt/airflow/dags/dag_extract_putevoy_list.py
[2026-07-24T16:01:38.905+0000] {logging_mixin.py:190} INFO - [2026-07-24T16:01:38.905+0000] {dag.py:3239} INFO - Sync 1 DAGs
[2026-07-24T16:01:38.915+0000] {logging_mixin.py:190} INFO - [2026-07-24T16:01:38.914+0000] {dag.py:4180} INFO - Setting next_dagrun for dag_extract_putevoy_list to 2026-07-24 02:00:00+00:00, run_after=2026-07-25 02:00:00+00:00
[2026-07-24T16:01:38.922+0000] {processor.py:208} INFO - Processing /opt/airflow/dags/dag_extract_putevoy_list.py took 0.051 seconds
[2026-07-24T16:02:09.285+0000] {processor.py:186} INFO - Started process (PID=35423) to work on /opt/airflow/dags/dag_extract_putevoy_list.py
[2026-07-24T16:02:09.285+0000] {processor.py:914} INFO - Processing file /opt/airflow/dags/dag_extract_putevoy_list.py for tasks to queue
[2026-07-24T16:02:09.287+0000] {logging_mixin.py:190} INFO - [2026-07-24T16:02:09.287+0000] {dagbag.py:588} INFO - Filling up the DagBag from /opt/airflow/dags/dag_extract_putevoy_list.py
[2026-07-24T16:02:09.297+0000] {processor.py:925} INFO - DAG(s) 'dag_extract_putevoy_list' retrieved from /opt/airflow/dags/dag_extract_putevoy_list.py
[2026-07-24T16:02:09.312+0000] {logging_mixin.py:190} INFO - [2026-07-24T16:02:09.312+0000] {dag.py:3239} INFO - Sync 1 DAGs
[2026-07-24T16:02:09.325+0000] {logging_mixin.py:190} INFO - [2026-07-24T16:02:09.325+0000] {dag.py:4180} INFO - Setting next_dagrun for dag_extract_putevoy_list to 2026-07-24 02:00:00+00:00, run_after=2026-07-25 02:00:00+00:00
[2026-07-24T16:02:09.334+0000] {processor.py:208} INFO - Processing /opt/airflow/dags/dag_extract_putevoy_list.py took 0.053 seconds
[2026-07-24T16:02:39.744+0000] {processor.py:186} INFO - Started process (PID=35443) to work on /opt/airflow/dags/dag_extract_putevoy_list.py
[2026-07-24T16:02:39.744+0000] {processor.py:914} INFO - Processing file /opt/airflow/dags/dag_extract_putevoy_list.py for tasks to queue
[2026-07-24T16:02:39.747+0000] {logging_mixin.py:190} INFO - [2026-07-24T16:02:39.747+0000] {dagbag.py:588} INFO - Filling up the DagBag from /opt/airflow/dags/dag_extract_putevoy_list.py
[2026-07-24T16:02:39.756+0000] {processor.py:925} INFO - DAG(s) 'dag_extract_putevoy_list' retrieved from /opt/airflow/dags/dag_extract_putevoy_list.py
[2026-07-24T16:02:39.768+0000] {logging_mixin.py:190} INFO - [2026-07-24T16:02:39.768+0000] {dag.py:3239} INFO - Sync 1 DAGs
[2026-07-24T16:02:39.777+0000] {logging_mixin.py:190} INFO - [2026-07-24T16:02:39.777+0000] {dag.py:4180} INFO - Setting next_dagrun for dag_extract_putevoy_list to 2026-07-24 02:00:00+00:00, run_after=2026-07-25 02:00:00+00:00
[2026-07-24T16:02:39.786+0000] {processor.py:208} INFO - Processing /opt/airflow/dags/dag_extract_putevoy_list.py took 0.047 seconds
[2026-07-24T16:03:10.190+0000] {processor.py:186} INFO - Started process (PID=35463) to work on /opt/airflow/dags/dag_extract_putevoy_list.py
[2026-07-24T16:03:10.191+0000] {processor.py:914} INFO - Processing file /opt/airflow/dags/dag_extract_putevoy_list.py for tasks to queue
[2026-07-24T16:03:10.193+0000] {logging_mixin.py:190} INFO - [2026-07-24T16:03:10.193+0000] {dagbag.py:588} INFO - Filling up the DagBag from /opt/airflow/dags/dag_extract_putevoy_list.py
[2026-07-24T16:03:10.202+0000] {processor.py:925} INFO - DAG(s) 'dag_extract_putevoy_list' retrieved from /opt/airflow/dags/dag_extract_putevoy_list.py
[2026-07-24T16:03:10.220+0000] {logging_mixin.py:190} INFO - [2026-07-24T16:03:10.220+0000] {dag.py:3239} INFO - Sync 1 DAGs
[2026-07-24T16:03:10.231+0000] {logging_mixin.py:190} INFO - [2026-07-24T16:03:10.231+0000] {dag.py:4180} INFO - Setting next_dagrun for dag_extract_putevoy_list to 2026-07-24 02:00:00+00:00, run_after=2026-07-25 02:00:00+00:00
[2026-07-24T16:03:10.249+0000] {processor.py:208} INFO - Processing /opt/airflow/dags/dag_extract_putevoy_list.py took 0.063 seconds
[2026-07-24T16:03:40.665+0000] {processor.py:186} INFO - Started process (PID=35483) to work on /opt/airflow/dags/dag_extract_putevoy_list.py
[2026-07-24T16:03:40.666+0000] {processor.py:914} INFO - Processing file /opt/airflow/dags/dag_extract_putevoy_list.py for tasks to queue
[2026-07-24T16:03:40.669+0000] {logging_mixin.py:190} INFO - [2026-07-24T16:03:40.669+0000] {dagbag.py:588} INFO - Filling up the DagBag from /opt/airflow/dags/dag_extract_putevoy_list.py
[2026-07-24T16:03:40.680+0000] {processor.py:925} INFO - DAG(s) 'dag_extract_putevoy_list' retrieved from /opt/airflow/dags/dag_extract_putevoy_list.py
[2026-07-24T16:03:40.698+0000] {logging_mixin.py:190} INFO - [2026-07-24T16:03:40.698+0000] {dag.py:3239} INFO - Sync 1 DAGs
[2026-07-24T16:03:40.711+0000] {logging_mixin.py:190} INFO - [2026-07-24T16:03:40.710+0000] {dag.py:4180} INFO - Setting next_dagrun for dag_extract_putevoy_list to 2026-07-24 02:00:00+00:00, run_after=2026-07-25 02:00:00+00:00
[2026-07-24T16:03:40.721+0000] {processor.py:208} INFO - Processing /opt/airflow/dags/dag_extract_putevoy_list.py took 0.062 seconds
[2026-07-24T16:04:11.140+0000] {processor.py:186} INFO - Started process (PID=35503) to work on /opt/airflow/dags/dag_extract_putevoy_list.py
[2026-07-24T16:04:11.142+0000] {processor.py:914} INFO - Processing file /opt/airflow/dags/dag_extract_putevoy_list.py for tasks to queue
[2026-07-24T16:04:11.147+0000] {logging_mixin.py:190} INFO - [2026-07-24T16:04:11.146+0000] {dagbag.py:588} INFO - Filling up the DagBag from /opt/airflow/dags/dag_extract_putevoy_list.py
[2026-07-24T16:04:11.156+0000] {processor.py:925} INFO - DAG(s) 'dag_extract_putevoy_list' retrieved from /opt/airflow/dags/dag_extract_putevoy_list.py
[2026-07-24T16:04:11.171+0000] {logging_mixin.py:190} INFO - [2026-07-24T16:04:11.171+0000] {dag.py:3239} INFO - Sync 1 DAGs
[2026-07-24T16:04:11.183+0000] {logging_mixin.py:190} INFO - [2026-07-24T16:04:11.183+0000] {dag.py:4180} INFO - Setting next_dagrun for dag_extract_putevoy_list to 2026-07-24 02:00:00+00:00, run_after=2026-07-25 02:00:00+00:00
[2026-07-24T16:04:11.191+0000] {processor.py:208} INFO - Processing /opt/airflow/dags/dag_extract_putevoy_list.py took 0.057 seconds
[2026-07-24T16:04:41.593+0000] {processor.py:186} INFO - Started process (PID=35523) to work on /opt/airflow/dags/dag_extract_putevoy_list.py
[2026-07-24T16:04:41.594+0000] {processor.py:914} INFO - Processing file /opt/airflow/dags/dag_extract_putevoy_list.py for tasks to queue
[2026-07-24T16:04:41.597+0000] {logging_mixin.py:190} INFO - [2026-07-24T16:04:41.597+0000] {dagbag.py:588} INFO - Filling up the DagBag from /opt/airflow/dags/dag_extract_putevoy_list.py
[2026-07-24T16:04:41.608+0000] {processor.py:925} INFO - DAG(s) 'dag_extract_putevoy_list' retrieved from /opt/airflow/dags/dag_extract_putevoy_list.py
[2026-07-24T16:04:41.623+0000] {logging_mixin.py:190} INFO - [2026-07-24T16:04:41.623+0000] {dag.py:3239} INFO - Sync 1 DAGs
[2026-07-24T16:04:41.635+0000] {logging_mixin.py:190} INFO - [2026-07-24T16:04:41.635+0000] {dag.py:4180} INFO - Setting next_dagrun for dag_extract_putevoy_list to 2026-07-24 02:00:00+00:00, run_after=2026-07-25 02:00:00+00:00
[2026-07-24T16:04:41.644+0000] {processor.py:208} INFO - Processing /opt/airflow/dags/dag_extract_putevoy_list.py took 0.056 seconds
[2026-07-24T16:05:12.035+0000] {processor.py:186} INFO - Started process (PID=35543) to work on /opt/airflow/dags/dag_extract_putevoy_list.py
[2026-07-24T16:05:12.037+0000] {processor.py:914} INFO - Processing file /opt/airflow/dags/dag_extract_putevoy_list.py for tasks to queue
[2026-07-24T16:05:12.039+0000] {logging_mixin.py:190} INFO - [2026-07-24T16:05:12.039+0000] {dagbag.py:588} INFO - Filling up the DagBag from /opt/airflow/dags/dag_extract_putevoy_list.py
[2026-07-24T16:05:12.049+0000] {processor.py:925} INFO - DAG(s) 'dag_extract_putevoy_list' retrieved from /opt/airflow/dags/dag_extract_putevoy_list.py
[2026-07-24T16:05:12.066+0000] {logging_mixin.py:190} INFO - [2026-07-24T16:05:12.065+0000] {dag.py:3239} INFO - Sync 1 DAGs
[2026-07-24T16:05:12.075+0000] {logging_mixin.py:190} INFO - [2026-07-24T16:05:12.075+0000] {dag.py:4180} INFO - Setting next_dagrun for dag_extract_putevoy_list to 2026-07-24 02:00:00+00:00, run_after=2026-07-25 02:00:00+00:00
[2026-07-24T16:05:12.083+0000] {processor.py:208} INFO - Processing /opt/airflow/dags/dag_extract_putevoy_list.py took 0.054 seconds
[2026-07-24T16:05:42.437+0000] {processor.py:186} INFO - Started process (PID=35563) to work on /opt/airflow/dags/dag_extract_putevoy_list.py
[2026-07-24T16:05:42.438+0000] {processor.py:914} INFO - Processing file /opt/airflow/dags/dag_extract_putevoy_list.py for tasks to queue
[2026-07-24T16:05:42.440+0000] {logging_mixin.py:190} INFO - [2026-07-24T16:05:42.439+0000] {dagbag.py:588} INFO - Filling up the DagBag from /opt/airflow/dags/dag_extract_putevoy_list.py
[2026-07-24T16:05:42.449+0000] {processor.py:925} INFO - DAG(s) 'dag_extract_putevoy_list' retrieved from /opt/airflow/dags/dag_extract_putevoy_list.py
[2026-07-24T16:05:42.463+0000] {logging_mixin.py:190} INFO - [2026-07-24T16:05:42.462+0000] {dag.py:3239} INFO - Sync 1 DAGs
[2026-07-24T16:05:42.473+0000] {logging_mixin.py:190} INFO - [2026-07-24T16:05:42.473+0000] {dag.py:4180} INFO - Setting next_dagrun for dag_extract_putevoy_list to 2026-07-24 02:00:00+00:00, run_after=2026-07-25 02:00:00+00:00
[2026-07-24T16:05:42.482+0000] {processor.py:208} INFO - Processing /opt/airflow/dags/dag_extract_putevoy_list.py took 0.049 seconds
[2026-07-24T16:06:12.918+0000] {processor.py:186} INFO - Started process (PID=35583) to work on /opt/airflow/dags/dag_extract_putevoy_list.py
[2026-07-24T16:06:12.919+0000] {processor.py:914} INFO - Processing file /opt/airflow/dags/dag_extract_putevoy_list.py for tasks to queue
[2026-07-24T16:06:12.920+0000] {logging_mixin.py:190} INFO - [2026-07-24T16:06:12.920+0000] {dagbag.py:588} INFO - Filling up the DagBag from /opt/airflow/dags/dag_extract_putevoy_list.py
[2026-07-24T16:06:12.928+0000] {processor.py:925} INFO - DAG(s) 'dag_extract_putevoy_list' retrieved from /opt/airflow/dags/dag_extract_putevoy_list.py
[2026-07-24T16:06:12.942+0000] {logging_mixin.py:190} INFO - [2026-07-24T16:06:12.942+0000] {dag.py:3239} INFO - Sync 1 DAGs
[2026-07-24T16:06:12.951+0000] {logging_mixin.py:190} INFO - [2026-07-24T16:06:12.951+0000] {dag.py:4180} INFO - Setting next_dagrun for dag_extract_putevoy_list to 2026-07-24 02:00:00+00:00, run_after=2026-07-25 02:00:00+00:00
[2026-07-24T16:06:12.961+0000] {processor.py:208} INFO - Processing /opt/airflow/dags/dag_extract_putevoy_list.py took 0.047 seconds
[2026-07-24T16:06:43.340+0000] {processor.py:186} INFO - Started process (PID=35603) to work on /opt/airflow/dags/dag_extract_putevoy_list.py
[2026-07-24T16:06:43.341+0000] {processor.py:914} INFO - Processing file /opt/airflow/dags/dag_extract_putevoy_list.py for tasks to queue
[2026-07-24T16:06:43.342+0000] {logging_mixin.py:190} INFO - [2026-07-24T16:06:43.342+0000] {dagbag.py:588} INFO - Filling up the DagBag from /opt/airflow/dags/dag_extract_putevoy_list.py
[2026-07-24T16:06:43.349+0000] {processor.py:925} INFO - DAG(s) 'dag_extract_putevoy_list' retrieved from /opt/airflow/dags/dag_extract_putevoy_list.py
[2026-07-24T16:06:43.362+0000] {logging_mixin.py:190} INFO - [2026-07-24T16:06:43.362+0000] {dag.py:3239} INFO - Sync 1 DAGs
[2026-07-24T16:06:43.370+0000] {logging_mixin.py:190} INFO - [2026-07-24T16:06:43.370+0000] {dag.py:4180} INFO - Setting next_dagrun for dag_extract_putevoy_list to 2026-07-24 02:00:00+00:00, run_after=2026-07-25 02:00:00+00:00
[2026-07-24T16:06:43.378+0000] {processor.py:208} INFO - Processing /opt/airflow/dags/dag_extract_putevoy_list.py took 0.041 seconds
[2026-07-24T16:07:13.775+0000] {processor.py:186} INFO - Started process (PID=35623) to work on /opt/airflow/dags/dag_extract_putevoy_list.py
[2026-07-24T16:07:13.775+0000] {processor.py:914} INFO - Processing file /opt/airflow/dags/dag_extract_putevoy_list.py for tasks to queue
[2026-07-24T16:07:13.778+0000] {logging_mixin.py:190} INFO - [2026-07-24T16:07:13.777+0000] {dagbag.py:588} INFO - Filling up the DagBag from /opt/airflow/dags/dag_extract_putevoy_list.py
[2026-07-24T16:07:13.786+0000] {processor.py:925} INFO - DAG(s) 'dag_extract_putevoy_list' retrieved from /opt/airflow/dags/dag_extract_putevoy_list.py
[2026-07-24T16:07:13.801+0000] {logging_mixin.py:190} INFO - [2026-07-24T16:07:13.801+0000] {dag.py:3239} INFO - Sync 1 DAGs
[2026-07-24T16:07:13.809+0000] {logging_mixin.py:190} INFO - [2026-07-24T16:07:13.809+0000] {dag.py:4180} INFO - Setting next_dagrun for dag_extract_putevoy_list to 2026-07-24 02:00:00+00:00, run_after=2026-07-25 02:00:00+00:00
[2026-07-24T16:07:13.818+0000] {processor.py:208} INFO - Processing /opt/airflow/dags/dag_extract_putevoy_list.py took 0.048 seconds
[2026-07-24T16:07:44.221+0000] {processor.py:186} INFO - Started process (PID=35643) to work on /opt/airflow/dags/dag_extract_putevoy_list.py
[2026-07-24T16:07:44.223+0000] {processor.py:914} INFO - Processing file /opt/airflow/dags/dag_extract_putevoy_list.py for tasks to queue
[2026-07-24T16:07:44.226+0000] {logging_mixin.py:190} INFO - [2026-07-24T16:07:44.225+0000] {dagbag.py:588} INFO - Filling up the DagBag from /opt/airflow/dags/dag_extract_putevoy_list.py
[2026-07-24T16:07:44.238+0000] {processor.py:925} INFO - DAG(s) 'dag_extract_putevoy_list' retrieved from /opt/airflow/dags/dag_extract_putevoy_list.py
[2026-07-24T16:07:44.252+0000] {logging_mixin.py:190} INFO - [2026-07-24T16:07:44.252+0000] {dag.py:3239} INFO - Sync 1 DAGs
[2026-07-24T16:07:44.262+0000] {logging_mixin.py:190} INFO - [2026-07-24T16:07:44.262+0000] {dag.py:4180} INFO - Setting next_dagrun for dag_extract_putevoy_list to 2026-07-24 02:00:00+00:00, run_after=2026-07-25 02:00:00+00:00
[2026-07-24T16:07:44.271+0000] {processor.py:208} INFO - Processing /opt/airflow/dags/dag_extract_putevoy_list.py took 0.056 seconds
[2026-07-24T16:08:14.649+0000] {processor.py:186} INFO - Started process (PID=35663) to work on /opt/airflow/dags/dag_extract_putevoy_list.py
[2026-07-24T16:08:14.650+0000] {processor.py:914} INFO - Processing file /opt/airflow/dags/dag_extract_putevoy_list.py for tasks to queue
[2026-07-24T16:08:14.651+0000] {logging_mixin.py:190} INFO - [2026-07-24T16:08:14.651+0000] {dagbag.py:588} INFO - Filling up the DagBag from /opt/airflow/dags/dag_extract_putevoy_list.py
[2026-07-24T16:08:14.662+0000] {processor.py:925} INFO - DAG(s) 'dag_extract_putevoy_list' retrieved from /opt/airflow/dags/dag_extract_putevoy_list.py
[2026-07-24T16:08:14.676+0000] {logging_mixin.py:190} INFO - [2026-07-24T16:08:14.676+0000] {dag.py:3239} INFO - Sync 1 DAGs
[2026-07-24T16:08:14.686+0000] {logging_mixin.py:190} INFO - [2026-07-24T16:08:14.686+0000] {dag.py:4180} INFO - Setting next_dagrun for dag_extract_putevoy_list to 2026-07-24 02:00:00+00:00, run_after=2026-07-25 02:00:00+00:00
[2026-07-24T16:08:14.696+0000] {processor.py:208} INFO - Processing /opt/airflow/dags/dag_extract_putevoy_list.py took 0.052 seconds
[2026-07-24T16:08:45.067+0000] {processor.py:186} INFO - Started process (PID=35683) to work on /opt/airflow/dags/dag_extract_putevoy_list.py
[2026-07-24T16:08:45.068+0000] {processor.py:914} INFO - Processing file /opt/airflow/dags/dag_extract_putevoy_list.py for tasks to queue
[2026-07-24T16:08:45.069+0000] {logging_mixin.py:190} INFO - [2026-07-24T16:08:45.069+0000] {dagbag.py:588} INFO - Filling up the DagBag from /opt/airflow/dags/dag_extract_putevoy_list.py
[2026-07-24T16:08:45.077+0000] {processor.py:925} INFO - DAG(s) 'dag_extract_putevoy_list' retrieved from /opt/airflow/dags/dag_extract_putevoy_list.py
[2026-07-24T16:08:45.091+0000] {logging_mixin.py:190} INFO - [2026-07-24T16:08:45.091+0000] {dag.py:3239} INFO - Sync 1 DAGs
[2026-07-24T16:08:45.102+0000] {logging_mixin.py:190} INFO - [2026-07-24T16:08:45.102+0000] {dag.py:4180} INFO - Setting next_dagrun for dag_extract_putevoy_list to 2026-07-24 02:00:00+00:00, run_after=2026-07-25 02:00:00+00:00
[2026-07-24T16:08:45.113+0000] {processor.py:208} INFO - Processing /opt/airflow/dags/dag_extract_putevoy_list.py took 0.049 seconds
[2026-07-24T16:09:15.467+0000] {processor.py:186} INFO - Started process (PID=35703) to work on /opt/airflow/dags/dag_extract_putevoy_list.py
[2026-07-24T16:09:15.468+0000] {processor.py:914} INFO - Processing file /opt/airflow/dags/dag_extract_putevoy_list.py for tasks to queue
[2026-07-24T16:09:15.469+0000] {logging_mixin.py:190} INFO - [2026-07-24T16:09:15.469+0000] {dagbag.py:588} INFO - Filling up the DagBag from /opt/airflow/dags/dag_extract_putevoy_list.py
[2026-07-24T16:09:15.477+0000] {processor.py:925} INFO - DAG(s) 'dag_extract_putevoy_list' retrieved from /opt/airflow/dags/dag_extract_putevoy_list.py
[2026-07-24T16:09:15.493+0000] {logging_mixin.py:190} INFO - [2026-07-24T16:09:15.493+0000] {dag.py:3239} INFO - Sync 1 DAGs
[2026-07-24T16:09:15.502+0000] {logging_mixin.py:190} INFO - [2026-07-24T16:09:15.502+0000] {dag.py:4180} INFO - Setting next_dagrun for dag_extract_putevoy_list to 2026-07-24 02:00:00+00:00, run_after=2026-07-25 02:00:00+00:00
[2026-07-24T16:09:15.511+0000] {processor.py:208} INFO - Processing /opt/airflow/dags/dag_extract_putevoy_list.py took 0.047 seconds
[2026-07-24T16:09:45.913+0000] {processor.py:186} INFO - Started process (PID=35723) to work on /opt/airflow/dags/dag_extract_putevoy_list.py
[2026-07-24T16:09:45.915+0000] {processor.py:914} INFO - Processing file /opt/airflow/dags/dag_extract_putevoy_list.py for tasks to queue
[2026-07-24T16:09:45.918+0000] {logging_mixin.py:190} INFO - [2026-07-24T16:09:45.918+0000] {dagbag.py:588} INFO - Filling up the DagBag from /opt/airflow/dags/dag_extract_putevoy_list.py
[2026-07-24T16:09:45.928+0000] {processor.py:925} INFO - DAG(s) 'dag_extract_putevoy_list' retrieved from /opt/airflow/dags/dag_extract_putevoy_list.py
[2026-07-24T16:09:45.942+0000] {logging_mixin.py:190} INFO - [2026-07-24T16:09:45.942+0000] {dag.py:3239} INFO - Sync 1 DAGs
[2026-07-24T16:09:45.951+0000] {logging_mixin.py:190} INFO - [2026-07-24T16:09:45.951+0000] {dag.py:4180} INFO - Setting next_dagrun for dag_extract_putevoy_list to 2026-07-24 02:00:00+00:00, run_after=2026-07-25 02:00:00+00:00
[2026-07-24T16:09:45.959+0000] {processor.py:208} INFO - Processing /opt/airflow/dags/dag_extract_putevoy_list.py took 0.050 seconds
[2026-07-24T16:10:16.375+0000] {processor.py:186} INFO - Started process (PID=35746) to work on /opt/airflow/dags/dag_extract_putevoy_list.py
[2026-07-24T16:10:16.376+0000] {processor.py:914} INFO - Processing file /opt/airflow/dags/dag_extract_putevoy_list.py for tasks to queue
[2026-07-24T16:10:16.378+0000] {logging_mixin.py:190} INFO - [2026-07-24T16:10:16.378+0000] {dagbag.py:588} INFO - Filling up the DagBag from /opt/airflow/dags/dag_extract_putevoy_list.py
[2026-07-24T16:10:16.387+0000] {processor.py:925} INFO - DAG(s) 'dag_extract_putevoy_list' retrieved from /opt/airflow/dags/dag_extract_putevoy_list.py
[2026-07-24T16:10:16.402+0000] {logging_mixin.py:190} INFO - [2026-07-24T16:10:16.402+0000] {dag.py:3239} INFO - Sync 1 DAGs
[2026-07-24T16:10:16.410+0000] {logging_mixin.py:190} INFO - [2026-07-24T16:10:16.410+0000] {dag.py:4180} INFO - Setting next_dagrun for dag_extract_putevoy_list to 2026-07-24 02:00:00+00:00, run_after=2026-07-25 02:00:00+00:00
[2026-07-24T16:10:16.417+0000] {processor.py:208} INFO - Processing /opt/airflow/dags/dag_extract_putevoy_list.py took 0.046 seconds
[2026-07-24T16:10:46.801+0000] {processor.py:186} INFO - Started process (PID=35766) to work on /opt/airflow/dags/dag_extract_putevoy_list.py
[2026-07-24T16:10:46.802+0000] {processor.py:914} INFO - Processing file /opt/airflow/dags/dag_extract_putevoy_list.py for tasks to queue
[2026-07-24T16:10:46.805+0000] {logging_mixin.py:190} INFO - [2026-07-24T16:10:46.805+0000] {dagbag.py:588} INFO - Filling up the DagBag from /opt/airflow/dags/dag_extract_putevoy_list.py
[2026-07-24T16:10:46.812+0000] {processor.py:925} INFO - DAG(s) 'dag_extract_putevoy_list' retrieved from /opt/airflow/dags/dag_extract_putevoy_list.py
[2026-07-24T16:10:46.826+0000] {logging_mixin.py:190} INFO - [2026-07-24T16:10:46.826+0000] {dag.py:3239} INFO - Sync 1 DAGs
[2026-07-24T16:10:46.835+0000] {logging_mixin.py:190} INFO - [2026-07-24T16:10:46.835+0000] {dag.py:4180} INFO - Setting next_dagrun for dag_extract_putevoy_list to 2026-07-24 02:00:00+00:00, run_after=2026-07-25 02:00:00+00:00
[2026-07-24T16:10:46.843+0000] {processor.py:208} INFO - Processing /opt/airflow/dags/dag_extract_putevoy_list.py took 0.046 seconds
[2026-07-24T16:11:17.258+0000] {processor.py:186} INFO - Started process (PID=35786) to work on /opt/airflow/dags/dag_extract_putevoy_list.py
[2026-07-24T16:11:17.260+0000] {processor.py:914} INFO - Processing file /opt/airflow/dags/dag_extract_putevoy_list.py for tasks to queue
[2026-07-24T16:11:17.264+0000] {logging_mixin.py:190} INFO - [2026-07-24T16:11:17.263+0000] {dagbag.py:588} INFO - Filling up the DagBag from /opt/airflow/dags/dag_extract_putevoy_list.py
[2026-07-24T16:11:17.275+0000] {processor.py:925} INFO - DAG(s) 'dag_extract_putevoy_list' retrieved from /opt/airflow/dags/dag_extract_putevoy_list.py
[2026-07-24T16:11:17.291+0000] {logging_mixin.py:190} INFO - [2026-07-24T16:11:17.291+0000] {dag.py:3239} INFO - Sync 1 DAGs
[2026-07-24T16:11:17.300+0000] {logging_mixin.py:190} INFO - [2026-07-24T16:11:17.300+0000] {dag.py:4180} INFO - Setting next_dagrun for dag_extract_putevoy_list to 2026-07-24 02:00:00+00:00, run_after=2026-07-25 02:00:00+00:00
[2026-07-24T16:11:17.310+0000] {processor.py:208} INFO - Processing /opt/airflow/dags/dag_extract_putevoy_list.py took 0.057 seconds
[2026-07-24T16:11:47.697+0000] {processor.py:186} INFO - Started process (PID=35806) to work on /opt/airflow/dags/dag_extract_putevoy_list.py
[2026-07-24T16:11:47.699+0000] {processor.py:914} INFO - Processing file /opt/airflow/dags/dag_extract_putevoy_list.py for tasks to queue
[2026-07-24T16:11:47.701+0000] {logging_mixin.py:190} INFO - [2026-07-24T16:11:47.701+0000] {dagbag.py:588} INFO - Filling up the DagBag from /opt/airflow/dags/dag_extract_putevoy_list.py
[2026-07-24T16:11:47.711+0000] {processor.py:925} INFO - DAG(s) 'dag_extract_putevoy_list' retrieved from /opt/airflow/dags/dag_extract_putevoy_list.py
[2026-07-24T16:11:47.724+0000] {logging_mixin.py:190} INFO - [2026-07-24T16:11:47.724+0000] {dag.py:3239} INFO - Sync 1 DAGs
[2026-07-24T16:11:47.733+0000] {logging_mixin.py:190} INFO - [2026-07-24T16:11:47.733+0000] {dag.py:4180} INFO - Setting next_dagrun for dag_extract_putevoy_list to 2026-07-24 02:00:00+00:00, run_after=2026-07-25 02:00:00+00:00
[2026-07-24T16:11:47.742+0000] {processor.py:208} INFO - Processing /opt/airflow/dags/dag_extract_putevoy_list.py took 0.050 seconds
[2026-07-24T16:12:18.166+0000] {processor.py:186} INFO - Started process (PID=35826) to work on /opt/airflow/dags/dag_extract_putevoy_list.py
[2026-07-24T16:12:18.167+0000] {processor.py:914} INFO - Processing file /opt/airflow/dags/dag_extract_putevoy_list.py for tasks to queue
[2026-07-24T16:12:18.170+0000] {logging_mixin.py:190} INFO - [2026-07-24T16:12:18.169+0000] {dagbag.py:588} INFO - Filling up the DagBag from /opt/airflow/dags/dag_extract_putevoy_list.py
[2026-07-24T16:12:18.186+0000] {processor.py:925} INFO - DAG(s) 'dag_extract_putevoy_list' retrieved from /opt/airflow/dags/dag_extract_putevoy_list.py
[2026-07-24T16:12:18.211+0000] {logging_mixin.py:190} INFO - [2026-07-24T16:12:18.211+0000] {dag.py:3239} INFO - Sync 1 DAGs
[2026-07-24T16:12:18.228+0000] {logging_mixin.py:190} INFO - [2026-07-24T16:12:18.228+0000] {dag.py:4180} INFO - Setting next_dagrun for dag_extract_putevoy_list to 2026-07-24 02:00:00+00:00, run_after=2026-07-25 02:00:00+00:00
[2026-07-24T16:12:18.244+0000] {processor.py:208} INFO - Processing /opt/airflow/dags/dag_extract_putevoy_list.py took 0.084 seconds
[2026-07-24T16:12:48.624+0000] {processor.py:186} INFO - Started process (PID=35846) to work on /opt/airflow/dags/dag_extract_putevoy_list.py
[2026-07-24T16:12:48.627+0000] {processor.py:914} INFO - Processing file /opt/airflow/dags/dag_extract_putevoy_list.py for tasks to queue
[2026-07-24T16:12:48.629+0000] {logging_mixin.py:190} INFO - [2026-07-24T16:12:48.629+0000] {dagbag.py:588} INFO - Filling up the DagBag from /opt/airflow/dags/dag_extract_putevoy_list.py
[2026-07-24T16:12:48.639+0000] {processor.py:925} INFO - DAG(s) 'dag_extract_putevoy_list' retrieved from /opt/airflow/dags/dag_extract_putevoy_list.py
[2026-07-24T16:12:48.657+0000] {logging_mixin.py:190} INFO - [2026-07-24T16:12:48.657+0000] {dag.py:3239} INFO - Sync 1 DAGs
[2026-07-24T16:12:48.668+0000] {logging_mixin.py:190} INFO - [2026-07-24T16:12:48.668+0000] {dag.py:4180} INFO - Setting next_dagrun for dag_extract_putevoy_list to 2026-07-24 02:00:00+00:00, run_after=2026-07-25 02:00:00+00:00
[2026-07-24T16:12:48.677+0000] {processor.py:208} INFO - Processing /opt/airflow/dags/dag_extract_putevoy_list.py took 0.059 seconds
[2026-07-24T16:13:19.115+0000] {processor.py:186} INFO - Started process (PID=35866) to work on /opt/airflow/dags/dag_extract_putevoy_list.py
[2026-07-24T16:13:19.117+0000] {processor.py:914} INFO - Processing file /opt/airflow/dags/dag_extract_putevoy_list.py for tasks to queue
[2026-07-24T16:13:19.121+0000] {logging_mixin.py:190} INFO - [2026-07-24T16:13:19.121+0000] {dagbag.py:588} INFO - Filling up the DagBag from /opt/airflow/dags/dag_extract_putevoy_list.py
[2026-07-24T16:13:19.130+0000] {processor.py:925} INFO - DAG(s) 'dag_extract_putevoy_list' retrieved from /opt/airflow/dags/dag_extract_putevoy_list.py
[2026-07-24T16:13:19.146+0000] {logging_mixin.py:190} INFO - [2026-07-24T16:13:19.146+0000] {dag.py:3239} INFO - Sync 1 DAGs
[2026-07-24T16:13:19.155+0000] {logging_mixin.py:190} INFO - [2026-07-24T16:13:19.155+0000] {dag.py:4180} INFO - Setting next_dagrun for dag_extract_putevoy_list to 2026-07-24 02:00:00+00:00, run_after=2026-07-25 02:00:00+00:00
[2026-07-24T16:13:19.165+0000] {processor.py:208} INFO - Processing /opt/airflow/dags/dag_extract_putevoy_list.py took 0.057 seconds
[2026-07-24T16:13:49.576+0000] {processor.py:186} INFO - Started process (PID=35886) to work on /opt/airflow/dags/dag_extract_putevoy_list.py
[2026-07-24T16:13:49.577+0000] {processor.py:914} INFO - Processing file /opt/airflow/dags/dag_extract_putevoy_list.py for tasks to queue
[2026-07-24T16:13:49.579+0000] {logging_mixin.py:190} INFO - [2026-07-24T16:13:49.579+0000] {dagbag.py:588} INFO - Filling up the DagBag from /opt/airflow/dags/dag_extract_putevoy_list.py
[2026-07-24T16:13:49.587+0000] {processor.py:925} INFO - DAG(s) 'dag_extract_putevoy_list' retrieved from /opt/airflow/dags/dag_extract_putevoy_list.py
[2026-07-24T16:13:49.600+0000] {logging_mixin.py:190} INFO - [2026-07-24T16:13:49.600+0000] {dag.py:3239} INFO - Sync 1 DAGs
[2026-07-24T16:13:49.611+0000] {logging_mixin.py:190} INFO - [2026-07-24T16:13:49.610+0000] {dag.py:4180} INFO - Setting next_dagrun for dag_extract_putevoy_list to 2026-07-24 02:00:00+00:00, run_after=2026-07-25 02:00:00+00:00
[2026-07-24T16:13:49.618+0000] {processor.py:208} INFO - Processing /opt/airflow/dags/dag_extract_putevoy_list.py took 0.047 seconds
[2026-07-24T16:14:20.025+0000] {processor.py:186} INFO - Started process (PID=35906) to work on /opt/airflow/dags/dag_extract_putevoy_list.py
[2026-07-24T16:14:20.026+0000] {processor.py:914} INFO - Processing file /opt/airflow/dags/dag_extract_putevoy_list.py for tasks to queue
[2026-07-24T16:14:20.028+0000] {logging_mixin.py:190} INFO - [2026-07-24T16:14:20.028+0000] {dagbag.py:588} INFO - Filling up the DagBag from /opt/airflow/dags/dag_extract_putevoy_list.py
[2026-07-24T16:14:20.036+0000] {processor.py:925} INFO - DAG(s) 'dag_extract_putevoy_list' retrieved from /opt/airflow/dags/dag_extract_putevoy_list.py
[2026-07-24T16:14:20.051+0000] {logging_mixin.py:190} INFO - [2026-07-24T16:14:20.051+0000] {dag.py:3239} INFO - Sync 1 DAGs
[2026-07-24T16:14:20.060+0000] {logging_mixin.py:190} INFO - [2026-07-24T16:14:20.060+0000] {dag.py:4180} INFO - Setting next_dagrun for dag_extract_putevoy_list to 2026-07-24 02:00:00+00:00, run_after=2026-07-25 02:00:00+00:00
[2026-07-24T16:14:20.069+0000] {processor.py:208} INFO - Processing /opt/airflow/dags/dag_extract_putevoy_list.py took 0.050 seconds
[2026-07-24T16:14:50.458+0000] {processor.py:186} INFO - Started process (PID=35926) to work on /opt/airflow/dags/dag_extract_putevoy_list.py
[2026-07-24T16:14:50.460+0000] {processor.py:914} INFO - Processing file /opt/airflow/dags/dag_extract_putevoy_list.py for tasks to queue
[2026-07-24T16:14:50.463+0000] {logging_mixin.py:190} INFO - [2026-07-24T16:14:50.462+0000] {dagbag.py:588} INFO - Filling up the DagBag from /opt/airflow/dags/dag_extract_putevoy_list.py
[2026-07-24T16:14:50.474+0000] {processor.py:925} INFO - DAG(s) 'dag_extract_putevoy_list' retrieved from /opt/airflow/dags/dag_extract_putevoy_list.py
[2026-07-24T16:14:50.486+0000] {logging_mixin.py:190} INFO - [2026-07-24T16:14:50.486+0000] {dag.py:3239} INFO - Sync 1 DAGs
[2026-07-24T16:14:50.494+0000] {logging_mixin.py:190} INFO - [2026-07-24T16:14:50.494+0000] {dag.py:4180} INFO - Setting next_dagrun for dag_extract_putevoy_list to 2026-07-24 02:00:00+00:00, run_after=2026-07-25 02:00:00+00:00
[2026-07-24T16:14:50.502+0000] {processor.py:208} INFO - Processing /opt/airflow/dags/dag_extract_putevoy_list.py took 0.049 seconds
[2026-07-24T16:15:20.932+0000] {processor.py:186} INFO - Started process (PID=35946) to work on /opt/airflow/dags/dag_extract_putevoy_list.py
[2026-07-24T16:15:20.934+0000] {processor.py:914} INFO - Processing file /opt/airflow/dags/dag_extract_putevoy_list.py for tasks to queue
[2026-07-24T16:15:20.936+0000] {logging_mixin.py:190} INFO - [2026-07-24T16:15:20.936+0000] {dagbag.py:588} INFO - Filling up the DagBag from /opt/airflow/dags/dag_extract_putevoy_list.py
[2026-07-24T16:15:20.946+0000] {processor.py:925} INFO - DAG(s) 'dag_extract_putevoy_list' retrieved from /opt/airflow/dags/dag_extract_putevoy_list.py
[2026-07-24T16:15:20.964+0000] {logging_mixin.py:190} INFO - [2026-07-24T16:15:20.964+0000] {dag.py:3239} INFO - Sync 1 DAGs
[2026-07-24T16:15:20.974+0000] {logging_mixin.py:190} INFO - [2026-07-24T16:15:20.973+0000] {dag.py:4180} INFO - Setting next_dagrun for dag_extract_putevoy_list to 2026-07-24 02:00:00+00:00, run_after=2026-07-25 02:00:00+00:00
[2026-07-24T16:15:20.981+0000] {processor.py:208} INFO - Processing /opt/airflow/dags/dag_extract_putevoy_list.py took 0.055 seconds
[2026-07-24T16:15:51.424+0000] {processor.py:186} INFO - Started process (PID=35966) to work on /opt/airflow/dags/dag_extract_putevoy_list.py
[2026-07-24T16:15:51.425+0000] {processor.py:914} INFO - Processing file /opt/airflow/dags/dag_extract_putevoy_list.py for tasks to queue
[2026-07-24T16:15:51.427+0000] {logging_mixin.py:190} INFO - [2026-07-24T16:15:51.427+0000] {dagbag.py:588} INFO - Filling up the DagBag from /opt/airflow/dags/dag_extract_putevoy_list.py
[2026-07-24T16:15:51.438+0000] {processor.py:925} INFO - DAG(s) 'dag_extract_putevoy_list' retrieved from /opt/airflow/dags/dag_extract_putevoy_list.py
[2026-07-24T16:15:51.453+0000] {logging_mixin.py:190} INFO - [2026-07-24T16:15:51.453+0000] {dag.py:3239} INFO - Sync 1 DAGs
[2026-07-24T16:15:51.464+0000] {logging_mixin.py:190} INFO - [2026-07-24T16:15:51.464+0000] {dag.py:4180} INFO - Setting next_dagrun for dag_extract_putevoy_list to 2026-07-24 02:00:00+00:00, run_after=2026-07-25 02:00:00+00:00
[2026-07-24T16:15:51.471+0000] {processor.py:208} INFO - Processing /opt/airflow/dags/dag_extract_putevoy_list.py took 0.052 seconds
[2026-07-24T16:16:21.852+0000] {processor.py:186} INFO - Started process (PID=35986) to work on /opt/airflow/dags/dag_extract_putevoy_list.py
[2026-07-24T16:16:21.853+0000] {processor.py:914} INFO - Processing file /opt/airflow/dags/dag_extract_putevoy_list.py for tasks to queue
[2026-07-24T16:16:21.855+0000] {logging_mixin.py:190} INFO - [2026-07-24T16:16:21.855+0000] {dagbag.py:588} INFO - Filling up the DagBag from /opt/airflow/dags/dag_extract_putevoy_list.py
[2026-07-24T16:16:21.864+0000] {processor.py:925} INFO - DAG(s) 'dag_extract_putevoy_list' retrieved from /opt/airflow/dags/dag_extract_putevoy_list.py
[2026-07-24T16:16:21.878+0000] {logging_mixin.py:190} INFO - [2026-07-24T16:16:21.878+0000] {dag.py:3239} INFO - Sync 1 DAGs
[2026-07-24T16:16:21.888+0000] {logging_mixin.py:190} INFO - [2026-07-24T16:16:21.888+0000] {dag.py:4180} INFO - Setting next_dagrun for dag_extract_putevoy_list to 2026-07-24 02:00:00+00:00, run_after=2026-07-25 02:00:00+00:00
[2026-07-24T16:16:21.899+0000] {processor.py:208} INFO - Processing /opt/airflow/dags/dag_extract_putevoy_list.py took 0.051 seconds
[2026-07-24T16:16:52.347+0000] {processor.py:186} INFO - Started process (PID=36006) to work on /opt/airflow/dags/dag_extract_putevoy_list.py
[2026-07-24T16:16:52.348+0000] {processor.py:914} INFO - Processing file /opt/airflow/dags/dag_extract_putevoy_list.py for tasks to queue
[2026-07-24T16:16:52.349+0000] {logging_mixin.py:190} INFO - [2026-07-24T16:16:52.349+0000] {dagbag.py:588} INFO - Filling up the DagBag from /opt/airflow/dags/dag_extract_putevoy_list.py
[2026-07-24T16:16:52.358+0000] {processor.py:925} INFO - DAG(s) 'dag_extract_putevoy_list' retrieved from /opt/airflow/dags/dag_extract_putevoy_list.py
[2026-07-24T16:16:52.375+0000] {logging_mixin.py:190} INFO - [2026-07-24T16:16:52.375+0000] {dag.py:3239} INFO - Sync 1 DAGs
[2026-07-24T16:16:52.384+0000] {logging_mixin.py:190} INFO - [2026-07-24T16:16:52.384+0000] {dag.py:4180} INFO - Setting next_dagrun for dag_extract_putevoy_list to 2026-07-24 02:00:00+00:00, run_after=2026-07-25 02:00:00+00:00
[2026-07-24T16:16:52.393+0000] {processor.py:208} INFO - Processing /opt/airflow/dags/dag_extract_putevoy_list.py took 0.050 seconds
[2026-07-24T16:17:22.770+0000] {processor.py:186} INFO - Started process (PID=36026) to work on /opt/airflow/dags/dag_extract_putevoy_list.py
[2026-07-24T16:17:22.771+0000] {processor.py:914} INFO - Processing file /opt/airflow/dags/dag_extract_putevoy_list.py for tasks to queue
[2026-07-24T16:17:22.775+0000] {logging_mixin.py:190} INFO - [2026-07-24T16:17:22.775+0000] {dagbag.py:588} INFO - Filling up the DagBag from /opt/airflow/dags/dag_extract_putevoy_list.py
[2026-07-24T16:17:22.781+0000] {processor.py:925} INFO - DAG(s) 'dag_extract_putevoy_list' retrieved from /opt/airflow/dags/dag_extract_putevoy_list.py
[2026-07-24T16:17:22.797+0000] {logging_mixin.py:190} INFO - [2026-07-24T16:17:22.797+0000] {dag.py:3239} INFO - Sync 1 DAGs
[2026-07-24T16:17:22.806+0000] {logging_mixin.py:190} INFO - [2026-07-24T16:17:22.805+0000] {dag.py:4180} INFO - Setting next_dagrun for dag_extract_putevoy_list to 2026-07-24 02:00:00+00:00, run_after=2026-07-25 02:00:00+00:00
[2026-07-24T16:17:22.813+0000] {processor.py:208} INFO - Processing /opt/airflow/dags/dag_extract_putevoy_list.py took 0.046 seconds
[2026-07-24T16:17:53.209+0000] {processor.py:186} INFO - Started process (PID=36046) to work on /opt/airflow/dags/dag_extract_putevoy_list.py
[2026-07-24T16:17:53.210+0000] {processor.py:914} INFO - Processing file /opt/airflow/dags/dag_extract_putevoy_list.py for tasks to queue
[2026-07-24T16:17:53.215+0000] {logging_mixin.py:190} INFO - [2026-07-24T16:17:53.215+0000] {dagbag.py:588} INFO - Filling up the DagBag from /opt/airflow/dags/dag_extract_putevoy_list.py
[2026-07-24T16:17:53.224+0000] {processor.py:925} INFO - DAG(s) 'dag_extract_putevoy_list' retrieved from /opt/airflow/dags/dag_extract_putevoy_list.py
[2026-07-24T16:17:53.238+0000] {logging_mixin.py:190} INFO - [2026-07-24T16:17:53.238+0000] {dag.py:3239} INFO - Sync 1 DAGs
[2026-07-24T16:17:53.247+0000] {logging_mixin.py:190} INFO - [2026-07-24T16:17:53.247+0000] {dag.py:4180} INFO - Setting next_dagrun for dag_extract_putevoy_list to 2026-07-24 02:00:00+00:00, run_after=2026-07-25 02:00:00+00:00
[2026-07-24T16:17:53.255+0000] {processor.py:208} INFO - Processing /opt/airflow/dags/dag_extract_putevoy_list.py took 0.052 seconds
[2026-07-24T16:18:23.638+0000] {processor.py:186} INFO - Started process (PID=36066) to work on /opt/airflow/dags/dag_extract_putevoy_list.py
[2026-07-24T16:18:23.638+0000] {processor.py:914} INFO - Processing file /opt/airflow/dags/dag_extract_putevoy_list.py for tasks to queue
[2026-07-24T16:18:23.640+0000] {logging_mixin.py:190} INFO - [2026-07-24T16:18:23.639+0000] {dagbag.py:588} INFO - Filling up the DagBag from /opt/airflow/dags/dag_extract_putevoy_list.py
[2026-07-24T16:18:23.649+0000] {processor.py:925} INFO - DAG(s) 'dag_extract_putevoy_list' retrieved from /opt/airflow/dags/dag_extract_putevoy_list.py
[2026-07-24T16:18:23.664+0000] {logging_mixin.py:190} INFO - [2026-07-24T16:18:23.664+0000] {dag.py:3239} INFO - Sync 1 DAGs
[2026-07-24T16:18:23.677+0000] {logging_mixin.py:190} INFO - [2026-07-24T16:18:23.677+0000] {dag.py:4180} INFO - Setting next_dagrun for dag_extract_putevoy_list to 2026-07-24 02:00:00+00:00, run_after=2026-07-25 02:00:00+00:00
[2026-07-24T16:18:23.693+0000] {processor.py:208} INFO - Processing /opt/airflow/dags/dag_extract_putevoy_list.py took 0.059 seconds
[2026-07-24T16:18:54.040+0000] {processor.py:186} INFO - Started process (PID=36086) to work on /opt/airflow/dags/dag_extract_putevoy_list.py
[2026-07-24T16:18:54.041+0000] {processor.py:914} INFO - Processing file /opt/airflow/dags/dag_extract_putevoy_list.py for tasks to queue
[2026-07-24T16:18:54.044+0000] {logging_mixin.py:190} INFO - [2026-07-24T16:18:54.043+0000] {dagbag.py:588} INFO - Filling up the DagBag from /opt/airflow/dags/dag_extract_putevoy_list.py
[2026-07-24T16:18:54.057+0000] {processor.py:925} INFO - DAG(s) 'dag_extract_putevoy_list' retrieved from /opt/airflow/dags/dag_extract_putevoy_list.py
[2026-07-24T16:18:54.076+0000] {logging_mixin.py:190} INFO - [2026-07-24T16:18:54.076+0000] {dag.py:3239} INFO - Sync 1 DAGs
[2026-07-24T16:18:54.088+0000] {logging_mixin.py:190} INFO - [2026-07-24T16:18:54.088+0000] {dag.py:4180} INFO - Setting next_dagrun for dag_extract_putevoy_list to 2026-07-24 02:00:00+00:00, run_after=2026-07-25 02:00:00+00:00
[2026-07-24T16:18:54.097+0000] {processor.py:208} INFO - Processing /opt/airflow/dags/dag_extract_putevoy_list.py took 0.063 seconds
[2026-07-24T16:19:24.510+0000] {processor.py:186} INFO - Started process (PID=36106) to work on /opt/airflow/dags/dag_extract_putevoy_list.py
[2026-07-24T16:19:24.511+0000] {processor.py:914} INFO - Processing file /opt/airflow/dags/dag_extract_putevoy_list.py for tasks to queue
[2026-07-24T16:19:24.515+0000] {logging_mixin.py:190} INFO - [2026-07-24T16:19:24.515+0000] {dagbag.py:588} INFO - Filling up the DagBag from /opt/airflow/dags/dag_extract_putevoy_list.py
[2026-07-24T16:19:24.524+0000] {processor.py:925} INFO - DAG(s) 'dag_extract_putevoy_list' retrieved from /opt/airflow/dags/dag_extract_putevoy_list.py
[2026-07-24T16:19:24.538+0000] {logging_mixin.py:190} INFO - [2026-07-24T16:19:24.538+0000] {dag.py:3239} INFO - Sync 1 DAGs
[2026-07-24T16:19:24.550+0000] {logging_mixin.py:190} INFO - [2026-07-24T16:19:24.549+0000] {dag.py:4180} INFO - Setting next_dagrun for dag_extract_putevoy_list to 2026-07-24 02:00:00+00:00, run_after=2026-07-25 02:00:00+00:00
[2026-07-24T16:19:24.559+0000] {processor.py:208} INFO - Processing /opt/airflow/dags/dag_extract_putevoy_list.py took 0.054 seconds
[2026-07-24T16:19:54.927+0000] {processor.py:186} INFO - Started process (PID=36126) to work on /opt/airflow/dags/dag_extract_putevoy_list.py
[2026-07-24T16:19:54.929+0000] {processor.py:914} INFO - Processing file /opt/airflow/dags/dag_extract_putevoy_list.py for tasks to queue
[2026-07-24T16:19:54.931+0000] {logging_mixin.py:190} INFO - [2026-07-24T16:19:54.931+0000] {dagbag.py:588} INFO - Filling up the DagBag from /opt/airflow/dags/dag_extract_putevoy_list.py
[2026-07-24T16:19:54.939+0000] {processor.py:925} INFO - DAG(s) 'dag_extract_putevoy_list' retrieved from /opt/airflow/dags/dag_extract_putevoy_list.py
[2026-07-24T16:19:54.953+0000] {logging_mixin.py:190} INFO - [2026-07-24T16:19:54.952+0000] {dag.py:3239} INFO - Sync 1 DAGs
[2026-07-24T16:19:54.963+0000] {logging_mixin.py:190} INFO - [2026-07-24T16:19:54.963+0000] {dag.py:4180} INFO - Setting next_dagrun for dag_extract_putevoy_list to 2026-07-24 02:00:00+00:00, run_after=2026-07-25 02:00:00+00:00
[2026-07-24T16:19:54.972+0000] {processor.py:208} INFO - Processing /opt/airflow/dags/dag_extract_putevoy_list.py took 0.052 seconds
[2026-07-24T16:20:25.405+0000] {processor.py:186} INFO - Started process (PID=36149) to work on /opt/airflow/dags/dag_extract_putevoy_list.py
[2026-07-24T16:20:25.407+0000] {processor.py:914} INFO - Processing file /opt/airflow/dags/dag_extract_putevoy_list.py for tasks to queue
[2026-07-24T16:20:25.410+0000] {logging_mixin.py:190} INFO - [2026-07-24T16:20:25.409+0000] {dagbag.py:588} INFO - Filling up the DagBag from /opt/airflow/dags/dag_extract_putevoy_list.py
[2026-07-24T16:20:25.418+0000] {processor.py:925} INFO - DAG(s) 'dag_extract_putevoy_list' retrieved from /opt/airflow/dags/dag_extract_putevoy_list.py
[2026-07-24T16:20:25.436+0000] {logging_mixin.py:190} INFO - [2026-07-24T16:20:25.435+0000] {dag.py:3239} INFO - Sync 1 DAGs
[2026-07-24T16:20:25.446+0000] {logging_mixin.py:190} INFO - [2026-07-24T16:20:25.446+0000] {dag.py:4180} INFO - Setting next_dagrun for dag_extract_putevoy_list to 2026-07-24 02:00:00+00:00, run_after=2026-07-25 02:00:00+00:00
[2026-07-24T16:20:25.455+0000] {processor.py:208} INFO - Processing /opt/airflow/dags/dag_extract_putevoy_list.py took 0.055 seconds
[2026-07-24T16:24:07.640+0000] {processor.py:186} INFO - Started process (PID=36169) to work on /opt/airflow/dags/dag_extract_putevoy_list.py
[2026-07-24T16:24:07.641+0000] {processor.py:914} INFO - Processing file /opt/airflow/dags/dag_extract_putevoy_list.py for tasks to queue
[2026-07-24T16:24:07.645+0000] {logging_mixin.py:190} INFO - [2026-07-24T16:24:07.644+0000] {dagbag.py:588} INFO - Filling up the DagBag from /opt/airflow/dags/dag_extract_putevoy_list.py
[2026-07-24T16:24:07.661+0000] {processor.py:925} INFO - DAG(s) 'dag_extract_putevoy_list' retrieved from /opt/airflow/dags/dag_extract_putevoy_list.py
[2026-07-24T16:24:07.685+0000] {logging_mixin.py:190} INFO - [2026-07-24T16:24:07.685+0000] {dag.py:3239} INFO - Sync 1 DAGs
[2026-07-24T16:24:07.703+0000] {logging_mixin.py:190} INFO - [2026-07-24T16:24:07.703+0000] {dag.py:4180} INFO - Setting next_dagrun for dag_extract_putevoy_list to 2026-07-24 02:00:00+00:00, run_after=2026-07-25 02:00:00+00:00
[2026-07-24T16:24:07.713+0000] {processor.py:208} INFO - Processing /opt/airflow/dags/dag_extract_putevoy_list.py took 0.077 seconds
[2026-07-24T17:44:12.798+0000] {processor.py:186} INFO - Started process (PID=36189) to work on /opt/airflow/dags/dag_extract_putevoy_list.py
[2026-07-24T17:44:12.798+0000] {processor.py:914} INFO - Processing file /opt/airflow/dags/dag_extract_putevoy_list.py for tasks to queue
[2026-07-24T17:44:12.801+0000] {logging_mixin.py:190} INFO - [2026-07-24T17:44:12.801+0000] {dagbag.py:588} INFO - Filling up the DagBag from /opt/airflow/dags/dag_extract_putevoy_list.py
[2026-07-24T17:44:12.811+0000] {processor.py:925} INFO - DAG(s) 'dag_extract_putevoy_list' retrieved from /opt/airflow/dags/dag_extract_putevoy_list.py
[2026-07-24T17:44:12.825+0000] {logging_mixin.py:190} INFO - [2026-07-24T17:44:12.825+0000] {dag.py:3239} INFO - Sync 1 DAGs
[2026-07-24T17:44:12.834+0000] {logging_mixin.py:190} INFO - [2026-07-24T17:44:12.834+0000] {dag.py:4180} INFO - Setting next_dagrun for dag_extract_putevoy_list to 2026-07-24 02:00:00+00:00, run_after=2026-07-25 02:00:00+00:00
[2026-07-24T17:44:12.842+0000] {processor.py:208} INFO - Processing /opt/airflow/dags/dag_extract_putevoy_list.py took 0.048 seconds
[2026-07-24T18:17:01.026+0000] {processor.py:186} INFO - Started process (PID=36209) to work on /opt/airflow/dags/dag_extract_putevoy_list.py
[2026-07-24T18:17:01.027+0000] {processor.py:914} INFO - Processing file /opt/airflow/dags/dag_extract_putevoy_list.py for tasks to queue
[2026-07-24T18:17:01.029+0000] {logging_mixin.py:190} INFO - [2026-07-24T18:17:01.029+0000] {dagbag.py:588} INFO - Filling up the DagBag from /opt/airflow/dags/dag_extract_putevoy_list.py
[2026-07-24T18:17:01.052+0000] {processor.py:925} INFO - DAG(s) 'dag_extract_putevoy_list' retrieved from /opt/airflow/dags/dag_extract_putevoy_list.py
[2026-07-24T18:17:01.077+0000] {logging_mixin.py:190} INFO - [2026-07-24T18:17:01.077+0000] {dag.py:3239} INFO - Sync 1 DAGs
[2026-07-24T18:17:01.236+0000] {logging_mixin.py:190} INFO - [2026-07-24T18:17:01.236+0000] {dag.py:4180} INFO - Setting next_dagrun for dag_extract_putevoy_list to 2026-07-24 02:00:00+00:00, run_after=2026-07-25 02:00:00+00:00
[2026-07-24T18:17:01.244+0000] {processor.py:208} INFO - Processing /opt/airflow/dags/dag_extract_putevoy_list.py took 0.221 seconds
[2026-07-24T19:22:34.054+0000] {processor.py:186} INFO - Started process (PID=36235) to work on /opt/airflow/dags/dag_extract_putevoy_list.py
[2026-07-24T19:22:34.054+0000] {processor.py:914} INFO - Processing file /opt/airflow/dags/dag_extract_putevoy_list.py for tasks to queue
[2026-07-24T19:22:34.055+0000] {logging_mixin.py:190} INFO - [2026-07-24T19:22:34.055+0000] {dagbag.py:588} INFO - Filling up the DagBag from /opt/airflow/dags/dag_extract_putevoy_list.py
[2026-07-24T19:22:34.061+0000] {processor.py:925} INFO - DAG(s) 'dag_extract_putevoy_list' retrieved from /opt/airflow/dags/dag_extract_putevoy_list.py
[2026-07-24T19:22:34.070+0000] {logging_mixin.py:190} INFO - [2026-07-24T19:22:34.070+0000] {dag.py:3239} INFO - Sync 1 DAGs
[2026-07-24T19:22:34.078+0000] {logging_mixin.py:190} INFO - [2026-07-24T19:22:34.078+0000] {dag.py:4180} INFO - Setting next_dagrun for dag_extract_putevoy_list to 2026-07-24 02:00:00+00:00, run_after=2026-07-25 02:00:00+00:00
[2026-07-24T19:22:34.084+0000] {processor.py:208} INFO - Processing /opt/airflow/dags/dag_extract_putevoy_list.py took 0.033 seconds
[2026-07-24T20:41:11.752+0000] {processor.py:186} INFO - Started process (PID=36258) to work on /opt/airflow/dags/dag_extract_putevoy_list.py
[2026-07-24T20:41:11.753+0000] {processor.py:914} INFO - Processing file /opt/airflow/dags/dag_extract_putevoy_list.py for tasks to queue
[2026-07-24T20:41:11.755+0000] {logging_mixin.py:190} INFO - [2026-07-24T20:41:11.755+0000] {dagbag.py:588} INFO - Filling up the DagBag from /opt/airflow/dags/dag_extract_putevoy_list.py
[2026-07-24T20:41:11.766+0000] {processor.py:925} INFO - DAG(s) 'dag_extract_putevoy_list' retrieved from /opt/airflow/dags/dag_extract_putevoy_list.py
[2026-07-24T20:41:11.783+0000] {logging_mixin.py:190} INFO - [2026-07-24T20:41:11.783+0000] {dag.py:3239} INFO - Sync 1 DAGs
[2026-07-24T20:41:11.799+0000] {logging_mixin.py:190} INFO - [2026-07-24T20:41:11.799+0000] {dag.py:4180} INFO - Setting next_dagrun for dag_extract_putevoy_list to 2026-07-24 02:00:00+00:00, run_after=2026-07-25 02:00:00+00:00
[2026-07-24T20:41:11.807+0000] {processor.py:208} INFO - Processing /opt/airflow/dags/dag_extract_putevoy_list.py took 0.060 seconds
[2026-07-24T22:19:34.508+0000] {processor.py:186} INFO - Started process (PID=36281) to work on /opt/airflow/dags/dag_extract_putevoy_list.py
[2026-07-24T22:19:34.509+0000] {processor.py:914} INFO - Processing file /opt/airflow/dags/dag_extract_putevoy_list.py for tasks to queue
[2026-07-24T22:19:34.510+0000] {logging_mixin.py:190} INFO - [2026-07-24T22:19:34.510+0000] {dagbag.py:588} INFO - Filling up the DagBag from /opt/airflow/dags/dag_extract_putevoy_list.py
[2026-07-24T22:19:34.523+0000] {processor.py:925} INFO - DAG(s) 'dag_extract_putevoy_list' retrieved from /opt/airflow/dags/dag_extract_putevoy_list.py
[2026-07-24T22:19:34.544+0000] {logging_mixin.py:190} INFO - [2026-07-24T22:19:34.544+0000] {dag.py:3239} INFO - Sync 1 DAGs
[2026-07-24T22:19:34.693+0000] {logging_mixin.py:190} INFO - [2026-07-24T22:19:34.693+0000] {dag.py:4180} INFO - Setting next_dagrun for dag_extract_putevoy_list to 2026-07-24 02:00:00+00:00, run_after=2026-07-25 02:00:00+00:00
[2026-07-24T22:19:34.702+0000] {processor.py:208} INFO - Processing /opt/airflow/dags/dag_extract_putevoy_list.py took 0.197 seconds
[2026-07-24T23:38:41.758+0000] {processor.py:186} INFO - Started process (PID=36305) to work on /opt/airflow/dags/dag_extract_putevoy_list.py
[2026-07-24T23:38:41.759+0000] {processor.py:914} INFO - Processing file /opt/airflow/dags/dag_extract_putevoy_list.py for tasks to queue
[2026-07-24T23:38:41.762+0000] {logging_mixin.py:190} INFO - [2026-07-24T23:38:41.761+0000] {dagbag.py:588} INFO - Filling up the DagBag from /opt/airflow/dags/dag_extract_putevoy_list.py
[2026-07-24T23:38:41.774+0000] {processor.py:925} INFO - DAG(s) 'dag_extract_putevoy_list' retrieved from /opt/airflow/dags/dag_extract_putevoy_list.py
[2026-07-24T23:38:41.790+0000] {logging_mixin.py:190} INFO - [2026-07-24T23:38:41.790+0000] {dag.py:3239} INFO - Sync 1 DAGs
[2026-07-24T23:38:41.805+0000] {logging_mixin.py:190} INFO - [2026-07-24T23:38:41.805+0000] {dag.py:4180} INFO - Setting next_dagrun for dag_extract_putevoy_list to 2026-07-24 02:00:00+00:00, run_after=2026-07-25 02:00:00+00:00
[2026-07-24T23:38:41.816+0000] {processor.py:208} INFO - Processing /opt/airflow/dags/dag_extract_putevoy_list.py took 0.061 seconds
[2026-07-24T23:43:31.700+0000] {processor.py:186} INFO - Started process (PID=36327) to work on /opt/airflow/dags/dag_extract_putevoy_list.py
[2026-07-24T23:43:31.701+0000] {processor.py:914} INFO - Processing file /opt/airflow/dags/dag_extract_putevoy_list.py for tasks to queue
[2026-07-24T23:43:31.702+0000] {logging_mixin.py:190} INFO - [2026-07-24T23:43:31.702+0000] {dagbag.py:588} INFO - Filling up the DagBag from /opt/airflow/dags/dag_extract_putevoy_list.py
[2026-07-24T23:43:31.709+0000] {processor.py:925} INFO - DAG(s) 'dag_extract_putevoy_list' retrieved from /opt/airflow/dags/dag_extract_putevoy_list.py
[2026-07-24T23:43:31.721+0000] {logging_mixin.py:190} INFO - [2026-07-24T23:43:31.721+0000] {dag.py:3239} INFO - Sync 1 DAGs
[2026-07-24T23:43:31.733+0000] {logging_mixin.py:190} INFO - [2026-07-24T23:43:31.733+0000] {dag.py:4180} INFO - Setting next_dagrun for dag_extract_putevoy_list to 2026-07-24 02:00:00+00:00, run_after=2026-07-25 02:00:00+00:00
[2026-07-24T23:43:31.740+0000] {processor.py:208} INFO - Processing /opt/airflow/dags/dag_extract_putevoy_list.py took 0.043 seconds
[2026-07-24T23:53:14.113+0000] {processor.py:186} INFO - Started process (PID=36350) to work on /opt/airflow/dags/dag_extract_putevoy_list.py
[2026-07-24T23:53:14.114+0000] {processor.py:914} INFO - Processing file /opt/airflow/dags/dag_extract_putevoy_list.py for tasks to queue
[2026-07-24T23:53:14.118+0000] {logging_mixin.py:190} INFO - [2026-07-24T23:53:14.117+0000] {dagbag.py:588} INFO - Filling up the DagBag from /opt/airflow/dags/dag_extract_putevoy_list.py
[2026-07-24T23:53:14.127+0000] {processor.py:925} INFO - DAG(s) 'dag_extract_putevoy_list' retrieved from /opt/airflow/dags/dag_extract_putevoy_list.py
[2026-07-24T23:53:14.146+0000] {logging_mixin.py:190} INFO - [2026-07-24T23:53:14.146+0000] {dag.py:3239} INFO - Sync 1 DAGs
[2026-07-24T23:53:14.243+0000] {logging_mixin.py:190} INFO - [2026-07-24T23:53:14.243+0000] {dag.py:4180} INFO - Setting next_dagrun for dag_extract_putevoy_list to 2026-07-24 02:00:00+00:00, run_after=2026-07-25 02:00:00+00:00
[2026-07-24T23:53:14.250+0000] {processor.py:208} INFO - Processing /opt/airflow/dags/dag_extract_putevoy_list.py took 0.141 seconds
