[2026-07-24T00:08:56.687+0000] {processor.py:186} INFO - Started process (PID=34812) to work on /opt/airflow/dags/dag_extract_dvizhenie.py
[2026-07-24T00:08:56.688+0000] {processor.py:914} INFO - Processing file /opt/airflow/dags/dag_extract_dvizhenie.py for tasks to queue
[2026-07-24T00:08:56.689+0000] {logging_mixin.py:190} INFO - [2026-07-24T00:08:56.689+0000] {dagbag.py:588} INFO - Filling up the DagBag from /opt/airflow/dags/dag_extract_dvizhenie.py
[2026-07-24T00:08:56.693+0000] {processor.py:925} INFO - DAG(s) 'dag_extract_dvizhenie' retrieved from /opt/airflow/dags/dag_extract_dvizhenie.py
[2026-07-24T00:08:56.704+0000] {logging_mixin.py:190} INFO - [2026-07-24T00:08:56.704+0000] {dag.py:3239} INFO - Sync 1 DAGs
[2026-07-24T00:08:56.716+0000] {processor.py:208} INFO - Processing /opt/airflow/dags/dag_extract_dvizhenie.py took 0.031 seconds
[2026-07-24T00:42:37.411+0000] {processor.py:186} INFO - Started process (PID=34835) to work on /opt/airflow/dags/dag_extract_dvizhenie.py
[2026-07-24T00:42:37.412+0000] {processor.py:914} INFO - Processing file /opt/airflow/dags/dag_extract_dvizhenie.py for tasks to queue
[2026-07-24T00:42:37.413+0000] {logging_mixin.py:190} INFO - [2026-07-24T00:42:37.412+0000] {dagbag.py:588} INFO - Filling up the DagBag from /opt/airflow/dags/dag_extract_dvizhenie.py
[2026-07-24T00:42:37.417+0000] {processor.py:925} INFO - DAG(s) 'dag_extract_dvizhenie' retrieved from /opt/airflow/dags/dag_extract_dvizhenie.py
[2026-07-24T00:42:37.426+0000] {logging_mixin.py:190} INFO - [2026-07-24T00:42:37.426+0000] {dag.py:3239} INFO - Sync 1 DAGs
[2026-07-24T00:42:37.437+0000] {processor.py:208} INFO - Processing /opt/airflow/dags/dag_extract_dvizhenie.py took 0.029 seconds
[2026-07-24T01:34:16.981+0000] {processor.py:186} INFO - Started process (PID=34855) to work on /opt/airflow/dags/dag_extract_dvizhenie.py
[2026-07-24T01:34:16.983+0000] {processor.py:914} INFO - Processing file /opt/airflow/dags/dag_extract_dvizhenie.py for tasks to queue
[2026-07-24T01:34:16.984+0000] {logging_mixin.py:190} INFO - [2026-07-24T01:34:16.983+0000] {dagbag.py:588} INFO - Filling up the DagBag from /opt/airflow/dags/dag_extract_dvizhenie.py
[2026-07-24T01:34:16.989+0000] {processor.py:925} INFO - DAG(s) 'dag_extract_dvizhenie' retrieved from /opt/airflow/dags/dag_extract_dvizhenie.py
[2026-07-24T01:34:17.001+0000] {logging_mixin.py:190} INFO - [2026-07-24T01:34:17.001+0000] {dag.py:3239} INFO - Sync 1 DAGs
[2026-07-24T01:34:17.019+0000] {processor.py:208} INFO - Processing /opt/airflow/dags/dag_extract_dvizhenie.py took 0.040 seconds
[2026-07-24T01:58:11.051+0000] {processor.py:186} INFO - Started process (PID=34899) to work on /opt/airflow/dags/dag_extract_dvizhenie.py
[2026-07-24T01:58:11.052+0000] {processor.py:914} INFO - Processing file /opt/airflow/dags/dag_extract_dvizhenie.py for tasks to queue
[2026-07-24T01:58:11.053+0000] {logging_mixin.py:190} INFO - [2026-07-24T01:58:11.052+0000] {dagbag.py:588} INFO - Filling up the DagBag from /opt/airflow/dags/dag_extract_dvizhenie.py
[2026-07-24T01:58:11.057+0000] {processor.py:925} INFO - DAG(s) 'dag_extract_dvizhenie' retrieved from /opt/airflow/dags/dag_extract_dvizhenie.py
[2026-07-24T01:58:11.066+0000] {logging_mixin.py:190} INFO - [2026-07-24T01:58:11.066+0000] {dag.py:3239} INFO - Sync 1 DAGs
[2026-07-24T01:58:11.074+0000] {logging_mixin.py:190} INFO - [2026-07-24T01:58:11.074+0000] {dag.py:4180} INFO - Setting next_dagrun for dag_extract_dvizhenie to 2026-07-24 00:00:00+00:00, run_after=2026-07-24 02:00:00+00:00
[2026-07-24T01:58:11.079+0000] {processor.py:208} INFO - Processing /opt/airflow/dags/dag_extract_dvizhenie.py took 0.030 seconds
[2026-07-24T02:45:46.328+0000] {processor.py:186} INFO - Started process (PID=34919) to work on /opt/airflow/dags/dag_extract_dvizhenie.py
[2026-07-24T02:45:46.328+0000] {processor.py:914} INFO - Processing file /opt/airflow/dags/dag_extract_dvizhenie.py for tasks to queue
[2026-07-24T02:45:46.329+0000] {logging_mixin.py:190} INFO - [2026-07-24T02:45:46.329+0000] {dagbag.py:588} INFO - Filling up the DagBag from /opt/airflow/dags/dag_extract_dvizhenie.py
[2026-07-24T02:45:46.333+0000] {processor.py:925} INFO - DAG(s) 'dag_extract_dvizhenie' retrieved from /opt/airflow/dags/dag_extract_dvizhenie.py
[2026-07-24T02:45:46.343+0000] {logging_mixin.py:190} INFO - [2026-07-24T02:45:46.343+0000] {dag.py:3239} INFO - Sync 1 DAGs
[2026-07-24T02:45:46.350+0000] {logging_mixin.py:190} INFO - [2026-07-24T02:45:46.350+0000] {dag.py:4180} INFO - Setting next_dagrun for dag_extract_dvizhenie to 2026-07-24 00:00:00+00:00, run_after=2026-07-24 02:00:00+00:00
[2026-07-24T02:45:46.355+0000] {processor.py:208} INFO - Processing /opt/airflow/dags/dag_extract_dvizhenie.py took 0.030 seconds
[2026-07-24T03:20:14.427+0000] {processor.py:186} INFO - Started process (PID=34956) to work on /opt/airflow/dags/dag_extract_dvizhenie.py
[2026-07-24T03:20:14.427+0000] {processor.py:914} INFO - Processing file /opt/airflow/dags/dag_extract_dvizhenie.py for tasks to queue
[2026-07-24T03:20:14.428+0000] {logging_mixin.py:190} INFO - [2026-07-24T03:20:14.428+0000] {dagbag.py:588} INFO - Filling up the DagBag from /opt/airflow/dags/dag_extract_dvizhenie.py
[2026-07-24T03:20:14.434+0000] {processor.py:925} INFO - DAG(s) 'dag_extract_dvizhenie' retrieved from /opt/airflow/dags/dag_extract_dvizhenie.py
[2026-07-24T03:20:14.447+0000] {logging_mixin.py:190} INFO - [2026-07-24T03:20:14.447+0000] {dag.py:3239} INFO - Sync 1 DAGs
[2026-07-24T03:20:14.464+0000] {processor.py:208} INFO - Processing /opt/airflow/dags/dag_extract_dvizhenie.py took 0.040 seconds
[2026-07-24T03:51:57.294+0000] {processor.py:186} INFO - Started process (PID=34979) to work on /opt/airflow/dags/dag_extract_dvizhenie.py
[2026-07-24T03:51:57.294+0000] {processor.py:914} INFO - Processing file /opt/airflow/dags/dag_extract_dvizhenie.py for tasks to queue
[2026-07-24T03:51:57.297+0000] {logging_mixin.py:190} INFO - [2026-07-24T03:51:57.297+0000] {dagbag.py:588} INFO - Filling up the DagBag from /opt/airflow/dags/dag_extract_dvizhenie.py
[2026-07-24T03:51:57.302+0000] {processor.py:925} INFO - DAG(s) 'dag_extract_dvizhenie' retrieved from /opt/airflow/dags/dag_extract_dvizhenie.py
[2026-07-24T03:51:57.319+0000] {logging_mixin.py:190} INFO - [2026-07-24T03:51:57.318+0000] {dag.py:3239} INFO - Sync 1 DAGs
[2026-07-24T03:51:57.334+0000] {processor.py:208} INFO - Processing /opt/airflow/dags/dag_extract_dvizhenie.py took 0.043 seconds
[2026-07-24T04:48:15.818+0000] {processor.py:186} INFO - Started process (PID=35027) to work on /opt/airflow/dags/dag_extract_dvizhenie.py
[2026-07-24T04:48:15.818+0000] {processor.py:914} INFO - Processing file /opt/airflow/dags/dag_extract_dvizhenie.py for tasks to queue
[2026-07-24T04:48:15.819+0000] {logging_mixin.py:190} INFO - [2026-07-24T04:48:15.819+0000] {dagbag.py:588} INFO - Filling up the DagBag from /opt/airflow/dags/dag_extract_dvizhenie.py
[2026-07-24T04:48:15.824+0000] {processor.py:925} INFO - DAG(s) 'dag_extract_dvizhenie' retrieved from /opt/airflow/dags/dag_extract_dvizhenie.py
[2026-07-24T04:48:15.833+0000] {logging_mixin.py:190} INFO - [2026-07-24T04:48:15.833+0000] {dag.py:3239} INFO - Sync 1 DAGs
[2026-07-24T04:48:15.845+0000] {processor.py:208} INFO - Processing /opt/airflow/dags/dag_extract_dvizhenie.py took 0.029 seconds
[2026-07-24T06:01:10.862+0000] {processor.py:186} INFO - Started process (PID=35059) to work on /opt/airflow/dags/dag_extract_dvizhenie.py
[2026-07-24T06:01:10.862+0000] {processor.py:914} INFO - Processing file /opt/airflow/dags/dag_extract_dvizhenie.py for tasks to queue
[2026-07-24T06:01:10.864+0000] {logging_mixin.py:190} INFO - [2026-07-24T06:01:10.863+0000] {dagbag.py:588} INFO - Filling up the DagBag from /opt/airflow/dags/dag_extract_dvizhenie.py
[2026-07-24T06:01:10.870+0000] {processor.py:925} INFO - DAG(s) 'dag_extract_dvizhenie' retrieved from /opt/airflow/dags/dag_extract_dvizhenie.py
[2026-07-24T06:01:10.883+0000] {logging_mixin.py:190} INFO - [2026-07-24T06:01:10.883+0000] {dag.py:3239} INFO - Sync 1 DAGs
[2026-07-24T06:01:10.895+0000] {processor.py:208} INFO - Processing /opt/airflow/dags/dag_extract_dvizhenie.py took 0.036 seconds
[2026-07-24T06:48:45.349+0000] {processor.py:186} INFO - Started process (PID=35082) to work on /opt/airflow/dags/dag_extract_dvizhenie.py
[2026-07-24T06:48:45.350+0000] {processor.py:914} INFO - Processing file /opt/airflow/dags/dag_extract_dvizhenie.py for tasks to queue
[2026-07-24T06:48:45.351+0000] {logging_mixin.py:190} INFO - [2026-07-24T06:48:45.351+0000] {dagbag.py:588} INFO - Filling up the DagBag from /opt/airflow/dags/dag_extract_dvizhenie.py
[2026-07-24T06:48:45.356+0000] {processor.py:925} INFO - DAG(s) 'dag_extract_dvizhenie' retrieved from /opt/airflow/dags/dag_extract_dvizhenie.py
[2026-07-24T06:48:45.368+0000] {logging_mixin.py:190} INFO - [2026-07-24T06:48:45.368+0000] {dag.py:3239} INFO - Sync 1 DAGs
[2026-07-24T06:48:45.381+0000] {processor.py:208} INFO - Processing /opt/airflow/dags/dag_extract_dvizhenie.py took 0.035 seconds
[2026-07-24T07:45:57.014+0000] {processor.py:186} INFO - Started process (PID=35105) to work on /opt/airflow/dags/dag_extract_dvizhenie.py
[2026-07-24T07:45:57.014+0000] {processor.py:914} INFO - Processing file /opt/airflow/dags/dag_extract_dvizhenie.py for tasks to queue
[2026-07-24T07:45:57.015+0000] {logging_mixin.py:190} INFO - [2026-07-24T07:45:57.015+0000] {dagbag.py:588} INFO - Filling up the DagBag from /opt/airflow/dags/dag_extract_dvizhenie.py
[2026-07-24T07:45:57.019+0000] {processor.py:925} INFO - DAG(s) 'dag_extract_dvizhenie' retrieved from /opt/airflow/dags/dag_extract_dvizhenie.py
[2026-07-24T07:45:57.029+0000] {logging_mixin.py:190} INFO - [2026-07-24T07:45:57.028+0000] {dag.py:3239} INFO - Sync 1 DAGs
[2026-07-24T07:45:57.040+0000] {processor.py:208} INFO - Processing /opt/airflow/dags/dag_extract_dvizhenie.py took 0.028 seconds
[2026-07-24T08:38:06.655+0000] {processor.py:186} INFO - Started process (PID=35131) to work on /opt/airflow/dags/dag_extract_dvizhenie.py
[2026-07-24T08:38:06.656+0000] {processor.py:914} INFO - Processing file /opt/airflow/dags/dag_extract_dvizhenie.py for tasks to queue
[2026-07-24T08:38:06.656+0000] {logging_mixin.py:190} INFO - [2026-07-24T08:38:06.656+0000] {dagbag.py:588} INFO - Filling up the DagBag from /opt/airflow/dags/dag_extract_dvizhenie.py
[2026-07-24T08:38:06.661+0000] {processor.py:925} INFO - DAG(s) 'dag_extract_dvizhenie' retrieved from /opt/airflow/dags/dag_extract_dvizhenie.py
[2026-07-24T08:38:06.671+0000] {logging_mixin.py:190} INFO - [2026-07-24T08:38:06.671+0000] {dag.py:3239} INFO - Sync 1 DAGs
[2026-07-24T08:38:06.682+0000] {processor.py:208} INFO - Processing /opt/airflow/dags/dag_extract_dvizhenie.py took 0.029 seconds
[2026-07-24T09:04:05.867+0000] {processor.py:186} INFO - Started process (PID=35154) to work on /opt/airflow/dags/dag_extract_dvizhenie.py
[2026-07-24T09:04:05.868+0000] {processor.py:914} INFO - Processing file /opt/airflow/dags/dag_extract_dvizhenie.py for tasks to queue
[2026-07-24T09:04:05.869+0000] {logging_mixin.py:190} INFO - [2026-07-24T09:04:05.869+0000] {dagbag.py:588} INFO - Filling up the DagBag from /opt/airflow/dags/dag_extract_dvizhenie.py
[2026-07-24T09:04:05.873+0000] {processor.py:925} INFO - DAG(s) 'dag_extract_dvizhenie' retrieved from /opt/airflow/dags/dag_extract_dvizhenie.py
[2026-07-24T09:04:05.883+0000] {logging_mixin.py:190} INFO - [2026-07-24T09:04:05.883+0000] {dag.py:3239} INFO - Sync 1 DAGs
[2026-07-24T09:04:05.894+0000] {processor.py:208} INFO - Processing /opt/airflow/dags/dag_extract_dvizhenie.py took 0.030 seconds
[2026-07-24T10:05:12.814+0000] {processor.py:186} INFO - Started process (PID=35180) to work on /opt/airflow/dags/dag_extract_dvizhenie.py
[2026-07-24T10:05:12.815+0000] {processor.py:914} INFO - Processing file /opt/airflow/dags/dag_extract_dvizhenie.py for tasks to queue
[2026-07-24T10:05:12.816+0000] {logging_mixin.py:190} INFO - [2026-07-24T10:05:12.816+0000] {dagbag.py:588} INFO - Filling up the DagBag from /opt/airflow/dags/dag_extract_dvizhenie.py
[2026-07-24T10:05:12.822+0000] {processor.py:925} INFO - DAG(s) 'dag_extract_dvizhenie' retrieved from /opt/airflow/dags/dag_extract_dvizhenie.py
[2026-07-24T10:05:12.836+0000] {logging_mixin.py:190} INFO - [2026-07-24T10:05:12.836+0000] {dag.py:3239} INFO - Sync 1 DAGs
[2026-07-24T10:05:12.854+0000] {processor.py:208} INFO - Processing /opt/airflow/dags/dag_extract_dvizhenie.py took 0.042 seconds
[2026-07-24T10:05:43.278+0000] {processor.py:186} INFO - Started process (PID=35203) to work on /opt/airflow/dags/dag_extract_dvizhenie.py
[2026-07-24T10:05:43.279+0000] {processor.py:914} INFO - Processing file /opt/airflow/dags/dag_extract_dvizhenie.py for tasks to queue
[2026-07-24T10:05:43.279+0000] {logging_mixin.py:190} INFO - [2026-07-24T10:05:43.279+0000] {dagbag.py:588} INFO - Filling up the DagBag from /opt/airflow/dags/dag_extract_dvizhenie.py
[2026-07-24T10:05:43.283+0000] {processor.py:925} INFO - DAG(s) 'dag_extract_dvizhenie' retrieved from /opt/airflow/dags/dag_extract_dvizhenie.py
[2026-07-24T10:05:43.293+0000] {logging_mixin.py:190} INFO - [2026-07-24T10:05:43.293+0000] {dag.py:3239} INFO - Sync 1 DAGs
[2026-07-24T10:05:43.303+0000] {processor.py:208} INFO - Processing /opt/airflow/dags/dag_extract_dvizhenie.py took 0.028 seconds
[2026-07-24T11:23:28.370+0000] {processor.py:186} INFO - Started process (PID=35226) to work on /opt/airflow/dags/dag_extract_dvizhenie.py
[2026-07-24T11:23:28.371+0000] {processor.py:914} INFO - Processing file /opt/airflow/dags/dag_extract_dvizhenie.py for tasks to queue
[2026-07-24T11:23:28.371+0000] {logging_mixin.py:190} INFO - [2026-07-24T11:23:28.371+0000] {dagbag.py:588} INFO - Filling up the DagBag from /opt/airflow/dags/dag_extract_dvizhenie.py
[2026-07-24T11:23:28.376+0000] {processor.py:925} INFO - DAG(s) 'dag_extract_dvizhenie' retrieved from /opt/airflow/dags/dag_extract_dvizhenie.py
[2026-07-24T11:23:28.386+0000] {logging_mixin.py:190} INFO - [2026-07-24T11:23:28.386+0000] {dag.py:3239} INFO - Sync 1 DAGs
[2026-07-24T11:23:28.397+0000] {processor.py:208} INFO - Processing /opt/airflow/dags/dag_extract_dvizhenie.py took 0.029 seconds
[2026-07-24T12:40:51.303+0000] {processor.py:186} INFO - Started process (PID=35247) to work on /opt/airflow/dags/dag_extract_dvizhenie.py
[2026-07-24T12:40:51.303+0000] {processor.py:914} INFO - Processing file /opt/airflow/dags/dag_extract_dvizhenie.py for tasks to queue
[2026-07-24T12:40:51.304+0000] {logging_mixin.py:190} INFO - [2026-07-24T12:40:51.304+0000] {dagbag.py:588} INFO - Filling up the DagBag from /opt/airflow/dags/dag_extract_dvizhenie.py
[2026-07-24T12:40:51.310+0000] {processor.py:925} INFO - DAG(s) 'dag_extract_dvizhenie' retrieved from /opt/airflow/dags/dag_extract_dvizhenie.py
[2026-07-24T12:40:51.321+0000] {logging_mixin.py:190} INFO - [2026-07-24T12:40:51.321+0000] {dag.py:3239} INFO - Sync 1 DAGs
[2026-07-24T12:40:51.338+0000] {processor.py:208} INFO - Processing /opt/airflow/dags/dag_extract_dvizhenie.py took 0.038 seconds
[2026-07-24T13:58:40.590+0000] {processor.py:186} INFO - Started process (PID=35275) to work on /opt/airflow/dags/dag_extract_dvizhenie.py
[2026-07-24T13:58:40.590+0000] {processor.py:914} INFO - Processing file /opt/airflow/dags/dag_extract_dvizhenie.py for tasks to queue
[2026-07-24T13:58:40.591+0000] {logging_mixin.py:190} INFO - [2026-07-24T13:58:40.591+0000] {dagbag.py:588} INFO - Filling up the DagBag from /opt/airflow/dags/dag_extract_dvizhenie.py
[2026-07-24T13:58:40.597+0000] {processor.py:925} INFO - DAG(s) 'dag_extract_dvizhenie' retrieved from /opt/airflow/dags/dag_extract_dvizhenie.py
[2026-07-24T13:58:40.606+0000] {logging_mixin.py:190} INFO - [2026-07-24T13:58:40.606+0000] {dag.py:3239} INFO - Sync 1 DAGs
[2026-07-24T13:58:40.617+0000] {processor.py:208} INFO - Processing /opt/airflow/dags/dag_extract_dvizhenie.py took 0.030 seconds
[2026-07-24T15:10:12.482+0000] {processor.py:186} INFO - Started process (PID=35295) to work on /opt/airflow/dags/dag_extract_dvizhenie.py
[2026-07-24T15:10:12.483+0000] {processor.py:914} INFO - Processing file /opt/airflow/dags/dag_extract_dvizhenie.py for tasks to queue
[2026-07-24T15:10:12.484+0000] {logging_mixin.py:190} INFO - [2026-07-24T15:10:12.484+0000] {dagbag.py:588} INFO - Filling up the DagBag from /opt/airflow/dags/dag_extract_dvizhenie.py
[2026-07-24T15:10:12.488+0000] {processor.py:925} INFO - DAG(s) 'dag_extract_dvizhenie' retrieved from /opt/airflow/dags/dag_extract_dvizhenie.py
[2026-07-24T15:10:12.499+0000] {logging_mixin.py:190} INFO - [2026-07-24T15:10:12.499+0000] {dag.py:3239} INFO - Sync 1 DAGs
[2026-07-24T15:10:12.511+0000] {processor.py:208} INFO - Processing /opt/airflow/dags/dag_extract_dvizhenie.py took 0.031 seconds
[2026-07-24T15:39:19.126+0000] {processor.py:186} INFO - Started process (PID=35324) to work on /opt/airflow/dags/dag_extract_dvizhenie.py
[2026-07-24T15:39:19.126+0000] {processor.py:914} INFO - Processing file /opt/airflow/dags/dag_extract_dvizhenie.py for tasks to queue
[2026-07-24T15:39:19.127+0000] {logging_mixin.py:190} INFO - [2026-07-24T15:39:19.127+0000] {dagbag.py:588} INFO - Filling up the DagBag from /opt/airflow/dags/dag_extract_dvizhenie.py
[2026-07-24T15:39:19.132+0000] {processor.py:925} INFO - DAG(s) 'dag_extract_dvizhenie' retrieved from /opt/airflow/dags/dag_extract_dvizhenie.py
[2026-07-24T15:39:19.143+0000] {logging_mixin.py:190} INFO - [2026-07-24T15:39:19.143+0000] {dag.py:3239} INFO - Sync 1 DAGs
[2026-07-24T15:39:19.158+0000] {processor.py:208} INFO - Processing /opt/airflow/dags/dag_extract_dvizhenie.py took 0.035 seconds
[2026-07-24T16:00:07.466+0000] {processor.py:186} INFO - Started process (PID=35345) to work on /opt/airflow/dags/dag_extract_dvizhenie.py
[2026-07-24T16:00:07.466+0000] {processor.py:914} INFO - Processing file /opt/airflow/dags/dag_extract_dvizhenie.py for tasks to queue
[2026-07-24T16:00:07.468+0000] {logging_mixin.py:190} INFO - [2026-07-24T16:00:07.468+0000] {dagbag.py:588} INFO - Filling up the DagBag from /opt/airflow/dags/dag_extract_dvizhenie.py
[2026-07-24T16:00:07.476+0000] {processor.py:925} INFO - DAG(s) 'dag_extract_dvizhenie' retrieved from /opt/airflow/dags/dag_extract_dvizhenie.py
[2026-07-24T16:00:07.494+0000] {logging_mixin.py:190} INFO - [2026-07-24T16:00:07.494+0000] {dag.py:3239} INFO - Sync 1 DAGs
[2026-07-24T16:00:07.521+0000] {processor.py:208} INFO - Processing /opt/airflow/dags/dag_extract_dvizhenie.py took 0.061 seconds
[2026-07-24T16:00:38.032+0000] {processor.py:186} INFO - Started process (PID=35370) to work on /opt/airflow/dags/dag_extract_dvizhenie.py
[2026-07-24T16:00:38.033+0000] {processor.py:914} INFO - Processing file /opt/airflow/dags/dag_extract_dvizhenie.py for tasks to queue
[2026-07-24T16:00:38.034+0000] {logging_mixin.py:190} INFO - [2026-07-24T16:00:38.034+0000] {dagbag.py:588} INFO - Filling up the DagBag from /opt/airflow/dags/dag_extract_dvizhenie.py
[2026-07-24T16:00:38.040+0000] {processor.py:925} INFO - DAG(s) 'dag_extract_dvizhenie' retrieved from /opt/airflow/dags/dag_extract_dvizhenie.py
[2026-07-24T16:00:38.053+0000] {logging_mixin.py:190} INFO - [2026-07-24T16:00:38.053+0000] {dag.py:3239} INFO - Sync 1 DAGs
[2026-07-24T16:00:38.068+0000] {processor.py:208} INFO - Processing /opt/airflow/dags/dag_extract_dvizhenie.py took 0.039 seconds
[2026-07-24T16:01:08.492+0000] {processor.py:186} INFO - Started process (PID=35390) to work on /opt/airflow/dags/dag_extract_dvizhenie.py
[2026-07-24T16:01:08.492+0000] {processor.py:914} INFO - Processing file /opt/airflow/dags/dag_extract_dvizhenie.py for tasks to queue
[2026-07-24T16:01:08.493+0000] {logging_mixin.py:190} INFO - [2026-07-24T16:01:08.493+0000] {dagbag.py:588} INFO - Filling up the DagBag from /opt/airflow/dags/dag_extract_dvizhenie.py
[2026-07-24T16:01:08.497+0000] {processor.py:925} INFO - DAG(s) 'dag_extract_dvizhenie' retrieved from /opt/airflow/dags/dag_extract_dvizhenie.py
[2026-07-24T16:01:08.507+0000] {logging_mixin.py:190} INFO - [2026-07-24T16:01:08.507+0000] {dag.py:3239} INFO - Sync 1 DAGs
[2026-07-24T16:01:08.518+0000] {processor.py:208} INFO - Processing /opt/airflow/dags/dag_extract_dvizhenie.py took 0.029 seconds
[2026-07-24T16:01:38.935+0000] {processor.py:186} INFO - Started process (PID=35410) to work on /opt/airflow/dags/dag_extract_dvizhenie.py
[2026-07-24T16:01:38.935+0000] {processor.py:914} INFO - Processing file /opt/airflow/dags/dag_extract_dvizhenie.py for tasks to queue
[2026-07-24T16:01:38.936+0000] {logging_mixin.py:190} INFO - [2026-07-24T16:01:38.936+0000] {dagbag.py:588} INFO - Filling up the DagBag from /opt/airflow/dags/dag_extract_dvizhenie.py
[2026-07-24T16:01:38.941+0000] {processor.py:925} INFO - DAG(s) 'dag_extract_dvizhenie' retrieved from /opt/airflow/dags/dag_extract_dvizhenie.py
[2026-07-24T16:01:38.951+0000] {logging_mixin.py:190} INFO - [2026-07-24T16:01:38.951+0000] {dag.py:3239} INFO - Sync 1 DAGs
[2026-07-24T16:01:38.962+0000] {processor.py:208} INFO - Processing /opt/airflow/dags/dag_extract_dvizhenie.py took 0.030 seconds
[2026-07-24T16:02:09.340+0000] {processor.py:186} INFO - Started process (PID=35428) to work on /opt/airflow/dags/dag_extract_dvizhenie.py
[2026-07-24T16:02:09.340+0000] {processor.py:914} INFO - Processing file /opt/airflow/dags/dag_extract_dvizhenie.py for tasks to queue
[2026-07-24T16:02:09.342+0000] {logging_mixin.py:190} INFO - [2026-07-24T16:02:09.342+0000] {dagbag.py:588} INFO - Filling up the DagBag from /opt/airflow/dags/dag_extract_dvizhenie.py
[2026-07-24T16:02:09.348+0000] {processor.py:925} INFO - DAG(s) 'dag_extract_dvizhenie' retrieved from /opt/airflow/dags/dag_extract_dvizhenie.py
[2026-07-24T16:02:09.362+0000] {logging_mixin.py:190} INFO - [2026-07-24T16:02:09.362+0000] {dag.py:3239} INFO - Sync 1 DAGs
[2026-07-24T16:02:09.378+0000] {processor.py:208} INFO - Processing /opt/airflow/dags/dag_extract_dvizhenie.py took 0.040 seconds
[2026-07-24T16:02:39.794+0000] {processor.py:186} INFO - Started process (PID=35450) to work on /opt/airflow/dags/dag_extract_dvizhenie.py
[2026-07-24T16:02:39.795+0000] {processor.py:914} INFO - Processing file /opt/airflow/dags/dag_extract_dvizhenie.py for tasks to queue
[2026-07-24T16:02:39.796+0000] {logging_mixin.py:190} INFO - [2026-07-24T16:02:39.795+0000] {dagbag.py:588} INFO - Filling up the DagBag from /opt/airflow/dags/dag_extract_dvizhenie.py
[2026-07-24T16:02:39.800+0000] {processor.py:925} INFO - DAG(s) 'dag_extract_dvizhenie' retrieved from /opt/airflow/dags/dag_extract_dvizhenie.py
[2026-07-24T16:02:39.814+0000] {logging_mixin.py:190} INFO - [2026-07-24T16:02:39.814+0000] {dag.py:3239} INFO - Sync 1 DAGs
[2026-07-24T16:02:39.828+0000] {processor.py:208} INFO - Processing /opt/airflow/dags/dag_extract_dvizhenie.py took 0.037 seconds
[2026-07-24T16:03:10.265+0000] {processor.py:186} INFO - Started process (PID=35470) to work on /opt/airflow/dags/dag_extract_dvizhenie.py
[2026-07-24T16:03:10.266+0000] {processor.py:914} INFO - Processing file /opt/airflow/dags/dag_extract_dvizhenie.py for tasks to queue
[2026-07-24T16:03:10.267+0000] {logging_mixin.py:190} INFO - [2026-07-24T16:03:10.266+0000] {dagbag.py:588} INFO - Filling up the DagBag from /opt/airflow/dags/dag_extract_dvizhenie.py
[2026-07-24T16:03:10.273+0000] {processor.py:925} INFO - DAG(s) 'dag_extract_dvizhenie' retrieved from /opt/airflow/dags/dag_extract_dvizhenie.py
[2026-07-24T16:03:10.285+0000] {logging_mixin.py:190} INFO - [2026-07-24T16:03:10.285+0000] {dag.py:3239} INFO - Sync 1 DAGs
[2026-07-24T16:03:10.299+0000] {processor.py:208} INFO - Processing /opt/airflow/dags/dag_extract_dvizhenie.py took 0.037 seconds
[2026-07-24T16:03:40.733+0000] {processor.py:186} INFO - Started process (PID=35490) to work on /opt/airflow/dags/dag_extract_dvizhenie.py
[2026-07-24T16:03:40.734+0000] {processor.py:914} INFO - Processing file /opt/airflow/dags/dag_extract_dvizhenie.py for tasks to queue
[2026-07-24T16:03:40.734+0000] {logging_mixin.py:190} INFO - [2026-07-24T16:03:40.734+0000] {dagbag.py:588} INFO - Filling up the DagBag from /opt/airflow/dags/dag_extract_dvizhenie.py
[2026-07-24T16:03:40.739+0000] {processor.py:925} INFO - DAG(s) 'dag_extract_dvizhenie' retrieved from /opt/airflow/dags/dag_extract_dvizhenie.py
[2026-07-24T16:03:40.749+0000] {logging_mixin.py:190} INFO - [2026-07-24T16:03:40.749+0000] {dag.py:3239} INFO - Sync 1 DAGs
[2026-07-24T16:03:40.760+0000] {processor.py:208} INFO - Processing /opt/airflow/dags/dag_extract_dvizhenie.py took 0.030 seconds
[2026-07-24T16:04:11.199+0000] {processor.py:186} INFO - Started process (PID=35510) to work on /opt/airflow/dags/dag_extract_dvizhenie.py
[2026-07-24T16:04:11.201+0000] {processor.py:914} INFO - Processing file /opt/airflow/dags/dag_extract_dvizhenie.py for tasks to queue
[2026-07-24T16:04:11.201+0000] {logging_mixin.py:190} INFO - [2026-07-24T16:04:11.201+0000] {dagbag.py:588} INFO - Filling up the DagBag from /opt/airflow/dags/dag_extract_dvizhenie.py
[2026-07-24T16:04:11.207+0000] {processor.py:925} INFO - DAG(s) 'dag_extract_dvizhenie' retrieved from /opt/airflow/dags/dag_extract_dvizhenie.py
[2026-07-24T16:04:11.223+0000] {logging_mixin.py:190} INFO - [2026-07-24T16:04:11.222+0000] {dag.py:3239} INFO - Sync 1 DAGs
[2026-07-24T16:04:11.239+0000] {processor.py:208} INFO - Processing /opt/airflow/dags/dag_extract_dvizhenie.py took 0.043 seconds
[2026-07-24T16:04:41.654+0000] {processor.py:186} INFO - Started process (PID=35530) to work on /opt/airflow/dags/dag_extract_dvizhenie.py
[2026-07-24T16:04:41.655+0000] {processor.py:914} INFO - Processing file /opt/airflow/dags/dag_extract_dvizhenie.py for tasks to queue
[2026-07-24T16:04:41.656+0000] {logging_mixin.py:190} INFO - [2026-07-24T16:04:41.656+0000] {dagbag.py:588} INFO - Filling up the DagBag from /opt/airflow/dags/dag_extract_dvizhenie.py
[2026-07-24T16:04:41.660+0000] {processor.py:925} INFO - DAG(s) 'dag_extract_dvizhenie' retrieved from /opt/airflow/dags/dag_extract_dvizhenie.py
[2026-07-24T16:04:41.670+0000] {logging_mixin.py:190} INFO - [2026-07-24T16:04:41.670+0000] {dag.py:3239} INFO - Sync 1 DAGs
[2026-07-24T16:04:41.681+0000] {processor.py:208} INFO - Processing /opt/airflow/dags/dag_extract_dvizhenie.py took 0.029 seconds
[2026-07-24T16:05:12.092+0000] {processor.py:186} INFO - Started process (PID=35549) to work on /opt/airflow/dags/dag_extract_dvizhenie.py
[2026-07-24T16:05:12.092+0000] {processor.py:914} INFO - Processing file /opt/airflow/dags/dag_extract_dvizhenie.py for tasks to queue
[2026-07-24T16:05:12.093+0000] {logging_mixin.py:190} INFO - [2026-07-24T16:05:12.093+0000] {dagbag.py:588} INFO - Filling up the DagBag from /opt/airflow/dags/dag_extract_dvizhenie.py
[2026-07-24T16:05:12.099+0000] {processor.py:925} INFO - DAG(s) 'dag_extract_dvizhenie' retrieved from /opt/airflow/dags/dag_extract_dvizhenie.py
[2026-07-24T16:05:12.114+0000] {logging_mixin.py:190} INFO - [2026-07-24T16:05:12.114+0000] {dag.py:3239} INFO - Sync 1 DAGs
[2026-07-24T16:05:12.129+0000] {processor.py:208} INFO - Processing /opt/airflow/dags/dag_extract_dvizhenie.py took 0.039 seconds
[2026-07-24T16:05:42.491+0000] {processor.py:186} INFO - Started process (PID=35570) to work on /opt/airflow/dags/dag_extract_dvizhenie.py
[2026-07-24T16:05:42.492+0000] {processor.py:914} INFO - Processing file /opt/airflow/dags/dag_extract_dvizhenie.py for tasks to queue
[2026-07-24T16:05:42.493+0000] {logging_mixin.py:190} INFO - [2026-07-24T16:05:42.493+0000] {dagbag.py:588} INFO - Filling up the DagBag from /opt/airflow/dags/dag_extract_dvizhenie.py
[2026-07-24T16:05:42.498+0000] {processor.py:925} INFO - DAG(s) 'dag_extract_dvizhenie' retrieved from /opt/airflow/dags/dag_extract_dvizhenie.py
[2026-07-24T16:05:42.512+0000] {logging_mixin.py:190} INFO - [2026-07-24T16:05:42.512+0000] {dag.py:3239} INFO - Sync 1 DAGs
[2026-07-24T16:05:42.526+0000] {processor.py:208} INFO - Processing /opt/airflow/dags/dag_extract_dvizhenie.py took 0.038 seconds
[2026-07-24T16:06:12.971+0000] {processor.py:186} INFO - Started process (PID=35590) to work on /opt/airflow/dags/dag_extract_dvizhenie.py
[2026-07-24T16:06:12.972+0000] {processor.py:914} INFO - Processing file /opt/airflow/dags/dag_extract_dvizhenie.py for tasks to queue
[2026-07-24T16:06:12.972+0000] {logging_mixin.py:190} INFO - [2026-07-24T16:06:12.972+0000] {dagbag.py:588} INFO - Filling up the DagBag from /opt/airflow/dags/dag_extract_dvizhenie.py
[2026-07-24T16:06:12.977+0000] {processor.py:925} INFO - DAG(s) 'dag_extract_dvizhenie' retrieved from /opt/airflow/dags/dag_extract_dvizhenie.py
[2026-07-24T16:06:12.987+0000] {logging_mixin.py:190} INFO - [2026-07-24T16:06:12.987+0000] {dag.py:3239} INFO - Sync 1 DAGs
[2026-07-24T16:06:12.998+0000] {processor.py:208} INFO - Processing /opt/airflow/dags/dag_extract_dvizhenie.py took 0.029 seconds
[2026-07-24T16:06:43.388+0000] {processor.py:186} INFO - Started process (PID=35610) to work on /opt/airflow/dags/dag_extract_dvizhenie.py
[2026-07-24T16:06:43.388+0000] {processor.py:914} INFO - Processing file /opt/airflow/dags/dag_extract_dvizhenie.py for tasks to queue
[2026-07-24T16:06:43.389+0000] {logging_mixin.py:190} INFO - [2026-07-24T16:06:43.389+0000] {dagbag.py:588} INFO - Filling up the DagBag from /opt/airflow/dags/dag_extract_dvizhenie.py
[2026-07-24T16:06:43.393+0000] {processor.py:925} INFO - DAG(s) 'dag_extract_dvizhenie' retrieved from /opt/airflow/dags/dag_extract_dvizhenie.py
[2026-07-24T16:06:43.403+0000] {logging_mixin.py:190} INFO - [2026-07-24T16:06:43.403+0000] {dag.py:3239} INFO - Sync 1 DAGs
[2026-07-24T16:06:43.414+0000] {processor.py:208} INFO - Processing /opt/airflow/dags/dag_extract_dvizhenie.py took 0.029 seconds
[2026-07-24T16:07:13.828+0000] {processor.py:186} INFO - Started process (PID=35630) to work on /opt/airflow/dags/dag_extract_dvizhenie.py
[2026-07-24T16:07:13.829+0000] {processor.py:914} INFO - Processing file /opt/airflow/dags/dag_extract_dvizhenie.py for tasks to queue
[2026-07-24T16:07:13.830+0000] {logging_mixin.py:190} INFO - [2026-07-24T16:07:13.830+0000] {dagbag.py:588} INFO - Filling up the DagBag from /opt/airflow/dags/dag_extract_dvizhenie.py
[2026-07-24T16:07:13.834+0000] {processor.py:925} INFO - DAG(s) 'dag_extract_dvizhenie' retrieved from /opt/airflow/dags/dag_extract_dvizhenie.py
[2026-07-24T16:07:13.844+0000] {logging_mixin.py:190} INFO - [2026-07-24T16:07:13.844+0000] {dag.py:3239} INFO - Sync 1 DAGs
[2026-07-24T16:07:13.856+0000] {processor.py:208} INFO - Processing /opt/airflow/dags/dag_extract_dvizhenie.py took 0.030 seconds
[2026-07-24T16:07:44.277+0000] {processor.py:186} INFO - Started process (PID=35648) to work on /opt/airflow/dags/dag_extract_dvizhenie.py
[2026-07-24T16:07:44.278+0000] {processor.py:914} INFO - Processing file /opt/airflow/dags/dag_extract_dvizhenie.py for tasks to queue
[2026-07-24T16:07:44.279+0000] {logging_mixin.py:190} INFO - [2026-07-24T16:07:44.279+0000] {dagbag.py:588} INFO - Filling up the DagBag from /opt/airflow/dags/dag_extract_dvizhenie.py
[2026-07-24T16:07:44.284+0000] {processor.py:925} INFO - DAG(s) 'dag_extract_dvizhenie' retrieved from /opt/airflow/dags/dag_extract_dvizhenie.py
[2026-07-24T16:07:44.297+0000] {logging_mixin.py:190} INFO - [2026-07-24T16:07:44.297+0000] {dag.py:3239} INFO - Sync 1 DAGs
[2026-07-24T16:07:44.316+0000] {processor.py:208} INFO - Processing /opt/airflow/dags/dag_extract_dvizhenie.py took 0.042 seconds
[2026-07-24T16:08:14.702+0000] {processor.py:186} INFO - Started process (PID=35668) to work on /opt/airflow/dags/dag_extract_dvizhenie.py
[2026-07-24T16:08:14.703+0000] {processor.py:914} INFO - Processing file /opt/airflow/dags/dag_extract_dvizhenie.py for tasks to queue
[2026-07-24T16:08:14.704+0000] {logging_mixin.py:190} INFO - [2026-07-24T16:08:14.704+0000] {dagbag.py:588} INFO - Filling up the DagBag from /opt/airflow/dags/dag_extract_dvizhenie.py
[2026-07-24T16:08:14.711+0000] {processor.py:925} INFO - DAG(s) 'dag_extract_dvizhenie' retrieved from /opt/airflow/dags/dag_extract_dvizhenie.py
[2026-07-24T16:08:14.726+0000] {logging_mixin.py:190} INFO - [2026-07-24T16:08:14.726+0000] {dag.py:3239} INFO - Sync 1 DAGs
[2026-07-24T16:08:14.739+0000] {processor.py:208} INFO - Processing /opt/airflow/dags/dag_extract_dvizhenie.py took 0.039 seconds
[2026-07-24T16:08:45.125+0000] {processor.py:186} INFO - Started process (PID=35690) to work on /opt/airflow/dags/dag_extract_dvizhenie.py
[2026-07-24T16:08:45.125+0000] {processor.py:914} INFO - Processing file /opt/airflow/dags/dag_extract_dvizhenie.py for tasks to queue
[2026-07-24T16:08:45.126+0000] {logging_mixin.py:190} INFO - [2026-07-24T16:08:45.126+0000] {dagbag.py:588} INFO - Filling up the DagBag from /opt/airflow/dags/dag_extract_dvizhenie.py
[2026-07-24T16:08:45.130+0000] {processor.py:925} INFO - DAG(s) 'dag_extract_dvizhenie' retrieved from /opt/airflow/dags/dag_extract_dvizhenie.py
[2026-07-24T16:08:45.140+0000] {logging_mixin.py:190} INFO - [2026-07-24T16:08:45.140+0000] {dag.py:3239} INFO - Sync 1 DAGs
[2026-07-24T16:08:45.151+0000] {processor.py:208} INFO - Processing /opt/airflow/dags/dag_extract_dvizhenie.py took 0.029 seconds
[2026-07-24T16:09:15.521+0000] {processor.py:186} INFO - Started process (PID=35710) to work on /opt/airflow/dags/dag_extract_dvizhenie.py
[2026-07-24T16:09:15.522+0000] {processor.py:914} INFO - Processing file /opt/airflow/dags/dag_extract_dvizhenie.py for tasks to queue
[2026-07-24T16:09:15.523+0000] {logging_mixin.py:190} INFO - [2026-07-24T16:09:15.523+0000] {dagbag.py:588} INFO - Filling up the DagBag from /opt/airflow/dags/dag_extract_dvizhenie.py
[2026-07-24T16:09:15.528+0000] {processor.py:925} INFO - DAG(s) 'dag_extract_dvizhenie' retrieved from /opt/airflow/dags/dag_extract_dvizhenie.py
[2026-07-24T16:09:15.539+0000] {logging_mixin.py:190} INFO - [2026-07-24T16:09:15.539+0000] {dag.py:3239} INFO - Sync 1 DAGs
[2026-07-24T16:09:15.550+0000] {processor.py:208} INFO - Processing /opt/airflow/dags/dag_extract_dvizhenie.py took 0.031 seconds
[2026-07-24T16:09:45.972+0000] {processor.py:186} INFO - Started process (PID=35730) to work on /opt/airflow/dags/dag_extract_dvizhenie.py
[2026-07-24T16:09:45.972+0000] {processor.py:914} INFO - Processing file /opt/airflow/dags/dag_extract_dvizhenie.py for tasks to queue
[2026-07-24T16:09:45.973+0000] {logging_mixin.py:190} INFO - [2026-07-24T16:09:45.973+0000] {dagbag.py:588} INFO - Filling up the DagBag from /opt/airflow/dags/dag_extract_dvizhenie.py
[2026-07-24T16:09:45.978+0000] {processor.py:925} INFO - DAG(s) 'dag_extract_dvizhenie' retrieved from /opt/airflow/dags/dag_extract_dvizhenie.py
[2026-07-24T16:09:45.987+0000] {logging_mixin.py:190} INFO - [2026-07-24T16:09:45.987+0000] {dag.py:3239} INFO - Sync 1 DAGs
[2026-07-24T16:09:45.998+0000] {processor.py:208} INFO - Processing /opt/airflow/dags/dag_extract_dvizhenie.py took 0.029 seconds
[2026-07-24T16:10:16.429+0000] {processor.py:186} INFO - Started process (PID=35753) to work on /opt/airflow/dags/dag_extract_dvizhenie.py
[2026-07-24T16:10:16.429+0000] {processor.py:914} INFO - Processing file /opt/airflow/dags/dag_extract_dvizhenie.py for tasks to queue
[2026-07-24T16:10:16.430+0000] {logging_mixin.py:190} INFO - [2026-07-24T16:10:16.430+0000] {dagbag.py:588} INFO - Filling up the DagBag from /opt/airflow/dags/dag_extract_dvizhenie.py
[2026-07-24T16:10:16.435+0000] {processor.py:925} INFO - DAG(s) 'dag_extract_dvizhenie' retrieved from /opt/airflow/dags/dag_extract_dvizhenie.py
[2026-07-24T16:10:16.445+0000] {logging_mixin.py:190} INFO - [2026-07-24T16:10:16.445+0000] {dag.py:3239} INFO - Sync 1 DAGs
[2026-07-24T16:10:16.456+0000] {processor.py:208} INFO - Processing /opt/airflow/dags/dag_extract_dvizhenie.py took 0.030 seconds
[2026-07-24T16:10:46.857+0000] {processor.py:186} INFO - Started process (PID=35773) to work on /opt/airflow/dags/dag_extract_dvizhenie.py
[2026-07-24T16:10:46.857+0000] {processor.py:914} INFO - Processing file /opt/airflow/dags/dag_extract_dvizhenie.py for tasks to queue
[2026-07-24T16:10:46.858+0000] {logging_mixin.py:190} INFO - [2026-07-24T16:10:46.858+0000] {dagbag.py:588} INFO - Filling up the DagBag from /opt/airflow/dags/dag_extract_dvizhenie.py
[2026-07-24T16:10:46.863+0000] {processor.py:925} INFO - DAG(s) 'dag_extract_dvizhenie' retrieved from /opt/airflow/dags/dag_extract_dvizhenie.py
[2026-07-24T16:10:46.873+0000] {logging_mixin.py:190} INFO - [2026-07-24T16:10:46.872+0000] {dag.py:3239} INFO - Sync 1 DAGs
[2026-07-24T16:10:46.884+0000] {processor.py:208} INFO - Processing /opt/airflow/dags/dag_extract_dvizhenie.py took 0.030 seconds
[2026-07-24T16:11:17.315+0000] {processor.py:186} INFO - Started process (PID=35791) to work on /opt/airflow/dags/dag_extract_dvizhenie.py
[2026-07-24T16:11:17.316+0000] {processor.py:914} INFO - Processing file /opt/airflow/dags/dag_extract_dvizhenie.py for tasks to queue
[2026-07-24T16:11:17.318+0000] {logging_mixin.py:190} INFO - [2026-07-24T16:11:17.318+0000] {dagbag.py:588} INFO - Filling up the DagBag from /opt/airflow/dags/dag_extract_dvizhenie.py
[2026-07-24T16:11:17.324+0000] {processor.py:925} INFO - DAG(s) 'dag_extract_dvizhenie' retrieved from /opt/airflow/dags/dag_extract_dvizhenie.py
[2026-07-24T16:11:17.338+0000] {logging_mixin.py:190} INFO - [2026-07-24T16:11:17.338+0000] {dag.py:3239} INFO - Sync 1 DAGs
[2026-07-24T16:11:17.354+0000] {processor.py:208} INFO - Processing /opt/airflow/dags/dag_extract_dvizhenie.py took 0.041 seconds
[2026-07-24T16:11:47.753+0000] {processor.py:186} INFO - Started process (PID=35813) to work on /opt/airflow/dags/dag_extract_dvizhenie.py
[2026-07-24T16:11:47.753+0000] {processor.py:914} INFO - Processing file /opt/airflow/dags/dag_extract_dvizhenie.py for tasks to queue
[2026-07-24T16:11:47.754+0000] {logging_mixin.py:190} INFO - [2026-07-24T16:11:47.754+0000] {dagbag.py:588} INFO - Filling up the DagBag from /opt/airflow/dags/dag_extract_dvizhenie.py
[2026-07-24T16:11:47.759+0000] {processor.py:925} INFO - DAG(s) 'dag_extract_dvizhenie' retrieved from /opt/airflow/dags/dag_extract_dvizhenie.py
[2026-07-24T16:11:47.768+0000] {logging_mixin.py:190} INFO - [2026-07-24T16:11:47.768+0000] {dag.py:3239} INFO - Sync 1 DAGs
[2026-07-24T16:11:47.780+0000] {processor.py:208} INFO - Processing /opt/airflow/dags/dag_extract_dvizhenie.py took 0.029 seconds
[2026-07-24T16:12:18.258+0000] {processor.py:186} INFO - Started process (PID=35833) to work on /opt/airflow/dags/dag_extract_dvizhenie.py
[2026-07-24T16:12:18.258+0000] {processor.py:914} INFO - Processing file /opt/airflow/dags/dag_extract_dvizhenie.py for tasks to queue
[2026-07-24T16:12:18.259+0000] {logging_mixin.py:190} INFO - [2026-07-24T16:12:18.259+0000] {dagbag.py:588} INFO - Filling up the DagBag from /opt/airflow/dags/dag_extract_dvizhenie.py
[2026-07-24T16:12:18.264+0000] {processor.py:925} INFO - DAG(s) 'dag_extract_dvizhenie' retrieved from /opt/airflow/dags/dag_extract_dvizhenie.py
[2026-07-24T16:12:18.275+0000] {logging_mixin.py:190} INFO - [2026-07-24T16:12:18.274+0000] {dag.py:3239} INFO - Sync 1 DAGs
[2026-07-24T16:12:18.286+0000] {processor.py:208} INFO - Processing /opt/airflow/dags/dag_extract_dvizhenie.py took 0.031 seconds
[2026-07-24T16:12:48.689+0000] {processor.py:186} INFO - Started process (PID=35853) to work on /opt/airflow/dags/dag_extract_dvizhenie.py
[2026-07-24T16:12:48.690+0000] {processor.py:914} INFO - Processing file /opt/airflow/dags/dag_extract_dvizhenie.py for tasks to queue
[2026-07-24T16:12:48.691+0000] {logging_mixin.py:190} INFO - [2026-07-24T16:12:48.690+0000] {dagbag.py:588} INFO - Filling up the DagBag from /opt/airflow/dags/dag_extract_dvizhenie.py
[2026-07-24T16:12:48.696+0000] {processor.py:925} INFO - DAG(s) 'dag_extract_dvizhenie' retrieved from /opt/airflow/dags/dag_extract_dvizhenie.py
[2026-07-24T16:12:48.706+0000] {logging_mixin.py:190} INFO - [2026-07-24T16:12:48.706+0000] {dag.py:3239} INFO - Sync 1 DAGs
[2026-07-24T16:12:48.717+0000] {processor.py:208} INFO - Processing /opt/airflow/dags/dag_extract_dvizhenie.py took 0.031 seconds
[2026-07-24T16:13:19.174+0000] {processor.py:186} INFO - Started process (PID=35872) to work on /opt/airflow/dags/dag_extract_dvizhenie.py
[2026-07-24T16:13:19.174+0000] {processor.py:914} INFO - Processing file /opt/airflow/dags/dag_extract_dvizhenie.py for tasks to queue
[2026-07-24T16:13:19.175+0000] {logging_mixin.py:190} INFO - [2026-07-24T16:13:19.175+0000] {dagbag.py:588} INFO - Filling up the DagBag from /opt/airflow/dags/dag_extract_dvizhenie.py
[2026-07-24T16:13:19.183+0000] {processor.py:925} INFO - DAG(s) 'dag_extract_dvizhenie' retrieved from /opt/airflow/dags/dag_extract_dvizhenie.py
[2026-07-24T16:13:19.199+0000] {logging_mixin.py:190} INFO - [2026-07-24T16:13:19.198+0000] {dag.py:3239} INFO - Sync 1 DAGs
[2026-07-24T16:13:19.219+0000] {processor.py:208} INFO - Processing /opt/airflow/dags/dag_extract_dvizhenie.py took 0.048 seconds
[2026-07-24T16:13:49.631+0000] {processor.py:186} INFO - Started process (PID=35893) to work on /opt/airflow/dags/dag_extract_dvizhenie.py
[2026-07-24T16:13:49.632+0000] {processor.py:914} INFO - Processing file /opt/airflow/dags/dag_extract_dvizhenie.py for tasks to queue
[2026-07-24T16:13:49.632+0000] {logging_mixin.py:190} INFO - [2026-07-24T16:13:49.632+0000] {dagbag.py:588} INFO - Filling up the DagBag from /opt/airflow/dags/dag_extract_dvizhenie.py
[2026-07-24T16:13:49.637+0000] {processor.py:925} INFO - DAG(s) 'dag_extract_dvizhenie' retrieved from /opt/airflow/dags/dag_extract_dvizhenie.py
[2026-07-24T16:13:49.647+0000] {logging_mixin.py:190} INFO - [2026-07-24T16:13:49.647+0000] {dag.py:3239} INFO - Sync 1 DAGs
[2026-07-24T16:13:49.658+0000] {processor.py:208} INFO - Processing /opt/airflow/dags/dag_extract_dvizhenie.py took 0.030 seconds
[2026-07-24T16:14:20.077+0000] {processor.py:186} INFO - Started process (PID=35913) to work on /opt/airflow/dags/dag_extract_dvizhenie.py
[2026-07-24T16:14:20.078+0000] {processor.py:914} INFO - Processing file /opt/airflow/dags/dag_extract_dvizhenie.py for tasks to queue
[2026-07-24T16:14:20.080+0000] {logging_mixin.py:190} INFO - [2026-07-24T16:14:20.080+0000] {dagbag.py:588} INFO - Filling up the DagBag from /opt/airflow/dags/dag_extract_dvizhenie.py
[2026-07-24T16:14:20.085+0000] {processor.py:925} INFO - DAG(s) 'dag_extract_dvizhenie' retrieved from /opt/airflow/dags/dag_extract_dvizhenie.py
[2026-07-24T16:14:20.095+0000] {logging_mixin.py:190} INFO - [2026-07-24T16:14:20.095+0000] {dag.py:3239} INFO - Sync 1 DAGs
[2026-07-24T16:14:20.108+0000] {processor.py:208} INFO - Processing /opt/airflow/dags/dag_extract_dvizhenie.py took 0.034 seconds
[2026-07-24T16:14:50.515+0000] {processor.py:186} INFO - Started process (PID=35933) to work on /opt/airflow/dags/dag_extract_dvizhenie.py
[2026-07-24T16:14:50.515+0000] {processor.py:914} INFO - Processing file /opt/airflow/dags/dag_extract_dvizhenie.py for tasks to queue
[2026-07-24T16:14:50.516+0000] {logging_mixin.py:190} INFO - [2026-07-24T16:14:50.516+0000] {dagbag.py:588} INFO - Filling up the DagBag from /opt/airflow/dags/dag_extract_dvizhenie.py
[2026-07-24T16:14:50.520+0000] {processor.py:925} INFO - DAG(s) 'dag_extract_dvizhenie' retrieved from /opt/airflow/dags/dag_extract_dvizhenie.py
[2026-07-24T16:14:50.530+0000] {logging_mixin.py:190} INFO - [2026-07-24T16:14:50.530+0000] {dag.py:3239} INFO - Sync 1 DAGs
[2026-07-24T16:14:50.541+0000] {processor.py:208} INFO - Processing /opt/airflow/dags/dag_extract_dvizhenie.py took 0.030 seconds
[2026-07-24T16:15:20.991+0000] {processor.py:186} INFO - Started process (PID=35953) to work on /opt/airflow/dags/dag_extract_dvizhenie.py
[2026-07-24T16:15:20.992+0000] {processor.py:914} INFO - Processing file /opt/airflow/dags/dag_extract_dvizhenie.py for tasks to queue
[2026-07-24T16:15:20.993+0000] {logging_mixin.py:190} INFO - [2026-07-24T16:15:20.993+0000] {dagbag.py:588} INFO - Filling up the DagBag from /opt/airflow/dags/dag_extract_dvizhenie.py
[2026-07-24T16:15:20.999+0000] {processor.py:925} INFO - DAG(s) 'dag_extract_dvizhenie' retrieved from /opt/airflow/dags/dag_extract_dvizhenie.py
[2026-07-24T16:15:21.014+0000] {logging_mixin.py:190} INFO - [2026-07-24T16:15:21.014+0000] {dag.py:3239} INFO - Sync 1 DAGs
[2026-07-24T16:15:21.029+0000] {processor.py:208} INFO - Processing /opt/airflow/dags/dag_extract_dvizhenie.py took 0.041 seconds
[2026-07-24T16:15:51.482+0000] {processor.py:186} INFO - Started process (PID=35973) to work on /opt/airflow/dags/dag_extract_dvizhenie.py
[2026-07-24T16:15:51.482+0000] {processor.py:914} INFO - Processing file /opt/airflow/dags/dag_extract_dvizhenie.py for tasks to queue
[2026-07-24T16:15:51.483+0000] {logging_mixin.py:190} INFO - [2026-07-24T16:15:51.483+0000] {dagbag.py:588} INFO - Filling up the DagBag from /opt/airflow/dags/dag_extract_dvizhenie.py
[2026-07-24T16:15:51.488+0000] {processor.py:925} INFO - DAG(s) 'dag_extract_dvizhenie' retrieved from /opt/airflow/dags/dag_extract_dvizhenie.py
[2026-07-24T16:15:51.497+0000] {logging_mixin.py:190} INFO - [2026-07-24T16:15:51.497+0000] {dag.py:3239} INFO - Sync 1 DAGs
[2026-07-24T16:15:51.508+0000] {processor.py:208} INFO - Processing /opt/airflow/dags/dag_extract_dvizhenie.py took 0.029 seconds
[2026-07-24T16:16:21.906+0000] {processor.py:186} INFO - Started process (PID=35992) to work on /opt/airflow/dags/dag_extract_dvizhenie.py
[2026-07-24T16:16:21.906+0000] {processor.py:914} INFO - Processing file /opt/airflow/dags/dag_extract_dvizhenie.py for tasks to queue
[2026-07-24T16:16:21.908+0000] {logging_mixin.py:190} INFO - [2026-07-24T16:16:21.908+0000] {dagbag.py:588} INFO - Filling up the DagBag from /opt/airflow/dags/dag_extract_dvizhenie.py
[2026-07-24T16:16:21.914+0000] {processor.py:925} INFO - DAG(s) 'dag_extract_dvizhenie' retrieved from /opt/airflow/dags/dag_extract_dvizhenie.py
[2026-07-24T16:16:21.928+0000] {logging_mixin.py:190} INFO - [2026-07-24T16:16:21.927+0000] {dag.py:3239} INFO - Sync 1 DAGs
[2026-07-24T16:16:21.942+0000] {processor.py:208} INFO - Processing /opt/airflow/dags/dag_extract_dvizhenie.py took 0.039 seconds
[2026-07-24T16:16:52.399+0000] {processor.py:186} INFO - Started process (PID=36012) to work on /opt/airflow/dags/dag_extract_dvizhenie.py
[2026-07-24T16:16:52.400+0000] {processor.py:914} INFO - Processing file /opt/airflow/dags/dag_extract_dvizhenie.py for tasks to queue
[2026-07-24T16:16:52.401+0000] {logging_mixin.py:190} INFO - [2026-07-24T16:16:52.401+0000] {dagbag.py:588} INFO - Filling up the DagBag from /opt/airflow/dags/dag_extract_dvizhenie.py
[2026-07-24T16:16:52.408+0000] {processor.py:925} INFO - DAG(s) 'dag_extract_dvizhenie' retrieved from /opt/airflow/dags/dag_extract_dvizhenie.py
[2026-07-24T16:16:52.426+0000] {logging_mixin.py:190} INFO - [2026-07-24T16:16:52.422+0000] {dag.py:3239} INFO - Sync 1 DAGs
[2026-07-24T16:16:52.439+0000] {processor.py:208} INFO - Processing /opt/airflow/dags/dag_extract_dvizhenie.py took 0.042 seconds
[2026-07-24T16:17:22.825+0000] {processor.py:186} INFO - Started process (PID=36033) to work on /opt/airflow/dags/dag_extract_dvizhenie.py
[2026-07-24T16:17:22.825+0000] {processor.py:914} INFO - Processing file /opt/airflow/dags/dag_extract_dvizhenie.py for tasks to queue
[2026-07-24T16:17:22.826+0000] {logging_mixin.py:190} INFO - [2026-07-24T16:17:22.826+0000] {dagbag.py:588} INFO - Filling up the DagBag from /opt/airflow/dags/dag_extract_dvizhenie.py
[2026-07-24T16:17:22.830+0000] {processor.py:925} INFO - DAG(s) 'dag_extract_dvizhenie' retrieved from /opt/airflow/dags/dag_extract_dvizhenie.py
[2026-07-24T16:17:22.840+0000] {logging_mixin.py:190} INFO - [2026-07-24T16:17:22.840+0000] {dag.py:3239} INFO - Sync 1 DAGs
[2026-07-24T16:17:22.851+0000] {processor.py:208} INFO - Processing /opt/airflow/dags/dag_extract_dvizhenie.py took 0.029 seconds
[2026-07-24T16:17:53.267+0000] {processor.py:186} INFO - Started process (PID=36053) to work on /opt/airflow/dags/dag_extract_dvizhenie.py
[2026-07-24T16:17:53.267+0000] {processor.py:914} INFO - Processing file /opt/airflow/dags/dag_extract_dvizhenie.py for tasks to queue
[2026-07-24T16:17:53.268+0000] {logging_mixin.py:190} INFO - [2026-07-24T16:17:53.268+0000] {dagbag.py:588} INFO - Filling up the DagBag from /opt/airflow/dags/dag_extract_dvizhenie.py
[2026-07-24T16:17:53.273+0000] {processor.py:925} INFO - DAG(s) 'dag_extract_dvizhenie' retrieved from /opt/airflow/dags/dag_extract_dvizhenie.py
[2026-07-24T16:17:53.283+0000] {logging_mixin.py:190} INFO - [2026-07-24T16:17:53.283+0000] {dag.py:3239} INFO - Sync 1 DAGs
[2026-07-24T16:17:53.294+0000] {processor.py:208} INFO - Processing /opt/airflow/dags/dag_extract_dvizhenie.py took 0.030 seconds
[2026-07-24T16:18:23.708+0000] {processor.py:186} INFO - Started process (PID=36073) to work on /opt/airflow/dags/dag_extract_dvizhenie.py
[2026-07-24T16:18:23.708+0000] {processor.py:914} INFO - Processing file /opt/airflow/dags/dag_extract_dvizhenie.py for tasks to queue
[2026-07-24T16:18:23.709+0000] {logging_mixin.py:190} INFO - [2026-07-24T16:18:23.709+0000] {dagbag.py:588} INFO - Filling up the DagBag from /opt/airflow/dags/dag_extract_dvizhenie.py
[2026-07-24T16:18:23.714+0000] {processor.py:925} INFO - DAG(s) 'dag_extract_dvizhenie' retrieved from /opt/airflow/dags/dag_extract_dvizhenie.py
[2026-07-24T16:18:23.725+0000] {logging_mixin.py:190} INFO - [2026-07-24T16:18:23.725+0000] {dag.py:3239} INFO - Sync 1 DAGs
[2026-07-24T16:18:23.736+0000] {processor.py:208} INFO - Processing /opt/airflow/dags/dag_extract_dvizhenie.py took 0.032 seconds
[2026-07-24T16:18:54.109+0000] {processor.py:186} INFO - Started process (PID=36093) to work on /opt/airflow/dags/dag_extract_dvizhenie.py
[2026-07-24T16:18:54.110+0000] {processor.py:914} INFO - Processing file /opt/airflow/dags/dag_extract_dvizhenie.py for tasks to queue
[2026-07-24T16:18:54.113+0000] {logging_mixin.py:190} INFO - [2026-07-24T16:18:54.112+0000] {dagbag.py:588} INFO - Filling up the DagBag from /opt/airflow/dags/dag_extract_dvizhenie.py
[2026-07-24T16:18:54.120+0000] {processor.py:925} INFO - DAG(s) 'dag_extract_dvizhenie' retrieved from /opt/airflow/dags/dag_extract_dvizhenie.py
[2026-07-24T16:18:54.138+0000] {logging_mixin.py:190} INFO - [2026-07-24T16:18:54.138+0000] {dag.py:3239} INFO - Sync 1 DAGs
[2026-07-24T16:18:54.157+0000] {processor.py:208} INFO - Processing /opt/airflow/dags/dag_extract_dvizhenie.py took 0.052 seconds
[2026-07-24T16:19:24.575+0000] {processor.py:186} INFO - Started process (PID=36113) to work on /opt/airflow/dags/dag_extract_dvizhenie.py
[2026-07-24T16:19:24.576+0000] {processor.py:914} INFO - Processing file /opt/airflow/dags/dag_extract_dvizhenie.py for tasks to queue
[2026-07-24T16:19:24.577+0000] {logging_mixin.py:190} INFO - [2026-07-24T16:19:24.577+0000] {dagbag.py:588} INFO - Filling up the DagBag from /opt/airflow/dags/dag_extract_dvizhenie.py
[2026-07-24T16:19:24.583+0000] {processor.py:925} INFO - DAG(s) 'dag_extract_dvizhenie' retrieved from /opt/airflow/dags/dag_extract_dvizhenie.py
[2026-07-24T16:19:24.596+0000] {logging_mixin.py:190} INFO - [2026-07-24T16:19:24.596+0000] {dag.py:3239} INFO - Sync 1 DAGs
[2026-07-24T16:19:24.613+0000] {processor.py:208} INFO - Processing /opt/airflow/dags/dag_extract_dvizhenie.py took 0.041 seconds
[2026-07-24T16:19:54.983+0000] {processor.py:186} INFO - Started process (PID=36133) to work on /opt/airflow/dags/dag_extract_dvizhenie.py
[2026-07-24T16:19:54.983+0000] {processor.py:914} INFO - Processing file /opt/airflow/dags/dag_extract_dvizhenie.py for tasks to queue
[2026-07-24T16:19:54.984+0000] {logging_mixin.py:190} INFO - [2026-07-24T16:19:54.984+0000] {dagbag.py:588} INFO - Filling up the DagBag from /opt/airflow/dags/dag_extract_dvizhenie.py
[2026-07-24T16:19:54.989+0000] {processor.py:925} INFO - DAG(s) 'dag_extract_dvizhenie' retrieved from /opt/airflow/dags/dag_extract_dvizhenie.py
[2026-07-24T16:19:54.999+0000] {logging_mixin.py:190} INFO - [2026-07-24T16:19:54.998+0000] {dag.py:3239} INFO - Sync 1 DAGs
[2026-07-24T16:19:55.010+0000] {processor.py:208} INFO - Processing /opt/airflow/dags/dag_extract_dvizhenie.py took 0.030 seconds
[2026-07-24T16:20:25.467+0000] {processor.py:186} INFO - Started process (PID=36156) to work on /opt/airflow/dags/dag_extract_dvizhenie.py
[2026-07-24T16:20:25.468+0000] {processor.py:914} INFO - Processing file /opt/airflow/dags/dag_extract_dvizhenie.py for tasks to queue
[2026-07-24T16:20:25.469+0000] {logging_mixin.py:190} INFO - [2026-07-24T16:20:25.469+0000] {dagbag.py:588} INFO - Filling up the DagBag from /opt/airflow/dags/dag_extract_dvizhenie.py
[2026-07-24T16:20:25.474+0000] {processor.py:925} INFO - DAG(s) 'dag_extract_dvizhenie' retrieved from /opt/airflow/dags/dag_extract_dvizhenie.py
[2026-07-24T16:20:25.505+0000] {logging_mixin.py:190} INFO - [2026-07-24T16:20:25.505+0000] {dag.py:3239} INFO - Sync 1 DAGs
[2026-07-24T16:20:25.518+0000] {logging_mixin.py:190} INFO - [2026-07-24T16:20:25.517+0000] {dag.py:4180} INFO - Setting next_dagrun for dag_extract_dvizhenie to 2026-07-24 16:00:00+00:00, run_after=2026-07-24 18:00:00+00:00
[2026-07-24T16:20:25.525+0000] {processor.py:208} INFO - Processing /opt/airflow/dags/dag_extract_dvizhenie.py took 0.060 seconds
[2026-07-24T16:24:07.726+0000] {processor.py:186} INFO - Started process (PID=36176) to work on /opt/airflow/dags/dag_extract_dvizhenie.py
[2026-07-24T16:24:07.726+0000] {processor.py:914} INFO - Processing file /opt/airflow/dags/dag_extract_dvizhenie.py for tasks to queue
[2026-07-24T16:24:07.727+0000] {logging_mixin.py:190} INFO - [2026-07-24T16:24:07.727+0000] {dagbag.py:588} INFO - Filling up the DagBag from /opt/airflow/dags/dag_extract_dvizhenie.py
[2026-07-24T16:24:07.732+0000] {processor.py:925} INFO - DAG(s) 'dag_extract_dvizhenie' retrieved from /opt/airflow/dags/dag_extract_dvizhenie.py
[2026-07-24T16:24:07.743+0000] {logging_mixin.py:190} INFO - [2026-07-24T16:24:07.743+0000] {dag.py:3239} INFO - Sync 1 DAGs
[2026-07-24T16:24:07.751+0000] {logging_mixin.py:190} INFO - [2026-07-24T16:24:07.751+0000] {dag.py:4180} INFO - Setting next_dagrun for dag_extract_dvizhenie to 2026-07-24 16:00:00+00:00, run_after=2026-07-24 18:00:00+00:00
[2026-07-24T16:24:07.867+0000] {processor.py:208} INFO - Processing /opt/airflow/dags/dag_extract_dvizhenie.py took 0.144 seconds
[2026-07-24T17:44:12.852+0000] {processor.py:186} INFO - Started process (PID=36196) to work on /opt/airflow/dags/dag_extract_dvizhenie.py
[2026-07-24T17:44:12.853+0000] {processor.py:914} INFO - Processing file /opt/airflow/dags/dag_extract_dvizhenie.py for tasks to queue
[2026-07-24T17:44:12.853+0000] {logging_mixin.py:190} INFO - [2026-07-24T17:44:12.853+0000] {dagbag.py:588} INFO - Filling up the DagBag from /opt/airflow/dags/dag_extract_dvizhenie.py
[2026-07-24T17:44:12.858+0000] {processor.py:925} INFO - DAG(s) 'dag_extract_dvizhenie' retrieved from /opt/airflow/dags/dag_extract_dvizhenie.py
[2026-07-24T17:44:12.867+0000] {logging_mixin.py:190} INFO - [2026-07-24T17:44:12.867+0000] {dag.py:3239} INFO - Sync 1 DAGs
[2026-07-24T17:44:12.874+0000] {logging_mixin.py:190} INFO - [2026-07-24T17:44:12.874+0000] {dag.py:4180} INFO - Setting next_dagrun for dag_extract_dvizhenie to 2026-07-24 16:00:00+00:00, run_after=2026-07-24 18:00:00+00:00
[2026-07-24T17:44:12.879+0000] {processor.py:208} INFO - Processing /opt/airflow/dags/dag_extract_dvizhenie.py took 0.030 seconds
[2026-07-24T18:17:01.259+0000] {processor.py:186} INFO - Started process (PID=36217) to work on /opt/airflow/dags/dag_extract_dvizhenie.py
[2026-07-24T18:17:01.260+0000] {processor.py:914} INFO - Processing file /opt/airflow/dags/dag_extract_dvizhenie.py for tasks to queue
[2026-07-24T18:17:01.261+0000] {logging_mixin.py:190} INFO - [2026-07-24T18:17:01.261+0000] {dagbag.py:588} INFO - Filling up the DagBag from /opt/airflow/dags/dag_extract_dvizhenie.py
[2026-07-24T18:17:01.267+0000] {processor.py:925} INFO - DAG(s) 'dag_extract_dvizhenie' retrieved from /opt/airflow/dags/dag_extract_dvizhenie.py
[2026-07-24T18:17:01.279+0000] {logging_mixin.py:190} INFO - [2026-07-24T18:17:01.279+0000] {dag.py:3239} INFO - Sync 1 DAGs
[2026-07-24T18:17:01.294+0000] {processor.py:208} INFO - Processing /opt/airflow/dags/dag_extract_dvizhenie.py took 0.037 seconds
[2026-07-24T19:22:34.094+0000] {processor.py:186} INFO - Started process (PID=36242) to work on /opt/airflow/dags/dag_extract_dvizhenie.py
[2026-07-24T19:22:34.095+0000] {processor.py:914} INFO - Processing file /opt/airflow/dags/dag_extract_dvizhenie.py for tasks to queue
[2026-07-24T19:22:34.096+0000] {logging_mixin.py:190} INFO - [2026-07-24T19:22:34.096+0000] {dagbag.py:588} INFO - Filling up the DagBag from /opt/airflow/dags/dag_extract_dvizhenie.py
[2026-07-24T19:22:34.100+0000] {processor.py:925} INFO - DAG(s) 'dag_extract_dvizhenie' retrieved from /opt/airflow/dags/dag_extract_dvizhenie.py
[2026-07-24T19:22:34.110+0000] {logging_mixin.py:190} INFO - [2026-07-24T19:22:34.110+0000] {dag.py:3239} INFO - Sync 1 DAGs
[2026-07-24T19:22:34.177+0000] {processor.py:208} INFO - Processing /opt/airflow/dags/dag_extract_dvizhenie.py took 0.084 seconds
[2026-07-24T20:41:11.820+0000] {processor.py:186} INFO - Started process (PID=36265) to work on /opt/airflow/dags/dag_extract_dvizhenie.py
[2026-07-24T20:41:11.820+0000] {processor.py:914} INFO - Processing file /opt/airflow/dags/dag_extract_dvizhenie.py for tasks to queue
[2026-07-24T20:41:11.821+0000] {logging_mixin.py:190} INFO - [2026-07-24T20:41:11.821+0000] {dagbag.py:588} INFO - Filling up the DagBag from /opt/airflow/dags/dag_extract_dvizhenie.py
[2026-07-24T20:41:11.826+0000] {processor.py:925} INFO - DAG(s) 'dag_extract_dvizhenie' retrieved from /opt/airflow/dags/dag_extract_dvizhenie.py
[2026-07-24T20:41:11.836+0000] {logging_mixin.py:190} INFO - [2026-07-24T20:41:11.836+0000] {dag.py:3239} INFO - Sync 1 DAGs
[2026-07-24T20:41:11.847+0000] {processor.py:208} INFO - Processing /opt/airflow/dags/dag_extract_dvizhenie.py took 0.030 seconds
[2026-07-24T22:19:34.710+0000] {processor.py:186} INFO - Started process (PID=36288) to work on /opt/airflow/dags/dag_extract_dvizhenie.py
[2026-07-24T22:19:34.712+0000] {processor.py:914} INFO - Processing file /opt/airflow/dags/dag_extract_dvizhenie.py for tasks to queue
[2026-07-24T22:19:34.713+0000] {logging_mixin.py:190} INFO - [2026-07-24T22:19:34.713+0000] {dagbag.py:588} INFO - Filling up the DagBag from /opt/airflow/dags/dag_extract_dvizhenie.py
[2026-07-24T22:19:34.718+0000] {processor.py:925} INFO - DAG(s) 'dag_extract_dvizhenie' retrieved from /opt/airflow/dags/dag_extract_dvizhenie.py
[2026-07-24T22:19:34.731+0000] {logging_mixin.py:190} INFO - [2026-07-24T22:19:34.730+0000] {dag.py:3239} INFO - Sync 1 DAGs
[2026-07-24T22:19:34.804+0000] {processor.py:208} INFO - Processing /opt/airflow/dags/dag_extract_dvizhenie.py took 0.097 seconds
[2026-07-24T23:38:41.829+0000] {processor.py:186} INFO - Started process (PID=36312) to work on /opt/airflow/dags/dag_extract_dvizhenie.py
[2026-07-24T23:38:41.830+0000] {processor.py:914} INFO - Processing file /opt/airflow/dags/dag_extract_dvizhenie.py for tasks to queue
[2026-07-24T23:38:41.831+0000] {logging_mixin.py:190} INFO - [2026-07-24T23:38:41.831+0000] {dagbag.py:588} INFO - Filling up the DagBag from /opt/airflow/dags/dag_extract_dvizhenie.py
[2026-07-24T23:38:41.838+0000] {processor.py:925} INFO - DAG(s) 'dag_extract_dvizhenie' retrieved from /opt/airflow/dags/dag_extract_dvizhenie.py
[2026-07-24T23:38:41.852+0000] {logging_mixin.py:190} INFO - [2026-07-24T23:38:41.852+0000] {dag.py:3239} INFO - Sync 1 DAGs
[2026-07-24T23:38:41.948+0000] {processor.py:208} INFO - Processing /opt/airflow/dags/dag_extract_dvizhenie.py took 0.121 seconds
[2026-07-24T23:43:31.757+0000] {processor.py:186} INFO - Started process (PID=36332) to work on /opt/airflow/dags/dag_extract_dvizhenie.py
[2026-07-24T23:43:31.757+0000] {processor.py:914} INFO - Processing file /opt/airflow/dags/dag_extract_dvizhenie.py for tasks to queue
[2026-07-24T23:43:31.758+0000] {logging_mixin.py:190} INFO - [2026-07-24T23:43:31.758+0000] {dagbag.py:588} INFO - Filling up the DagBag from /opt/airflow/dags/dag_extract_dvizhenie.py
[2026-07-24T23:43:31.765+0000] {processor.py:925} INFO - DAG(s) 'dag_extract_dvizhenie' retrieved from /opt/airflow/dags/dag_extract_dvizhenie.py
[2026-07-24T23:43:31.780+0000] {logging_mixin.py:190} INFO - [2026-07-24T23:43:31.780+0000] {dag.py:3239} INFO - Sync 1 DAGs
[2026-07-24T23:43:31.797+0000] {processor.py:208} INFO - Processing /opt/airflow/dags/dag_extract_dvizhenie.py took 0.045 seconds
[2026-07-24T23:53:14.262+0000] {processor.py:186} INFO - Started process (PID=36357) to work on /opt/airflow/dags/dag_extract_dvizhenie.py
[2026-07-24T23:53:14.262+0000] {processor.py:914} INFO - Processing file /opt/airflow/dags/dag_extract_dvizhenie.py for tasks to queue
[2026-07-24T23:53:14.263+0000] {logging_mixin.py:190} INFO - [2026-07-24T23:53:14.263+0000] {dagbag.py:588} INFO - Filling up the DagBag from /opt/airflow/dags/dag_extract_dvizhenie.py
[2026-07-24T23:53:14.268+0000] {processor.py:925} INFO - DAG(s) 'dag_extract_dvizhenie' retrieved from /opt/airflow/dags/dag_extract_dvizhenie.py
[2026-07-24T23:53:14.278+0000] {logging_mixin.py:190} INFO - [2026-07-24T23:53:14.278+0000] {dag.py:3239} INFO - Sync 1 DAGs
[2026-07-24T23:53:14.352+0000] {processor.py:208} INFO - Processing /opt/airflow/dags/dag_extract_dvizhenie.py took 0.092 seconds
