[2026-07-24T00:08:56.641+0000] {processor.py:186} INFO - Started process (PID=34802) to work on /opt/airflow/dags/dag_transform_mart.py
[2026-07-24T00:08:56.642+0000] {processor.py:914} INFO - Processing file /opt/airflow/dags/dag_transform_mart.py for tasks to queue
[2026-07-24T00:08:56.643+0000] {logging_mixin.py:190} INFO - [2026-07-24T00:08:56.643+0000] {dagbag.py:588} INFO - Filling up the DagBag from /opt/airflow/dags/dag_transform_mart.py
[2026-07-24T00:08:56.649+0000] {processor.py:925} INFO - DAG(s) 'dag_transform_mart' retrieved from /opt/airflow/dags/dag_transform_mart.py
[2026-07-24T00:08:56.661+0000] {logging_mixin.py:190} INFO - [2026-07-24T00:08:56.661+0000] {dag.py:3239} INFO - Sync 1 DAGs
[2026-07-24T00:08:56.670+0000] {logging_mixin.py:190} INFO - [2026-07-24T00:08:56.670+0000] {dag.py:4180} INFO - Setting next_dagrun for dag_transform_mart to 2026-07-23 03:30:00+00:00, run_after=2026-07-24 03:30:00+00:00
[2026-07-24T00:08:56.676+0000] {processor.py:208} INFO - Processing /opt/airflow/dags/dag_transform_mart.py took 0.039 seconds
[2026-07-24T00:42:37.352+0000] {processor.py:186} INFO - Started process (PID=34825) to work on /opt/airflow/dags/dag_transform_mart.py
[2026-07-24T00:42:37.353+0000] {processor.py:914} INFO - Processing file /opt/airflow/dags/dag_transform_mart.py for tasks to queue
[2026-07-24T00:42:37.355+0000] {logging_mixin.py:190} INFO - [2026-07-24T00:42:37.355+0000] {dagbag.py:588} INFO - Filling up the DagBag from /opt/airflow/dags/dag_transform_mart.py
[2026-07-24T00:42:37.363+0000] {processor.py:925} INFO - DAG(s) 'dag_transform_mart' retrieved from /opt/airflow/dags/dag_transform_mart.py
[2026-07-24T00:42:37.379+0000] {logging_mixin.py:190} INFO - [2026-07-24T00:42:37.379+0000] {dag.py:3239} INFO - Sync 1 DAGs
[2026-07-24T00:42:37.390+0000] {logging_mixin.py:190} INFO - [2026-07-24T00:42:37.390+0000] {dag.py:4180} INFO - Setting next_dagrun for dag_transform_mart to 2026-07-23 03:30:00+00:00, run_after=2026-07-24 03:30:00+00:00
[2026-07-24T00:42:37.399+0000] {processor.py:208} INFO - Processing /opt/airflow/dags/dag_transform_mart.py took 0.052 seconds
[2026-07-24T01:34:16.929+0000] {processor.py:186} INFO - Started process (PID=34845) to work on /opt/airflow/dags/dag_transform_mart.py
[2026-07-24T01:34:16.930+0000] {processor.py:914} INFO - Processing file /opt/airflow/dags/dag_transform_mart.py for tasks to queue
[2026-07-24T01:34:16.931+0000] {logging_mixin.py:190} INFO - [2026-07-24T01:34:16.931+0000] {dagbag.py:588} INFO - Filling up the DagBag from /opt/airflow/dags/dag_transform_mart.py
[2026-07-24T01:34:16.938+0000] {processor.py:925} INFO - DAG(s) 'dag_transform_mart' retrieved from /opt/airflow/dags/dag_transform_mart.py
[2026-07-24T01:34:16.952+0000] {logging_mixin.py:190} INFO - [2026-07-24T01:34:16.952+0000] {dag.py:3239} INFO - Sync 1 DAGs
[2026-07-24T01:34:16.962+0000] {logging_mixin.py:190} INFO - [2026-07-24T01:34:16.962+0000] {dag.py:4180} INFO - Setting next_dagrun for dag_transform_mart to 2026-07-23 03:30:00+00:00, run_after=2026-07-24 03:30:00+00:00
[2026-07-24T01:34:16.968+0000] {processor.py:208} INFO - Processing /opt/airflow/dags/dag_transform_mart.py took 0.043 seconds
[2026-07-24T01:58:11.001+0000] {processor.py:186} INFO - Started process (PID=34889) to work on /opt/airflow/dags/dag_transform_mart.py
[2026-07-24T01:58:11.002+0000] {processor.py:914} INFO - Processing file /opt/airflow/dags/dag_transform_mart.py for tasks to queue
[2026-07-24T01:58:11.005+0000] {logging_mixin.py:190} INFO - [2026-07-24T01:58:11.005+0000] {dagbag.py:588} INFO - Filling up the DagBag from /opt/airflow/dags/dag_transform_mart.py
[2026-07-24T01:58:11.013+0000] {processor.py:925} INFO - DAG(s) 'dag_transform_mart' retrieved from /opt/airflow/dags/dag_transform_mart.py
[2026-07-24T01:58:11.024+0000] {logging_mixin.py:190} INFO - [2026-07-24T01:58:11.024+0000] {dag.py:3239} INFO - Sync 1 DAGs
[2026-07-24T01:58:11.032+0000] {logging_mixin.py:190} INFO - [2026-07-24T01:58:11.032+0000] {dag.py:4180} INFO - Setting next_dagrun for dag_transform_mart to 2026-07-23 03:30:00+00:00, run_after=2026-07-24 03:30:00+00:00
[2026-07-24T01:58:11.040+0000] {processor.py:208} INFO - Processing /opt/airflow/dags/dag_transform_mart.py took 0.043 seconds
[2026-07-24T02:45:46.272+0000] {processor.py:186} INFO - Started process (PID=34909) to work on /opt/airflow/dags/dag_transform_mart.py
[2026-07-24T02:45:46.273+0000] {processor.py:914} INFO - Processing file /opt/airflow/dags/dag_transform_mart.py for tasks to queue
[2026-07-24T02:45:46.274+0000] {logging_mixin.py:190} INFO - [2026-07-24T02:45:46.274+0000] {dagbag.py:588} INFO - Filling up the DagBag from /opt/airflow/dags/dag_transform_mart.py
[2026-07-24T02:45:46.282+0000] {processor.py:925} INFO - DAG(s) 'dag_transform_mart' retrieved from /opt/airflow/dags/dag_transform_mart.py
[2026-07-24T02:45:46.298+0000] {logging_mixin.py:190} INFO - [2026-07-24T02:45:46.298+0000] {dag.py:3239} INFO - Sync 1 DAGs
[2026-07-24T02:45:46.309+0000] {logging_mixin.py:190} INFO - [2026-07-24T02:45:46.309+0000] {dag.py:4180} INFO - Setting next_dagrun for dag_transform_mart to 2026-07-23 03:30:00+00:00, run_after=2026-07-24 03:30:00+00:00
[2026-07-24T02:45:46.315+0000] {processor.py:208} INFO - Processing /opt/airflow/dags/dag_transform_mart.py took 0.048 seconds
[2026-07-24T03:20:14.358+0000] {processor.py:186} INFO - Started process (PID=34946) to work on /opt/airflow/dags/dag_transform_mart.py
[2026-07-24T03:20:14.360+0000] {processor.py:914} INFO - Processing file /opt/airflow/dags/dag_transform_mart.py for tasks to queue
[2026-07-24T03:20:14.362+0000] {logging_mixin.py:190} INFO - [2026-07-24T03:20:14.362+0000] {dagbag.py:588} INFO - Filling up the DagBag from /opt/airflow/dags/dag_transform_mart.py
[2026-07-24T03:20:14.374+0000] {processor.py:925} INFO - DAG(s) 'dag_transform_mart' retrieved from /opt/airflow/dags/dag_transform_mart.py
[2026-07-24T03:20:14.392+0000] {logging_mixin.py:190} INFO - [2026-07-24T03:20:14.392+0000] {dag.py:3239} INFO - Sync 1 DAGs
[2026-07-24T03:20:14.404+0000] {logging_mixin.py:190} INFO - [2026-07-24T03:20:14.404+0000] {dag.py:4180} INFO - Setting next_dagrun for dag_transform_mart to 2026-07-23 03:30:00+00:00, run_after=2026-07-24 03:30:00+00:00
[2026-07-24T03:20:14.413+0000] {processor.py:208} INFO - Processing /opt/airflow/dags/dag_transform_mart.py took 0.058 seconds
[2026-07-24T03:51:57.218+0000] {processor.py:186} INFO - Started process (PID=34970) to work on /opt/airflow/dags/dag_transform_mart.py
[2026-07-24T03:51:57.219+0000] {processor.py:914} INFO - Processing file /opt/airflow/dags/dag_transform_mart.py for tasks to queue
[2026-07-24T03:51:57.221+0000] {logging_mixin.py:190} INFO - [2026-07-24T03:51:57.221+0000] {dagbag.py:588} INFO - Filling up the DagBag from /opt/airflow/dags/dag_transform_mart.py
[2026-07-24T03:51:57.231+0000] {processor.py:925} INFO - DAG(s) 'dag_transform_mart' retrieved from /opt/airflow/dags/dag_transform_mart.py
[2026-07-24T03:51:57.251+0000] {logging_mixin.py:190} INFO - [2026-07-24T03:51:57.250+0000] {dag.py:3239} INFO - Sync 1 DAGs
[2026-07-24T03:51:57.262+0000] {logging_mixin.py:190} INFO - [2026-07-24T03:51:57.262+0000] {dag.py:4180} INFO - Setting next_dagrun for dag_transform_mart to 2026-07-23 03:30:00+00:00, run_after=2026-07-24 03:30:00+00:00
[2026-07-24T03:51:57.280+0000] {processor.py:208} INFO - Processing /opt/airflow/dags/dag_transform_mart.py took 0.066 seconds
[2026-07-24T04:48:15.768+0000] {processor.py:186} INFO - Started process (PID=35017) to work on /opt/airflow/dags/dag_transform_mart.py
[2026-07-24T04:48:15.768+0000] {processor.py:914} INFO - Processing file /opt/airflow/dags/dag_transform_mart.py for tasks to queue
[2026-07-24T04:48:15.770+0000] {logging_mixin.py:190} INFO - [2026-07-24T04:48:15.770+0000] {dagbag.py:588} INFO - Filling up the DagBag from /opt/airflow/dags/dag_transform_mart.py
[2026-07-24T04:48:15.778+0000] {processor.py:925} INFO - DAG(s) 'dag_transform_mart' retrieved from /opt/airflow/dags/dag_transform_mart.py
[2026-07-24T04:48:15.792+0000] {logging_mixin.py:190} INFO - [2026-07-24T04:48:15.792+0000] {dag.py:3239} INFO - Sync 1 DAGs
[2026-07-24T04:48:15.807+0000] {processor.py:208} INFO - Processing /opt/airflow/dags/dag_transform_mart.py took 0.043 seconds
[2026-07-24T06:01:10.792+0000] {processor.py:186} INFO - Started process (PID=35049) to work on /opt/airflow/dags/dag_transform_mart.py
[2026-07-24T06:01:10.793+0000] {processor.py:914} INFO - Processing file /opt/airflow/dags/dag_transform_mart.py for tasks to queue
[2026-07-24T06:01:10.795+0000] {logging_mixin.py:190} INFO - [2026-07-24T06:01:10.795+0000] {dagbag.py:588} INFO - Filling up the DagBag from /opt/airflow/dags/dag_transform_mart.py
[2026-07-24T06:01:10.803+0000] {processor.py:925} INFO - DAG(s) 'dag_transform_mart' retrieved from /opt/airflow/dags/dag_transform_mart.py
[2026-07-24T06:01:10.819+0000] {logging_mixin.py:190} INFO - [2026-07-24T06:01:10.819+0000] {dag.py:3239} INFO - Sync 1 DAGs
[2026-07-24T06:01:10.844+0000] {processor.py:208} INFO - Processing /opt/airflow/dags/dag_transform_mart.py took 0.056 seconds
[2026-07-24T06:48:45.294+0000] {processor.py:186} INFO - Started process (PID=35072) to work on /opt/airflow/dags/dag_transform_mart.py
[2026-07-24T06:48:45.295+0000] {processor.py:914} INFO - Processing file /opt/airflow/dags/dag_transform_mart.py for tasks to queue
[2026-07-24T06:48:45.296+0000] {logging_mixin.py:190} INFO - [2026-07-24T06:48:45.296+0000] {dagbag.py:588} INFO - Filling up the DagBag from /opt/airflow/dags/dag_transform_mart.py
[2026-07-24T06:48:45.303+0000] {processor.py:925} INFO - DAG(s) 'dag_transform_mart' retrieved from /opt/airflow/dags/dag_transform_mart.py
[2026-07-24T06:48:45.318+0000] {logging_mixin.py:190} INFO - [2026-07-24T06:48:45.318+0000] {dag.py:3239} INFO - Sync 1 DAGs
[2026-07-24T06:48:45.330+0000] {logging_mixin.py:190} INFO - [2026-07-24T06:48:45.330+0000] {dag.py:4180} INFO - Setting next_dagrun for dag_transform_mart to 2026-07-24 03:30:00+00:00, run_after=2026-07-25 03:30:00+00:00
[2026-07-24T06:48:45.336+0000] {processor.py:208} INFO - Processing /opt/airflow/dags/dag_transform_mart.py took 0.046 seconds
[2026-07-24T07:45:56.953+0000] {processor.py:186} INFO - Started process (PID=35095) to work on /opt/airflow/dags/dag_transform_mart.py
[2026-07-24T07:45:56.953+0000] {processor.py:914} INFO - Processing file /opt/airflow/dags/dag_transform_mart.py for tasks to queue
[2026-07-24T07:45:56.955+0000] {logging_mixin.py:190} INFO - [2026-07-24T07:45:56.955+0000] {dagbag.py:588} INFO - Filling up the DagBag from /opt/airflow/dags/dag_transform_mart.py
[2026-07-24T07:45:56.965+0000] {processor.py:925} INFO - DAG(s) 'dag_transform_mart' retrieved from /opt/airflow/dags/dag_transform_mart.py
[2026-07-24T07:45:56.981+0000] {logging_mixin.py:190} INFO - [2026-07-24T07:45:56.981+0000] {dag.py:3239} INFO - Sync 1 DAGs
[2026-07-24T07:45:56.993+0000] {logging_mixin.py:190} INFO - [2026-07-24T07:45:56.993+0000] {dag.py:4180} INFO - Setting next_dagrun for dag_transform_mart to 2026-07-24 03:30:00+00:00, run_after=2026-07-25 03:30:00+00:00
[2026-07-24T07:45:57.002+0000] {processor.py:208} INFO - Processing /opt/airflow/dags/dag_transform_mart.py took 0.053 seconds
[2026-07-24T08:38:06.607+0000] {processor.py:186} INFO - Started process (PID=35121) to work on /opt/airflow/dags/dag_transform_mart.py
[2026-07-24T08:38:06.607+0000] {processor.py:914} INFO - Processing file /opt/airflow/dags/dag_transform_mart.py for tasks to queue
[2026-07-24T08:38:06.609+0000] {logging_mixin.py:190} INFO - [2026-07-24T08:38:06.609+0000] {dagbag.py:588} INFO - Filling up the DagBag from /opt/airflow/dags/dag_transform_mart.py
[2026-07-24T08:38:06.616+0000] {processor.py:925} INFO - DAG(s) 'dag_transform_mart' retrieved from /opt/airflow/dags/dag_transform_mart.py
[2026-07-24T08:38:06.629+0000] {logging_mixin.py:190} INFO - [2026-07-24T08:38:06.629+0000] {dag.py:3239} INFO - Sync 1 DAGs
[2026-07-24T08:38:06.638+0000] {logging_mixin.py:190} INFO - [2026-07-24T08:38:06.638+0000] {dag.py:4180} INFO - Setting next_dagrun for dag_transform_mart to 2026-07-24 03:30:00+00:00, run_after=2026-07-25 03:30:00+00:00
[2026-07-24T08:38:06.644+0000] {processor.py:208} INFO - Processing /opt/airflow/dags/dag_transform_mart.py took 0.042 seconds
[2026-07-24T09:04:05.802+0000] {processor.py:186} INFO - Started process (PID=35144) to work on /opt/airflow/dags/dag_transform_mart.py
[2026-07-24T09:04:05.803+0000] {processor.py:914} INFO - Processing file /opt/airflow/dags/dag_transform_mart.py for tasks to queue
[2026-07-24T09:04:05.805+0000] {logging_mixin.py:190} INFO - [2026-07-24T09:04:05.805+0000] {dagbag.py:588} INFO - Filling up the DagBag from /opt/airflow/dags/dag_transform_mart.py
[2026-07-24T09:04:05.814+0000] {processor.py:925} INFO - DAG(s) 'dag_transform_mart' retrieved from /opt/airflow/dags/dag_transform_mart.py
[2026-07-24T09:04:05.833+0000] {logging_mixin.py:190} INFO - [2026-07-24T09:04:05.833+0000] {dag.py:3239} INFO - Sync 1 DAGs
[2026-07-24T09:04:05.847+0000] {logging_mixin.py:190} INFO - [2026-07-24T09:04:05.847+0000] {dag.py:4180} INFO - Setting next_dagrun for dag_transform_mart to 2026-07-24 03:30:00+00:00, run_after=2026-07-25 03:30:00+00:00
[2026-07-24T09:04:05.855+0000] {processor.py:208} INFO - Processing /opt/airflow/dags/dag_transform_mart.py took 0.058 seconds
[2026-07-24T10:05:12.765+0000] {processor.py:186} INFO - Started process (PID=35170) to work on /opt/airflow/dags/dag_transform_mart.py
[2026-07-24T10:05:12.766+0000] {processor.py:914} INFO - Processing file /opt/airflow/dags/dag_transform_mart.py for tasks to queue
[2026-07-24T10:05:12.767+0000] {logging_mixin.py:190} INFO - [2026-07-24T10:05:12.767+0000] {dagbag.py:588} INFO - Filling up the DagBag from /opt/airflow/dags/dag_transform_mart.py
[2026-07-24T10:05:12.774+0000] {processor.py:925} INFO - DAG(s) 'dag_transform_mart' retrieved from /opt/airflow/dags/dag_transform_mart.py
[2026-07-24T10:05:12.787+0000] {logging_mixin.py:190} INFO - [2026-07-24T10:05:12.787+0000] {dag.py:3239} INFO - Sync 1 DAGs
[2026-07-24T10:05:12.796+0000] {logging_mixin.py:190} INFO - [2026-07-24T10:05:12.796+0000] {dag.py:4180} INFO - Setting next_dagrun for dag_transform_mart to 2026-07-24 03:30:00+00:00, run_after=2026-07-25 03:30:00+00:00
[2026-07-24T10:05:12.802+0000] {processor.py:208} INFO - Processing /opt/airflow/dags/dag_transform_mart.py took 0.041 seconds
[2026-07-24T10:05:43.215+0000] {processor.py:186} INFO - Started process (PID=35193) to work on /opt/airflow/dags/dag_transform_mart.py
[2026-07-24T10:05:43.216+0000] {processor.py:914} INFO - Processing file /opt/airflow/dags/dag_transform_mart.py for tasks to queue
[2026-07-24T10:05:43.218+0000] {logging_mixin.py:190} INFO - [2026-07-24T10:05:43.218+0000] {dagbag.py:588} INFO - Filling up the DagBag from /opt/airflow/dags/dag_transform_mart.py
[2026-07-24T10:05:43.231+0000] {processor.py:925} INFO - DAG(s) 'dag_transform_mart' retrieved from /opt/airflow/dags/dag_transform_mart.py
[2026-07-24T10:05:43.248+0000] {logging_mixin.py:190} INFO - [2026-07-24T10:05:43.248+0000] {dag.py:3239} INFO - Sync 1 DAGs
[2026-07-24T10:05:43.258+0000] {logging_mixin.py:190} INFO - [2026-07-24T10:05:43.258+0000] {dag.py:4180} INFO - Setting next_dagrun for dag_transform_mart to 2026-07-24 03:30:00+00:00, run_after=2026-07-25 03:30:00+00:00
[2026-07-24T10:05:43.266+0000] {processor.py:208} INFO - Processing /opt/airflow/dags/dag_transform_mart.py took 0.060 seconds
[2026-07-24T11:23:28.293+0000] {processor.py:186} INFO - Started process (PID=35216) to work on /opt/airflow/dags/dag_transform_mart.py
[2026-07-24T11:23:28.294+0000] {processor.py:914} INFO - Processing file /opt/airflow/dags/dag_transform_mart.py for tasks to queue
[2026-07-24T11:23:28.295+0000] {logging_mixin.py:190} INFO - [2026-07-24T11:23:28.295+0000] {dagbag.py:588} INFO - Filling up the DagBag from /opt/airflow/dags/dag_transform_mart.py
[2026-07-24T11:23:28.309+0000] {processor.py:925} INFO - DAG(s) 'dag_transform_mart' retrieved from /opt/airflow/dags/dag_transform_mart.py
[2026-07-24T11:23:28.330+0000] {logging_mixin.py:190} INFO - [2026-07-24T11:23:28.330+0000] {dag.py:3239} INFO - Sync 1 DAGs
[2026-07-24T11:23:28.346+0000] {logging_mixin.py:190} INFO - [2026-07-24T11:23:28.346+0000] {dag.py:4180} INFO - Setting next_dagrun for dag_transform_mart to 2026-07-24 03:30:00+00:00, run_after=2026-07-25 03:30:00+00:00
[2026-07-24T11:23:28.358+0000] {processor.py:208} INFO - Processing /opt/airflow/dags/dag_transform_mart.py took 0.071 seconds
[2026-07-24T12:40:51.205+0000] {processor.py:186} INFO - Started process (PID=35236) to work on /opt/airflow/dags/dag_transform_mart.py
[2026-07-24T12:40:51.206+0000] {processor.py:914} INFO - Processing file /opt/airflow/dags/dag_transform_mart.py for tasks to queue
[2026-07-24T12:40:51.209+0000] {logging_mixin.py:190} INFO - [2026-07-24T12:40:51.208+0000] {dagbag.py:588} INFO - Filling up the DagBag from /opt/airflow/dags/dag_transform_mart.py
[2026-07-24T12:40:51.234+0000] {processor.py:925} INFO - DAG(s) 'dag_transform_mart' retrieved from /opt/airflow/dags/dag_transform_mart.py
[2026-07-24T12:40:51.260+0000] {logging_mixin.py:190} INFO - [2026-07-24T12:40:51.260+0000] {dag.py:3239} INFO - Sync 1 DAGs
[2026-07-24T12:40:51.278+0000] {logging_mixin.py:190} INFO - [2026-07-24T12:40:51.278+0000] {dag.py:4180} INFO - Setting next_dagrun for dag_transform_mart to 2026-07-24 03:30:00+00:00, run_after=2026-07-25 03:30:00+00:00
[2026-07-24T12:40:51.289+0000] {processor.py:208} INFO - Processing /opt/airflow/dags/dag_transform_mart.py took 0.091 seconds
[2026-07-24T13:58:40.537+0000] {processor.py:186} INFO - Started process (PID=35265) to work on /opt/airflow/dags/dag_transform_mart.py
[2026-07-24T13:58:40.537+0000] {processor.py:914} INFO - Processing file /opt/airflow/dags/dag_transform_mart.py for tasks to queue
[2026-07-24T13:58:40.539+0000] {logging_mixin.py:190} INFO - [2026-07-24T13:58:40.539+0000] {dagbag.py:588} INFO - Filling up the DagBag from /opt/airflow/dags/dag_transform_mart.py
[2026-07-24T13:58:40.548+0000] {processor.py:925} INFO - DAG(s) 'dag_transform_mart' retrieved from /opt/airflow/dags/dag_transform_mart.py
[2026-07-24T13:58:40.562+0000] {logging_mixin.py:190} INFO - [2026-07-24T13:58:40.562+0000] {dag.py:3239} INFO - Sync 1 DAGs
[2026-07-24T13:58:40.571+0000] {logging_mixin.py:190} INFO - [2026-07-24T13:58:40.571+0000] {dag.py:4180} INFO - Setting next_dagrun for dag_transform_mart to 2026-07-24 03:30:00+00:00, run_after=2026-07-25 03:30:00+00:00
[2026-07-24T13:58:40.578+0000] {processor.py:208} INFO - Processing /opt/airflow/dags/dag_transform_mart.py took 0.046 seconds
[2026-07-24T15:10:12.422+0000] {processor.py:186} INFO - Started process (PID=35285) to work on /opt/airflow/dags/dag_transform_mart.py
[2026-07-24T15:10:12.423+0000] {processor.py:914} INFO - Processing file /opt/airflow/dags/dag_transform_mart.py for tasks to queue
[2026-07-24T15:10:12.425+0000] {logging_mixin.py:190} INFO - [2026-07-24T15:10:12.425+0000] {dagbag.py:588} INFO - Filling up the DagBag from /opt/airflow/dags/dag_transform_mart.py
[2026-07-24T15:10:12.433+0000] {processor.py:925} INFO - DAG(s) 'dag_transform_mart' retrieved from /opt/airflow/dags/dag_transform_mart.py
[2026-07-24T15:10:12.449+0000] {logging_mixin.py:190} INFO - [2026-07-24T15:10:12.449+0000] {dag.py:3239} INFO - Sync 1 DAGs
[2026-07-24T15:10:12.461+0000] {logging_mixin.py:190} INFO - [2026-07-24T15:10:12.461+0000] {dag.py:4180} INFO - Setting next_dagrun for dag_transform_mart to 2026-07-24 03:30:00+00:00, run_after=2026-07-25 03:30:00+00:00
[2026-07-24T15:10:12.469+0000] {processor.py:208} INFO - Processing /opt/airflow/dags/dag_transform_mart.py took 0.052 seconds
[2026-07-24T15:39:19.068+0000] {processor.py:186} INFO - Started process (PID=35314) to work on /opt/airflow/dags/dag_transform_mart.py
[2026-07-24T15:39:19.069+0000] {processor.py:914} INFO - Processing file /opt/airflow/dags/dag_transform_mart.py for tasks to queue
[2026-07-24T15:39:19.070+0000] {logging_mixin.py:190} INFO - [2026-07-24T15:39:19.070+0000] {dagbag.py:588} INFO - Filling up the DagBag from /opt/airflow/dags/dag_transform_mart.py
[2026-07-24T15:39:19.077+0000] {processor.py:925} INFO - DAG(s) 'dag_transform_mart' retrieved from /opt/airflow/dags/dag_transform_mart.py
[2026-07-24T15:39:19.094+0000] {logging_mixin.py:190} INFO - [2026-07-24T15:39:19.094+0000] {dag.py:3239} INFO - Sync 1 DAGs
[2026-07-24T15:39:19.106+0000] {logging_mixin.py:190} INFO - [2026-07-24T15:39:19.106+0000] {dag.py:4180} INFO - Setting next_dagrun for dag_transform_mart to 2026-07-24 03:30:00+00:00, run_after=2026-07-25 03:30:00+00:00
[2026-07-24T15:39:19.113+0000] {processor.py:208} INFO - Processing /opt/airflow/dags/dag_transform_mart.py took 0.048 seconds
[2026-07-24T16:00:07.306+0000] {processor.py:186} INFO - Started process (PID=35334) to work on /opt/airflow/dags/dag_transform_mart.py
[2026-07-24T16:00:07.309+0000] {processor.py:914} INFO - Processing file /opt/airflow/dags/dag_transform_mart.py for tasks to queue
[2026-07-24T16:00:07.313+0000] {logging_mixin.py:190} INFO - [2026-07-24T16:00:07.312+0000] {dagbag.py:588} INFO - Filling up the DagBag from /opt/airflow/dags/dag_transform_mart.py
[2026-07-24T16:00:07.345+0000] {processor.py:925} INFO - DAG(s) 'dag_transform_mart' retrieved from /opt/airflow/dags/dag_transform_mart.py
[2026-07-24T16:00:07.389+0000] {logging_mixin.py:190} INFO - [2026-07-24T16:00:07.389+0000] {dag.py:3239} INFO - Sync 1 DAGs
[2026-07-24T16:00:07.421+0000] {logging_mixin.py:190} INFO - [2026-07-24T16:00:07.421+0000] {dag.py:4180} INFO - Setting next_dagrun for dag_transform_mart to 2026-07-24 03:30:00+00:00, run_after=2026-07-25 03:30:00+00:00
[2026-07-24T16:00:07.441+0000] {processor.py:208} INFO - Processing /opt/airflow/dags/dag_transform_mart.py took 0.150 seconds
[2026-07-24T16:00:37.910+0000] {processor.py:186} INFO - Started process (PID=35360) to work on /opt/airflow/dags/dag_transform_mart.py
[2026-07-24T16:00:37.912+0000] {processor.py:914} INFO - Processing file /opt/airflow/dags/dag_transform_mart.py for tasks to queue
[2026-07-24T16:00:37.917+0000] {logging_mixin.py:190} INFO - [2026-07-24T16:00:37.916+0000] {dagbag.py:588} INFO - Filling up the DagBag from /opt/airflow/dags/dag_transform_mart.py
[2026-07-24T16:00:37.944+0000] {processor.py:925} INFO - DAG(s) 'dag_transform_mart' retrieved from /opt/airflow/dags/dag_transform_mart.py
[2026-07-24T16:00:37.975+0000] {logging_mixin.py:190} INFO - [2026-07-24T16:00:37.975+0000] {dag.py:3239} INFO - Sync 1 DAGs
[2026-07-24T16:00:37.995+0000] {logging_mixin.py:190} INFO - [2026-07-24T16:00:37.995+0000] {dag.py:4180} INFO - Setting next_dagrun for dag_transform_mart to 2026-07-24 03:30:00+00:00, run_after=2026-07-25 03:30:00+00:00
[2026-07-24T16:00:38.013+0000] {processor.py:208} INFO - Processing /opt/airflow/dags/dag_transform_mart.py took 0.114 seconds
[2026-07-24T16:01:08.424+0000] {processor.py:186} INFO - Started process (PID=35380) to work on /opt/airflow/dags/dag_transform_mart.py
[2026-07-24T16:01:08.425+0000] {processor.py:914} INFO - Processing file /opt/airflow/dags/dag_transform_mart.py for tasks to queue
[2026-07-24T16:01:08.428+0000] {logging_mixin.py:190} INFO - [2026-07-24T16:01:08.427+0000] {dagbag.py:588} INFO - Filling up the DagBag from /opt/airflow/dags/dag_transform_mart.py
[2026-07-24T16:01:08.437+0000] {processor.py:925} INFO - DAG(s) 'dag_transform_mart' retrieved from /opt/airflow/dags/dag_transform_mart.py
[2026-07-24T16:01:08.458+0000] {logging_mixin.py:190} INFO - [2026-07-24T16:01:08.458+0000] {dag.py:3239} INFO - Sync 1 DAGs
[2026-07-24T16:01:08.470+0000] {logging_mixin.py:190} INFO - [2026-07-24T16:01:08.470+0000] {dag.py:4180} INFO - Setting next_dagrun for dag_transform_mart to 2026-07-24 03:30:00+00:00, run_after=2026-07-25 03:30:00+00:00
[2026-07-24T16:01:08.479+0000] {processor.py:208} INFO - Processing /opt/airflow/dags/dag_transform_mart.py took 0.062 seconds
[2026-07-24T16:01:38.870+0000] {processor.py:186} INFO - Started process (PID=35400) to work on /opt/airflow/dags/dag_transform_mart.py
[2026-07-24T16:01:38.870+0000] {processor.py:914} INFO - Processing file /opt/airflow/dags/dag_transform_mart.py for tasks to queue
[2026-07-24T16:01:38.873+0000] {logging_mixin.py:190} INFO - [2026-07-24T16:01:38.873+0000] {dagbag.py:588} INFO - Filling up the DagBag from /opt/airflow/dags/dag_transform_mart.py
[2026-07-24T16:01:38.882+0000] {processor.py:925} INFO - DAG(s) 'dag_transform_mart' retrieved from /opt/airflow/dags/dag_transform_mart.py
[2026-07-24T16:01:38.901+0000] {logging_mixin.py:190} INFO - [2026-07-24T16:01:38.901+0000] {dag.py:3239} INFO - Sync 1 DAGs
[2026-07-24T16:01:38.913+0000] {logging_mixin.py:190} INFO - [2026-07-24T16:01:38.913+0000] {dag.py:4180} INFO - Setting next_dagrun for dag_transform_mart to 2026-07-24 03:30:00+00:00, run_after=2026-07-25 03:30:00+00:00
[2026-07-24T16:01:38.922+0000] {processor.py:208} INFO - Processing /opt/airflow/dags/dag_transform_mart.py took 0.057 seconds
[2026-07-24T16:02:09.279+0000] {processor.py:186} INFO - Started process (PID=35420) to work on /opt/airflow/dags/dag_transform_mart.py
[2026-07-24T16:02:09.281+0000] {processor.py:914} INFO - Processing file /opt/airflow/dags/dag_transform_mart.py for tasks to queue
[2026-07-24T16:02:09.284+0000] {logging_mixin.py:190} INFO - [2026-07-24T16:02:09.284+0000] {dagbag.py:588} INFO - Filling up the DagBag from /opt/airflow/dags/dag_transform_mart.py
[2026-07-24T16:02:09.293+0000] {processor.py:925} INFO - DAG(s) 'dag_transform_mart' retrieved from /opt/airflow/dags/dag_transform_mart.py
[2026-07-24T16:02:09.309+0000] {logging_mixin.py:190} INFO - [2026-07-24T16:02:09.309+0000] {dag.py:3239} INFO - Sync 1 DAGs
[2026-07-24T16:02:09.319+0000] {logging_mixin.py:190} INFO - [2026-07-24T16:02:09.319+0000] {dag.py:4180} INFO - Setting next_dagrun for dag_transform_mart to 2026-07-24 03:30:00+00:00, run_after=2026-07-25 03:30:00+00:00
[2026-07-24T16:02:09.327+0000] {processor.py:208} INFO - Processing /opt/airflow/dags/dag_transform_mart.py took 0.054 seconds
[2026-07-24T16:02:39.736+0000] {processor.py:186} INFO - Started process (PID=35440) to work on /opt/airflow/dags/dag_transform_mart.py
[2026-07-24T16:02:39.738+0000] {processor.py:914} INFO - Processing file /opt/airflow/dags/dag_transform_mart.py for tasks to queue
[2026-07-24T16:02:39.741+0000] {logging_mixin.py:190} INFO - [2026-07-24T16:02:39.740+0000] {dagbag.py:588} INFO - Filling up the DagBag from /opt/airflow/dags/dag_transform_mart.py
[2026-07-24T16:02:39.749+0000] {processor.py:925} INFO - DAG(s) 'dag_transform_mart' retrieved from /opt/airflow/dags/dag_transform_mart.py
[2026-07-24T16:02:39.763+0000] {logging_mixin.py:190} INFO - [2026-07-24T16:02:39.763+0000] {dag.py:3239} INFO - Sync 1 DAGs
[2026-07-24T16:02:39.773+0000] {logging_mixin.py:190} INFO - [2026-07-24T16:02:39.773+0000] {dag.py:4180} INFO - Setting next_dagrun for dag_transform_mart to 2026-07-24 03:30:00+00:00, run_after=2026-07-25 03:30:00+00:00
[2026-07-24T16:02:39.782+0000] {processor.py:208} INFO - Processing /opt/airflow/dags/dag_transform_mart.py took 0.052 seconds
[2026-07-24T16:03:10.184+0000] {processor.py:186} INFO - Started process (PID=35460) to work on /opt/airflow/dags/dag_transform_mart.py
[2026-07-24T16:03:10.185+0000] {processor.py:914} INFO - Processing file /opt/airflow/dags/dag_transform_mart.py for tasks to queue
[2026-07-24T16:03:10.186+0000] {logging_mixin.py:190} INFO - [2026-07-24T16:03:10.186+0000] {dagbag.py:588} INFO - Filling up the DagBag from /opt/airflow/dags/dag_transform_mart.py
[2026-07-24T16:03:10.197+0000] {processor.py:925} INFO - DAG(s) 'dag_transform_mart' retrieved from /opt/airflow/dags/dag_transform_mart.py
[2026-07-24T16:03:10.218+0000] {logging_mixin.py:190} INFO - [2026-07-24T16:03:10.217+0000] {dag.py:3239} INFO - Sync 1 DAGs
[2026-07-24T16:03:10.229+0000] {logging_mixin.py:190} INFO - [2026-07-24T16:03:10.229+0000] {dag.py:4180} INFO - Setting next_dagrun for dag_transform_mart to 2026-07-24 03:30:00+00:00, run_after=2026-07-25 03:30:00+00:00
[2026-07-24T16:03:10.241+0000] {processor.py:208} INFO - Processing /opt/airflow/dags/dag_transform_mart.py took 0.061 seconds
[2026-07-24T16:03:40.660+0000] {processor.py:186} INFO - Started process (PID=35480) to work on /opt/airflow/dags/dag_transform_mart.py
[2026-07-24T16:03:40.661+0000] {processor.py:914} INFO - Processing file /opt/airflow/dags/dag_transform_mart.py for tasks to queue
[2026-07-24T16:03:40.664+0000] {logging_mixin.py:190} INFO - [2026-07-24T16:03:40.664+0000] {dagbag.py:588} INFO - Filling up the DagBag from /opt/airflow/dags/dag_transform_mart.py
[2026-07-24T16:03:40.677+0000] {processor.py:925} INFO - DAG(s) 'dag_transform_mart' retrieved from /opt/airflow/dags/dag_transform_mart.py
[2026-07-24T16:03:40.698+0000] {logging_mixin.py:190} INFO - [2026-07-24T16:03:40.698+0000] {dag.py:3239} INFO - Sync 1 DAGs
[2026-07-24T16:03:40.711+0000] {logging_mixin.py:190} INFO - [2026-07-24T16:03:40.711+0000] {dag.py:4180} INFO - Setting next_dagrun for dag_transform_mart to 2026-07-24 03:30:00+00:00, run_after=2026-07-25 03:30:00+00:00
[2026-07-24T16:03:40.720+0000] {processor.py:208} INFO - Processing /opt/airflow/dags/dag_transform_mart.py took 0.071 seconds
[2026-07-24T16:04:11.132+0000] {processor.py:186} INFO - Started process (PID=35500) to work on /opt/airflow/dags/dag_transform_mart.py
[2026-07-24T16:04:11.133+0000] {processor.py:914} INFO - Processing file /opt/airflow/dags/dag_transform_mart.py for tasks to queue
[2026-07-24T16:04:11.137+0000] {logging_mixin.py:190} INFO - [2026-07-24T16:04:11.137+0000] {dagbag.py:588} INFO - Filling up the DagBag from /opt/airflow/dags/dag_transform_mart.py
[2026-07-24T16:04:11.151+0000] {processor.py:925} INFO - DAG(s) 'dag_transform_mart' retrieved from /opt/airflow/dags/dag_transform_mart.py
[2026-07-24T16:04:11.167+0000] {logging_mixin.py:190} INFO - [2026-07-24T16:04:11.167+0000] {dag.py:3239} INFO - Sync 1 DAGs
[2026-07-24T16:04:11.178+0000] {logging_mixin.py:190} INFO - [2026-07-24T16:04:11.178+0000] {dag.py:4180} INFO - Setting next_dagrun for dag_transform_mart to 2026-07-24 03:30:00+00:00, run_after=2026-07-25 03:30:00+00:00
[2026-07-24T16:04:11.186+0000] {processor.py:208} INFO - Processing /opt/airflow/dags/dag_transform_mart.py took 0.062 seconds
[2026-07-24T16:04:41.585+0000] {processor.py:186} INFO - Started process (PID=35520) to work on /opt/airflow/dags/dag_transform_mart.py
[2026-07-24T16:04:41.586+0000] {processor.py:914} INFO - Processing file /opt/airflow/dags/dag_transform_mart.py for tasks to queue
[2026-07-24T16:04:41.590+0000] {logging_mixin.py:190} INFO - [2026-07-24T16:04:41.589+0000] {dagbag.py:588} INFO - Filling up the DagBag from /opt/airflow/dags/dag_transform_mart.py
[2026-07-24T16:04:41.603+0000] {processor.py:925} INFO - DAG(s) 'dag_transform_mart' retrieved from /opt/airflow/dags/dag_transform_mart.py
[2026-07-24T16:04:41.621+0000] {logging_mixin.py:190} INFO - [2026-07-24T16:04:41.621+0000] {dag.py:3239} INFO - Sync 1 DAGs
[2026-07-24T16:04:41.633+0000] {logging_mixin.py:190} INFO - [2026-07-24T16:04:41.633+0000] {dag.py:4180} INFO - Setting next_dagrun for dag_transform_mart to 2026-07-24 03:30:00+00:00, run_after=2026-07-25 03:30:00+00:00
[2026-07-24T16:04:41.641+0000] {processor.py:208} INFO - Processing /opt/airflow/dags/dag_transform_mart.py took 0.067 seconds
[2026-07-24T16:05:12.025+0000] {processor.py:186} INFO - Started process (PID=35540) to work on /opt/airflow/dags/dag_transform_mart.py
[2026-07-24T16:05:12.027+0000] {processor.py:914} INFO - Processing file /opt/airflow/dags/dag_transform_mart.py for tasks to queue
[2026-07-24T16:05:12.031+0000] {logging_mixin.py:190} INFO - [2026-07-24T16:05:12.030+0000] {dagbag.py:588} INFO - Filling up the DagBag from /opt/airflow/dags/dag_transform_mart.py
[2026-07-24T16:05:12.042+0000] {processor.py:925} INFO - DAG(s) 'dag_transform_mart' retrieved from /opt/airflow/dags/dag_transform_mart.py
[2026-07-24T16:05:12.060+0000] {logging_mixin.py:190} INFO - [2026-07-24T16:05:12.060+0000] {dag.py:3239} INFO - Sync 1 DAGs
[2026-07-24T16:05:12.071+0000] {logging_mixin.py:190} INFO - [2026-07-24T16:05:12.071+0000] {dag.py:4180} INFO - Setting next_dagrun for dag_transform_mart to 2026-07-24 03:30:00+00:00, run_after=2026-07-25 03:30:00+00:00
[2026-07-24T16:05:12.078+0000] {processor.py:208} INFO - Processing /opt/airflow/dags/dag_transform_mart.py took 0.060 seconds
[2026-07-24T16:05:42.430+0000] {processor.py:186} INFO - Started process (PID=35560) to work on /opt/airflow/dags/dag_transform_mart.py
[2026-07-24T16:05:42.431+0000] {processor.py:914} INFO - Processing file /opt/airflow/dags/dag_transform_mart.py for tasks to queue
[2026-07-24T16:05:42.434+0000] {logging_mixin.py:190} INFO - [2026-07-24T16:05:42.433+0000] {dagbag.py:588} INFO - Filling up the DagBag from /opt/airflow/dags/dag_transform_mart.py
[2026-07-24T16:05:42.442+0000] {processor.py:925} INFO - DAG(s) 'dag_transform_mart' retrieved from /opt/airflow/dags/dag_transform_mart.py
[2026-07-24T16:05:42.459+0000] {logging_mixin.py:190} INFO - [2026-07-24T16:05:42.459+0000] {dag.py:3239} INFO - Sync 1 DAGs
[2026-07-24T16:05:42.469+0000] {logging_mixin.py:190} INFO - [2026-07-24T16:05:42.469+0000] {dag.py:4180} INFO - Setting next_dagrun for dag_transform_mart to 2026-07-24 03:30:00+00:00, run_after=2026-07-25 03:30:00+00:00
[2026-07-24T16:05:42.478+0000] {processor.py:208} INFO - Processing /opt/airflow/dags/dag_transform_mart.py took 0.054 seconds
[2026-07-24T16:06:12.911+0000] {processor.py:186} INFO - Started process (PID=35580) to work on /opt/airflow/dags/dag_transform_mart.py
[2026-07-24T16:06:12.912+0000] {processor.py:914} INFO - Processing file /opt/airflow/dags/dag_transform_mart.py for tasks to queue
[2026-07-24T16:06:12.914+0000] {logging_mixin.py:190} INFO - [2026-07-24T16:06:12.914+0000] {dagbag.py:588} INFO - Filling up the DagBag from /opt/airflow/dags/dag_transform_mart.py
[2026-07-24T16:06:12.922+0000] {processor.py:925} INFO - DAG(s) 'dag_transform_mart' retrieved from /opt/airflow/dags/dag_transform_mart.py
[2026-07-24T16:06:12.940+0000] {logging_mixin.py:190} INFO - [2026-07-24T16:06:12.940+0000] {dag.py:3239} INFO - Sync 1 DAGs
[2026-07-24T16:06:12.949+0000] {logging_mixin.py:190} INFO - [2026-07-24T16:06:12.949+0000] {dag.py:4180} INFO - Setting next_dagrun for dag_transform_mart to 2026-07-24 03:30:00+00:00, run_after=2026-07-25 03:30:00+00:00
[2026-07-24T16:06:12.958+0000] {processor.py:208} INFO - Processing /opt/airflow/dags/dag_transform_mart.py took 0.054 seconds
[2026-07-24T16:06:43.336+0000] {processor.py:186} INFO - Started process (PID=35600) to work on /opt/airflow/dags/dag_transform_mart.py
[2026-07-24T16:06:43.337+0000] {processor.py:914} INFO - Processing file /opt/airflow/dags/dag_transform_mart.py for tasks to queue
[2026-07-24T16:06:43.338+0000] {logging_mixin.py:190} INFO - [2026-07-24T16:06:43.338+0000] {dagbag.py:588} INFO - Filling up the DagBag from /opt/airflow/dags/dag_transform_mart.py
[2026-07-24T16:06:43.344+0000] {processor.py:925} INFO - DAG(s) 'dag_transform_mart' retrieved from /opt/airflow/dags/dag_transform_mart.py
[2026-07-24T16:06:43.359+0000] {logging_mixin.py:190} INFO - [2026-07-24T16:06:43.359+0000] {dag.py:3239} INFO - Sync 1 DAGs
[2026-07-24T16:06:43.368+0000] {logging_mixin.py:190} INFO - [2026-07-24T16:06:43.368+0000] {dag.py:4180} INFO - Setting next_dagrun for dag_transform_mart to 2026-07-24 03:30:00+00:00, run_after=2026-07-25 03:30:00+00:00
[2026-07-24T16:06:43.375+0000] {processor.py:208} INFO - Processing /opt/airflow/dags/dag_transform_mart.py took 0.041 seconds
[2026-07-24T16:07:13.767+0000] {processor.py:186} INFO - Started process (PID=35620) to work on /opt/airflow/dags/dag_transform_mart.py
[2026-07-24T16:07:13.769+0000] {processor.py:914} INFO - Processing file /opt/airflow/dags/dag_transform_mart.py for tasks to queue
[2026-07-24T16:07:13.771+0000] {logging_mixin.py:190} INFO - [2026-07-24T16:07:13.771+0000] {dagbag.py:588} INFO - Filling up the DagBag from /opt/airflow/dags/dag_transform_mart.py
[2026-07-24T16:07:13.780+0000] {processor.py:925} INFO - DAG(s) 'dag_transform_mart' retrieved from /opt/airflow/dags/dag_transform_mart.py
[2026-07-24T16:07:13.799+0000] {logging_mixin.py:190} INFO - [2026-07-24T16:07:13.799+0000] {dag.py:3239} INFO - Sync 1 DAGs
[2026-07-24T16:07:13.809+0000] {logging_mixin.py:190} INFO - [2026-07-24T16:07:13.809+0000] {dag.py:4180} INFO - Setting next_dagrun for dag_transform_mart to 2026-07-24 03:30:00+00:00, run_after=2026-07-25 03:30:00+00:00
[2026-07-24T16:07:13.817+0000] {processor.py:208} INFO - Processing /opt/airflow/dags/dag_transform_mart.py took 0.057 seconds
[2026-07-24T16:07:44.213+0000] {processor.py:186} INFO - Started process (PID=35640) to work on /opt/airflow/dags/dag_transform_mart.py
[2026-07-24T16:07:44.215+0000] {processor.py:914} INFO - Processing file /opt/airflow/dags/dag_transform_mart.py for tasks to queue
[2026-07-24T16:07:44.218+0000] {logging_mixin.py:190} INFO - [2026-07-24T16:07:44.218+0000] {dagbag.py:588} INFO - Filling up the DagBag from /opt/airflow/dags/dag_transform_mart.py
[2026-07-24T16:07:44.229+0000] {processor.py:925} INFO - DAG(s) 'dag_transform_mart' retrieved from /opt/airflow/dags/dag_transform_mart.py
[2026-07-24T16:07:44.246+0000] {logging_mixin.py:190} INFO - [2026-07-24T16:07:44.246+0000] {dag.py:3239} INFO - Sync 1 DAGs
[2026-07-24T16:07:44.255+0000] {logging_mixin.py:190} INFO - [2026-07-24T16:07:44.255+0000] {dag.py:4180} INFO - Setting next_dagrun for dag_transform_mart to 2026-07-24 03:30:00+00:00, run_after=2026-07-25 03:30:00+00:00
[2026-07-24T16:07:44.262+0000] {processor.py:208} INFO - Processing /opt/airflow/dags/dag_transform_mart.py took 0.056 seconds
[2026-07-24T16:08:14.642+0000] {processor.py:186} INFO - Started process (PID=35660) to work on /opt/airflow/dags/dag_transform_mart.py
[2026-07-24T16:08:14.644+0000] {processor.py:914} INFO - Processing file /opt/airflow/dags/dag_transform_mart.py for tasks to queue
[2026-07-24T16:08:14.646+0000] {logging_mixin.py:190} INFO - [2026-07-24T16:08:14.646+0000] {dagbag.py:588} INFO - Filling up the DagBag from /opt/airflow/dags/dag_transform_mart.py
[2026-07-24T16:08:14.653+0000] {processor.py:925} INFO - DAG(s) 'dag_transform_mart' retrieved from /opt/airflow/dags/dag_transform_mart.py
[2026-07-24T16:08:14.672+0000] {logging_mixin.py:190} INFO - [2026-07-24T16:08:14.672+0000] {dag.py:3239} INFO - Sync 1 DAGs
[2026-07-24T16:08:14.682+0000] {logging_mixin.py:190} INFO - [2026-07-24T16:08:14.682+0000] {dag.py:4180} INFO - Setting next_dagrun for dag_transform_mart to 2026-07-24 03:30:00+00:00, run_after=2026-07-25 03:30:00+00:00
[2026-07-24T16:08:14.689+0000] {processor.py:208} INFO - Processing /opt/airflow/dags/dag_transform_mart.py took 0.054 seconds
[2026-07-24T16:08:45.063+0000] {processor.py:186} INFO - Started process (PID=35680) to work on /opt/airflow/dags/dag_transform_mart.py
[2026-07-24T16:08:45.064+0000] {processor.py:914} INFO - Processing file /opt/airflow/dags/dag_transform_mart.py for tasks to queue
[2026-07-24T16:08:45.065+0000] {logging_mixin.py:190} INFO - [2026-07-24T16:08:45.065+0000] {dagbag.py:588} INFO - Filling up the DagBag from /opt/airflow/dags/dag_transform_mart.py
[2026-07-24T16:08:45.075+0000] {processor.py:925} INFO - DAG(s) 'dag_transform_mart' retrieved from /opt/airflow/dags/dag_transform_mart.py
[2026-07-24T16:08:45.094+0000] {logging_mixin.py:190} INFO - [2026-07-24T16:08:45.094+0000] {dag.py:3239} INFO - Sync 1 DAGs
[2026-07-24T16:08:45.104+0000] {logging_mixin.py:190} INFO - [2026-07-24T16:08:45.104+0000] {dag.py:4180} INFO - Setting next_dagrun for dag_transform_mart to 2026-07-24 03:30:00+00:00, run_after=2026-07-25 03:30:00+00:00
[2026-07-24T16:08:45.113+0000] {processor.py:208} INFO - Processing /opt/airflow/dags/dag_transform_mart.py took 0.057 seconds
[2026-07-24T16:09:15.462+0000] {processor.py:186} INFO - Started process (PID=35700) to work on /opt/airflow/dags/dag_transform_mart.py
[2026-07-24T16:09:15.463+0000] {processor.py:914} INFO - Processing file /opt/airflow/dags/dag_transform_mart.py for tasks to queue
[2026-07-24T16:09:15.465+0000] {logging_mixin.py:190} INFO - [2026-07-24T16:09:15.464+0000] {dagbag.py:588} INFO - Filling up the DagBag from /opt/airflow/dags/dag_transform_mart.py
[2026-07-24T16:09:15.472+0000] {processor.py:925} INFO - DAG(s) 'dag_transform_mart' retrieved from /opt/airflow/dags/dag_transform_mart.py
[2026-07-24T16:09:15.489+0000] {logging_mixin.py:190} INFO - [2026-07-24T16:09:15.489+0000] {dag.py:3239} INFO - Sync 1 DAGs
[2026-07-24T16:09:15.500+0000] {logging_mixin.py:190} INFO - [2026-07-24T16:09:15.499+0000] {dag.py:4180} INFO - Setting next_dagrun for dag_transform_mart to 2026-07-24 03:30:00+00:00, run_after=2026-07-25 03:30:00+00:00
[2026-07-24T16:09:15.507+0000] {processor.py:208} INFO - Processing /opt/airflow/dags/dag_transform_mart.py took 0.050 seconds
[2026-07-24T16:09:45.906+0000] {processor.py:186} INFO - Started process (PID=35720) to work on /opt/airflow/dags/dag_transform_mart.py
[2026-07-24T16:09:45.907+0000] {processor.py:914} INFO - Processing file /opt/airflow/dags/dag_transform_mart.py for tasks to queue
[2026-07-24T16:09:45.911+0000] {logging_mixin.py:190} INFO - [2026-07-24T16:09:45.911+0000] {dagbag.py:588} INFO - Filling up the DagBag from /opt/airflow/dags/dag_transform_mart.py
[2026-07-24T16:09:45.925+0000] {processor.py:925} INFO - DAG(s) 'dag_transform_mart' retrieved from /opt/airflow/dags/dag_transform_mart.py
[2026-07-24T16:09:45.942+0000] {logging_mixin.py:190} INFO - [2026-07-24T16:09:45.942+0000] {dag.py:3239} INFO - Sync 1 DAGs
[2026-07-24T16:09:45.953+0000] {logging_mixin.py:190} INFO - [2026-07-24T16:09:45.953+0000] {dag.py:4180} INFO - Setting next_dagrun for dag_transform_mart to 2026-07-24 03:30:00+00:00, run_after=2026-07-25 03:30:00+00:00
[2026-07-24T16:09:45.962+0000] {processor.py:208} INFO - Processing /opt/airflow/dags/dag_transform_mart.py took 0.063 seconds
[2026-07-24T16:10:16.370+0000] {processor.py:186} INFO - Started process (PID=35743) to work on /opt/airflow/dags/dag_transform_mart.py
[2026-07-24T16:10:16.371+0000] {processor.py:914} INFO - Processing file /opt/airflow/dags/dag_transform_mart.py for tasks to queue
[2026-07-24T16:10:16.374+0000] {logging_mixin.py:190} INFO - [2026-07-24T16:10:16.373+0000] {dagbag.py:588} INFO - Filling up the DagBag from /opt/airflow/dags/dag_transform_mart.py
[2026-07-24T16:10:16.380+0000] {processor.py:925} INFO - DAG(s) 'dag_transform_mart' retrieved from /opt/airflow/dags/dag_transform_mart.py
[2026-07-24T16:10:16.400+0000] {logging_mixin.py:190} INFO - [2026-07-24T16:10:16.400+0000] {dag.py:3239} INFO - Sync 1 DAGs
[2026-07-24T16:10:16.410+0000] {logging_mixin.py:190} INFO - [2026-07-24T16:10:16.410+0000] {dag.py:4180} INFO - Setting next_dagrun for dag_transform_mart to 2026-07-24 03:30:00+00:00, run_after=2026-07-25 03:30:00+00:00
[2026-07-24T16:10:16.416+0000] {processor.py:208} INFO - Processing /opt/airflow/dags/dag_transform_mart.py took 0.053 seconds
[2026-07-24T16:10:46.794+0000] {processor.py:186} INFO - Started process (PID=35763) to work on /opt/airflow/dags/dag_transform_mart.py
[2026-07-24T16:10:46.796+0000] {processor.py:914} INFO - Processing file /opt/airflow/dags/dag_transform_mart.py for tasks to queue
[2026-07-24T16:10:46.799+0000] {logging_mixin.py:190} INFO - [2026-07-24T16:10:46.798+0000] {dagbag.py:588} INFO - Filling up the DagBag from /opt/airflow/dags/dag_transform_mart.py
[2026-07-24T16:10:46.810+0000] {processor.py:925} INFO - DAG(s) 'dag_transform_mart' retrieved from /opt/airflow/dags/dag_transform_mart.py
[2026-07-24T16:10:46.827+0000] {logging_mixin.py:190} INFO - [2026-07-24T16:10:46.827+0000] {dag.py:3239} INFO - Sync 1 DAGs
[2026-07-24T16:10:46.837+0000] {logging_mixin.py:190} INFO - [2026-07-24T16:10:46.837+0000] {dag.py:4180} INFO - Setting next_dagrun for dag_transform_mart to 2026-07-24 03:30:00+00:00, run_after=2026-07-25 03:30:00+00:00
[2026-07-24T16:10:46.845+0000] {processor.py:208} INFO - Processing /opt/airflow/dags/dag_transform_mart.py took 0.057 seconds
[2026-07-24T16:11:17.250+0000] {processor.py:186} INFO - Started process (PID=35783) to work on /opt/airflow/dags/dag_transform_mart.py
[2026-07-24T16:11:17.251+0000] {processor.py:914} INFO - Processing file /opt/airflow/dags/dag_transform_mart.py for tasks to queue
[2026-07-24T16:11:17.255+0000] {logging_mixin.py:190} INFO - [2026-07-24T16:11:17.255+0000] {dagbag.py:588} INFO - Filling up the DagBag from /opt/airflow/dags/dag_transform_mart.py
[2026-07-24T16:11:17.265+0000] {processor.py:925} INFO - DAG(s) 'dag_transform_mart' retrieved from /opt/airflow/dags/dag_transform_mart.py
[2026-07-24T16:11:17.281+0000] {logging_mixin.py:190} INFO - [2026-07-24T16:11:17.281+0000] {dag.py:3239} INFO - Sync 1 DAGs
[2026-07-24T16:11:17.294+0000] {logging_mixin.py:190} INFO - [2026-07-24T16:11:17.294+0000] {dag.py:4180} INFO - Setting next_dagrun for dag_transform_mart to 2026-07-24 03:30:00+00:00, run_after=2026-07-25 03:30:00+00:00
[2026-07-24T16:11:17.302+0000] {processor.py:208} INFO - Processing /opt/airflow/dags/dag_transform_mart.py took 0.059 seconds
[2026-07-24T16:11:47.690+0000] {processor.py:186} INFO - Started process (PID=35803) to work on /opt/airflow/dags/dag_transform_mart.py
[2026-07-24T16:11:47.691+0000] {processor.py:914} INFO - Processing file /opt/airflow/dags/dag_transform_mart.py for tasks to queue
[2026-07-24T16:11:47.695+0000] {logging_mixin.py:190} INFO - [2026-07-24T16:11:47.694+0000] {dagbag.py:588} INFO - Filling up the DagBag from /opt/airflow/dags/dag_transform_mart.py
[2026-07-24T16:11:47.704+0000] {processor.py:925} INFO - DAG(s) 'dag_transform_mart' retrieved from /opt/airflow/dags/dag_transform_mart.py
[2026-07-24T16:11:47.721+0000] {logging_mixin.py:190} INFO - [2026-07-24T16:11:47.721+0000] {dag.py:3239} INFO - Sync 1 DAGs
[2026-07-24T16:11:47.731+0000] {logging_mixin.py:190} INFO - [2026-07-24T16:11:47.731+0000] {dag.py:4180} INFO - Setting next_dagrun for dag_transform_mart to 2026-07-24 03:30:00+00:00, run_after=2026-07-25 03:30:00+00:00
[2026-07-24T16:11:47.739+0000] {processor.py:208} INFO - Processing /opt/airflow/dags/dag_transform_mart.py took 0.056 seconds
[2026-07-24T16:12:18.164+0000] {processor.py:186} INFO - Started process (PID=35823) to work on /opt/airflow/dags/dag_transform_mart.py
[2026-07-24T16:12:18.165+0000] {processor.py:914} INFO - Processing file /opt/airflow/dags/dag_transform_mart.py for tasks to queue
[2026-07-24T16:12:18.169+0000] {logging_mixin.py:190} INFO - [2026-07-24T16:12:18.169+0000] {dagbag.py:588} INFO - Filling up the DagBag from /opt/airflow/dags/dag_transform_mart.py
[2026-07-24T16:12:18.184+0000] {processor.py:925} INFO - DAG(s) 'dag_transform_mart' retrieved from /opt/airflow/dags/dag_transform_mart.py
[2026-07-24T16:12:18.211+0000] {logging_mixin.py:190} INFO - [2026-07-24T16:12:18.211+0000] {dag.py:3239} INFO - Sync 1 DAGs
[2026-07-24T16:12:18.228+0000] {logging_mixin.py:190} INFO - [2026-07-24T16:12:18.228+0000] {dag.py:4180} INFO - Setting next_dagrun for dag_transform_mart to 2026-07-24 03:30:00+00:00, run_after=2026-07-25 03:30:00+00:00
[2026-07-24T16:12:18.244+0000] {processor.py:208} INFO - Processing /opt/airflow/dags/dag_transform_mart.py took 0.092 seconds
[2026-07-24T16:12:48.616+0000] {processor.py:186} INFO - Started process (PID=35843) to work on /opt/airflow/dags/dag_transform_mart.py
[2026-07-24T16:12:48.618+0000] {processor.py:914} INFO - Processing file /opt/airflow/dags/dag_transform_mart.py for tasks to queue
[2026-07-24T16:12:48.621+0000] {logging_mixin.py:190} INFO - [2026-07-24T16:12:48.621+0000] {dagbag.py:588} INFO - Filling up the DagBag from /opt/airflow/dags/dag_transform_mart.py
[2026-07-24T16:12:48.632+0000] {processor.py:925} INFO - DAG(s) 'dag_transform_mart' retrieved from /opt/airflow/dags/dag_transform_mart.py
[2026-07-24T16:12:48.652+0000] {logging_mixin.py:190} INFO - [2026-07-24T16:12:48.652+0000] {dag.py:3239} INFO - Sync 1 DAGs
[2026-07-24T16:12:48.664+0000] {logging_mixin.py:190} INFO - [2026-07-24T16:12:48.664+0000] {dag.py:4180} INFO - Setting next_dagrun for dag_transform_mart to 2026-07-24 03:30:00+00:00, run_after=2026-07-25 03:30:00+00:00
[2026-07-24T16:12:48.674+0000] {processor.py:208} INFO - Processing /opt/airflow/dags/dag_transform_mart.py took 0.065 seconds
[2026-07-24T16:13:19.105+0000] {processor.py:186} INFO - Started process (PID=35863) to work on /opt/airflow/dags/dag_transform_mart.py
[2026-07-24T16:13:19.107+0000] {processor.py:914} INFO - Processing file /opt/airflow/dags/dag_transform_mart.py for tasks to queue
[2026-07-24T16:13:19.112+0000] {logging_mixin.py:190} INFO - [2026-07-24T16:13:19.112+0000] {dagbag.py:588} INFO - Filling up the DagBag from /opt/airflow/dags/dag_transform_mart.py
[2026-07-24T16:13:19.123+0000] {processor.py:925} INFO - DAG(s) 'dag_transform_mart' retrieved from /opt/airflow/dags/dag_transform_mart.py
[2026-07-24T16:13:19.141+0000] {logging_mixin.py:190} INFO - [2026-07-24T16:13:19.140+0000] {dag.py:3239} INFO - Sync 1 DAGs
[2026-07-24T16:13:19.153+0000] {logging_mixin.py:190} INFO - [2026-07-24T16:13:19.153+0000] {dag.py:4180} INFO - Setting next_dagrun for dag_transform_mart to 2026-07-24 03:30:00+00:00, run_after=2026-07-25 03:30:00+00:00
[2026-07-24T16:13:19.161+0000] {processor.py:208} INFO - Processing /opt/airflow/dags/dag_transform_mart.py took 0.065 seconds
[2026-07-24T16:13:49.569+0000] {processor.py:186} INFO - Started process (PID=35883) to work on /opt/airflow/dags/dag_transform_mart.py
[2026-07-24T16:13:49.570+0000] {processor.py:914} INFO - Processing file /opt/airflow/dags/dag_transform_mart.py for tasks to queue
[2026-07-24T16:13:49.573+0000] {logging_mixin.py:190} INFO - [2026-07-24T16:13:49.573+0000] {dagbag.py:588} INFO - Filling up the DagBag from /opt/airflow/dags/dag_transform_mart.py
[2026-07-24T16:13:49.581+0000] {processor.py:925} INFO - DAG(s) 'dag_transform_mart' retrieved from /opt/airflow/dags/dag_transform_mart.py
[2026-07-24T16:13:49.599+0000] {logging_mixin.py:190} INFO - [2026-07-24T16:13:49.598+0000] {dag.py:3239} INFO - Sync 1 DAGs
[2026-07-24T16:13:49.610+0000] {logging_mixin.py:190} INFO - [2026-07-24T16:13:49.610+0000] {dag.py:4180} INFO - Setting next_dagrun for dag_transform_mart to 2026-07-24 03:30:00+00:00, run_after=2026-07-25 03:30:00+00:00
[2026-07-24T16:13:49.618+0000] {processor.py:208} INFO - Processing /opt/airflow/dags/dag_transform_mart.py took 0.055 seconds
[2026-07-24T16:14:20.014+0000] {processor.py:186} INFO - Started process (PID=35903) to work on /opt/airflow/dags/dag_transform_mart.py
[2026-07-24T16:14:20.016+0000] {processor.py:914} INFO - Processing file /opt/airflow/dags/dag_transform_mart.py for tasks to queue
[2026-07-24T16:14:20.019+0000] {logging_mixin.py:190} INFO - [2026-07-24T16:14:20.018+0000] {dagbag.py:588} INFO - Filling up the DagBag from /opt/airflow/dags/dag_transform_mart.py
[2026-07-24T16:14:20.028+0000] {processor.py:925} INFO - DAG(s) 'dag_transform_mart' retrieved from /opt/airflow/dags/dag_transform_mart.py
[2026-07-24T16:14:20.044+0000] {logging_mixin.py:190} INFO - [2026-07-24T16:14:20.044+0000] {dag.py:3239} INFO - Sync 1 DAGs
[2026-07-24T16:14:20.056+0000] {logging_mixin.py:190} INFO - [2026-07-24T16:14:20.056+0000] {dag.py:4180} INFO - Setting next_dagrun for dag_transform_mart to 2026-07-24 03:30:00+00:00, run_after=2026-07-25 03:30:00+00:00
[2026-07-24T16:14:20.064+0000] {processor.py:208} INFO - Processing /opt/airflow/dags/dag_transform_mart.py took 0.058 seconds
[2026-07-24T16:14:50.451+0000] {processor.py:186} INFO - Started process (PID=35923) to work on /opt/airflow/dags/dag_transform_mart.py
[2026-07-24T16:14:50.452+0000] {processor.py:914} INFO - Processing file /opt/airflow/dags/dag_transform_mart.py for tasks to queue
[2026-07-24T16:14:50.455+0000] {logging_mixin.py:190} INFO - [2026-07-24T16:14:50.454+0000] {dagbag.py:588} INFO - Filling up the DagBag from /opt/airflow/dags/dag_transform_mart.py
[2026-07-24T16:14:50.466+0000] {processor.py:925} INFO - DAG(s) 'dag_transform_mart' retrieved from /opt/airflow/dags/dag_transform_mart.py
[2026-07-24T16:14:50.483+0000] {logging_mixin.py:190} INFO - [2026-07-24T16:14:50.483+0000] {dag.py:3239} INFO - Sync 1 DAGs
[2026-07-24T16:14:50.493+0000] {logging_mixin.py:190} INFO - [2026-07-24T16:14:50.493+0000] {dag.py:4180} INFO - Setting next_dagrun for dag_transform_mart to 2026-07-24 03:30:00+00:00, run_after=2026-07-25 03:30:00+00:00
[2026-07-24T16:14:50.501+0000] {processor.py:208} INFO - Processing /opt/airflow/dags/dag_transform_mart.py took 0.057 seconds
[2026-07-24T16:15:20.924+0000] {processor.py:186} INFO - Started process (PID=35943) to work on /opt/airflow/dags/dag_transform_mart.py
[2026-07-24T16:15:20.925+0000] {processor.py:914} INFO - Processing file /opt/airflow/dags/dag_transform_mart.py for tasks to queue
[2026-07-24T16:15:20.928+0000] {logging_mixin.py:190} INFO - [2026-07-24T16:15:20.928+0000] {dagbag.py:588} INFO - Filling up the DagBag from /opt/airflow/dags/dag_transform_mart.py
[2026-07-24T16:15:20.939+0000] {processor.py:925} INFO - DAG(s) 'dag_transform_mart' retrieved from /opt/airflow/dags/dag_transform_mart.py
[2026-07-24T16:15:20.959+0000] {logging_mixin.py:190} INFO - [2026-07-24T16:15:20.958+0000] {dag.py:3239} INFO - Sync 1 DAGs
[2026-07-24T16:15:20.970+0000] {logging_mixin.py:190} INFO - [2026-07-24T16:15:20.970+0000] {dag.py:4180} INFO - Setting next_dagrun for dag_transform_mart to 2026-07-24 03:30:00+00:00, run_after=2026-07-25 03:30:00+00:00
[2026-07-24T16:15:20.977+0000] {processor.py:208} INFO - Processing /opt/airflow/dags/dag_transform_mart.py took 0.062 seconds
[2026-07-24T16:15:51.418+0000] {processor.py:186} INFO - Started process (PID=35963) to work on /opt/airflow/dags/dag_transform_mart.py
[2026-07-24T16:15:51.419+0000] {processor.py:914} INFO - Processing file /opt/airflow/dags/dag_transform_mart.py for tasks to queue
[2026-07-24T16:15:51.422+0000] {logging_mixin.py:190} INFO - [2026-07-24T16:15:51.422+0000] {dagbag.py:588} INFO - Filling up the DagBag from /opt/airflow/dags/dag_transform_mart.py
[2026-07-24T16:15:51.431+0000] {processor.py:925} INFO - DAG(s) 'dag_transform_mart' retrieved from /opt/airflow/dags/dag_transform_mart.py
[2026-07-24T16:15:51.450+0000] {logging_mixin.py:190} INFO - [2026-07-24T16:15:51.450+0000] {dag.py:3239} INFO - Sync 1 DAGs
[2026-07-24T16:15:51.461+0000] {logging_mixin.py:190} INFO - [2026-07-24T16:15:51.461+0000] {dag.py:4180} INFO - Setting next_dagrun for dag_transform_mart to 2026-07-24 03:30:00+00:00, run_after=2026-07-25 03:30:00+00:00
[2026-07-24T16:15:51.467+0000] {processor.py:208} INFO - Processing /opt/airflow/dags/dag_transform_mart.py took 0.058 seconds
[2026-07-24T16:16:21.849+0000] {processor.py:186} INFO - Started process (PID=35983) to work on /opt/airflow/dags/dag_transform_mart.py
[2026-07-24T16:16:21.850+0000] {processor.py:914} INFO - Processing file /opt/airflow/dags/dag_transform_mart.py for tasks to queue
[2026-07-24T16:16:21.851+0000] {logging_mixin.py:190} INFO - [2026-07-24T16:16:21.851+0000] {dagbag.py:588} INFO - Filling up the DagBag from /opt/airflow/dags/dag_transform_mart.py
[2026-07-24T16:16:21.860+0000] {processor.py:925} INFO - DAG(s) 'dag_transform_mart' retrieved from /opt/airflow/dags/dag_transform_mart.py
[2026-07-24T16:16:21.875+0000] {logging_mixin.py:190} INFO - [2026-07-24T16:16:21.875+0000] {dag.py:3239} INFO - Sync 1 DAGs
[2026-07-24T16:16:21.885+0000] {logging_mixin.py:190} INFO - [2026-07-24T16:16:21.885+0000] {dag.py:4180} INFO - Setting next_dagrun for dag_transform_mart to 2026-07-24 03:30:00+00:00, run_after=2026-07-25 03:30:00+00:00
[2026-07-24T16:16:21.893+0000] {processor.py:208} INFO - Processing /opt/airflow/dags/dag_transform_mart.py took 0.051 seconds
[2026-07-24T16:16:52.340+0000] {processor.py:186} INFO - Started process (PID=36003) to work on /opt/airflow/dags/dag_transform_mart.py
[2026-07-24T16:16:52.341+0000] {processor.py:914} INFO - Processing file /opt/airflow/dags/dag_transform_mart.py for tasks to queue
[2026-07-24T16:16:52.344+0000] {logging_mixin.py:190} INFO - [2026-07-24T16:16:52.343+0000] {dagbag.py:588} INFO - Filling up the DagBag from /opt/airflow/dags/dag_transform_mart.py
[2026-07-24T16:16:52.351+0000] {processor.py:925} INFO - DAG(s) 'dag_transform_mart' retrieved from /opt/airflow/dags/dag_transform_mart.py
[2026-07-24T16:16:52.368+0000] {logging_mixin.py:190} INFO - [2026-07-24T16:16:52.368+0000] {dag.py:3239} INFO - Sync 1 DAGs
[2026-07-24T16:16:52.378+0000] {logging_mixin.py:190} INFO - [2026-07-24T16:16:52.378+0000] {dag.py:4180} INFO - Setting next_dagrun for dag_transform_mart to 2026-07-24 03:30:00+00:00, run_after=2026-07-25 03:30:00+00:00
[2026-07-24T16:16:52.387+0000] {processor.py:208} INFO - Processing /opt/airflow/dags/dag_transform_mart.py took 0.053 seconds
[2026-07-24T16:17:22.767+0000] {processor.py:186} INFO - Started process (PID=36023) to work on /opt/airflow/dags/dag_transform_mart.py
[2026-07-24T16:17:22.768+0000] {processor.py:914} INFO - Processing file /opt/airflow/dags/dag_transform_mart.py for tasks to queue
[2026-07-24T16:17:22.769+0000] {logging_mixin.py:190} INFO - [2026-07-24T16:17:22.769+0000] {dagbag.py:588} INFO - Filling up the DagBag from /opt/airflow/dags/dag_transform_mart.py
[2026-07-24T16:17:22.781+0000] {processor.py:925} INFO - DAG(s) 'dag_transform_mart' retrieved from /opt/airflow/dags/dag_transform_mart.py
[2026-07-24T16:17:22.795+0000] {logging_mixin.py:190} INFO - [2026-07-24T16:17:22.795+0000] {dag.py:3239} INFO - Sync 1 DAGs
[2026-07-24T16:17:22.805+0000] {logging_mixin.py:190} INFO - [2026-07-24T16:17:22.805+0000] {dag.py:4180} INFO - Setting next_dagrun for dag_transform_mart to 2026-07-24 03:30:00+00:00, run_after=2026-07-25 03:30:00+00:00
[2026-07-24T16:17:22.812+0000] {processor.py:208} INFO - Processing /opt/airflow/dags/dag_transform_mart.py took 0.053 seconds
[2026-07-24T16:17:53.201+0000] {processor.py:186} INFO - Started process (PID=36043) to work on /opt/airflow/dags/dag_transform_mart.py
[2026-07-24T16:17:53.203+0000] {processor.py:914} INFO - Processing file /opt/airflow/dags/dag_transform_mart.py for tasks to queue
[2026-07-24T16:17:53.207+0000] {logging_mixin.py:190} INFO - [2026-07-24T16:17:53.207+0000] {dagbag.py:588} INFO - Filling up the DagBag from /opt/airflow/dags/dag_transform_mart.py
[2026-07-24T16:17:53.223+0000] {processor.py:925} INFO - DAG(s) 'dag_transform_mart' retrieved from /opt/airflow/dags/dag_transform_mart.py
[2026-07-24T16:17:53.238+0000] {logging_mixin.py:190} INFO - [2026-07-24T16:17:53.237+0000] {dag.py:3239} INFO - Sync 1 DAGs
[2026-07-24T16:17:53.247+0000] {logging_mixin.py:190} INFO - [2026-07-24T16:17:53.247+0000] {dag.py:4180} INFO - Setting next_dagrun for dag_transform_mart to 2026-07-24 03:30:00+00:00, run_after=2026-07-25 03:30:00+00:00
[2026-07-24T16:17:53.255+0000] {processor.py:208} INFO - Processing /opt/airflow/dags/dag_transform_mart.py took 0.062 seconds
[2026-07-24T16:18:23.634+0000] {processor.py:186} INFO - Started process (PID=36063) to work on /opt/airflow/dags/dag_transform_mart.py
[2026-07-24T16:18:23.634+0000] {processor.py:914} INFO - Processing file /opt/airflow/dags/dag_transform_mart.py for tasks to queue
[2026-07-24T16:18:23.636+0000] {logging_mixin.py:190} INFO - [2026-07-24T16:18:23.635+0000] {dagbag.py:588} INFO - Filling up the DagBag from /opt/airflow/dags/dag_transform_mart.py
[2026-07-24T16:18:23.643+0000] {processor.py:925} INFO - DAG(s) 'dag_transform_mart' retrieved from /opt/airflow/dags/dag_transform_mart.py
[2026-07-24T16:18:23.664+0000] {logging_mixin.py:190} INFO - [2026-07-24T16:18:23.664+0000] {dag.py:3239} INFO - Sync 1 DAGs
[2026-07-24T16:18:23.677+0000] {logging_mixin.py:190} INFO - [2026-07-24T16:18:23.677+0000] {dag.py:4180} INFO - Setting next_dagrun for dag_transform_mart to 2026-07-24 03:30:00+00:00, run_after=2026-07-25 03:30:00+00:00
[2026-07-24T16:18:23.694+0000] {processor.py:208} INFO - Processing /opt/airflow/dags/dag_transform_mart.py took 0.065 seconds
[2026-07-24T16:18:54.033+0000] {processor.py:186} INFO - Started process (PID=36083) to work on /opt/airflow/dags/dag_transform_mart.py
[2026-07-24T16:18:54.034+0000] {processor.py:914} INFO - Processing file /opt/airflow/dags/dag_transform_mart.py for tasks to queue
[2026-07-24T16:18:54.038+0000] {logging_mixin.py:190} INFO - [2026-07-24T16:18:54.037+0000] {dagbag.py:588} INFO - Filling up the DagBag from /opt/airflow/dags/dag_transform_mart.py
[2026-07-24T16:18:54.048+0000] {processor.py:925} INFO - DAG(s) 'dag_transform_mart' retrieved from /opt/airflow/dags/dag_transform_mart.py
[2026-07-24T16:18:54.069+0000] {logging_mixin.py:190} INFO - [2026-07-24T16:18:54.069+0000] {dag.py:3239} INFO - Sync 1 DAGs
[2026-07-24T16:18:54.082+0000] {logging_mixin.py:190} INFO - [2026-07-24T16:18:54.082+0000] {dag.py:4180} INFO - Setting next_dagrun for dag_transform_mart to 2026-07-24 03:30:00+00:00, run_after=2026-07-25 03:30:00+00:00
[2026-07-24T16:18:54.090+0000] {processor.py:208} INFO - Processing /opt/airflow/dags/dag_transform_mart.py took 0.064 seconds
[2026-07-24T16:19:24.502+0000] {processor.py:186} INFO - Started process (PID=36103) to work on /opt/airflow/dags/dag_transform_mart.py
[2026-07-24T16:19:24.504+0000] {processor.py:914} INFO - Processing file /opt/airflow/dags/dag_transform_mart.py for tasks to queue
[2026-07-24T16:19:24.506+0000] {logging_mixin.py:190} INFO - [2026-07-24T16:19:24.506+0000] {dagbag.py:588} INFO - Filling up the DagBag from /opt/airflow/dags/dag_transform_mart.py
[2026-07-24T16:19:24.515+0000] {processor.py:925} INFO - DAG(s) 'dag_transform_mart' retrieved from /opt/airflow/dags/dag_transform_mart.py
[2026-07-24T16:19:24.536+0000] {logging_mixin.py:190} INFO - [2026-07-24T16:19:24.536+0000] {dag.py:3239} INFO - Sync 1 DAGs
[2026-07-24T16:19:24.550+0000] {logging_mixin.py:190} INFO - [2026-07-24T16:19:24.549+0000] {dag.py:4180} INFO - Setting next_dagrun for dag_transform_mart to 2026-07-24 03:30:00+00:00, run_after=2026-07-25 03:30:00+00:00
[2026-07-24T16:19:24.558+0000] {processor.py:208} INFO - Processing /opt/airflow/dags/dag_transform_mart.py took 0.063 seconds
[2026-07-24T16:19:54.917+0000] {processor.py:186} INFO - Started process (PID=36123) to work on /opt/airflow/dags/dag_transform_mart.py
[2026-07-24T16:19:54.918+0000] {processor.py:914} INFO - Processing file /opt/airflow/dags/dag_transform_mart.py for tasks to queue
[2026-07-24T16:19:54.921+0000] {logging_mixin.py:190} INFO - [2026-07-24T16:19:54.920+0000] {dagbag.py:588} INFO - Filling up the DagBag from /opt/airflow/dags/dag_transform_mart.py
[2026-07-24T16:19:54.933+0000] {processor.py:925} INFO - DAG(s) 'dag_transform_mart' retrieved from /opt/airflow/dags/dag_transform_mart.py
[2026-07-24T16:19:54.950+0000] {logging_mixin.py:190} INFO - [2026-07-24T16:19:54.950+0000] {dag.py:3239} INFO - Sync 1 DAGs
[2026-07-24T16:19:54.960+0000] {logging_mixin.py:190} INFO - [2026-07-24T16:19:54.959+0000] {dag.py:4180} INFO - Setting next_dagrun for dag_transform_mart to 2026-07-24 03:30:00+00:00, run_after=2026-07-25 03:30:00+00:00
[2026-07-24T16:19:54.968+0000] {processor.py:208} INFO - Processing /opt/airflow/dags/dag_transform_mart.py took 0.058 seconds
[2026-07-24T16:20:25.399+0000] {processor.py:186} INFO - Started process (PID=36146) to work on /opt/airflow/dags/dag_transform_mart.py
[2026-07-24T16:20:25.400+0000] {processor.py:914} INFO - Processing file /opt/airflow/dags/dag_transform_mart.py for tasks to queue
[2026-07-24T16:20:25.403+0000] {logging_mixin.py:190} INFO - [2026-07-24T16:20:25.403+0000] {dagbag.py:588} INFO - Filling up the DagBag from /opt/airflow/dags/dag_transform_mart.py
[2026-07-24T16:20:25.412+0000] {processor.py:925} INFO - DAG(s) 'dag_transform_mart' retrieved from /opt/airflow/dags/dag_transform_mart.py
[2026-07-24T16:20:25.433+0000] {logging_mixin.py:190} INFO - [2026-07-24T16:20:25.433+0000] {dag.py:3239} INFO - Sync 1 DAGs
[2026-07-24T16:20:25.444+0000] {logging_mixin.py:190} INFO - [2026-07-24T16:20:25.444+0000] {dag.py:4180} INFO - Setting next_dagrun for dag_transform_mart to 2026-07-24 03:30:00+00:00, run_after=2026-07-25 03:30:00+00:00
[2026-07-24T16:20:25.455+0000] {processor.py:208} INFO - Processing /opt/airflow/dags/dag_transform_mart.py took 0.064 seconds
[2026-07-24T16:24:07.640+0000] {processor.py:186} INFO - Started process (PID=36166) to work on /opt/airflow/dags/dag_transform_mart.py
[2026-07-24T16:24:07.641+0000] {processor.py:914} INFO - Processing file /opt/airflow/dags/dag_transform_mart.py for tasks to queue
[2026-07-24T16:24:07.645+0000] {logging_mixin.py:190} INFO - [2026-07-24T16:24:07.644+0000] {dagbag.py:588} INFO - Filling up the DagBag from /opt/airflow/dags/dag_transform_mart.py
[2026-07-24T16:24:07.661+0000] {processor.py:925} INFO - DAG(s) 'dag_transform_mart' retrieved from /opt/airflow/dags/dag_transform_mart.py
[2026-07-24T16:24:07.686+0000] {logging_mixin.py:190} INFO - [2026-07-24T16:24:07.686+0000] {dag.py:3239} INFO - Sync 1 DAGs
[2026-07-24T16:24:07.703+0000] {logging_mixin.py:190} INFO - [2026-07-24T16:24:07.703+0000] {dag.py:4180} INFO - Setting next_dagrun for dag_transform_mart to 2026-07-24 03:30:00+00:00, run_after=2026-07-25 03:30:00+00:00
[2026-07-24T16:24:07.713+0000] {processor.py:208} INFO - Processing /opt/airflow/dags/dag_transform_mart.py took 0.082 seconds
[2026-07-24T17:44:12.794+0000] {processor.py:186} INFO - Started process (PID=36186) to work on /opt/airflow/dags/dag_transform_mart.py
[2026-07-24T17:44:12.795+0000] {processor.py:914} INFO - Processing file /opt/airflow/dags/dag_transform_mart.py for tasks to queue
[2026-07-24T17:44:12.796+0000] {logging_mixin.py:190} INFO - [2026-07-24T17:44:12.796+0000] {dagbag.py:588} INFO - Filling up the DagBag from /opt/airflow/dags/dag_transform_mart.py
[2026-07-24T17:44:12.805+0000] {processor.py:925} INFO - DAG(s) 'dag_transform_mart' retrieved from /opt/airflow/dags/dag_transform_mart.py
[2026-07-24T17:44:12.822+0000] {logging_mixin.py:190} INFO - [2026-07-24T17:44:12.822+0000] {dag.py:3239} INFO - Sync 1 DAGs
[2026-07-24T17:44:12.831+0000] {logging_mixin.py:190} INFO - [2026-07-24T17:44:12.831+0000] {dag.py:4180} INFO - Setting next_dagrun for dag_transform_mart to 2026-07-24 03:30:00+00:00, run_after=2026-07-25 03:30:00+00:00
[2026-07-24T17:44:12.839+0000] {processor.py:208} INFO - Processing /opt/airflow/dags/dag_transform_mart.py took 0.049 seconds
[2026-07-24T18:17:01.025+0000] {processor.py:186} INFO - Started process (PID=36206) to work on /opt/airflow/dags/dag_transform_mart.py
[2026-07-24T18:17:01.027+0000] {processor.py:914} INFO - Processing file /opt/airflow/dags/dag_transform_mart.py for tasks to queue
[2026-07-24T18:17:01.029+0000] {logging_mixin.py:190} INFO - [2026-07-24T18:17:01.028+0000] {dagbag.py:588} INFO - Filling up the DagBag from /opt/airflow/dags/dag_transform_mart.py
[2026-07-24T18:17:01.052+0000] {processor.py:925} INFO - DAG(s) 'dag_transform_mart' retrieved from /opt/airflow/dags/dag_transform_mart.py
[2026-07-24T18:17:01.077+0000] {logging_mixin.py:190} INFO - [2026-07-24T18:17:01.077+0000] {dag.py:3239} INFO - Sync 1 DAGs
[2026-07-24T18:17:01.236+0000] {logging_mixin.py:190} INFO - [2026-07-24T18:17:01.236+0000] {dag.py:4180} INFO - Setting next_dagrun for dag_transform_mart to 2026-07-24 03:30:00+00:00, run_after=2026-07-25 03:30:00+00:00
[2026-07-24T18:17:01.244+0000] {processor.py:208} INFO - Processing /opt/airflow/dags/dag_transform_mart.py took 0.224 seconds
[2026-07-24T19:22:34.050+0000] {processor.py:186} INFO - Started process (PID=36232) to work on /opt/airflow/dags/dag_transform_mart.py
[2026-07-24T19:22:34.051+0000] {processor.py:914} INFO - Processing file /opt/airflow/dags/dag_transform_mart.py for tasks to queue
[2026-07-24T19:22:34.052+0000] {logging_mixin.py:190} INFO - [2026-07-24T19:22:34.052+0000] {dagbag.py:588} INFO - Filling up the DagBag from /opt/airflow/dags/dag_transform_mart.py
[2026-07-24T19:22:34.058+0000] {processor.py:925} INFO - DAG(s) 'dag_transform_mart' retrieved from /opt/airflow/dags/dag_transform_mart.py
[2026-07-24T19:22:34.070+0000] {logging_mixin.py:190} INFO - [2026-07-24T19:22:34.069+0000] {dag.py:3239} INFO - Sync 1 DAGs
[2026-07-24T19:22:34.078+0000] {logging_mixin.py:190} INFO - [2026-07-24T19:22:34.078+0000] {dag.py:4180} INFO - Setting next_dagrun for dag_transform_mart to 2026-07-24 03:30:00+00:00, run_after=2026-07-25 03:30:00+00:00
[2026-07-24T19:22:34.083+0000] {processor.py:208} INFO - Processing /opt/airflow/dags/dag_transform_mart.py took 0.037 seconds
[2026-07-24T20:41:11.745+0000] {processor.py:186} INFO - Started process (PID=36255) to work on /opt/airflow/dags/dag_transform_mart.py
[2026-07-24T20:41:11.746+0000] {processor.py:914} INFO - Processing file /opt/airflow/dags/dag_transform_mart.py for tasks to queue
[2026-07-24T20:41:11.750+0000] {logging_mixin.py:190} INFO - [2026-07-24T20:41:11.750+0000] {dagbag.py:588} INFO - Filling up the DagBag from /opt/airflow/dags/dag_transform_mart.py
[2026-07-24T20:41:11.762+0000] {processor.py:925} INFO - DAG(s) 'dag_transform_mart' retrieved from /opt/airflow/dags/dag_transform_mart.py
[2026-07-24T20:41:11.783+0000] {logging_mixin.py:190} INFO - [2026-07-24T20:41:11.783+0000] {dag.py:3239} INFO - Sync 1 DAGs
[2026-07-24T20:41:11.798+0000] {logging_mixin.py:190} INFO - [2026-07-24T20:41:11.798+0000] {dag.py:4180} INFO - Setting next_dagrun for dag_transform_mart to 2026-07-24 03:30:00+00:00, run_after=2026-07-25 03:30:00+00:00
[2026-07-24T20:41:11.807+0000] {processor.py:208} INFO - Processing /opt/airflow/dags/dag_transform_mart.py took 0.073 seconds
[2026-07-24T22:19:34.505+0000] {processor.py:186} INFO - Started process (PID=36278) to work on /opt/airflow/dags/dag_transform_mart.py
[2026-07-24T22:19:34.505+0000] {processor.py:914} INFO - Processing file /opt/airflow/dags/dag_transform_mart.py for tasks to queue
[2026-07-24T22:19:34.508+0000] {logging_mixin.py:190} INFO - [2026-07-24T22:19:34.508+0000] {dagbag.py:588} INFO - Filling up the DagBag from /opt/airflow/dags/dag_transform_mart.py
[2026-07-24T22:19:34.516+0000] {processor.py:925} INFO - DAG(s) 'dag_transform_mart' retrieved from /opt/airflow/dags/dag_transform_mart.py
[2026-07-24T22:19:34.541+0000] {logging_mixin.py:190} INFO - [2026-07-24T22:19:34.541+0000] {dag.py:3239} INFO - Sync 1 DAGs
[2026-07-24T22:19:34.557+0000] {logging_mixin.py:190} INFO - [2026-07-24T22:19:34.557+0000] {dag.py:4180} INFO - Setting next_dagrun for dag_transform_mart to 2026-07-24 03:30:00+00:00, run_after=2026-07-25 03:30:00+00:00
[2026-07-24T22:19:34.696+0000] {processor.py:208} INFO - Processing /opt/airflow/dags/dag_transform_mart.py took 0.197 seconds
[2026-07-24T23:38:41.755+0000] {processor.py:186} INFO - Started process (PID=36302) to work on /opt/airflow/dags/dag_transform_mart.py
[2026-07-24T23:38:41.756+0000] {processor.py:914} INFO - Processing file /opt/airflow/dags/dag_transform_mart.py for tasks to queue
[2026-07-24T23:38:41.758+0000] {logging_mixin.py:190} INFO - [2026-07-24T23:38:41.758+0000] {dagbag.py:588} INFO - Filling up the DagBag from /opt/airflow/dags/dag_transform_mart.py
[2026-07-24T23:38:41.769+0000] {processor.py:925} INFO - DAG(s) 'dag_transform_mart' retrieved from /opt/airflow/dags/dag_transform_mart.py
[2026-07-24T23:38:41.790+0000] {logging_mixin.py:190} INFO - [2026-07-24T23:38:41.790+0000] {dag.py:3239} INFO - Sync 1 DAGs
[2026-07-24T23:38:41.804+0000] {logging_mixin.py:190} INFO - [2026-07-24T23:38:41.804+0000] {dag.py:4180} INFO - Setting next_dagrun for dag_transform_mart to 2026-07-24 03:30:00+00:00, run_after=2026-07-25 03:30:00+00:00
[2026-07-24T23:38:41.816+0000] {processor.py:208} INFO - Processing /opt/airflow/dags/dag_transform_mart.py took 0.066 seconds
[2026-07-24T23:43:31.694+0000] {processor.py:186} INFO - Started process (PID=36324) to work on /opt/airflow/dags/dag_transform_mart.py
[2026-07-24T23:43:31.694+0000] {processor.py:914} INFO - Processing file /opt/airflow/dags/dag_transform_mart.py for tasks to queue
[2026-07-24T23:43:31.696+0000] {logging_mixin.py:190} INFO - [2026-07-24T23:43:31.695+0000] {dagbag.py:588} INFO - Filling up the DagBag from /opt/airflow/dags/dag_transform_mart.py
[2026-07-24T23:43:31.702+0000] {processor.py:925} INFO - DAG(s) 'dag_transform_mart' retrieved from /opt/airflow/dags/dag_transform_mart.py
[2026-07-24T23:43:31.715+0000] {logging_mixin.py:190} INFO - [2026-07-24T23:43:31.715+0000] {dag.py:3239} INFO - Sync 1 DAGs
[2026-07-24T23:43:31.803+0000] {logging_mixin.py:190} INFO - [2026-07-24T23:43:31.803+0000] {dag.py:4180} INFO - Setting next_dagrun for dag_transform_mart to 2026-07-24 03:30:00+00:00, run_after=2026-07-25 03:30:00+00:00
[2026-07-24T23:43:31.810+0000] {processor.py:208} INFO - Processing /opt/airflow/dags/dag_transform_mart.py took 0.122 seconds
[2026-07-24T23:53:14.106+0000] {processor.py:186} INFO - Started process (PID=36347) to work on /opt/airflow/dags/dag_transform_mart.py
[2026-07-24T23:53:14.107+0000] {processor.py:914} INFO - Processing file /opt/airflow/dags/dag_transform_mart.py for tasks to queue
[2026-07-24T23:53:14.110+0000] {logging_mixin.py:190} INFO - [2026-07-24T23:53:14.109+0000] {dagbag.py:588} INFO - Filling up the DagBag from /opt/airflow/dags/dag_transform_mart.py
[2026-07-24T23:53:14.117+0000] {processor.py:925} INFO - DAG(s) 'dag_transform_mart' retrieved from /opt/airflow/dags/dag_transform_mart.py
[2026-07-24T23:53:14.135+0000] {logging_mixin.py:190} INFO - [2026-07-24T23:53:14.134+0000] {dag.py:3239} INFO - Sync 1 DAGs
[2026-07-24T23:53:14.240+0000] {logging_mixin.py:190} INFO - [2026-07-24T23:53:14.240+0000] {dag.py:4180} INFO - Setting next_dagrun for dag_transform_mart to 2026-07-24 03:30:00+00:00, run_after=2026-07-25 03:30:00+00:00
[2026-07-24T23:53:14.247+0000] {processor.py:208} INFO - Processing /opt/airflow/dags/dag_transform_mart.py took 0.148 seconds
