[2026-07-21T00:35:32.211+0000] {processor.py:186} INFO - Started process (PID=24805) to work on /opt/airflow/dags/dag_extract_dvizhenie.py
[2026-07-21T00:35:32.212+0000] {processor.py:914} INFO - Processing file /opt/airflow/dags/dag_extract_dvizhenie.py for tasks to queue
[2026-07-21T00:35:32.213+0000] {logging_mixin.py:190} INFO - [2026-07-21T00:35:32.213+0000] {dagbag.py:588} INFO - Filling up the DagBag from /opt/airflow/dags/dag_extract_dvizhenie.py
[2026-07-21T00:35:32.218+0000] {processor.py:925} INFO - DAG(s) 'dag_extract_dvizhenie' retrieved from /opt/airflow/dags/dag_extract_dvizhenie.py
[2026-07-21T00:35:32.232+0000] {logging_mixin.py:190} INFO - [2026-07-21T00:35:32.232+0000] {dag.py:3239} INFO - Sync 1 DAGs
[2026-07-21T00:35:32.241+0000] {logging_mixin.py:190} INFO - [2026-07-21T00:35:32.241+0000] {dag.py:4180} INFO - Setting next_dagrun for dag_extract_dvizhenie to 2026-07-20 22:00:00+00:00, run_after=2026-07-21 00:00:00+00:00
[2026-07-21T00:35:32.249+0000] {processor.py:208} INFO - Processing /opt/airflow/dags/dag_extract_dvizhenie.py took 0.041 seconds
[2026-07-21T00:58:27.097+0000] {processor.py:186} INFO - Started process (PID=24833) to work on /opt/airflow/dags/dag_extract_dvizhenie.py
[2026-07-21T00:58:27.098+0000] {processor.py:914} INFO - Processing file /opt/airflow/dags/dag_extract_dvizhenie.py for tasks to queue
[2026-07-21T00:58:27.099+0000] {logging_mixin.py:190} INFO - [2026-07-21T00:58:27.098+0000] {dagbag.py:588} INFO - Filling up the DagBag from /opt/airflow/dags/dag_extract_dvizhenie.py
[2026-07-21T00:58:27.103+0000] {processor.py:925} INFO - DAG(s) 'dag_extract_dvizhenie' retrieved from /opt/airflow/dags/dag_extract_dvizhenie.py
[2026-07-21T00:58:27.113+0000] {logging_mixin.py:190} INFO - [2026-07-21T00:58:27.113+0000] {dag.py:3239} INFO - Sync 1 DAGs
[2026-07-21T00:58:27.124+0000] {processor.py:208} INFO - Processing /opt/airflow/dags/dag_extract_dvizhenie.py took 0.029 seconds
[2026-07-21T01:32:31.663+0000] {processor.py:186} INFO - Started process (PID=24865) to work on /opt/airflow/dags/dag_extract_dvizhenie.py
[2026-07-21T01:32:31.664+0000] {processor.py:914} INFO - Processing file /opt/airflow/dags/dag_extract_dvizhenie.py for tasks to queue
[2026-07-21T01:32:31.668+0000] {logging_mixin.py:190} INFO - [2026-07-21T01:32:31.667+0000] {dagbag.py:588} INFO - Filling up the DagBag from /opt/airflow/dags/dag_extract_dvizhenie.py
[2026-07-21T01:32:31.673+0000] {processor.py:925} INFO - DAG(s) 'dag_extract_dvizhenie' retrieved from /opt/airflow/dags/dag_extract_dvizhenie.py
[2026-07-21T01:32:31.685+0000] {logging_mixin.py:190} INFO - [2026-07-21T01:32:31.685+0000] {dag.py:3239} INFO - Sync 1 DAGs
[2026-07-21T01:32:31.698+0000] {processor.py:208} INFO - Processing /opt/airflow/dags/dag_extract_dvizhenie.py took 0.038 seconds
[2026-07-21T02:07:13.077+0000] {processor.py:186} INFO - Started process (PID=24888) to work on /opt/airflow/dags/dag_extract_dvizhenie.py
[2026-07-21T02:07:13.077+0000] {processor.py:914} INFO - Processing file /opt/airflow/dags/dag_extract_dvizhenie.py for tasks to queue
[2026-07-21T02:07:13.078+0000] {logging_mixin.py:190} INFO - [2026-07-21T02:07:13.078+0000] {dagbag.py:588} INFO - Filling up the DagBag from /opt/airflow/dags/dag_extract_dvizhenie.py
[2026-07-21T02:07:13.082+0000] {processor.py:925} INFO - DAG(s) 'dag_extract_dvizhenie' retrieved from /opt/airflow/dags/dag_extract_dvizhenie.py
[2026-07-21T02:07:13.092+0000] {logging_mixin.py:190} INFO - [2026-07-21T02:07:13.092+0000] {dag.py:3239} INFO - Sync 1 DAGs
[2026-07-21T02:07:13.099+0000] {logging_mixin.py:190} INFO - [2026-07-21T02:07:13.099+0000] {dag.py:4180} INFO - Setting next_dagrun for dag_extract_dvizhenie to 2026-07-21 00:00:00+00:00, run_after=2026-07-21 02:00:00+00:00
[2026-07-21T02:07:13.104+0000] {processor.py:208} INFO - Processing /opt/airflow/dags/dag_extract_dvizhenie.py took 0.030 seconds
[2026-07-21T02:43:17.483+0000] {processor.py:186} INFO - Started process (PID=24928) to work on /opt/airflow/dags/dag_extract_dvizhenie.py
[2026-07-21T02:43:17.484+0000] {processor.py:914} INFO - Processing file /opt/airflow/dags/dag_extract_dvizhenie.py for tasks to queue
[2026-07-21T02:43:17.485+0000] {logging_mixin.py:190} INFO - [2026-07-21T02:43:17.485+0000] {dagbag.py:588} INFO - Filling up the DagBag from /opt/airflow/dags/dag_extract_dvizhenie.py
[2026-07-21T02:43:17.494+0000] {processor.py:925} INFO - DAG(s) 'dag_extract_dvizhenie' retrieved from /opt/airflow/dags/dag_extract_dvizhenie.py
[2026-07-21T02:43:17.508+0000] {logging_mixin.py:190} INFO - [2026-07-21T02:43:17.508+0000] {dag.py:3239} INFO - Sync 1 DAGs
[2026-07-21T02:43:17.530+0000] {processor.py:208} INFO - Processing /opt/airflow/dags/dag_extract_dvizhenie.py took 0.050 seconds
[2026-07-21T03:16:16.860+0000] {processor.py:186} INFO - Started process (PID=24964) to work on /opt/airflow/dags/dag_extract_dvizhenie.py
[2026-07-21T03:16:16.860+0000] {processor.py:914} INFO - Processing file /opt/airflow/dags/dag_extract_dvizhenie.py for tasks to queue
[2026-07-21T03:16:16.861+0000] {logging_mixin.py:190} INFO - [2026-07-21T03:16:16.861+0000] {dagbag.py:588} INFO - Filling up the DagBag from /opt/airflow/dags/dag_extract_dvizhenie.py
[2026-07-21T03:16:16.866+0000] {processor.py:925} INFO - DAG(s) 'dag_extract_dvizhenie' retrieved from /opt/airflow/dags/dag_extract_dvizhenie.py
[2026-07-21T03:16:16.877+0000] {logging_mixin.py:190} INFO - [2026-07-21T03:16:16.877+0000] {dag.py:3239} INFO - Sync 1 DAGs
[2026-07-21T03:16:16.889+0000] {processor.py:208} INFO - Processing /opt/airflow/dags/dag_extract_dvizhenie.py took 0.032 seconds
[2026-07-21T03:16:47.460+0000] {processor.py:186} INFO - Started process (PID=24982) to work on /opt/airflow/dags/dag_extract_dvizhenie.py
[2026-07-21T03:16:47.461+0000] {processor.py:914} INFO - Processing file /opt/airflow/dags/dag_extract_dvizhenie.py for tasks to queue
[2026-07-21T03:16:47.462+0000] {logging_mixin.py:190} INFO - [2026-07-21T03:16:47.461+0000] {dagbag.py:588} INFO - Filling up the DagBag from /opt/airflow/dags/dag_extract_dvizhenie.py
[2026-07-21T03:16:47.467+0000] {processor.py:925} INFO - DAG(s) 'dag_extract_dvizhenie' retrieved from /opt/airflow/dags/dag_extract_dvizhenie.py
[2026-07-21T03:16:47.480+0000] {logging_mixin.py:190} INFO - [2026-07-21T03:16:47.480+0000] {dag.py:3239} INFO - Sync 1 DAGs
[2026-07-21T03:16:47.490+0000] {logging_mixin.py:190} INFO - [2026-07-21T03:16:47.490+0000] {dag.py:4180} INFO - Setting next_dagrun for dag_extract_dvizhenie to 2026-07-21 02:00:00+00:00, run_after=2026-07-21 04:00:00+00:00
[2026-07-21T03:16:47.498+0000] {processor.py:208} INFO - Processing /opt/airflow/dags/dag_extract_dvizhenie.py took 0.041 seconds
[2026-07-21T04:15:04.118+0000] {processor.py:186} INFO - Started process (PID=25006) to work on /opt/airflow/dags/dag_extract_dvizhenie.py
[2026-07-21T04:15:04.119+0000] {processor.py:914} INFO - Processing file /opt/airflow/dags/dag_extract_dvizhenie.py for tasks to queue
[2026-07-21T04:15:04.120+0000] {logging_mixin.py:190} INFO - [2026-07-21T04:15:04.120+0000] {dagbag.py:588} INFO - Filling up the DagBag from /opt/airflow/dags/dag_extract_dvizhenie.py
[2026-07-21T04:15:04.129+0000] {processor.py:925} INFO - DAG(s) 'dag_extract_dvizhenie' retrieved from /opt/airflow/dags/dag_extract_dvizhenie.py
[2026-07-21T04:15:04.145+0000] {logging_mixin.py:190} INFO - [2026-07-21T04:15:04.145+0000] {dag.py:3239} INFO - Sync 1 DAGs
[2026-07-21T04:15:04.174+0000] {processor.py:208} INFO - Processing /opt/airflow/dags/dag_extract_dvizhenie.py took 0.060 seconds
[2026-07-21T05:31:35.084+0000] {processor.py:186} INFO - Started process (PID=25046) to work on /opt/airflow/dags/dag_extract_dvizhenie.py
[2026-07-21T05:31:35.085+0000] {processor.py:914} INFO - Processing file /opt/airflow/dags/dag_extract_dvizhenie.py for tasks to queue
[2026-07-21T05:31:35.086+0000] {logging_mixin.py:190} INFO - [2026-07-21T05:31:35.086+0000] {dagbag.py:588} INFO - Filling up the DagBag from /opt/airflow/dags/dag_extract_dvizhenie.py
[2026-07-21T05:31:35.097+0000] {processor.py:925} INFO - DAG(s) 'dag_extract_dvizhenie' retrieved from /opt/airflow/dags/dag_extract_dvizhenie.py
[2026-07-21T05:31:35.113+0000] {logging_mixin.py:190} INFO - [2026-07-21T05:31:35.113+0000] {dag.py:3239} INFO - Sync 1 DAGs
[2026-07-21T05:31:35.137+0000] {processor.py:208} INFO - Processing /opt/airflow/dags/dag_extract_dvizhenie.py took 0.057 seconds
[2026-07-21T06:47:18.799+0000] {processor.py:186} INFO - Started process (PID=25080) to work on /opt/airflow/dags/dag_extract_dvizhenie.py
[2026-07-21T06:47:18.799+0000] {processor.py:914} INFO - Processing file /opt/airflow/dags/dag_extract_dvizhenie.py for tasks to queue
[2026-07-21T06:47:18.800+0000] {logging_mixin.py:190} INFO - [2026-07-21T06:47:18.800+0000] {dagbag.py:588} INFO - Filling up the DagBag from /opt/airflow/dags/dag_extract_dvizhenie.py
[2026-07-21T06:47:18.805+0000] {processor.py:925} INFO - DAG(s) 'dag_extract_dvizhenie' retrieved from /opt/airflow/dags/dag_extract_dvizhenie.py
[2026-07-21T06:47:18.816+0000] {logging_mixin.py:190} INFO - [2026-07-21T06:47:18.816+0000] {dag.py:3239} INFO - Sync 1 DAGs
[2026-07-21T06:47:18.829+0000] {processor.py:208} INFO - Processing /opt/airflow/dags/dag_extract_dvizhenie.py took 0.033 seconds
[2026-07-21T07:48:22.074+0000] {processor.py:186} INFO - Started process (PID=25103) to work on /opt/airflow/dags/dag_extract_dvizhenie.py
[2026-07-21T07:48:22.074+0000] {processor.py:914} INFO - Processing file /opt/airflow/dags/dag_extract_dvizhenie.py for tasks to queue
[2026-07-21T07:48:22.075+0000] {logging_mixin.py:190} INFO - [2026-07-21T07:48:22.075+0000] {dagbag.py:588} INFO - Filling up the DagBag from /opt/airflow/dags/dag_extract_dvizhenie.py
[2026-07-21T07:48:22.079+0000] {processor.py:925} INFO - DAG(s) 'dag_extract_dvizhenie' retrieved from /opt/airflow/dags/dag_extract_dvizhenie.py
[2026-07-21T07:48:22.089+0000] {logging_mixin.py:190} INFO - [2026-07-21T07:48:22.089+0000] {dag.py:3239} INFO - Sync 1 DAGs
[2026-07-21T07:48:22.100+0000] {processor.py:208} INFO - Processing /opt/airflow/dags/dag_extract_dvizhenie.py took 0.029 seconds
[2026-07-21T08:05:50.050+0000] {processor.py:186} INFO - Started process (PID=25129) to work on /opt/airflow/dags/dag_extract_dvizhenie.py
[2026-07-21T08:05:50.051+0000] {processor.py:914} INFO - Processing file /opt/airflow/dags/dag_extract_dvizhenie.py for tasks to queue
[2026-07-21T08:05:50.052+0000] {logging_mixin.py:190} INFO - [2026-07-21T08:05:50.052+0000] {dagbag.py:588} INFO - Filling up the DagBag from /opt/airflow/dags/dag_extract_dvizhenie.py
[2026-07-21T08:05:50.058+0000] {processor.py:925} INFO - DAG(s) 'dag_extract_dvizhenie' retrieved from /opt/airflow/dags/dag_extract_dvizhenie.py
[2026-07-21T08:05:50.069+0000] {logging_mixin.py:190} INFO - [2026-07-21T08:05:50.069+0000] {dag.py:3239} INFO - Sync 1 DAGs
[2026-07-21T08:05:50.083+0000] {processor.py:208} INFO - Processing /opt/airflow/dags/dag_extract_dvizhenie.py took 0.036 seconds
[2026-07-21T09:24:02.049+0000] {processor.py:186} INFO - Started process (PID=25155) to work on /opt/airflow/dags/dag_extract_dvizhenie.py
[2026-07-21T09:24:02.051+0000] {processor.py:914} INFO - Processing file /opt/airflow/dags/dag_extract_dvizhenie.py for tasks to queue
[2026-07-21T09:24:02.052+0000] {logging_mixin.py:190} INFO - [2026-07-21T09:24:02.052+0000] {dagbag.py:588} INFO - Filling up the DagBag from /opt/airflow/dags/dag_extract_dvizhenie.py
[2026-07-21T09:24:02.057+0000] {processor.py:925} INFO - DAG(s) 'dag_extract_dvizhenie' retrieved from /opt/airflow/dags/dag_extract_dvizhenie.py
[2026-07-21T09:24:02.071+0000] {logging_mixin.py:190} INFO - [2026-07-21T09:24:02.071+0000] {dag.py:3239} INFO - Sync 1 DAGs
[2026-07-21T09:24:02.086+0000] {processor.py:208} INFO - Processing /opt/airflow/dags/dag_extract_dvizhenie.py took 0.040 seconds
[2026-07-21T09:50:27.234+0000] {processor.py:186} INFO - Started process (PID=25178) to work on /opt/airflow/dags/dag_extract_dvizhenie.py
[2026-07-21T09:50:27.234+0000] {processor.py:914} INFO - Processing file /opt/airflow/dags/dag_extract_dvizhenie.py for tasks to queue
[2026-07-21T09:50:27.235+0000] {logging_mixin.py:190} INFO - [2026-07-21T09:50:27.235+0000] {dagbag.py:588} INFO - Filling up the DagBag from /opt/airflow/dags/dag_extract_dvizhenie.py
[2026-07-21T09:50:27.240+0000] {processor.py:925} INFO - DAG(s) 'dag_extract_dvizhenie' retrieved from /opt/airflow/dags/dag_extract_dvizhenie.py
[2026-07-21T09:50:27.249+0000] {logging_mixin.py:190} INFO - [2026-07-21T09:50:27.249+0000] {dag.py:3239} INFO - Sync 1 DAGs
[2026-07-21T09:50:27.260+0000] {processor.py:208} INFO - Processing /opt/airflow/dags/dag_extract_dvizhenie.py took 0.029 seconds
[2026-07-21T10:51:34.365+0000] {processor.py:186} INFO - Started process (PID=25198) to work on /opt/airflow/dags/dag_extract_dvizhenie.py
[2026-07-21T10:51:34.365+0000] {processor.py:914} INFO - Processing file /opt/airflow/dags/dag_extract_dvizhenie.py for tasks to queue
[2026-07-21T10:51:34.366+0000] {logging_mixin.py:190} INFO - [2026-07-21T10:51:34.366+0000] {dagbag.py:588} INFO - Filling up the DagBag from /opt/airflow/dags/dag_extract_dvizhenie.py
[2026-07-21T10:51:34.371+0000] {processor.py:925} INFO - DAG(s) 'dag_extract_dvizhenie' retrieved from /opt/airflow/dags/dag_extract_dvizhenie.py
[2026-07-21T10:51:34.380+0000] {logging_mixin.py:190} INFO - [2026-07-21T10:51:34.380+0000] {dag.py:3239} INFO - Sync 1 DAGs
[2026-07-21T10:51:34.389+0000] {logging_mixin.py:190} INFO - [2026-07-21T10:51:34.389+0000] {dag.py:4180} INFO - Setting next_dagrun for dag_extract_dvizhenie to 2026-07-21 08:00:00+00:00, run_after=2026-07-21 10:00:00+00:00
[2026-07-21T10:51:34.394+0000] {processor.py:208} INFO - Processing /opt/airflow/dags/dag_extract_dvizhenie.py took 0.032 seconds
[2026-07-21T11:52:30.530+0000] {processor.py:186} INFO - Started process (PID=25224) to work on /opt/airflow/dags/dag_extract_dvizhenie.py
[2026-07-21T11:52:30.531+0000] {processor.py:914} INFO - Processing file /opt/airflow/dags/dag_extract_dvizhenie.py for tasks to queue
[2026-07-21T11:52:30.533+0000] {logging_mixin.py:190} INFO - [2026-07-21T11:52:30.533+0000] {dagbag.py:588} INFO - Filling up the DagBag from /opt/airflow/dags/dag_extract_dvizhenie.py
[2026-07-21T11:52:30.543+0000] {processor.py:925} INFO - DAG(s) 'dag_extract_dvizhenie' retrieved from /opt/airflow/dags/dag_extract_dvizhenie.py
[2026-07-21T11:52:30.568+0000] {logging_mixin.py:190} INFO - [2026-07-21T11:52:30.568+0000] {dag.py:3239} INFO - Sync 1 DAGs
[2026-07-21T11:52:30.598+0000] {processor.py:208} INFO - Processing /opt/airflow/dags/dag_extract_dvizhenie.py took 0.076 seconds
[2026-07-21T12:25:32.426+0000] {processor.py:186} INFO - Started process (PID=25244) to work on /opt/airflow/dags/dag_extract_dvizhenie.py
[2026-07-21T12:25:32.426+0000] {processor.py:914} INFO - Processing file /opt/airflow/dags/dag_extract_dvizhenie.py for tasks to queue
[2026-07-21T12:25:32.427+0000] {logging_mixin.py:190} INFO - [2026-07-21T12:25:32.427+0000] {dagbag.py:588} INFO - Filling up the DagBag from /opt/airflow/dags/dag_extract_dvizhenie.py
[2026-07-21T12:25:32.431+0000] {processor.py:925} INFO - DAG(s) 'dag_extract_dvizhenie' retrieved from /opt/airflow/dags/dag_extract_dvizhenie.py
[2026-07-21T12:25:32.441+0000] {logging_mixin.py:190} INFO - [2026-07-21T12:25:32.441+0000] {dag.py:3239} INFO - Sync 1 DAGs
[2026-07-21T12:25:32.452+0000] {processor.py:208} INFO - Processing /opt/airflow/dags/dag_extract_dvizhenie.py took 0.029 seconds
[2026-07-21T13:11:08.006+0000] {processor.py:186} INFO - Started process (PID=25273) to work on /opt/airflow/dags/dag_extract_dvizhenie.py
[2026-07-21T13:11:08.006+0000] {processor.py:914} INFO - Processing file /opt/airflow/dags/dag_extract_dvizhenie.py for tasks to queue
[2026-07-21T13:11:08.008+0000] {logging_mixin.py:190} INFO - [2026-07-21T13:11:08.007+0000] {dagbag.py:588} INFO - Filling up the DagBag from /opt/airflow/dags/dag_extract_dvizhenie.py
[2026-07-21T13:11:08.015+0000] {processor.py:925} INFO - DAG(s) 'dag_extract_dvizhenie' retrieved from /opt/airflow/dags/dag_extract_dvizhenie.py
[2026-07-21T13:11:08.028+0000] {logging_mixin.py:190} INFO - [2026-07-21T13:11:08.028+0000] {dag.py:3239} INFO - Sync 1 DAGs
[2026-07-21T13:11:08.040+0000] {processor.py:208} INFO - Processing /opt/airflow/dags/dag_extract_dvizhenie.py took 0.037 seconds
[2026-07-21T13:54:36.958+0000] {processor.py:186} INFO - Started process (PID=25296) to work on /opt/airflow/dags/dag_extract_dvizhenie.py
[2026-07-21T13:54:36.958+0000] {processor.py:914} INFO - Processing file /opt/airflow/dags/dag_extract_dvizhenie.py for tasks to queue
[2026-07-21T13:54:36.960+0000] {logging_mixin.py:190} INFO - [2026-07-21T13:54:36.959+0000] {dagbag.py:588} INFO - Filling up the DagBag from /opt/airflow/dags/dag_extract_dvizhenie.py
[2026-07-21T13:54:36.965+0000] {processor.py:925} INFO - DAG(s) 'dag_extract_dvizhenie' retrieved from /opt/airflow/dags/dag_extract_dvizhenie.py
[2026-07-21T13:54:36.976+0000] {logging_mixin.py:190} INFO - [2026-07-21T13:54:36.976+0000] {dag.py:3239} INFO - Sync 1 DAGs
[2026-07-21T13:54:36.989+0000] {processor.py:208} INFO - Processing /opt/airflow/dags/dag_extract_dvizhenie.py took 0.034 seconds
[2026-07-21T15:12:24.400+0000] {processor.py:186} INFO - Started process (PID=25319) to work on /opt/airflow/dags/dag_extract_dvizhenie.py
[2026-07-21T15:12:24.401+0000] {processor.py:914} INFO - Processing file /opt/airflow/dags/dag_extract_dvizhenie.py for tasks to queue
[2026-07-21T15:12:24.403+0000] {logging_mixin.py:190} INFO - [2026-07-21T15:12:24.403+0000] {dagbag.py:588} INFO - Filling up the DagBag from /opt/airflow/dags/dag_extract_dvizhenie.py
[2026-07-21T15:12:24.411+0000] {processor.py:925} INFO - DAG(s) 'dag_extract_dvizhenie' retrieved from /opt/airflow/dags/dag_extract_dvizhenie.py
[2026-07-21T15:12:24.425+0000] {logging_mixin.py:190} INFO - [2026-07-21T15:12:24.425+0000] {dag.py:3239} INFO - Sync 1 DAGs
[2026-07-21T15:12:24.439+0000] {processor.py:208} INFO - Processing /opt/airflow/dags/dag_extract_dvizhenie.py took 0.042 seconds
[2026-07-21T15:56:43.166+0000] {processor.py:186} INFO - Started process (PID=25337) to work on /opt/airflow/dags/dag_extract_dvizhenie.py
[2026-07-21T15:56:43.166+0000] {processor.py:914} INFO - Processing file /opt/airflow/dags/dag_extract_dvizhenie.py for tasks to queue
[2026-07-21T15:56:43.169+0000] {logging_mixin.py:190} INFO - [2026-07-21T15:56:43.168+0000] {dagbag.py:588} INFO - Filling up the DagBag from /opt/airflow/dags/dag_extract_dvizhenie.py
[2026-07-21T15:56:43.174+0000] {processor.py:925} INFO - DAG(s) 'dag_extract_dvizhenie' retrieved from /opt/airflow/dags/dag_extract_dvizhenie.py
[2026-07-21T15:56:43.185+0000] {logging_mixin.py:190} INFO - [2026-07-21T15:56:43.185+0000] {dag.py:3239} INFO - Sync 1 DAGs
[2026-07-21T15:56:43.199+0000] {processor.py:208} INFO - Processing /opt/airflow/dags/dag_extract_dvizhenie.py took 0.036 seconds
[2026-07-21T16:57:33.788+0000] {processor.py:186} INFO - Started process (PID=25365) to work on /opt/airflow/dags/dag_extract_dvizhenie.py
[2026-07-21T16:57:33.789+0000] {processor.py:914} INFO - Processing file /opt/airflow/dags/dag_extract_dvizhenie.py for tasks to queue
[2026-07-21T16:57:33.790+0000] {logging_mixin.py:190} INFO - [2026-07-21T16:57:33.790+0000] {dagbag.py:588} INFO - Filling up the DagBag from /opt/airflow/dags/dag_extract_dvizhenie.py
[2026-07-21T16:57:33.795+0000] {processor.py:925} INFO - DAG(s) 'dag_extract_dvizhenie' retrieved from /opt/airflow/dags/dag_extract_dvizhenie.py
[2026-07-21T16:57:33.810+0000] {logging_mixin.py:190} INFO - [2026-07-21T16:57:33.810+0000] {dag.py:3239} INFO - Sync 1 DAGs
[2026-07-21T16:57:33.829+0000] {processor.py:208} INFO - Processing /opt/airflow/dags/dag_extract_dvizhenie.py took 0.044 seconds
[2026-07-21T18:14:29.667+0000] {processor.py:186} INFO - Started process (PID=25389) to work on /opt/airflow/dags/dag_extract_dvizhenie.py
[2026-07-21T18:14:29.668+0000] {processor.py:914} INFO - Processing file /opt/airflow/dags/dag_extract_dvizhenie.py for tasks to queue
[2026-07-21T18:14:29.669+0000] {logging_mixin.py:190} INFO - [2026-07-21T18:14:29.669+0000] {dagbag.py:588} INFO - Filling up the DagBag from /opt/airflow/dags/dag_extract_dvizhenie.py
[2026-07-21T18:14:29.675+0000] {processor.py:925} INFO - DAG(s) 'dag_extract_dvizhenie' retrieved from /opt/airflow/dags/dag_extract_dvizhenie.py
[2026-07-21T18:14:29.688+0000] {logging_mixin.py:190} INFO - [2026-07-21T18:14:29.688+0000] {dag.py:3239} INFO - Sync 1 DAGs
[2026-07-21T18:14:29.703+0000] {processor.py:208} INFO - Processing /opt/airflow/dags/dag_extract_dvizhenie.py took 0.039 seconds
[2026-07-21T18:47:15.580+0000] {processor.py:186} INFO - Started process (PID=25414) to work on /opt/airflow/dags/dag_extract_dvizhenie.py
[2026-07-21T18:47:15.580+0000] {processor.py:914} INFO - Processing file /opt/airflow/dags/dag_extract_dvizhenie.py for tasks to queue
[2026-07-21T18:47:15.581+0000] {logging_mixin.py:190} INFO - [2026-07-21T18:47:15.581+0000] {dagbag.py:588} INFO - Filling up the DagBag from /opt/airflow/dags/dag_extract_dvizhenie.py
[2026-07-21T18:47:15.586+0000] {processor.py:925} INFO - DAG(s) 'dag_extract_dvizhenie' retrieved from /opt/airflow/dags/dag_extract_dvizhenie.py
[2026-07-21T18:47:15.596+0000] {logging_mixin.py:190} INFO - [2026-07-21T18:47:15.596+0000] {dag.py:3239} INFO - Sync 1 DAGs
[2026-07-21T18:47:15.607+0000] {processor.py:208} INFO - Processing /opt/airflow/dags/dag_extract_dvizhenie.py took 0.029 seconds
[2026-07-21T19:32:50.669+0000] {processor.py:186} INFO - Started process (PID=25440) to work on /opt/airflow/dags/dag_extract_dvizhenie.py
[2026-07-21T19:32:50.669+0000] {processor.py:914} INFO - Processing file /opt/airflow/dags/dag_extract_dvizhenie.py for tasks to queue
[2026-07-21T19:32:50.670+0000] {logging_mixin.py:190} INFO - [2026-07-21T19:32:50.670+0000] {dagbag.py:588} INFO - Filling up the DagBag from /opt/airflow/dags/dag_extract_dvizhenie.py
[2026-07-21T19:32:50.675+0000] {processor.py:925} INFO - DAG(s) 'dag_extract_dvizhenie' retrieved from /opt/airflow/dags/dag_extract_dvizhenie.py
[2026-07-21T19:32:50.685+0000] {logging_mixin.py:190} INFO - [2026-07-21T19:32:50.685+0000] {dag.py:3239} INFO - Sync 1 DAGs
[2026-07-21T19:32:50.697+0000] {processor.py:208} INFO - Processing /opt/airflow/dags/dag_extract_dvizhenie.py took 0.031 seconds
[2026-07-21T19:38:43.824+0000] {processor.py:186} INFO - Started process (PID=25460) to work on /opt/airflow/dags/dag_extract_dvizhenie.py
[2026-07-21T19:38:43.825+0000] {processor.py:914} INFO - Processing file /opt/airflow/dags/dag_extract_dvizhenie.py for tasks to queue
[2026-07-21T19:38:43.826+0000] {logging_mixin.py:190} INFO - [2026-07-21T19:38:43.826+0000] {dagbag.py:588} INFO - Filling up the DagBag from /opt/airflow/dags/dag_extract_dvizhenie.py
[2026-07-21T19:38:43.830+0000] {processor.py:925} INFO - DAG(s) 'dag_extract_dvizhenie' retrieved from /opt/airflow/dags/dag_extract_dvizhenie.py
[2026-07-21T19:38:43.842+0000] {logging_mixin.py:190} INFO - [2026-07-21T19:38:43.842+0000] {dag.py:3239} INFO - Sync 1 DAGs
[2026-07-21T19:38:43.853+0000] {processor.py:208} INFO - Processing /opt/airflow/dags/dag_extract_dvizhenie.py took 0.032 seconds
[2026-07-21T19:39:14.352+0000] {processor.py:186} INFO - Started process (PID=25480) to work on /opt/airflow/dags/dag_extract_dvizhenie.py
[2026-07-21T19:39:14.352+0000] {processor.py:914} INFO - Processing file /opt/airflow/dags/dag_extract_dvizhenie.py for tasks to queue
[2026-07-21T19:39:14.353+0000] {logging_mixin.py:190} INFO - [2026-07-21T19:39:14.353+0000] {dagbag.py:588} INFO - Filling up the DagBag from /opt/airflow/dags/dag_extract_dvizhenie.py
[2026-07-21T19:39:14.358+0000] {processor.py:925} INFO - DAG(s) 'dag_extract_dvizhenie' retrieved from /opt/airflow/dags/dag_extract_dvizhenie.py
[2026-07-21T19:39:14.368+0000] {logging_mixin.py:190} INFO - [2026-07-21T19:39:14.368+0000] {dag.py:3239} INFO - Sync 1 DAGs
[2026-07-21T19:39:14.380+0000] {processor.py:208} INFO - Processing /opt/airflow/dags/dag_extract_dvizhenie.py took 0.031 seconds
[2026-07-21T19:39:44.793+0000] {processor.py:186} INFO - Started process (PID=25500) to work on /opt/airflow/dags/dag_extract_dvizhenie.py
[2026-07-21T19:39:44.794+0000] {processor.py:914} INFO - Processing file /opt/airflow/dags/dag_extract_dvizhenie.py for tasks to queue
[2026-07-21T19:39:44.795+0000] {logging_mixin.py:190} INFO - [2026-07-21T19:39:44.795+0000] {dagbag.py:588} INFO - Filling up the DagBag from /opt/airflow/dags/dag_extract_dvizhenie.py
[2026-07-21T19:39:44.800+0000] {processor.py:925} INFO - DAG(s) 'dag_extract_dvizhenie' retrieved from /opt/airflow/dags/dag_extract_dvizhenie.py
[2026-07-21T19:39:44.811+0000] {logging_mixin.py:190} INFO - [2026-07-21T19:39:44.811+0000] {dag.py:3239} INFO - Sync 1 DAGs
[2026-07-21T19:39:44.823+0000] {processor.py:208} INFO - Processing /opt/airflow/dags/dag_extract_dvizhenie.py took 0.033 seconds
[2026-07-21T19:40:15.259+0000] {processor.py:186} INFO - Started process (PID=25520) to work on /opt/airflow/dags/dag_extract_dvizhenie.py
[2026-07-21T19:40:15.260+0000] {processor.py:914} INFO - Processing file /opt/airflow/dags/dag_extract_dvizhenie.py for tasks to queue
[2026-07-21T19:40:15.261+0000] {logging_mixin.py:190} INFO - [2026-07-21T19:40:15.261+0000] {dagbag.py:588} INFO - Filling up the DagBag from /opt/airflow/dags/dag_extract_dvizhenie.py
[2026-07-21T19:40:15.265+0000] {processor.py:925} INFO - DAG(s) 'dag_extract_dvizhenie' retrieved from /opt/airflow/dags/dag_extract_dvizhenie.py
[2026-07-21T19:40:15.275+0000] {logging_mixin.py:190} INFO - [2026-07-21T19:40:15.275+0000] {dag.py:3239} INFO - Sync 1 DAGs
[2026-07-21T19:40:15.286+0000] {processor.py:208} INFO - Processing /opt/airflow/dags/dag_extract_dvizhenie.py took 0.030 seconds
[2026-07-21T19:40:45.723+0000] {processor.py:186} INFO - Started process (PID=25540) to work on /opt/airflow/dags/dag_extract_dvizhenie.py
[2026-07-21T19:40:45.723+0000] {processor.py:914} INFO - Processing file /opt/airflow/dags/dag_extract_dvizhenie.py for tasks to queue
[2026-07-21T19:40:45.724+0000] {logging_mixin.py:190} INFO - [2026-07-21T19:40:45.724+0000] {dagbag.py:588} INFO - Filling up the DagBag from /opt/airflow/dags/dag_extract_dvizhenie.py
[2026-07-21T19:40:45.728+0000] {processor.py:925} INFO - DAG(s) 'dag_extract_dvizhenie' retrieved from /opt/airflow/dags/dag_extract_dvizhenie.py
[2026-07-21T19:40:45.738+0000] {logging_mixin.py:190} INFO - [2026-07-21T19:40:45.738+0000] {dag.py:3239} INFO - Sync 1 DAGs
[2026-07-21T19:40:45.749+0000] {processor.py:208} INFO - Processing /opt/airflow/dags/dag_extract_dvizhenie.py took 0.029 seconds
[2026-07-21T19:41:16.169+0000] {processor.py:186} INFO - Started process (PID=25560) to work on /opt/airflow/dags/dag_extract_dvizhenie.py
[2026-07-21T19:41:16.170+0000] {processor.py:914} INFO - Processing file /opt/airflow/dags/dag_extract_dvizhenie.py for tasks to queue
[2026-07-21T19:41:16.171+0000] {logging_mixin.py:190} INFO - [2026-07-21T19:41:16.170+0000] {dagbag.py:588} INFO - Filling up the DagBag from /opt/airflow/dags/dag_extract_dvizhenie.py
[2026-07-21T19:41:16.175+0000] {processor.py:925} INFO - DAG(s) 'dag_extract_dvizhenie' retrieved from /opt/airflow/dags/dag_extract_dvizhenie.py
[2026-07-21T19:41:16.185+0000] {logging_mixin.py:190} INFO - [2026-07-21T19:41:16.185+0000] {dag.py:3239} INFO - Sync 1 DAGs
[2026-07-21T19:41:16.196+0000] {processor.py:208} INFO - Processing /opt/airflow/dags/dag_extract_dvizhenie.py took 0.029 seconds
[2026-07-21T19:41:46.569+0000] {processor.py:186} INFO - Started process (PID=25580) to work on /opt/airflow/dags/dag_extract_dvizhenie.py
[2026-07-21T19:41:46.570+0000] {processor.py:914} INFO - Processing file /opt/airflow/dags/dag_extract_dvizhenie.py for tasks to queue
[2026-07-21T19:41:46.570+0000] {logging_mixin.py:190} INFO - [2026-07-21T19:41:46.570+0000] {dagbag.py:588} INFO - Filling up the DagBag from /opt/airflow/dags/dag_extract_dvizhenie.py
[2026-07-21T19:41:46.575+0000] {processor.py:925} INFO - DAG(s) 'dag_extract_dvizhenie' retrieved from /opt/airflow/dags/dag_extract_dvizhenie.py
[2026-07-21T19:41:46.585+0000] {logging_mixin.py:190} INFO - [2026-07-21T19:41:46.585+0000] {dag.py:3239} INFO - Sync 1 DAGs
[2026-07-21T19:41:46.596+0000] {processor.py:208} INFO - Processing /opt/airflow/dags/dag_extract_dvizhenie.py took 0.029 seconds
[2026-07-21T19:42:17.018+0000] {processor.py:186} INFO - Started process (PID=25600) to work on /opt/airflow/dags/dag_extract_dvizhenie.py
[2026-07-21T19:42:17.019+0000] {processor.py:914} INFO - Processing file /opt/airflow/dags/dag_extract_dvizhenie.py for tasks to queue
[2026-07-21T19:42:17.021+0000] {logging_mixin.py:190} INFO - [2026-07-21T19:42:17.021+0000] {dagbag.py:588} INFO - Filling up the DagBag from /opt/airflow/dags/dag_extract_dvizhenie.py
[2026-07-21T19:42:17.026+0000] {processor.py:925} INFO - DAG(s) 'dag_extract_dvizhenie' retrieved from /opt/airflow/dags/dag_extract_dvizhenie.py
[2026-07-21T19:42:17.039+0000] {logging_mixin.py:190} INFO - [2026-07-21T19:42:17.039+0000] {dag.py:3239} INFO - Sync 1 DAGs
[2026-07-21T19:42:17.054+0000] {processor.py:208} INFO - Processing /opt/airflow/dags/dag_extract_dvizhenie.py took 0.038 seconds
[2026-07-21T19:42:47.449+0000] {processor.py:186} INFO - Started process (PID=25620) to work on /opt/airflow/dags/dag_extract_dvizhenie.py
[2026-07-21T19:42:47.449+0000] {processor.py:914} INFO - Processing file /opt/airflow/dags/dag_extract_dvizhenie.py for tasks to queue
[2026-07-21T19:42:47.451+0000] {logging_mixin.py:190} INFO - [2026-07-21T19:42:47.451+0000] {dagbag.py:588} INFO - Filling up the DagBag from /opt/airflow/dags/dag_extract_dvizhenie.py
[2026-07-21T19:42:47.457+0000] {processor.py:925} INFO - DAG(s) 'dag_extract_dvizhenie' retrieved from /opt/airflow/dags/dag_extract_dvizhenie.py
[2026-07-21T19:42:47.468+0000] {logging_mixin.py:190} INFO - [2026-07-21T19:42:47.468+0000] {dag.py:3239} INFO - Sync 1 DAGs
[2026-07-21T19:42:47.482+0000] {processor.py:208} INFO - Processing /opt/airflow/dags/dag_extract_dvizhenie.py took 0.036 seconds
[2026-07-21T19:43:17.928+0000] {processor.py:186} INFO - Started process (PID=25643) to work on /opt/airflow/dags/dag_extract_dvizhenie.py
[2026-07-21T19:43:17.929+0000] {processor.py:914} INFO - Processing file /opt/airflow/dags/dag_extract_dvizhenie.py for tasks to queue
[2026-07-21T19:43:17.930+0000] {logging_mixin.py:190} INFO - [2026-07-21T19:43:17.930+0000] {dagbag.py:588} INFO - Filling up the DagBag from /opt/airflow/dags/dag_extract_dvizhenie.py
[2026-07-21T19:43:17.936+0000] {processor.py:925} INFO - DAG(s) 'dag_extract_dvizhenie' retrieved from /opt/airflow/dags/dag_extract_dvizhenie.py
[2026-07-21T19:43:17.950+0000] {logging_mixin.py:190} INFO - [2026-07-21T19:43:17.950+0000] {dag.py:3239} INFO - Sync 1 DAGs
[2026-07-21T19:43:17.958+0000] {logging_mixin.py:190} INFO - [2026-07-21T19:43:17.958+0000] {dag.py:4180} INFO - Setting next_dagrun for dag_extract_dvizhenie to 2026-07-21 18:00:00+00:00, run_after=2026-07-21 20:00:00+00:00
[2026-07-21T19:43:17.968+0000] {processor.py:208} INFO - Processing /opt/airflow/dags/dag_extract_dvizhenie.py took 0.043 seconds
[2026-07-21T19:43:48.368+0000] {processor.py:186} INFO - Started process (PID=25663) to work on /opt/airflow/dags/dag_extract_dvizhenie.py
[2026-07-21T19:43:48.369+0000] {processor.py:914} INFO - Processing file /opt/airflow/dags/dag_extract_dvizhenie.py for tasks to queue
[2026-07-21T19:43:48.370+0000] {logging_mixin.py:190} INFO - [2026-07-21T19:43:48.370+0000] {dagbag.py:588} INFO - Filling up the DagBag from /opt/airflow/dags/dag_extract_dvizhenie.py
[2026-07-21T19:43:48.377+0000] {processor.py:925} INFO - DAG(s) 'dag_extract_dvizhenie' retrieved from /opt/airflow/dags/dag_extract_dvizhenie.py
[2026-07-21T19:43:48.389+0000] {logging_mixin.py:190} INFO - [2026-07-21T19:43:48.389+0000] {dag.py:3239} INFO - Sync 1 DAGs
[2026-07-21T19:43:48.400+0000] {logging_mixin.py:190} INFO - [2026-07-21T19:43:48.400+0000] {dag.py:4180} INFO - Setting next_dagrun for dag_extract_dvizhenie to 2026-07-21 18:00:00+00:00, run_after=2026-07-21 20:00:00+00:00
[2026-07-21T19:43:48.408+0000] {processor.py:208} INFO - Processing /opt/airflow/dags/dag_extract_dvizhenie.py took 0.042 seconds
[2026-07-21T19:44:18.862+0000] {processor.py:186} INFO - Started process (PID=25683) to work on /opt/airflow/dags/dag_extract_dvizhenie.py
[2026-07-21T19:44:18.862+0000] {processor.py:914} INFO - Processing file /opt/airflow/dags/dag_extract_dvizhenie.py for tasks to queue
[2026-07-21T19:44:18.863+0000] {logging_mixin.py:190} INFO - [2026-07-21T19:44:18.863+0000] {dagbag.py:588} INFO - Filling up the DagBag from /opt/airflow/dags/dag_extract_dvizhenie.py
[2026-07-21T19:44:18.867+0000] {processor.py:925} INFO - DAG(s) 'dag_extract_dvizhenie' retrieved from /opt/airflow/dags/dag_extract_dvizhenie.py
[2026-07-21T19:44:18.877+0000] {logging_mixin.py:190} INFO - [2026-07-21T19:44:18.877+0000] {dag.py:3239} INFO - Sync 1 DAGs
[2026-07-21T19:44:18.884+0000] {logging_mixin.py:190} INFO - [2026-07-21T19:44:18.884+0000] {dag.py:4180} INFO - Setting next_dagrun for dag_extract_dvizhenie to 2026-07-21 18:00:00+00:00, run_after=2026-07-21 20:00:00+00:00
[2026-07-21T19:44:18.889+0000] {processor.py:208} INFO - Processing /opt/airflow/dags/dag_extract_dvizhenie.py took 0.030 seconds
[2026-07-21T19:44:49.330+0000] {processor.py:186} INFO - Started process (PID=25703) to work on /opt/airflow/dags/dag_extract_dvizhenie.py
[2026-07-21T19:44:49.330+0000] {processor.py:914} INFO - Processing file /opt/airflow/dags/dag_extract_dvizhenie.py for tasks to queue
[2026-07-21T19:44:49.331+0000] {logging_mixin.py:190} INFO - [2026-07-21T19:44:49.331+0000] {dagbag.py:588} INFO - Filling up the DagBag from /opt/airflow/dags/dag_extract_dvizhenie.py
[2026-07-21T19:44:49.336+0000] {processor.py:925} INFO - DAG(s) 'dag_extract_dvizhenie' retrieved from /opt/airflow/dags/dag_extract_dvizhenie.py
[2026-07-21T19:44:49.346+0000] {logging_mixin.py:190} INFO - [2026-07-21T19:44:49.346+0000] {dag.py:3239} INFO - Sync 1 DAGs
[2026-07-21T19:44:49.353+0000] {logging_mixin.py:190} INFO - [2026-07-21T19:44:49.353+0000] {dag.py:4180} INFO - Setting next_dagrun for dag_extract_dvizhenie to 2026-07-21 18:00:00+00:00, run_after=2026-07-21 20:00:00+00:00
[2026-07-21T19:44:49.358+0000] {processor.py:208} INFO - Processing /opt/airflow/dags/dag_extract_dvizhenie.py took 0.031 seconds
[2026-07-21T19:45:19.756+0000] {processor.py:186} INFO - Started process (PID=25723) to work on /opt/airflow/dags/dag_extract_dvizhenie.py
[2026-07-21T19:45:19.756+0000] {processor.py:914} INFO - Processing file /opt/airflow/dags/dag_extract_dvizhenie.py for tasks to queue
[2026-07-21T19:45:19.757+0000] {logging_mixin.py:190} INFO - [2026-07-21T19:45:19.757+0000] {dagbag.py:588} INFO - Filling up the DagBag from /opt/airflow/dags/dag_extract_dvizhenie.py
[2026-07-21T19:45:19.761+0000] {processor.py:925} INFO - DAG(s) 'dag_extract_dvizhenie' retrieved from /opt/airflow/dags/dag_extract_dvizhenie.py
[2026-07-21T19:45:19.771+0000] {logging_mixin.py:190} INFO - [2026-07-21T19:45:19.771+0000] {dag.py:3239} INFO - Sync 1 DAGs
[2026-07-21T19:45:19.779+0000] {logging_mixin.py:190} INFO - [2026-07-21T19:45:19.778+0000] {dag.py:4180} INFO - Setting next_dagrun for dag_extract_dvizhenie to 2026-07-21 18:00:00+00:00, run_after=2026-07-21 20:00:00+00:00
[2026-07-21T19:45:19.783+0000] {processor.py:208} INFO - Processing /opt/airflow/dags/dag_extract_dvizhenie.py took 0.030 seconds
[2026-07-21T19:45:50.201+0000] {processor.py:186} INFO - Started process (PID=25743) to work on /opt/airflow/dags/dag_extract_dvizhenie.py
[2026-07-21T19:45:50.202+0000] {processor.py:914} INFO - Processing file /opt/airflow/dags/dag_extract_dvizhenie.py for tasks to queue
[2026-07-21T19:45:50.203+0000] {logging_mixin.py:190} INFO - [2026-07-21T19:45:50.202+0000] {dagbag.py:588} INFO - Filling up the DagBag from /opt/airflow/dags/dag_extract_dvizhenie.py
[2026-07-21T19:45:50.207+0000] {processor.py:925} INFO - DAG(s) 'dag_extract_dvizhenie' retrieved from /opt/airflow/dags/dag_extract_dvizhenie.py
[2026-07-21T19:45:50.217+0000] {logging_mixin.py:190} INFO - [2026-07-21T19:45:50.217+0000] {dag.py:3239} INFO - Sync 1 DAGs
[2026-07-21T19:45:50.225+0000] {logging_mixin.py:190} INFO - [2026-07-21T19:45:50.225+0000] {dag.py:4180} INFO - Setting next_dagrun for dag_extract_dvizhenie to 2026-07-21 18:00:00+00:00, run_after=2026-07-21 20:00:00+00:00
[2026-07-21T19:45:50.229+0000] {processor.py:208} INFO - Processing /opt/airflow/dags/dag_extract_dvizhenie.py took 0.030 seconds
[2026-07-21T19:46:20.615+0000] {processor.py:186} INFO - Started process (PID=25763) to work on /opt/airflow/dags/dag_extract_dvizhenie.py
[2026-07-21T19:46:20.615+0000] {processor.py:914} INFO - Processing file /opt/airflow/dags/dag_extract_dvizhenie.py for tasks to queue
[2026-07-21T19:46:20.616+0000] {logging_mixin.py:190} INFO - [2026-07-21T19:46:20.616+0000] {dagbag.py:588} INFO - Filling up the DagBag from /opt/airflow/dags/dag_extract_dvizhenie.py
[2026-07-21T19:46:20.621+0000] {processor.py:925} INFO - DAG(s) 'dag_extract_dvizhenie' retrieved from /opt/airflow/dags/dag_extract_dvizhenie.py
[2026-07-21T19:46:20.630+0000] {logging_mixin.py:190} INFO - [2026-07-21T19:46:20.630+0000] {dag.py:3239} INFO - Sync 1 DAGs
[2026-07-21T19:46:20.638+0000] {logging_mixin.py:190} INFO - [2026-07-21T19:46:20.638+0000] {dag.py:4180} INFO - Setting next_dagrun for dag_extract_dvizhenie to 2026-07-21 18:00:00+00:00, run_after=2026-07-21 20:00:00+00:00
[2026-07-21T19:46:20.642+0000] {processor.py:208} INFO - Processing /opt/airflow/dags/dag_extract_dvizhenie.py took 0.030 seconds
[2026-07-21T19:46:51.070+0000] {processor.py:186} INFO - Started process (PID=25783) to work on /opt/airflow/dags/dag_extract_dvizhenie.py
[2026-07-21T19:46:51.070+0000] {processor.py:914} INFO - Processing file /opt/airflow/dags/dag_extract_dvizhenie.py for tasks to queue
[2026-07-21T19:46:51.071+0000] {logging_mixin.py:190} INFO - [2026-07-21T19:46:51.071+0000] {dagbag.py:588} INFO - Filling up the DagBag from /opt/airflow/dags/dag_extract_dvizhenie.py
[2026-07-21T19:46:51.075+0000] {processor.py:925} INFO - DAG(s) 'dag_extract_dvizhenie' retrieved from /opt/airflow/dags/dag_extract_dvizhenie.py
[2026-07-21T19:46:51.085+0000] {logging_mixin.py:190} INFO - [2026-07-21T19:46:51.085+0000] {dag.py:3239} INFO - Sync 1 DAGs
[2026-07-21T19:46:51.094+0000] {logging_mixin.py:190} INFO - [2026-07-21T19:46:51.094+0000] {dag.py:4180} INFO - Setting next_dagrun for dag_extract_dvizhenie to 2026-07-21 18:00:00+00:00, run_after=2026-07-21 20:00:00+00:00
[2026-07-21T19:46:51.099+0000] {processor.py:208} INFO - Processing /opt/airflow/dags/dag_extract_dvizhenie.py took 0.032 seconds
[2026-07-21T19:47:21.494+0000] {processor.py:186} INFO - Started process (PID=25803) to work on /opt/airflow/dags/dag_extract_dvizhenie.py
[2026-07-21T19:47:21.494+0000] {processor.py:914} INFO - Processing file /opt/airflow/dags/dag_extract_dvizhenie.py for tasks to queue
[2026-07-21T19:47:21.495+0000] {logging_mixin.py:190} INFO - [2026-07-21T19:47:21.495+0000] {dagbag.py:588} INFO - Filling up the DagBag from /opt/airflow/dags/dag_extract_dvizhenie.py
[2026-07-21T19:47:21.500+0000] {processor.py:925} INFO - DAG(s) 'dag_extract_dvizhenie' retrieved from /opt/airflow/dags/dag_extract_dvizhenie.py
[2026-07-21T19:47:21.510+0000] {logging_mixin.py:190} INFO - [2026-07-21T19:47:21.510+0000] {dag.py:3239} INFO - Sync 1 DAGs
[2026-07-21T19:47:21.517+0000] {logging_mixin.py:190} INFO - [2026-07-21T19:47:21.517+0000] {dag.py:4180} INFO - Setting next_dagrun for dag_extract_dvizhenie to 2026-07-21 18:00:00+00:00, run_after=2026-07-21 20:00:00+00:00
[2026-07-21T19:47:21.522+0000] {processor.py:208} INFO - Processing /opt/airflow/dags/dag_extract_dvizhenie.py took 0.031 seconds
[2026-07-21T19:47:51.938+0000] {processor.py:186} INFO - Started process (PID=25823) to work on /opt/airflow/dags/dag_extract_dvizhenie.py
[2026-07-21T19:47:51.939+0000] {processor.py:914} INFO - Processing file /opt/airflow/dags/dag_extract_dvizhenie.py for tasks to queue
[2026-07-21T19:47:51.940+0000] {logging_mixin.py:190} INFO - [2026-07-21T19:47:51.940+0000] {dagbag.py:588} INFO - Filling up the DagBag from /opt/airflow/dags/dag_extract_dvizhenie.py
[2026-07-21T19:47:51.946+0000] {processor.py:925} INFO - DAG(s) 'dag_extract_dvizhenie' retrieved from /opt/airflow/dags/dag_extract_dvizhenie.py
[2026-07-21T19:47:51.960+0000] {logging_mixin.py:190} INFO - [2026-07-21T19:47:51.960+0000] {dag.py:3239} INFO - Sync 1 DAGs
[2026-07-21T19:47:51.971+0000] {logging_mixin.py:190} INFO - [2026-07-21T19:47:51.971+0000] {dag.py:4180} INFO - Setting next_dagrun for dag_extract_dvizhenie to 2026-07-21 18:00:00+00:00, run_after=2026-07-21 20:00:00+00:00
[2026-07-21T19:47:51.979+0000] {processor.py:208} INFO - Processing /opt/airflow/dags/dag_extract_dvizhenie.py took 0.043 seconds
[2026-07-21T19:48:22.433+0000] {processor.py:186} INFO - Started process (PID=25843) to work on /opt/airflow/dags/dag_extract_dvizhenie.py
[2026-07-21T19:48:22.433+0000] {processor.py:914} INFO - Processing file /opt/airflow/dags/dag_extract_dvizhenie.py for tasks to queue
[2026-07-21T19:48:22.434+0000] {logging_mixin.py:190} INFO - [2026-07-21T19:48:22.434+0000] {dagbag.py:588} INFO - Filling up the DagBag from /opt/airflow/dags/dag_extract_dvizhenie.py
[2026-07-21T19:48:22.439+0000] {processor.py:925} INFO - DAG(s) 'dag_extract_dvizhenie' retrieved from /opt/airflow/dags/dag_extract_dvizhenie.py
[2026-07-21T19:48:22.449+0000] {logging_mixin.py:190} INFO - [2026-07-21T19:48:22.449+0000] {dag.py:3239} INFO - Sync 1 DAGs
[2026-07-21T19:48:22.457+0000] {logging_mixin.py:190} INFO - [2026-07-21T19:48:22.457+0000] {dag.py:4180} INFO - Setting next_dagrun for dag_extract_dvizhenie to 2026-07-21 18:00:00+00:00, run_after=2026-07-21 20:00:00+00:00
[2026-07-21T19:48:22.461+0000] {processor.py:208} INFO - Processing /opt/airflow/dags/dag_extract_dvizhenie.py took 0.031 seconds
[2026-07-21T19:48:52.958+0000] {processor.py:186} INFO - Started process (PID=25863) to work on /opt/airflow/dags/dag_extract_dvizhenie.py
[2026-07-21T19:48:52.959+0000] {processor.py:914} INFO - Processing file /opt/airflow/dags/dag_extract_dvizhenie.py for tasks to queue
[2026-07-21T19:48:52.960+0000] {logging_mixin.py:190} INFO - [2026-07-21T19:48:52.960+0000] {dagbag.py:588} INFO - Filling up the DagBag from /opt/airflow/dags/dag_extract_dvizhenie.py
[2026-07-21T19:48:52.965+0000] {processor.py:925} INFO - DAG(s) 'dag_extract_dvizhenie' retrieved from /opt/airflow/dags/dag_extract_dvizhenie.py
[2026-07-21T19:48:52.978+0000] {logging_mixin.py:190} INFO - [2026-07-21T19:48:52.978+0000] {dag.py:3239} INFO - Sync 1 DAGs
[2026-07-21T19:48:52.988+0000] {logging_mixin.py:190} INFO - [2026-07-21T19:48:52.988+0000] {dag.py:4180} INFO - Setting next_dagrun for dag_extract_dvizhenie to 2026-07-21 18:00:00+00:00, run_after=2026-07-21 20:00:00+00:00
[2026-07-21T19:48:52.996+0000] {processor.py:208} INFO - Processing /opt/airflow/dags/dag_extract_dvizhenie.py took 0.041 seconds
[2026-07-21T19:49:23.480+0000] {processor.py:186} INFO - Started process (PID=25883) to work on /opt/airflow/dags/dag_extract_dvizhenie.py
[2026-07-21T19:49:23.480+0000] {processor.py:914} INFO - Processing file /opt/airflow/dags/dag_extract_dvizhenie.py for tasks to queue
[2026-07-21T19:49:23.481+0000] {logging_mixin.py:190} INFO - [2026-07-21T19:49:23.481+0000] {dagbag.py:588} INFO - Filling up the DagBag from /opt/airflow/dags/dag_extract_dvizhenie.py
[2026-07-21T19:49:23.485+0000] {processor.py:925} INFO - DAG(s) 'dag_extract_dvizhenie' retrieved from /opt/airflow/dags/dag_extract_dvizhenie.py
[2026-07-21T19:49:23.495+0000] {logging_mixin.py:190} INFO - [2026-07-21T19:49:23.495+0000] {dag.py:3239} INFO - Sync 1 DAGs
[2026-07-21T19:49:23.502+0000] {logging_mixin.py:190} INFO - [2026-07-21T19:49:23.502+0000] {dag.py:4180} INFO - Setting next_dagrun for dag_extract_dvizhenie to 2026-07-21 18:00:00+00:00, run_after=2026-07-21 20:00:00+00:00
[2026-07-21T19:49:23.507+0000] {processor.py:208} INFO - Processing /opt/airflow/dags/dag_extract_dvizhenie.py took 0.030 seconds
[2026-07-21T19:49:53.971+0000] {processor.py:186} INFO - Started process (PID=25903) to work on /opt/airflow/dags/dag_extract_dvizhenie.py
[2026-07-21T19:49:53.971+0000] {processor.py:914} INFO - Processing file /opt/airflow/dags/dag_extract_dvizhenie.py for tasks to queue
[2026-07-21T19:49:53.972+0000] {logging_mixin.py:190} INFO - [2026-07-21T19:49:53.972+0000] {dagbag.py:588} INFO - Filling up the DagBag from /opt/airflow/dags/dag_extract_dvizhenie.py
[2026-07-21T19:49:53.978+0000] {processor.py:925} INFO - DAG(s) 'dag_extract_dvizhenie' retrieved from /opt/airflow/dags/dag_extract_dvizhenie.py
[2026-07-21T19:49:53.992+0000] {logging_mixin.py:190} INFO - [2026-07-21T19:49:53.992+0000] {dag.py:3239} INFO - Sync 1 DAGs
[2026-07-21T19:49:54.002+0000] {logging_mixin.py:190} INFO - [2026-07-21T19:49:54.002+0000] {dag.py:4180} INFO - Setting next_dagrun for dag_extract_dvizhenie to 2026-07-21 18:00:00+00:00, run_after=2026-07-21 20:00:00+00:00
[2026-07-21T19:49:54.012+0000] {processor.py:208} INFO - Processing /opt/airflow/dags/dag_extract_dvizhenie.py took 0.044 seconds
[2026-07-21T19:50:24.469+0000] {processor.py:186} INFO - Started process (PID=25921) to work on /opt/airflow/dags/dag_extract_dvizhenie.py
[2026-07-21T19:50:24.469+0000] {processor.py:914} INFO - Processing file /opt/airflow/dags/dag_extract_dvizhenie.py for tasks to queue
[2026-07-21T19:50:24.471+0000] {logging_mixin.py:190} INFO - [2026-07-21T19:50:24.471+0000] {dagbag.py:588} INFO - Filling up the DagBag from /opt/airflow/dags/dag_extract_dvizhenie.py
[2026-07-21T19:50:24.477+0000] {processor.py:925} INFO - DAG(s) 'dag_extract_dvizhenie' retrieved from /opt/airflow/dags/dag_extract_dvizhenie.py
[2026-07-21T19:50:24.490+0000] {logging_mixin.py:190} INFO - [2026-07-21T19:50:24.490+0000] {dag.py:3239} INFO - Sync 1 DAGs
[2026-07-21T19:50:24.498+0000] {logging_mixin.py:190} INFO - [2026-07-21T19:50:24.498+0000] {dag.py:4180} INFO - Setting next_dagrun for dag_extract_dvizhenie to 2026-07-21 18:00:00+00:00, run_after=2026-07-21 20:00:00+00:00
[2026-07-21T19:50:24.503+0000] {processor.py:208} INFO - Processing /opt/airflow/dags/dag_extract_dvizhenie.py took 0.037 seconds
[2026-07-21T19:50:55.056+0000] {processor.py:186} INFO - Started process (PID=25941) to work on /opt/airflow/dags/dag_extract_dvizhenie.py
[2026-07-21T19:50:55.056+0000] {processor.py:914} INFO - Processing file /opt/airflow/dags/dag_extract_dvizhenie.py for tasks to queue
[2026-07-21T19:50:55.057+0000] {logging_mixin.py:190} INFO - [2026-07-21T19:50:55.057+0000] {dagbag.py:588} INFO - Filling up the DagBag from /opt/airflow/dags/dag_extract_dvizhenie.py
[2026-07-21T19:50:55.064+0000] {processor.py:925} INFO - DAG(s) 'dag_extract_dvizhenie' retrieved from /opt/airflow/dags/dag_extract_dvizhenie.py
[2026-07-21T19:50:55.079+0000] {logging_mixin.py:190} INFO - [2026-07-21T19:50:55.079+0000] {dag.py:3239} INFO - Sync 1 DAGs
[2026-07-21T19:50:55.090+0000] {logging_mixin.py:190} INFO - [2026-07-21T19:50:55.090+0000] {dag.py:4180} INFO - Setting next_dagrun for dag_extract_dvizhenie to 2026-07-21 18:00:00+00:00, run_after=2026-07-21 20:00:00+00:00
[2026-07-21T19:50:55.098+0000] {processor.py:208} INFO - Processing /opt/airflow/dags/dag_extract_dvizhenie.py took 0.045 seconds
[2026-07-21T19:51:25.541+0000] {processor.py:186} INFO - Started process (PID=25963) to work on /opt/airflow/dags/dag_extract_dvizhenie.py
[2026-07-21T19:51:25.542+0000] {processor.py:914} INFO - Processing file /opt/airflow/dags/dag_extract_dvizhenie.py for tasks to queue
[2026-07-21T19:51:25.542+0000] {logging_mixin.py:190} INFO - [2026-07-21T19:51:25.542+0000] {dagbag.py:588} INFO - Filling up the DagBag from /opt/airflow/dags/dag_extract_dvizhenie.py
[2026-07-21T19:51:25.547+0000] {processor.py:925} INFO - DAG(s) 'dag_extract_dvizhenie' retrieved from /opt/airflow/dags/dag_extract_dvizhenie.py
[2026-07-21T19:51:25.557+0000] {logging_mixin.py:190} INFO - [2026-07-21T19:51:25.557+0000] {dag.py:3239} INFO - Sync 1 DAGs
[2026-07-21T19:51:25.565+0000] {logging_mixin.py:190} INFO - [2026-07-21T19:51:25.565+0000] {dag.py:4180} INFO - Setting next_dagrun for dag_extract_dvizhenie to 2026-07-21 18:00:00+00:00, run_after=2026-07-21 20:00:00+00:00
[2026-07-21T19:51:25.629+0000] {processor.py:208} INFO - Processing /opt/airflow/dags/dag_extract_dvizhenie.py took 0.091 seconds
[2026-07-21T19:51:56.066+0000] {processor.py:186} INFO - Started process (PID=25981) to work on /opt/airflow/dags/dag_extract_dvizhenie.py
[2026-07-21T19:51:56.066+0000] {processor.py:914} INFO - Processing file /opt/airflow/dags/dag_extract_dvizhenie.py for tasks to queue
[2026-07-21T19:51:56.067+0000] {logging_mixin.py:190} INFO - [2026-07-21T19:51:56.067+0000] {dagbag.py:588} INFO - Filling up the DagBag from /opt/airflow/dags/dag_extract_dvizhenie.py
[2026-07-21T19:51:56.075+0000] {processor.py:925} INFO - DAG(s) 'dag_extract_dvizhenie' retrieved from /opt/airflow/dags/dag_extract_dvizhenie.py
[2026-07-21T19:51:56.091+0000] {logging_mixin.py:190} INFO - [2026-07-21T19:51:56.090+0000] {dag.py:3239} INFO - Sync 1 DAGs
[2026-07-21T19:51:56.100+0000] {logging_mixin.py:190} INFO - [2026-07-21T19:51:56.100+0000] {dag.py:4180} INFO - Setting next_dagrun for dag_extract_dvizhenie to 2026-07-21 18:00:00+00:00, run_after=2026-07-21 20:00:00+00:00
[2026-07-21T19:51:56.108+0000] {processor.py:208} INFO - Processing /opt/airflow/dags/dag_extract_dvizhenie.py took 0.045 seconds
[2026-07-21T19:52:26.585+0000] {processor.py:186} INFO - Started process (PID=26003) to work on /opt/airflow/dags/dag_extract_dvizhenie.py
[2026-07-21T19:52:26.586+0000] {processor.py:914} INFO - Processing file /opt/airflow/dags/dag_extract_dvizhenie.py for tasks to queue
[2026-07-21T19:52:26.587+0000] {logging_mixin.py:190} INFO - [2026-07-21T19:52:26.587+0000] {dagbag.py:588} INFO - Filling up the DagBag from /opt/airflow/dags/dag_extract_dvizhenie.py
[2026-07-21T19:52:26.592+0000] {processor.py:925} INFO - DAG(s) 'dag_extract_dvizhenie' retrieved from /opt/airflow/dags/dag_extract_dvizhenie.py
[2026-07-21T19:52:26.604+0000] {logging_mixin.py:190} INFO - [2026-07-21T19:52:26.604+0000] {dag.py:3239} INFO - Sync 1 DAGs
[2026-07-21T19:52:26.612+0000] {logging_mixin.py:190} INFO - [2026-07-21T19:52:26.612+0000] {dag.py:4180} INFO - Setting next_dagrun for dag_extract_dvizhenie to 2026-07-21 18:00:00+00:00, run_after=2026-07-21 20:00:00+00:00
[2026-07-21T19:52:26.619+0000] {processor.py:208} INFO - Processing /opt/airflow/dags/dag_extract_dvizhenie.py took 0.036 seconds
[2026-07-21T19:52:57.068+0000] {processor.py:186} INFO - Started process (PID=26021) to work on /opt/airflow/dags/dag_extract_dvizhenie.py
[2026-07-21T19:52:57.068+0000] {processor.py:914} INFO - Processing file /opt/airflow/dags/dag_extract_dvizhenie.py for tasks to queue
[2026-07-21T19:52:57.070+0000] {logging_mixin.py:190} INFO - [2026-07-21T19:52:57.069+0000] {dagbag.py:588} INFO - Filling up the DagBag from /opt/airflow/dags/dag_extract_dvizhenie.py
[2026-07-21T19:52:57.075+0000] {processor.py:925} INFO - DAG(s) 'dag_extract_dvizhenie' retrieved from /opt/airflow/dags/dag_extract_dvizhenie.py
[2026-07-21T19:52:57.088+0000] {logging_mixin.py:190} INFO - [2026-07-21T19:52:57.088+0000] {dag.py:3239} INFO - Sync 1 DAGs
[2026-07-21T19:52:57.097+0000] {logging_mixin.py:190} INFO - [2026-07-21T19:52:57.097+0000] {dag.py:4180} INFO - Setting next_dagrun for dag_extract_dvizhenie to 2026-07-21 18:00:00+00:00, run_after=2026-07-21 20:00:00+00:00
[2026-07-21T19:52:57.171+0000] {processor.py:208} INFO - Processing /opt/airflow/dags/dag_extract_dvizhenie.py took 0.106 seconds
[2026-07-21T19:53:27.566+0000] {processor.py:186} INFO - Started process (PID=26043) to work on /opt/airflow/dags/dag_extract_dvizhenie.py
[2026-07-21T19:53:27.567+0000] {processor.py:914} INFO - Processing file /opt/airflow/dags/dag_extract_dvizhenie.py for tasks to queue
[2026-07-21T19:53:27.569+0000] {logging_mixin.py:190} INFO - [2026-07-21T19:53:27.568+0000] {dagbag.py:588} INFO - Filling up the DagBag from /opt/airflow/dags/dag_extract_dvizhenie.py
[2026-07-21T19:53:27.574+0000] {processor.py:925} INFO - DAG(s) 'dag_extract_dvizhenie' retrieved from /opt/airflow/dags/dag_extract_dvizhenie.py
[2026-07-21T19:53:27.590+0000] {logging_mixin.py:190} INFO - [2026-07-21T19:53:27.588+0000] {dag.py:3239} INFO - Sync 1 DAGs
[2026-07-21T19:53:27.600+0000] {logging_mixin.py:190} INFO - [2026-07-21T19:53:27.600+0000] {dag.py:4180} INFO - Setting next_dagrun for dag_extract_dvizhenie to 2026-07-21 18:00:00+00:00, run_after=2026-07-21 20:00:00+00:00
[2026-07-21T19:53:27.607+0000] {processor.py:208} INFO - Processing /opt/airflow/dags/dag_extract_dvizhenie.py took 0.043 seconds
[2026-07-21T19:53:58.142+0000] {processor.py:186} INFO - Started process (PID=26063) to work on /opt/airflow/dags/dag_extract_dvizhenie.py
[2026-07-21T19:53:58.142+0000] {processor.py:914} INFO - Processing file /opt/airflow/dags/dag_extract_dvizhenie.py for tasks to queue
[2026-07-21T19:53:58.143+0000] {logging_mixin.py:190} INFO - [2026-07-21T19:53:58.143+0000] {dagbag.py:588} INFO - Filling up the DagBag from /opt/airflow/dags/dag_extract_dvizhenie.py
[2026-07-21T19:53:58.148+0000] {processor.py:925} INFO - DAG(s) 'dag_extract_dvizhenie' retrieved from /opt/airflow/dags/dag_extract_dvizhenie.py
[2026-07-21T19:53:58.157+0000] {logging_mixin.py:190} INFO - [2026-07-21T19:53:58.157+0000] {dag.py:3239} INFO - Sync 1 DAGs
[2026-07-21T19:53:58.220+0000] {logging_mixin.py:190} INFO - [2026-07-21T19:53:58.220+0000] {dag.py:4180} INFO - Setting next_dagrun for dag_extract_dvizhenie to 2026-07-21 18:00:00+00:00, run_after=2026-07-21 20:00:00+00:00
[2026-07-21T19:53:58.225+0000] {processor.py:208} INFO - Processing /opt/airflow/dags/dag_extract_dvizhenie.py took 0.086 seconds
[2026-07-21T19:54:28.632+0000] {processor.py:186} INFO - Started process (PID=26083) to work on /opt/airflow/dags/dag_extract_dvizhenie.py
[2026-07-21T19:54:28.632+0000] {processor.py:914} INFO - Processing file /opt/airflow/dags/dag_extract_dvizhenie.py for tasks to queue
[2026-07-21T19:54:28.633+0000] {logging_mixin.py:190} INFO - [2026-07-21T19:54:28.633+0000] {dagbag.py:588} INFO - Filling up the DagBag from /opt/airflow/dags/dag_extract_dvizhenie.py
[2026-07-21T19:54:28.637+0000] {processor.py:925} INFO - DAG(s) 'dag_extract_dvizhenie' retrieved from /opt/airflow/dags/dag_extract_dvizhenie.py
[2026-07-21T19:54:28.647+0000] {logging_mixin.py:190} INFO - [2026-07-21T19:54:28.647+0000] {dag.py:3239} INFO - Sync 1 DAGs
[2026-07-21T19:54:28.654+0000] {logging_mixin.py:190} INFO - [2026-07-21T19:54:28.654+0000] {dag.py:4180} INFO - Setting next_dagrun for dag_extract_dvizhenie to 2026-07-21 18:00:00+00:00, run_after=2026-07-21 20:00:00+00:00
[2026-07-21T19:54:28.721+0000] {processor.py:208} INFO - Processing /opt/airflow/dags/dag_extract_dvizhenie.py took 0.092 seconds
[2026-07-21T19:54:59.162+0000] {processor.py:186} INFO - Started process (PID=26101) to work on /opt/airflow/dags/dag_extract_dvizhenie.py
[2026-07-21T19:54:59.162+0000] {processor.py:914} INFO - Processing file /opt/airflow/dags/dag_extract_dvizhenie.py for tasks to queue
[2026-07-21T19:54:59.163+0000] {logging_mixin.py:190} INFO - [2026-07-21T19:54:59.163+0000] {dagbag.py:588} INFO - Filling up the DagBag from /opt/airflow/dags/dag_extract_dvizhenie.py
[2026-07-21T19:54:59.168+0000] {processor.py:925} INFO - DAG(s) 'dag_extract_dvizhenie' retrieved from /opt/airflow/dags/dag_extract_dvizhenie.py
[2026-07-21T19:54:59.180+0000] {logging_mixin.py:190} INFO - [2026-07-21T19:54:59.179+0000] {dag.py:3239} INFO - Sync 1 DAGs
[2026-07-21T19:54:59.188+0000] {logging_mixin.py:190} INFO - [2026-07-21T19:54:59.188+0000] {dag.py:4180} INFO - Setting next_dagrun for dag_extract_dvizhenie to 2026-07-21 18:00:00+00:00, run_after=2026-07-21 20:00:00+00:00
[2026-07-21T19:54:59.193+0000] {processor.py:208} INFO - Processing /opt/airflow/dags/dag_extract_dvizhenie.py took 0.034 seconds
[2026-07-21T19:55:29.718+0000] {processor.py:186} INFO - Started process (PID=26123) to work on /opt/airflow/dags/dag_extract_dvizhenie.py
[2026-07-21T19:55:29.718+0000] {processor.py:914} INFO - Processing file /opt/airflow/dags/dag_extract_dvizhenie.py for tasks to queue
[2026-07-21T19:55:29.719+0000] {logging_mixin.py:190} INFO - [2026-07-21T19:55:29.719+0000] {dagbag.py:588} INFO - Filling up the DagBag from /opt/airflow/dags/dag_extract_dvizhenie.py
[2026-07-21T19:55:29.723+0000] {processor.py:925} INFO - DAG(s) 'dag_extract_dvizhenie' retrieved from /opt/airflow/dags/dag_extract_dvizhenie.py
[2026-07-21T19:55:29.733+0000] {logging_mixin.py:190} INFO - [2026-07-21T19:55:29.733+0000] {dag.py:3239} INFO - Sync 1 DAGs
[2026-07-21T19:55:29.797+0000] {logging_mixin.py:190} INFO - [2026-07-21T19:55:29.797+0000] {dag.py:4180} INFO - Setting next_dagrun for dag_extract_dvizhenie to 2026-07-21 18:00:00+00:00, run_after=2026-07-21 20:00:00+00:00
[2026-07-21T19:55:29.801+0000] {processor.py:208} INFO - Processing /opt/airflow/dags/dag_extract_dvizhenie.py took 0.086 seconds
[2026-07-21T19:56:00.248+0000] {processor.py:186} INFO - Started process (PID=26143) to work on /opt/airflow/dags/dag_extract_dvizhenie.py
[2026-07-21T19:56:00.248+0000] {processor.py:914} INFO - Processing file /opt/airflow/dags/dag_extract_dvizhenie.py for tasks to queue
[2026-07-21T19:56:00.249+0000] {logging_mixin.py:190} INFO - [2026-07-21T19:56:00.249+0000] {dagbag.py:588} INFO - Filling up the DagBag from /opt/airflow/dags/dag_extract_dvizhenie.py
[2026-07-21T19:56:00.254+0000] {processor.py:925} INFO - DAG(s) 'dag_extract_dvizhenie' retrieved from /opt/airflow/dags/dag_extract_dvizhenie.py
[2026-07-21T19:56:00.263+0000] {logging_mixin.py:190} INFO - [2026-07-21T19:56:00.263+0000] {dag.py:3239} INFO - Sync 1 DAGs
[2026-07-21T19:56:00.270+0000] {logging_mixin.py:190} INFO - [2026-07-21T19:56:00.270+0000] {dag.py:4180} INFO - Setting next_dagrun for dag_extract_dvizhenie to 2026-07-21 18:00:00+00:00, run_after=2026-07-21 20:00:00+00:00
[2026-07-21T19:56:00.331+0000] {processor.py:208} INFO - Processing /opt/airflow/dags/dag_extract_dvizhenie.py took 0.086 seconds
[2026-07-21T19:56:30.735+0000] {processor.py:186} INFO - Started process (PID=26161) to work on /opt/airflow/dags/dag_extract_dvizhenie.py
[2026-07-21T19:56:30.735+0000] {processor.py:914} INFO - Processing file /opt/airflow/dags/dag_extract_dvizhenie.py for tasks to queue
[2026-07-21T19:56:30.736+0000] {logging_mixin.py:190} INFO - [2026-07-21T19:56:30.736+0000] {dagbag.py:588} INFO - Filling up the DagBag from /opt/airflow/dags/dag_extract_dvizhenie.py
[2026-07-21T19:56:30.742+0000] {processor.py:925} INFO - DAG(s) 'dag_extract_dvizhenie' retrieved from /opt/airflow/dags/dag_extract_dvizhenie.py
[2026-07-21T19:56:30.753+0000] {logging_mixin.py:190} INFO - [2026-07-21T19:56:30.753+0000] {dag.py:3239} INFO - Sync 1 DAGs
[2026-07-21T19:56:30.761+0000] {logging_mixin.py:190} INFO - [2026-07-21T19:56:30.761+0000] {dag.py:4180} INFO - Setting next_dagrun for dag_extract_dvizhenie to 2026-07-21 18:00:00+00:00, run_after=2026-07-21 20:00:00+00:00
[2026-07-21T19:56:30.767+0000] {processor.py:208} INFO - Processing /opt/airflow/dags/dag_extract_dvizhenie.py took 0.035 seconds
[2026-07-21T19:57:01.313+0000] {processor.py:186} INFO - Started process (PID=26183) to work on /opt/airflow/dags/dag_extract_dvizhenie.py
[2026-07-21T19:57:01.313+0000] {processor.py:914} INFO - Processing file /opt/airflow/dags/dag_extract_dvizhenie.py for tasks to queue
[2026-07-21T19:57:01.314+0000] {logging_mixin.py:190} INFO - [2026-07-21T19:57:01.314+0000] {dagbag.py:588} INFO - Filling up the DagBag from /opt/airflow/dags/dag_extract_dvizhenie.py
[2026-07-21T19:57:01.318+0000] {processor.py:925} INFO - DAG(s) 'dag_extract_dvizhenie' retrieved from /opt/airflow/dags/dag_extract_dvizhenie.py
[2026-07-21T19:57:01.328+0000] {logging_mixin.py:190} INFO - [2026-07-21T19:57:01.328+0000] {dag.py:3239} INFO - Sync 1 DAGs
[2026-07-21T19:57:01.391+0000] {logging_mixin.py:190} INFO - [2026-07-21T19:57:01.391+0000] {dag.py:4180} INFO - Setting next_dagrun for dag_extract_dvizhenie to 2026-07-21 18:00:00+00:00, run_after=2026-07-21 20:00:00+00:00
[2026-07-21T19:57:01.396+0000] {processor.py:208} INFO - Processing /opt/airflow/dags/dag_extract_dvizhenie.py took 0.086 seconds
[2026-07-21T19:57:31.791+0000] {processor.py:186} INFO - Started process (PID=26203) to work on /opt/airflow/dags/dag_extract_dvizhenie.py
[2026-07-21T19:57:31.791+0000] {processor.py:914} INFO - Processing file /opt/airflow/dags/dag_extract_dvizhenie.py for tasks to queue
[2026-07-21T19:57:31.792+0000] {logging_mixin.py:190} INFO - [2026-07-21T19:57:31.792+0000] {dagbag.py:588} INFO - Filling up the DagBag from /opt/airflow/dags/dag_extract_dvizhenie.py
[2026-07-21T19:57:31.796+0000] {processor.py:925} INFO - DAG(s) 'dag_extract_dvizhenie' retrieved from /opt/airflow/dags/dag_extract_dvizhenie.py
[2026-07-21T19:57:31.806+0000] {logging_mixin.py:190} INFO - [2026-07-21T19:57:31.806+0000] {dag.py:3239} INFO - Sync 1 DAGs
[2026-07-21T19:57:31.813+0000] {logging_mixin.py:190} INFO - [2026-07-21T19:57:31.813+0000] {dag.py:4180} INFO - Setting next_dagrun for dag_extract_dvizhenie to 2026-07-21 18:00:00+00:00, run_after=2026-07-21 20:00:00+00:00
[2026-07-21T19:57:31.873+0000] {processor.py:208} INFO - Processing /opt/airflow/dags/dag_extract_dvizhenie.py took 0.084 seconds
[2026-07-21T19:58:02.415+0000] {processor.py:186} INFO - Started process (PID=26223) to work on /opt/airflow/dags/dag_extract_dvizhenie.py
[2026-07-21T19:58:02.416+0000] {processor.py:914} INFO - Processing file /opt/airflow/dags/dag_extract_dvizhenie.py for tasks to queue
[2026-07-21T19:58:02.416+0000] {logging_mixin.py:190} INFO - [2026-07-21T19:58:02.416+0000] {dagbag.py:588} INFO - Filling up the DagBag from /opt/airflow/dags/dag_extract_dvizhenie.py
[2026-07-21T19:58:02.421+0000] {processor.py:925} INFO - DAG(s) 'dag_extract_dvizhenie' retrieved from /opt/airflow/dags/dag_extract_dvizhenie.py
[2026-07-21T19:58:02.430+0000] {logging_mixin.py:190} INFO - [2026-07-21T19:58:02.430+0000] {dag.py:3239} INFO - Sync 1 DAGs
[2026-07-21T19:58:02.438+0000] {logging_mixin.py:190} INFO - [2026-07-21T19:58:02.438+0000] {dag.py:4180} INFO - Setting next_dagrun for dag_extract_dvizhenie to 2026-07-21 18:00:00+00:00, run_after=2026-07-21 20:00:00+00:00
[2026-07-21T19:58:02.443+0000] {processor.py:208} INFO - Processing /opt/airflow/dags/dag_extract_dvizhenie.py took 0.030 seconds
[2026-07-21T19:58:32.894+0000] {processor.py:186} INFO - Started process (PID=26243) to work on /opt/airflow/dags/dag_extract_dvizhenie.py
[2026-07-21T19:58:32.894+0000] {processor.py:914} INFO - Processing file /opt/airflow/dags/dag_extract_dvizhenie.py for tasks to queue
[2026-07-21T19:58:32.895+0000] {logging_mixin.py:190} INFO - [2026-07-21T19:58:32.895+0000] {dagbag.py:588} INFO - Filling up the DagBag from /opt/airflow/dags/dag_extract_dvizhenie.py
[2026-07-21T19:58:32.900+0000] {processor.py:925} INFO - DAG(s) 'dag_extract_dvizhenie' retrieved from /opt/airflow/dags/dag_extract_dvizhenie.py
[2026-07-21T19:58:32.910+0000] {logging_mixin.py:190} INFO - [2026-07-21T19:58:32.910+0000] {dag.py:3239} INFO - Sync 1 DAGs
[2026-07-21T19:58:32.918+0000] {logging_mixin.py:190} INFO - [2026-07-21T19:58:32.918+0000] {dag.py:4180} INFO - Setting next_dagrun for dag_extract_dvizhenie to 2026-07-21 18:00:00+00:00, run_after=2026-07-21 20:00:00+00:00
[2026-07-21T19:58:32.923+0000] {processor.py:208} INFO - Processing /opt/airflow/dags/dag_extract_dvizhenie.py took 0.031 seconds
[2026-07-21T19:59:03.392+0000] {processor.py:186} INFO - Started process (PID=26263) to work on /opt/airflow/dags/dag_extract_dvizhenie.py
[2026-07-21T19:59:03.394+0000] {processor.py:914} INFO - Processing file /opt/airflow/dags/dag_extract_dvizhenie.py for tasks to queue
[2026-07-21T19:59:03.395+0000] {logging_mixin.py:190} INFO - [2026-07-21T19:59:03.395+0000] {dagbag.py:588} INFO - Filling up the DagBag from /opt/airflow/dags/dag_extract_dvizhenie.py
[2026-07-21T19:59:03.400+0000] {processor.py:925} INFO - DAG(s) 'dag_extract_dvizhenie' retrieved from /opt/airflow/dags/dag_extract_dvizhenie.py
[2026-07-21T19:59:03.415+0000] {logging_mixin.py:190} INFO - [2026-07-21T19:59:03.415+0000] {dag.py:3239} INFO - Sync 1 DAGs
[2026-07-21T19:59:03.426+0000] {logging_mixin.py:190} INFO - [2026-07-21T19:59:03.426+0000] {dag.py:4180} INFO - Setting next_dagrun for dag_extract_dvizhenie to 2026-07-21 18:00:00+00:00, run_after=2026-07-21 20:00:00+00:00
[2026-07-21T19:59:03.435+0000] {processor.py:208} INFO - Processing /opt/airflow/dags/dag_extract_dvizhenie.py took 0.046 seconds
[2026-07-21T19:59:33.884+0000] {processor.py:186} INFO - Started process (PID=26283) to work on /opt/airflow/dags/dag_extract_dvizhenie.py
[2026-07-21T19:59:33.885+0000] {processor.py:914} INFO - Processing file /opt/airflow/dags/dag_extract_dvizhenie.py for tasks to queue
[2026-07-21T19:59:33.886+0000] {logging_mixin.py:190} INFO - [2026-07-21T19:59:33.886+0000] {dagbag.py:588} INFO - Filling up the DagBag from /opt/airflow/dags/dag_extract_dvizhenie.py
[2026-07-21T19:59:33.891+0000] {processor.py:925} INFO - DAG(s) 'dag_extract_dvizhenie' retrieved from /opt/airflow/dags/dag_extract_dvizhenie.py
[2026-07-21T19:59:33.900+0000] {logging_mixin.py:190} INFO - [2026-07-21T19:59:33.900+0000] {dag.py:3239} INFO - Sync 1 DAGs
[2026-07-21T19:59:33.907+0000] {logging_mixin.py:190} INFO - [2026-07-21T19:59:33.907+0000] {dag.py:4180} INFO - Setting next_dagrun for dag_extract_dvizhenie to 2026-07-21 18:00:00+00:00, run_after=2026-07-21 20:00:00+00:00
[2026-07-21T19:59:33.912+0000] {processor.py:208} INFO - Processing /opt/airflow/dags/dag_extract_dvizhenie.py took 0.030 seconds
[2026-07-21T20:00:04.313+0000] {processor.py:186} INFO - Started process (PID=26306) to work on /opt/airflow/dags/dag_extract_dvizhenie.py
[2026-07-21T20:00:04.313+0000] {processor.py:914} INFO - Processing file /opt/airflow/dags/dag_extract_dvizhenie.py for tasks to queue
[2026-07-21T20:00:04.314+0000] {logging_mixin.py:190} INFO - [2026-07-21T20:00:04.314+0000] {dagbag.py:588} INFO - Filling up the DagBag from /opt/airflow/dags/dag_extract_dvizhenie.py
[2026-07-21T20:00:04.319+0000] {processor.py:925} INFO - DAG(s) 'dag_extract_dvizhenie' retrieved from /opt/airflow/dags/dag_extract_dvizhenie.py
[2026-07-21T20:00:04.328+0000] {logging_mixin.py:190} INFO - [2026-07-21T20:00:04.328+0000] {dag.py:3239} INFO - Sync 1 DAGs
[2026-07-21T20:00:04.340+0000] {processor.py:208} INFO - Processing /opt/airflow/dags/dag_extract_dvizhenie.py took 0.029 seconds
[2026-07-21T20:00:34.746+0000] {processor.py:186} INFO - Started process (PID=26326) to work on /opt/airflow/dags/dag_extract_dvizhenie.py
[2026-07-21T20:00:34.747+0000] {processor.py:914} INFO - Processing file /opt/airflow/dags/dag_extract_dvizhenie.py for tasks to queue
[2026-07-21T20:00:34.747+0000] {logging_mixin.py:190} INFO - [2026-07-21T20:00:34.747+0000] {dagbag.py:588} INFO - Filling up the DagBag from /opt/airflow/dags/dag_extract_dvizhenie.py
[2026-07-21T20:00:34.752+0000] {processor.py:925} INFO - DAG(s) 'dag_extract_dvizhenie' retrieved from /opt/airflow/dags/dag_extract_dvizhenie.py
[2026-07-21T20:00:34.762+0000] {logging_mixin.py:190} INFO - [2026-07-21T20:00:34.762+0000] {dag.py:3239} INFO - Sync 1 DAGs
[2026-07-21T20:00:34.773+0000] {processor.py:208} INFO - Processing /opt/airflow/dags/dag_extract_dvizhenie.py took 0.029 seconds
[2026-07-21T20:01:05.377+0000] {processor.py:186} INFO - Started process (PID=26346) to work on /opt/airflow/dags/dag_extract_dvizhenie.py
[2026-07-21T20:01:05.378+0000] {processor.py:914} INFO - Processing file /opt/airflow/dags/dag_extract_dvizhenie.py for tasks to queue
[2026-07-21T20:01:05.379+0000] {logging_mixin.py:190} INFO - [2026-07-21T20:01:05.378+0000] {dagbag.py:588} INFO - Filling up the DagBag from /opt/airflow/dags/dag_extract_dvizhenie.py
[2026-07-21T20:01:05.383+0000] {processor.py:925} INFO - DAG(s) 'dag_extract_dvizhenie' retrieved from /opt/airflow/dags/dag_extract_dvizhenie.py
[2026-07-21T20:01:05.392+0000] {logging_mixin.py:190} INFO - [2026-07-21T20:01:05.392+0000] {dag.py:3239} INFO - Sync 1 DAGs
[2026-07-21T20:01:05.404+0000] {processor.py:208} INFO - Processing /opt/airflow/dags/dag_extract_dvizhenie.py took 0.029 seconds
[2026-07-21T21:20:28.023+0000] {processor.py:186} INFO - Started process (PID=26369) to work on /opt/airflow/dags/dag_extract_dvizhenie.py
[2026-07-21T21:20:28.023+0000] {processor.py:914} INFO - Processing file /opt/airflow/dags/dag_extract_dvizhenie.py for tasks to queue
[2026-07-21T21:20:28.024+0000] {logging_mixin.py:190} INFO - [2026-07-21T21:20:28.024+0000] {dagbag.py:588} INFO - Filling up the DagBag from /opt/airflow/dags/dag_extract_dvizhenie.py
[2026-07-21T21:20:28.029+0000] {processor.py:925} INFO - DAG(s) 'dag_extract_dvizhenie' retrieved from /opt/airflow/dags/dag_extract_dvizhenie.py
[2026-07-21T21:20:28.040+0000] {logging_mixin.py:190} INFO - [2026-07-21T21:20:28.040+0000] {dag.py:3239} INFO - Sync 1 DAGs
[2026-07-21T21:20:28.056+0000] {processor.py:208} INFO - Processing /opt/airflow/dags/dag_extract_dvizhenie.py took 0.036 seconds
[2026-07-21T22:19:28.494+0000] {processor.py:186} INFO - Started process (PID=26387) to work on /opt/airflow/dags/dag_extract_dvizhenie.py
[2026-07-21T22:19:28.494+0000] {processor.py:914} INFO - Processing file /opt/airflow/dags/dag_extract_dvizhenie.py for tasks to queue
[2026-07-21T22:19:28.495+0000] {logging_mixin.py:190} INFO - [2026-07-21T22:19:28.495+0000] {dagbag.py:588} INFO - Filling up the DagBag from /opt/airflow/dags/dag_extract_dvizhenie.py
[2026-07-21T22:19:28.503+0000] {processor.py:925} INFO - DAG(s) 'dag_extract_dvizhenie' retrieved from /opt/airflow/dags/dag_extract_dvizhenie.py
[2026-07-21T22:19:28.518+0000] {logging_mixin.py:190} INFO - [2026-07-21T22:19:28.518+0000] {dag.py:3239} INFO - Sync 1 DAGs
[2026-07-21T22:19:28.536+0000] {processor.py:208} INFO - Processing /opt/airflow/dags/dag_extract_dvizhenie.py took 0.045 seconds
[2026-07-21T23:55:53.174+0000] {processor.py:186} INFO - Started process (PID=26415) to work on /opt/airflow/dags/dag_extract_dvizhenie.py
[2026-07-21T23:55:53.174+0000] {processor.py:914} INFO - Processing file /opt/airflow/dags/dag_extract_dvizhenie.py for tasks to queue
[2026-07-21T23:55:53.175+0000] {logging_mixin.py:190} INFO - [2026-07-21T23:55:53.175+0000] {dagbag.py:588} INFO - Filling up the DagBag from /opt/airflow/dags/dag_extract_dvizhenie.py
[2026-07-21T23:55:53.179+0000] {processor.py:925} INFO - DAG(s) 'dag_extract_dvizhenie' retrieved from /opt/airflow/dags/dag_extract_dvizhenie.py
[2026-07-21T23:55:53.189+0000] {logging_mixin.py:190} INFO - [2026-07-21T23:55:53.189+0000] {dag.py:3239} INFO - Sync 1 DAGs
[2026-07-21T23:55:53.200+0000] {processor.py:208} INFO - Processing /opt/airflow/dags/dag_extract_dvizhenie.py took 0.028 seconds
