[2026-07-21T00:35:32.225+0000] {processor.py:186} INFO - Started process (PID=24810) to work on /opt/airflow/dags/dag_extract_catalogs.py
[2026-07-21T00:35:32.226+0000] {processor.py:914} INFO - Processing file /opt/airflow/dags/dag_extract_catalogs.py for tasks to queue
[2026-07-21T00:35:32.228+0000] {logging_mixin.py:190} INFO - [2026-07-21T00:35:32.228+0000] {dagbag.py:588} INFO - Filling up the DagBag from /opt/airflow/dags/dag_extract_catalogs.py
[2026-07-21T00:35:32.233+0000] {processor.py:925} INFO - DAG(s) 'dag_extract_catalogs' retrieved from /opt/airflow/dags/dag_extract_catalogs.py
[2026-07-21T00:35:32.246+0000] {logging_mixin.py:190} INFO - [2026-07-21T00:35:32.246+0000] {dag.py:3239} INFO - Sync 1 DAGs
[2026-07-21T00:35:32.254+0000] {logging_mixin.py:190} INFO - [2026-07-21T00:35:32.254+0000] {dag.py:4180} INFO - Setting next_dagrun for dag_extract_catalogs to 2026-07-20 01:00:00+00:00, run_after=2026-07-21 01:00:00+00:00
[2026-07-21T00:35:32.259+0000] {processor.py:208} INFO - Processing /opt/airflow/dags/dag_extract_catalogs.py took 0.038 seconds
[2026-07-21T00:58:27.135+0000] {processor.py:186} INFO - Started process (PID=24838) to work on /opt/airflow/dags/dag_extract_catalogs.py
[2026-07-21T00:58:27.136+0000] {processor.py:914} INFO - Processing file /opt/airflow/dags/dag_extract_catalogs.py for tasks to queue
[2026-07-21T00:58:27.136+0000] {logging_mixin.py:190} INFO - [2026-07-21T00:58:27.136+0000] {dagbag.py:588} INFO - Filling up the DagBag from /opt/airflow/dags/dag_extract_catalogs.py
[2026-07-21T00:58:27.141+0000] {processor.py:925} INFO - DAG(s) 'dag_extract_catalogs' retrieved from /opt/airflow/dags/dag_extract_catalogs.py
[2026-07-21T00:58:27.151+0000] {logging_mixin.py:190} INFO - [2026-07-21T00:58:27.151+0000] {dag.py:3239} INFO - Sync 1 DAGs
[2026-07-21T00:58:27.158+0000] {logging_mixin.py:190} INFO - [2026-07-21T00:58:27.158+0000] {dag.py:4180} INFO - Setting next_dagrun for dag_extract_catalogs to 2026-07-20 01:00:00+00:00, run_after=2026-07-21 01:00:00+00:00
[2026-07-21T00:58:27.163+0000] {processor.py:208} INFO - Processing /opt/airflow/dags/dag_extract_catalogs.py took 0.030 seconds
[2026-07-21T01:32:31.710+0000] {processor.py:186} INFO - Started process (PID=24870) to work on /opt/airflow/dags/dag_extract_catalogs.py
[2026-07-21T01:32:31.710+0000] {processor.py:914} INFO - Processing file /opt/airflow/dags/dag_extract_catalogs.py for tasks to queue
[2026-07-21T01:32:31.711+0000] {logging_mixin.py:190} INFO - [2026-07-21T01:32:31.711+0000] {dagbag.py:588} INFO - Filling up the DagBag from /opt/airflow/dags/dag_extract_catalogs.py
[2026-07-21T01:32:31.720+0000] {processor.py:925} INFO - DAG(s) 'dag_extract_catalogs' retrieved from /opt/airflow/dags/dag_extract_catalogs.py
[2026-07-21T01:32:31.733+0000] {logging_mixin.py:190} INFO - [2026-07-21T01:32:31.733+0000] {dag.py:3239} INFO - Sync 1 DAGs
[2026-07-21T01:32:31.749+0000] {processor.py:208} INFO - Processing /opt/airflow/dags/dag_extract_catalogs.py took 0.042 seconds
[2026-07-21T02:07:13.115+0000] {processor.py:186} INFO - Started process (PID=24893) to work on /opt/airflow/dags/dag_extract_catalogs.py
[2026-07-21T02:07:13.115+0000] {processor.py:914} INFO - Processing file /opt/airflow/dags/dag_extract_catalogs.py for tasks to queue
[2026-07-21T02:07:13.116+0000] {logging_mixin.py:190} INFO - [2026-07-21T02:07:13.116+0000] {dagbag.py:588} INFO - Filling up the DagBag from /opt/airflow/dags/dag_extract_catalogs.py
[2026-07-21T02:07:13.121+0000] {processor.py:925} INFO - DAG(s) 'dag_extract_catalogs' retrieved from /opt/airflow/dags/dag_extract_catalogs.py
[2026-07-21T02:07:13.131+0000] {logging_mixin.py:190} INFO - [2026-07-21T02:07:13.130+0000] {dag.py:3239} INFO - Sync 1 DAGs
[2026-07-21T02:07:13.142+0000] {processor.py:208} INFO - Processing /opt/airflow/dags/dag_extract_catalogs.py took 0.029 seconds
[2026-07-21T02:43:17.550+0000] {processor.py:186} INFO - Started process (PID=24943) to work on /opt/airflow/dags/dag_extract_catalogs.py
[2026-07-21T02:43:17.551+0000] {processor.py:914} INFO - Processing file /opt/airflow/dags/dag_extract_catalogs.py for tasks to queue
[2026-07-21T02:43:17.553+0000] {logging_mixin.py:190} INFO - [2026-07-21T02:43:17.552+0000] {dagbag.py:588} INFO - Filling up the DagBag from /opt/airflow/dags/dag_extract_catalogs.py
[2026-07-21T02:43:17.560+0000] {processor.py:925} INFO - DAG(s) 'dag_extract_catalogs' retrieved from /opt/airflow/dags/dag_extract_catalogs.py
[2026-07-21T02:43:17.575+0000] {logging_mixin.py:190} INFO - [2026-07-21T02:43:17.575+0000] {dag.py:3239} INFO - Sync 1 DAGs
[2026-07-21T02:43:17.599+0000] {processor.py:208} INFO - Processing /opt/airflow/dags/dag_extract_catalogs.py took 0.053 seconds
[2026-07-21T03:16:16.863+0000] {processor.py:186} INFO - Started process (PID=24967) to work on /opt/airflow/dags/dag_extract_catalogs.py
[2026-07-21T03:16:16.863+0000] {processor.py:914} INFO - Processing file /opt/airflow/dags/dag_extract_catalogs.py for tasks to queue
[2026-07-21T03:16:16.864+0000] {logging_mixin.py:190} INFO - [2026-07-21T03:16:16.864+0000] {dagbag.py:588} INFO - Filling up the DagBag from /opt/airflow/dags/dag_extract_catalogs.py
[2026-07-21T03:16:16.869+0000] {processor.py:925} INFO - DAG(s) 'dag_extract_catalogs' retrieved from /opt/airflow/dags/dag_extract_catalogs.py
[2026-07-21T03:16:16.879+0000] {logging_mixin.py:190} INFO - [2026-07-21T03:16:16.879+0000] {dag.py:3239} INFO - Sync 1 DAGs
[2026-07-21T03:16:16.887+0000] {logging_mixin.py:190} INFO - [2026-07-21T03:16:16.886+0000] {dag.py:4180} INFO - Setting next_dagrun for dag_extract_catalogs to 2026-07-21 01:00:00+00:00, run_after=2026-07-22 01:00:00+00:00
[2026-07-21T03:16:16.892+0000] {processor.py:208} INFO - Processing /opt/airflow/dags/dag_extract_catalogs.py took 0.031 seconds
[2026-07-21T03:16:47.467+0000] {processor.py:186} INFO - Started process (PID=24987) to work on /opt/airflow/dags/dag_extract_catalogs.py
[2026-07-21T03:16:47.468+0000] {processor.py:914} INFO - Processing file /opt/airflow/dags/dag_extract_catalogs.py for tasks to queue
[2026-07-21T03:16:47.469+0000] {logging_mixin.py:190} INFO - [2026-07-21T03:16:47.469+0000] {dagbag.py:588} INFO - Filling up the DagBag from /opt/airflow/dags/dag_extract_catalogs.py
[2026-07-21T03:16:47.477+0000] {processor.py:925} INFO - DAG(s) 'dag_extract_catalogs' retrieved from /opt/airflow/dags/dag_extract_catalogs.py
[2026-07-21T03:16:47.491+0000] {logging_mixin.py:190} INFO - [2026-07-21T03:16:47.491+0000] {dag.py:3239} INFO - Sync 1 DAGs
[2026-07-21T03:16:47.502+0000] {logging_mixin.py:190} INFO - [2026-07-21T03:16:47.502+0000] {dag.py:4180} INFO - Setting next_dagrun for dag_extract_catalogs to 2026-07-21 01:00:00+00:00, run_after=2026-07-22 01:00:00+00:00
[2026-07-21T03:16:47.507+0000] {processor.py:208} INFO - Processing /opt/airflow/dags/dag_extract_catalogs.py took 0.043 seconds
[2026-07-21T04:15:04.135+0000] {processor.py:186} INFO - Started process (PID=25011) to work on /opt/airflow/dags/dag_extract_catalogs.py
[2026-07-21T04:15:04.136+0000] {processor.py:914} INFO - Processing file /opt/airflow/dags/dag_extract_catalogs.py for tasks to queue
[2026-07-21T04:15:04.139+0000] {logging_mixin.py:190} INFO - [2026-07-21T04:15:04.139+0000] {dagbag.py:588} INFO - Filling up the DagBag from /opt/airflow/dags/dag_extract_catalogs.py
[2026-07-21T04:15:04.152+0000] {processor.py:925} INFO - DAG(s) 'dag_extract_catalogs' retrieved from /opt/airflow/dags/dag_extract_catalogs.py
[2026-07-21T04:15:04.170+0000] {logging_mixin.py:190} INFO - [2026-07-21T04:15:04.169+0000] {dag.py:3239} INFO - Sync 1 DAGs
[2026-07-21T04:15:04.186+0000] {logging_mixin.py:190} INFO - [2026-07-21T04:15:04.186+0000] {dag.py:4180} INFO - Setting next_dagrun for dag_extract_catalogs to 2026-07-21 01:00:00+00:00, run_after=2026-07-22 01:00:00+00:00
[2026-07-21T04:15:04.198+0000] {processor.py:208} INFO - Processing /opt/airflow/dags/dag_extract_catalogs.py took 0.067 seconds
[2026-07-21T05:31:35.102+0000] {processor.py:186} INFO - Started process (PID=25051) to work on /opt/airflow/dags/dag_extract_catalogs.py
[2026-07-21T05:31:35.102+0000] {processor.py:914} INFO - Processing file /opt/airflow/dags/dag_extract_catalogs.py for tasks to queue
[2026-07-21T05:31:35.104+0000] {logging_mixin.py:190} INFO - [2026-07-21T05:31:35.104+0000] {dagbag.py:588} INFO - Filling up the DagBag from /opt/airflow/dags/dag_extract_catalogs.py
[2026-07-21T05:31:35.112+0000] {processor.py:925} INFO - DAG(s) 'dag_extract_catalogs' retrieved from /opt/airflow/dags/dag_extract_catalogs.py
[2026-07-21T05:31:35.128+0000] {logging_mixin.py:190} INFO - [2026-07-21T05:31:35.127+0000] {dag.py:3239} INFO - Sync 1 DAGs
[2026-07-21T05:31:35.140+0000] {logging_mixin.py:190} INFO - [2026-07-21T05:31:35.140+0000] {dag.py:4180} INFO - Setting next_dagrun for dag_extract_catalogs to 2026-07-21 01:00:00+00:00, run_after=2026-07-22 01:00:00+00:00
[2026-07-21T05:31:35.150+0000] {processor.py:208} INFO - Processing /opt/airflow/dags/dag_extract_catalogs.py took 0.052 seconds
[2026-07-21T06:47:18.802+0000] {processor.py:186} INFO - Started process (PID=25083) to work on /opt/airflow/dags/dag_extract_catalogs.py
[2026-07-21T06:47:18.804+0000] {processor.py:914} INFO - Processing file /opt/airflow/dags/dag_extract_catalogs.py for tasks to queue
[2026-07-21T06:47:18.805+0000] {logging_mixin.py:190} INFO - [2026-07-21T06:47:18.804+0000] {dagbag.py:588} INFO - Filling up the DagBag from /opt/airflow/dags/dag_extract_catalogs.py
[2026-07-21T06:47:18.811+0000] {processor.py:925} INFO - DAG(s) 'dag_extract_catalogs' retrieved from /opt/airflow/dags/dag_extract_catalogs.py
[2026-07-21T06:47:18.821+0000] {logging_mixin.py:190} INFO - [2026-07-21T06:47:18.821+0000] {dag.py:3239} INFO - Sync 1 DAGs
[2026-07-21T06:47:18.829+0000] {logging_mixin.py:190} INFO - [2026-07-21T06:47:18.829+0000] {dag.py:4180} INFO - Setting next_dagrun for dag_extract_catalogs to 2026-07-21 01:00:00+00:00, run_after=2026-07-22 01:00:00+00:00
[2026-07-21T06:47:18.835+0000] {processor.py:208} INFO - Processing /opt/airflow/dags/dag_extract_catalogs.py took 0.036 seconds
[2026-07-21T07:48:22.111+0000] {processor.py:186} INFO - Started process (PID=25108) to work on /opt/airflow/dags/dag_extract_catalogs.py
[2026-07-21T07:48:22.112+0000] {processor.py:914} INFO - Processing file /opt/airflow/dags/dag_extract_catalogs.py for tasks to queue
[2026-07-21T07:48:22.112+0000] {logging_mixin.py:190} INFO - [2026-07-21T07:48:22.112+0000] {dagbag.py:588} INFO - Filling up the DagBag from /opt/airflow/dags/dag_extract_catalogs.py
[2026-07-21T07:48:22.117+0000] {processor.py:925} INFO - DAG(s) 'dag_extract_catalogs' retrieved from /opt/airflow/dags/dag_extract_catalogs.py
[2026-07-21T07:48:22.127+0000] {logging_mixin.py:190} INFO - [2026-07-21T07:48:22.127+0000] {dag.py:3239} INFO - Sync 1 DAGs
[2026-07-21T07:48:22.134+0000] {logging_mixin.py:190} INFO - [2026-07-21T07:48:22.134+0000] {dag.py:4180} INFO - Setting next_dagrun for dag_extract_catalogs to 2026-07-21 01:00:00+00:00, run_after=2026-07-22 01:00:00+00:00
[2026-07-21T07:48:22.138+0000] {processor.py:208} INFO - Processing /opt/airflow/dags/dag_extract_catalogs.py took 0.030 seconds
[2026-07-21T08:05:50.057+0000] {processor.py:186} INFO - Started process (PID=25132) to work on /opt/airflow/dags/dag_extract_catalogs.py
[2026-07-21T08:05:50.058+0000] {processor.py:914} INFO - Processing file /opt/airflow/dags/dag_extract_catalogs.py for tasks to queue
[2026-07-21T08:05:50.059+0000] {logging_mixin.py:190} INFO - [2026-07-21T08:05:50.059+0000] {dagbag.py:588} INFO - Filling up the DagBag from /opt/airflow/dags/dag_extract_catalogs.py
[2026-07-21T08:05:50.066+0000] {processor.py:925} INFO - DAG(s) 'dag_extract_catalogs' retrieved from /opt/airflow/dags/dag_extract_catalogs.py
[2026-07-21T08:05:50.080+0000] {logging_mixin.py:190} INFO - [2026-07-21T08:05:50.080+0000] {dag.py:3239} INFO - Sync 1 DAGs
[2026-07-21T08:05:50.089+0000] {logging_mixin.py:190} INFO - [2026-07-21T08:05:50.089+0000] {dag.py:4180} INFO - Setting next_dagrun for dag_extract_catalogs to 2026-07-21 01:00:00+00:00, run_after=2026-07-22 01:00:00+00:00
[2026-07-21T08:05:50.094+0000] {processor.py:208} INFO - Processing /opt/airflow/dags/dag_extract_catalogs.py took 0.039 seconds
[2026-07-21T09:24:02.102+0000] {processor.py:186} INFO - Started process (PID=25160) to work on /opt/airflow/dags/dag_extract_catalogs.py
[2026-07-21T09:24:02.103+0000] {processor.py:914} INFO - Processing file /opt/airflow/dags/dag_extract_catalogs.py for tasks to queue
[2026-07-21T09:24:02.104+0000] {logging_mixin.py:190} INFO - [2026-07-21T09:24:02.104+0000] {dagbag.py:588} INFO - Filling up the DagBag from /opt/airflow/dags/dag_extract_catalogs.py
[2026-07-21T09:24:02.110+0000] {processor.py:925} INFO - DAG(s) 'dag_extract_catalogs' retrieved from /opt/airflow/dags/dag_extract_catalogs.py
[2026-07-21T09:24:02.120+0000] {logging_mixin.py:190} INFO - [2026-07-21T09:24:02.119+0000] {dag.py:3239} INFO - Sync 1 DAGs
[2026-07-21T09:24:02.127+0000] {logging_mixin.py:190} INFO - [2026-07-21T09:24:02.127+0000] {dag.py:4180} INFO - Setting next_dagrun for dag_extract_catalogs to 2026-07-21 01:00:00+00:00, run_after=2026-07-22 01:00:00+00:00
[2026-07-21T09:24:02.132+0000] {processor.py:208} INFO - Processing /opt/airflow/dags/dag_extract_catalogs.py took 0.032 seconds
[2026-07-21T09:50:27.271+0000] {processor.py:186} INFO - Started process (PID=25183) to work on /opt/airflow/dags/dag_extract_catalogs.py
[2026-07-21T09:50:27.272+0000] {processor.py:914} INFO - Processing file /opt/airflow/dags/dag_extract_catalogs.py for tasks to queue
[2026-07-21T09:50:27.272+0000] {logging_mixin.py:190} INFO - [2026-07-21T09:50:27.272+0000] {dagbag.py:588} INFO - Filling up the DagBag from /opt/airflow/dags/dag_extract_catalogs.py
[2026-07-21T09:50:27.277+0000] {processor.py:925} INFO - DAG(s) 'dag_extract_catalogs' retrieved from /opt/airflow/dags/dag_extract_catalogs.py
[2026-07-21T09:50:27.287+0000] {logging_mixin.py:190} INFO - [2026-07-21T09:50:27.287+0000] {dag.py:3239} INFO - Sync 1 DAGs
[2026-07-21T09:50:27.294+0000] {logging_mixin.py:190} INFO - [2026-07-21T09:50:27.294+0000] {dag.py:4180} INFO - Setting next_dagrun for dag_extract_catalogs to 2026-07-21 01:00:00+00:00, run_after=2026-07-22 01:00:00+00:00
[2026-07-21T09:50:27.299+0000] {processor.py:208} INFO - Processing /opt/airflow/dags/dag_extract_catalogs.py took 0.030 seconds
[2026-07-21T10:51:34.405+0000] {processor.py:186} INFO - Started process (PID=25203) to work on /opt/airflow/dags/dag_extract_catalogs.py
[2026-07-21T10:51:34.405+0000] {processor.py:914} INFO - Processing file /opt/airflow/dags/dag_extract_catalogs.py for tasks to queue
[2026-07-21T10:51:34.406+0000] {logging_mixin.py:190} INFO - [2026-07-21T10:51:34.406+0000] {dagbag.py:588} INFO - Filling up the DagBag from /opt/airflow/dags/dag_extract_catalogs.py
[2026-07-21T10:51:34.411+0000] {processor.py:925} INFO - DAG(s) 'dag_extract_catalogs' retrieved from /opt/airflow/dags/dag_extract_catalogs.py
[2026-07-21T10:51:34.423+0000] {logging_mixin.py:190} INFO - [2026-07-21T10:51:34.423+0000] {dag.py:3239} INFO - Sync 1 DAGs
[2026-07-21T10:51:34.433+0000] {logging_mixin.py:190} INFO - [2026-07-21T10:51:34.433+0000] {dag.py:4180} INFO - Setting next_dagrun for dag_extract_catalogs to 2026-07-21 01:00:00+00:00, run_after=2026-07-22 01:00:00+00:00
[2026-07-21T10:51:34.441+0000] {processor.py:208} INFO - Processing /opt/airflow/dags/dag_extract_catalogs.py took 0.038 seconds
[2026-07-21T11:52:30.622+0000] {processor.py:186} INFO - Started process (PID=25229) to work on /opt/airflow/dags/dag_extract_catalogs.py
[2026-07-21T11:52:30.622+0000] {processor.py:914} INFO - Processing file /opt/airflow/dags/dag_extract_catalogs.py for tasks to queue
[2026-07-21T11:52:30.623+0000] {logging_mixin.py:190} INFO - [2026-07-21T11:52:30.623+0000] {dagbag.py:588} INFO - Filling up the DagBag from /opt/airflow/dags/dag_extract_catalogs.py
[2026-07-21T11:52:30.630+0000] {processor.py:925} INFO - DAG(s) 'dag_extract_catalogs' retrieved from /opt/airflow/dags/dag_extract_catalogs.py
[2026-07-21T11:52:30.643+0000] {logging_mixin.py:190} INFO - [2026-07-21T11:52:30.643+0000] {dag.py:3239} INFO - Sync 1 DAGs
[2026-07-21T11:52:30.653+0000] {logging_mixin.py:190} INFO - [2026-07-21T11:52:30.653+0000] {dag.py:4180} INFO - Setting next_dagrun for dag_extract_catalogs to 2026-07-21 01:00:00+00:00, run_after=2026-07-22 01:00:00+00:00
[2026-07-21T11:52:30.663+0000] {processor.py:208} INFO - Processing /opt/airflow/dags/dag_extract_catalogs.py took 0.044 seconds
[2026-07-21T12:25:32.463+0000] {processor.py:186} INFO - Started process (PID=25249) to work on /opt/airflow/dags/dag_extract_catalogs.py
[2026-07-21T12:25:32.464+0000] {processor.py:914} INFO - Processing file /opt/airflow/dags/dag_extract_catalogs.py for tasks to queue
[2026-07-21T12:25:32.464+0000] {logging_mixin.py:190} INFO - [2026-07-21T12:25:32.464+0000] {dagbag.py:588} INFO - Filling up the DagBag from /opt/airflow/dags/dag_extract_catalogs.py
[2026-07-21T12:25:32.469+0000] {processor.py:925} INFO - DAG(s) 'dag_extract_catalogs' retrieved from /opt/airflow/dags/dag_extract_catalogs.py
[2026-07-21T12:25:32.479+0000] {logging_mixin.py:190} INFO - [2026-07-21T12:25:32.479+0000] {dag.py:3239} INFO - Sync 1 DAGs
[2026-07-21T12:25:32.486+0000] {logging_mixin.py:190} INFO - [2026-07-21T12:25:32.486+0000] {dag.py:4180} INFO - Setting next_dagrun for dag_extract_catalogs to 2026-07-21 01:00:00+00:00, run_after=2026-07-22 01:00:00+00:00
[2026-07-21T12:25:32.491+0000] {processor.py:208} INFO - Processing /opt/airflow/dags/dag_extract_catalogs.py took 0.030 seconds
[2026-07-21T13:11:08.052+0000] {processor.py:186} INFO - Started process (PID=25278) to work on /opt/airflow/dags/dag_extract_catalogs.py
[2026-07-21T13:11:08.053+0000] {processor.py:914} INFO - Processing file /opt/airflow/dags/dag_extract_catalogs.py for tasks to queue
[2026-07-21T13:11:08.054+0000] {logging_mixin.py:190} INFO - [2026-07-21T13:11:08.054+0000] {dagbag.py:588} INFO - Filling up the DagBag from /opt/airflow/dags/dag_extract_catalogs.py
[2026-07-21T13:11:08.059+0000] {processor.py:925} INFO - DAG(s) 'dag_extract_catalogs' retrieved from /opt/airflow/dags/dag_extract_catalogs.py
[2026-07-21T13:11:08.069+0000] {logging_mixin.py:190} INFO - [2026-07-21T13:11:08.069+0000] {dag.py:3239} INFO - Sync 1 DAGs
[2026-07-21T13:11:08.076+0000] {logging_mixin.py:190} INFO - [2026-07-21T13:11:08.076+0000] {dag.py:4180} INFO - Setting next_dagrun for dag_extract_catalogs to 2026-07-21 01:00:00+00:00, run_after=2026-07-22 01:00:00+00:00
[2026-07-21T13:11:08.081+0000] {processor.py:208} INFO - Processing /opt/airflow/dags/dag_extract_catalogs.py took 0.032 seconds
[2026-07-21T13:54:37.004+0000] {processor.py:186} INFO - Started process (PID=25301) to work on /opt/airflow/dags/dag_extract_catalogs.py
[2026-07-21T13:54:37.005+0000] {processor.py:914} INFO - Processing file /opt/airflow/dags/dag_extract_catalogs.py for tasks to queue
[2026-07-21T13:54:37.006+0000] {logging_mixin.py:190} INFO - [2026-07-21T13:54:37.006+0000] {dagbag.py:588} INFO - Filling up the DagBag from /opt/airflow/dags/dag_extract_catalogs.py
[2026-07-21T13:54:37.013+0000] {processor.py:925} INFO - DAG(s) 'dag_extract_catalogs' retrieved from /opt/airflow/dags/dag_extract_catalogs.py
[2026-07-21T13:54:37.025+0000] {logging_mixin.py:190} INFO - [2026-07-21T13:54:37.025+0000] {dag.py:3239} INFO - Sync 1 DAGs
[2026-07-21T13:54:37.032+0000] {logging_mixin.py:190} INFO - [2026-07-21T13:54:37.032+0000] {dag.py:4180} INFO - Setting next_dagrun for dag_extract_catalogs to 2026-07-21 01:00:00+00:00, run_after=2026-07-22 01:00:00+00:00
[2026-07-21T13:54:37.038+0000] {processor.py:208} INFO - Processing /opt/airflow/dags/dag_extract_catalogs.py took 0.037 seconds
[2026-07-21T15:12:24.451+0000] {processor.py:186} INFO - Started process (PID=25324) to work on /opt/airflow/dags/dag_extract_catalogs.py
[2026-07-21T15:12:24.456+0000] {processor.py:914} INFO - Processing file /opt/airflow/dags/dag_extract_catalogs.py for tasks to queue
[2026-07-21T15:12:24.457+0000] {logging_mixin.py:190} INFO - [2026-07-21T15:12:24.457+0000] {dagbag.py:588} INFO - Filling up the DagBag from /opt/airflow/dags/dag_extract_catalogs.py
[2026-07-21T15:12:24.462+0000] {processor.py:925} INFO - DAG(s) 'dag_extract_catalogs' retrieved from /opt/airflow/dags/dag_extract_catalogs.py
[2026-07-21T15:12:24.471+0000] {logging_mixin.py:190} INFO - [2026-07-21T15:12:24.471+0000] {dag.py:3239} INFO - Sync 1 DAGs
[2026-07-21T15:12:24.479+0000] {logging_mixin.py:190} INFO - [2026-07-21T15:12:24.479+0000] {dag.py:4180} INFO - Setting next_dagrun for dag_extract_catalogs to 2026-07-21 01:00:00+00:00, run_after=2026-07-22 01:00:00+00:00
[2026-07-21T15:12:24.483+0000] {processor.py:208} INFO - Processing /opt/airflow/dags/dag_extract_catalogs.py took 0.035 seconds
[2026-07-21T15:56:43.174+0000] {processor.py:186} INFO - Started process (PID=25342) to work on /opt/airflow/dags/dag_extract_catalogs.py
[2026-07-21T15:56:43.175+0000] {processor.py:914} INFO - Processing file /opt/airflow/dags/dag_extract_catalogs.py for tasks to queue
[2026-07-21T15:56:43.176+0000] {logging_mixin.py:190} INFO - [2026-07-21T15:56:43.176+0000] {dagbag.py:588} INFO - Filling up the DagBag from /opt/airflow/dags/dag_extract_catalogs.py
[2026-07-21T15:56:43.181+0000] {processor.py:925} INFO - DAG(s) 'dag_extract_catalogs' retrieved from /opt/airflow/dags/dag_extract_catalogs.py
[2026-07-21T15:56:43.191+0000] {logging_mixin.py:190} INFO - [2026-07-21T15:56:43.191+0000] {dag.py:3239} INFO - Sync 1 DAGs
[2026-07-21T15:56:43.200+0000] {logging_mixin.py:190} INFO - [2026-07-21T15:56:43.200+0000] {dag.py:4180} INFO - Setting next_dagrun for dag_extract_catalogs to 2026-07-21 01:00:00+00:00, run_after=2026-07-22 01:00:00+00:00
[2026-07-21T15:56:43.206+0000] {processor.py:208} INFO - Processing /opt/airflow/dags/dag_extract_catalogs.py took 0.034 seconds
[2026-07-21T16:57:33.794+0000] {processor.py:186} INFO - Started process (PID=25368) to work on /opt/airflow/dags/dag_extract_catalogs.py
[2026-07-21T16:57:33.794+0000] {processor.py:914} INFO - Processing file /opt/airflow/dags/dag_extract_catalogs.py for tasks to queue
[2026-07-21T16:57:33.796+0000] {logging_mixin.py:190} INFO - [2026-07-21T16:57:33.796+0000] {dagbag.py:588} INFO - Filling up the DagBag from /opt/airflow/dags/dag_extract_catalogs.py
[2026-07-21T16:57:33.802+0000] {processor.py:925} INFO - DAG(s) 'dag_extract_catalogs' retrieved from /opt/airflow/dags/dag_extract_catalogs.py
[2026-07-21T16:57:33.815+0000] {logging_mixin.py:190} INFO - [2026-07-21T16:57:33.814+0000] {dag.py:3239} INFO - Sync 1 DAGs
[2026-07-21T16:57:33.824+0000] {logging_mixin.py:190} INFO - [2026-07-21T16:57:33.824+0000] {dag.py:4180} INFO - Setting next_dagrun for dag_extract_catalogs to 2026-07-21 01:00:00+00:00, run_after=2026-07-22 01:00:00+00:00
[2026-07-21T16:57:33.834+0000] {processor.py:208} INFO - Processing /opt/airflow/dags/dag_extract_catalogs.py took 0.043 seconds
[2026-07-21T18:14:29.671+0000] {processor.py:186} INFO - Started process (PID=25392) to work on /opt/airflow/dags/dag_extract_catalogs.py
[2026-07-21T18:14:29.672+0000] {processor.py:914} INFO - Processing file /opt/airflow/dags/dag_extract_catalogs.py for tasks to queue
[2026-07-21T18:14:29.674+0000] {logging_mixin.py:190} INFO - [2026-07-21T18:14:29.674+0000] {dagbag.py:588} INFO - Filling up the DagBag from /opt/airflow/dags/dag_extract_catalogs.py
[2026-07-21T18:14:29.680+0000] {processor.py:925} INFO - DAG(s) 'dag_extract_catalogs' retrieved from /opt/airflow/dags/dag_extract_catalogs.py
[2026-07-21T18:14:29.696+0000] {logging_mixin.py:190} INFO - [2026-07-21T18:14:29.696+0000] {dag.py:3239} INFO - Sync 1 DAGs
[2026-07-21T18:14:29.706+0000] {logging_mixin.py:190} INFO - [2026-07-21T18:14:29.706+0000] {dag.py:4180} INFO - Setting next_dagrun for dag_extract_catalogs to 2026-07-21 01:00:00+00:00, run_after=2026-07-22 01:00:00+00:00
[2026-07-21T18:14:29.712+0000] {processor.py:208} INFO - Processing /opt/airflow/dags/dag_extract_catalogs.py took 0.043 seconds
[2026-07-21T18:47:15.619+0000] {processor.py:186} INFO - Started process (PID=25419) to work on /opt/airflow/dags/dag_extract_catalogs.py
[2026-07-21T18:47:15.619+0000] {processor.py:914} INFO - Processing file /opt/airflow/dags/dag_extract_catalogs.py for tasks to queue
[2026-07-21T18:47:15.620+0000] {logging_mixin.py:190} INFO - [2026-07-21T18:47:15.620+0000] {dagbag.py:588} INFO - Filling up the DagBag from /opt/airflow/dags/dag_extract_catalogs.py
[2026-07-21T18:47:15.625+0000] {processor.py:925} INFO - DAG(s) 'dag_extract_catalogs' retrieved from /opt/airflow/dags/dag_extract_catalogs.py
[2026-07-21T18:47:15.636+0000] {logging_mixin.py:190} INFO - [2026-07-21T18:47:15.636+0000] {dag.py:3239} INFO - Sync 1 DAGs
[2026-07-21T18:47:15.644+0000] {logging_mixin.py:190} INFO - [2026-07-21T18:47:15.644+0000] {dag.py:4180} INFO - Setting next_dagrun for dag_extract_catalogs to 2026-07-21 01:00:00+00:00, run_after=2026-07-22 01:00:00+00:00
[2026-07-21T18:47:15.649+0000] {processor.py:208} INFO - Processing /opt/airflow/dags/dag_extract_catalogs.py took 0.033 seconds
[2026-07-21T19:32:50.709+0000] {processor.py:186} INFO - Started process (PID=25445) to work on /opt/airflow/dags/dag_extract_catalogs.py
[2026-07-21T19:32:50.709+0000] {processor.py:914} INFO - Processing file /opt/airflow/dags/dag_extract_catalogs.py for tasks to queue
[2026-07-21T19:32:50.710+0000] {logging_mixin.py:190} INFO - [2026-07-21T19:32:50.710+0000] {dagbag.py:588} INFO - Filling up the DagBag from /opt/airflow/dags/dag_extract_catalogs.py
[2026-07-21T19:32:50.715+0000] {processor.py:925} INFO - DAG(s) 'dag_extract_catalogs' retrieved from /opt/airflow/dags/dag_extract_catalogs.py
[2026-07-21T19:32:50.725+0000] {logging_mixin.py:190} INFO - [2026-07-21T19:32:50.725+0000] {dag.py:3239} INFO - Sync 1 DAGs
[2026-07-21T19:32:50.733+0000] {logging_mixin.py:190} INFO - [2026-07-21T19:32:50.733+0000] {dag.py:4180} INFO - Setting next_dagrun for dag_extract_catalogs to 2026-07-21 01:00:00+00:00, run_after=2026-07-22 01:00:00+00:00
[2026-07-21T19:32:50.738+0000] {processor.py:208} INFO - Processing /opt/airflow/dags/dag_extract_catalogs.py took 0.032 seconds
[2026-07-21T19:38:43.870+0000] {processor.py:186} INFO - Started process (PID=25465) to work on /opt/airflow/dags/dag_extract_catalogs.py
[2026-07-21T19:38:43.871+0000] {processor.py:914} INFO - Processing file /opt/airflow/dags/dag_extract_catalogs.py for tasks to queue
[2026-07-21T19:38:43.872+0000] {logging_mixin.py:190} INFO - [2026-07-21T19:38:43.872+0000] {dagbag.py:588} INFO - Filling up the DagBag from /opt/airflow/dags/dag_extract_catalogs.py
[2026-07-21T19:38:43.878+0000] {processor.py:925} INFO - DAG(s) 'dag_extract_catalogs' retrieved from /opt/airflow/dags/dag_extract_catalogs.py
[2026-07-21T19:38:43.889+0000] {logging_mixin.py:190} INFO - [2026-07-21T19:38:43.889+0000] {dag.py:3239} INFO - Sync 1 DAGs
[2026-07-21T19:38:43.896+0000] {logging_mixin.py:190} INFO - [2026-07-21T19:38:43.896+0000] {dag.py:4180} INFO - Setting next_dagrun for dag_extract_catalogs to 2026-07-21 01:00:00+00:00, run_after=2026-07-22 01:00:00+00:00
[2026-07-21T19:38:43.901+0000] {processor.py:208} INFO - Processing /opt/airflow/dags/dag_extract_catalogs.py took 0.038 seconds
[2026-07-21T19:39:14.392+0000] {processor.py:186} INFO - Started process (PID=25485) to work on /opt/airflow/dags/dag_extract_catalogs.py
[2026-07-21T19:39:14.393+0000] {processor.py:914} INFO - Processing file /opt/airflow/dags/dag_extract_catalogs.py for tasks to queue
[2026-07-21T19:39:14.393+0000] {logging_mixin.py:190} INFO - [2026-07-21T19:39:14.393+0000] {dagbag.py:588} INFO - Filling up the DagBag from /opt/airflow/dags/dag_extract_catalogs.py
[2026-07-21T19:39:14.398+0000] {processor.py:925} INFO - DAG(s) 'dag_extract_catalogs' retrieved from /opt/airflow/dags/dag_extract_catalogs.py
[2026-07-21T19:39:14.408+0000] {logging_mixin.py:190} INFO - [2026-07-21T19:39:14.408+0000] {dag.py:3239} INFO - Sync 1 DAGs
[2026-07-21T19:39:14.416+0000] {logging_mixin.py:190} INFO - [2026-07-21T19:39:14.416+0000] {dag.py:4180} INFO - Setting next_dagrun for dag_extract_catalogs to 2026-07-21 01:00:00+00:00, run_after=2026-07-22 01:00:00+00:00
[2026-07-21T19:39:14.420+0000] {processor.py:208} INFO - Processing /opt/airflow/dags/dag_extract_catalogs.py took 0.031 seconds
[2026-07-21T19:39:44.836+0000] {processor.py:186} INFO - Started process (PID=25505) to work on /opt/airflow/dags/dag_extract_catalogs.py
[2026-07-21T19:39:44.837+0000] {processor.py:914} INFO - Processing file /opt/airflow/dags/dag_extract_catalogs.py for tasks to queue
[2026-07-21T19:39:44.838+0000] {logging_mixin.py:190} INFO - [2026-07-21T19:39:44.838+0000] {dagbag.py:588} INFO - Filling up the DagBag from /opt/airflow/dags/dag_extract_catalogs.py
[2026-07-21T19:39:44.843+0000] {processor.py:925} INFO - DAG(s) 'dag_extract_catalogs' retrieved from /opt/airflow/dags/dag_extract_catalogs.py
[2026-07-21T19:39:44.854+0000] {logging_mixin.py:190} INFO - [2026-07-21T19:39:44.854+0000] {dag.py:3239} INFO - Sync 1 DAGs
[2026-07-21T19:39:44.864+0000] {logging_mixin.py:190} INFO - [2026-07-21T19:39:44.864+0000] {dag.py:4180} INFO - Setting next_dagrun for dag_extract_catalogs to 2026-07-21 01:00:00+00:00, run_after=2026-07-22 01:00:00+00:00
[2026-07-21T19:39:44.870+0000] {processor.py:208} INFO - Processing /opt/airflow/dags/dag_extract_catalogs.py took 0.036 seconds
[2026-07-21T19:40:15.299+0000] {processor.py:186} INFO - Started process (PID=25525) to work on /opt/airflow/dags/dag_extract_catalogs.py
[2026-07-21T19:40:15.300+0000] {processor.py:914} INFO - Processing file /opt/airflow/dags/dag_extract_catalogs.py for tasks to queue
[2026-07-21T19:40:15.301+0000] {logging_mixin.py:190} INFO - [2026-07-21T19:40:15.301+0000] {dagbag.py:588} INFO - Filling up the DagBag from /opt/airflow/dags/dag_extract_catalogs.py
[2026-07-21T19:40:15.306+0000] {processor.py:925} INFO - DAG(s) 'dag_extract_catalogs' retrieved from /opt/airflow/dags/dag_extract_catalogs.py
[2026-07-21T19:40:15.316+0000] {logging_mixin.py:190} INFO - [2026-07-21T19:40:15.316+0000] {dag.py:3239} INFO - Sync 1 DAGs
[2026-07-21T19:40:15.323+0000] {logging_mixin.py:190} INFO - [2026-07-21T19:40:15.323+0000] {dag.py:4180} INFO - Setting next_dagrun for dag_extract_catalogs to 2026-07-21 01:00:00+00:00, run_after=2026-07-22 01:00:00+00:00
[2026-07-21T19:40:15.328+0000] {processor.py:208} INFO - Processing /opt/airflow/dags/dag_extract_catalogs.py took 0.031 seconds
[2026-07-21T19:40:45.761+0000] {processor.py:186} INFO - Started process (PID=25545) to work on /opt/airflow/dags/dag_extract_catalogs.py
[2026-07-21T19:40:45.761+0000] {processor.py:914} INFO - Processing file /opt/airflow/dags/dag_extract_catalogs.py for tasks to queue
[2026-07-21T19:40:45.762+0000] {logging_mixin.py:190} INFO - [2026-07-21T19:40:45.762+0000] {dagbag.py:588} INFO - Filling up the DagBag from /opt/airflow/dags/dag_extract_catalogs.py
[2026-07-21T19:40:45.767+0000] {processor.py:925} INFO - DAG(s) 'dag_extract_catalogs' retrieved from /opt/airflow/dags/dag_extract_catalogs.py
[2026-07-21T19:40:45.776+0000] {logging_mixin.py:190} INFO - [2026-07-21T19:40:45.776+0000] {dag.py:3239} INFO - Sync 1 DAGs
[2026-07-21T19:40:45.783+0000] {logging_mixin.py:190} INFO - [2026-07-21T19:40:45.783+0000] {dag.py:4180} INFO - Setting next_dagrun for dag_extract_catalogs to 2026-07-21 01:00:00+00:00, run_after=2026-07-22 01:00:00+00:00
[2026-07-21T19:40:45.788+0000] {processor.py:208} INFO - Processing /opt/airflow/dags/dag_extract_catalogs.py took 0.030 seconds
[2026-07-21T19:41:16.208+0000] {processor.py:186} INFO - Started process (PID=25565) to work on /opt/airflow/dags/dag_extract_catalogs.py
[2026-07-21T19:41:16.208+0000] {processor.py:914} INFO - Processing file /opt/airflow/dags/dag_extract_catalogs.py for tasks to queue
[2026-07-21T19:41:16.209+0000] {logging_mixin.py:190} INFO - [2026-07-21T19:41:16.209+0000] {dagbag.py:588} INFO - Filling up the DagBag from /opt/airflow/dags/dag_extract_catalogs.py
[2026-07-21T19:41:16.214+0000] {processor.py:925} INFO - DAG(s) 'dag_extract_catalogs' retrieved from /opt/airflow/dags/dag_extract_catalogs.py
[2026-07-21T19:41:16.223+0000] {logging_mixin.py:190} INFO - [2026-07-21T19:41:16.223+0000] {dag.py:3239} INFO - Sync 1 DAGs
[2026-07-21T19:41:16.230+0000] {logging_mixin.py:190} INFO - [2026-07-21T19:41:16.230+0000] {dag.py:4180} INFO - Setting next_dagrun for dag_extract_catalogs to 2026-07-21 01:00:00+00:00, run_after=2026-07-22 01:00:00+00:00
[2026-07-21T19:41:16.236+0000] {processor.py:208} INFO - Processing /opt/airflow/dags/dag_extract_catalogs.py took 0.030 seconds
[2026-07-21T19:41:46.607+0000] {processor.py:186} INFO - Started process (PID=25585) to work on /opt/airflow/dags/dag_extract_catalogs.py
[2026-07-21T19:41:46.607+0000] {processor.py:914} INFO - Processing file /opt/airflow/dags/dag_extract_catalogs.py for tasks to queue
[2026-07-21T19:41:46.608+0000] {logging_mixin.py:190} INFO - [2026-07-21T19:41:46.608+0000] {dagbag.py:588} INFO - Filling up the DagBag from /opt/airflow/dags/dag_extract_catalogs.py
[2026-07-21T19:41:46.613+0000] {processor.py:925} INFO - DAG(s) 'dag_extract_catalogs' retrieved from /opt/airflow/dags/dag_extract_catalogs.py
[2026-07-21T19:41:46.624+0000] {logging_mixin.py:190} INFO - [2026-07-21T19:41:46.623+0000] {dag.py:3239} INFO - Sync 1 DAGs
[2026-07-21T19:41:46.631+0000] {logging_mixin.py:190} INFO - [2026-07-21T19:41:46.631+0000] {dag.py:4180} INFO - Setting next_dagrun for dag_extract_catalogs to 2026-07-21 01:00:00+00:00, run_after=2026-07-22 01:00:00+00:00
[2026-07-21T19:41:46.636+0000] {processor.py:208} INFO - Processing /opt/airflow/dags/dag_extract_catalogs.py took 0.031 seconds
[2026-07-21T19:42:17.026+0000] {processor.py:186} INFO - Started process (PID=25603) to work on /opt/airflow/dags/dag_extract_catalogs.py
[2026-07-21T19:42:17.026+0000] {processor.py:914} INFO - Processing file /opt/airflow/dags/dag_extract_catalogs.py for tasks to queue
[2026-07-21T19:42:17.027+0000] {logging_mixin.py:190} INFO - [2026-07-21T19:42:17.027+0000] {dagbag.py:588} INFO - Filling up the DagBag from /opt/airflow/dags/dag_extract_catalogs.py
[2026-07-21T19:42:17.034+0000] {processor.py:925} INFO - DAG(s) 'dag_extract_catalogs' retrieved from /opt/airflow/dags/dag_extract_catalogs.py
[2026-07-21T19:42:17.048+0000] {logging_mixin.py:190} INFO - [2026-07-21T19:42:17.048+0000] {dag.py:3239} INFO - Sync 1 DAGs
[2026-07-21T19:42:17.058+0000] {logging_mixin.py:190} INFO - [2026-07-21T19:42:17.058+0000] {dag.py:4180} INFO - Setting next_dagrun for dag_extract_catalogs to 2026-07-21 01:00:00+00:00, run_after=2026-07-22 01:00:00+00:00
[2026-07-21T19:42:17.062+0000] {processor.py:208} INFO - Processing /opt/airflow/dags/dag_extract_catalogs.py took 0.039 seconds
[2026-07-21T19:42:47.457+0000] {processor.py:186} INFO - Started process (PID=25623) to work on /opt/airflow/dags/dag_extract_catalogs.py
[2026-07-21T19:42:47.458+0000] {processor.py:914} INFO - Processing file /opt/airflow/dags/dag_extract_catalogs.py for tasks to queue
[2026-07-21T19:42:47.459+0000] {logging_mixin.py:190} INFO - [2026-07-21T19:42:47.459+0000] {dagbag.py:588} INFO - Filling up the DagBag from /opt/airflow/dags/dag_extract_catalogs.py
[2026-07-21T19:42:47.464+0000] {processor.py:925} INFO - DAG(s) 'dag_extract_catalogs' retrieved from /opt/airflow/dags/dag_extract_catalogs.py
[2026-07-21T19:42:47.474+0000] {logging_mixin.py:190} INFO - [2026-07-21T19:42:47.474+0000] {dag.py:3239} INFO - Sync 1 DAGs
[2026-07-21T19:42:47.483+0000] {logging_mixin.py:190} INFO - [2026-07-21T19:42:47.482+0000] {dag.py:4180} INFO - Setting next_dagrun for dag_extract_catalogs to 2026-07-21 01:00:00+00:00, run_after=2026-07-22 01:00:00+00:00
[2026-07-21T19:42:47.489+0000] {processor.py:208} INFO - Processing /opt/airflow/dags/dag_extract_catalogs.py took 0.035 seconds
[2026-07-21T19:43:17.937+0000] {processor.py:186} INFO - Started process (PID=25646) to work on /opt/airflow/dags/dag_extract_catalogs.py
[2026-07-21T19:43:17.937+0000] {processor.py:914} INFO - Processing file /opt/airflow/dags/dag_extract_catalogs.py for tasks to queue
[2026-07-21T19:43:17.939+0000] {logging_mixin.py:190} INFO - [2026-07-21T19:43:17.938+0000] {dagbag.py:588} INFO - Filling up the DagBag from /opt/airflow/dags/dag_extract_catalogs.py
[2026-07-21T19:43:17.945+0000] {processor.py:925} INFO - DAG(s) 'dag_extract_catalogs' retrieved from /opt/airflow/dags/dag_extract_catalogs.py
[2026-07-21T19:43:17.958+0000] {logging_mixin.py:190} INFO - [2026-07-21T19:43:17.958+0000] {dag.py:3239} INFO - Sync 1 DAGs
[2026-07-21T19:43:17.969+0000] {logging_mixin.py:190} INFO - [2026-07-21T19:43:17.968+0000] {dag.py:4180} INFO - Setting next_dagrun for dag_extract_catalogs to 2026-07-21 01:00:00+00:00, run_after=2026-07-22 01:00:00+00:00
[2026-07-21T19:43:17.976+0000] {processor.py:208} INFO - Processing /opt/airflow/dags/dag_extract_catalogs.py took 0.043 seconds
[2026-07-21T19:43:48.377+0000] {processor.py:186} INFO - Started process (PID=25666) to work on /opt/airflow/dags/dag_extract_catalogs.py
[2026-07-21T19:43:48.377+0000] {processor.py:914} INFO - Processing file /opt/airflow/dags/dag_extract_catalogs.py for tasks to queue
[2026-07-21T19:43:48.378+0000] {logging_mixin.py:190} INFO - [2026-07-21T19:43:48.378+0000] {dagbag.py:588} INFO - Filling up the DagBag from /opt/airflow/dags/dag_extract_catalogs.py
[2026-07-21T19:43:48.384+0000] {processor.py:925} INFO - DAG(s) 'dag_extract_catalogs' retrieved from /opt/airflow/dags/dag_extract_catalogs.py
[2026-07-21T19:43:48.395+0000] {logging_mixin.py:190} INFO - [2026-07-21T19:43:48.395+0000] {dag.py:3239} INFO - Sync 1 DAGs
[2026-07-21T19:43:48.403+0000] {logging_mixin.py:190} INFO - [2026-07-21T19:43:48.403+0000] {dag.py:4180} INFO - Setting next_dagrun for dag_extract_catalogs to 2026-07-21 01:00:00+00:00, run_after=2026-07-22 01:00:00+00:00
[2026-07-21T19:43:48.411+0000] {processor.py:208} INFO - Processing /opt/airflow/dags/dag_extract_catalogs.py took 0.038 seconds
[2026-07-21T19:44:18.901+0000] {processor.py:186} INFO - Started process (PID=25688) to work on /opt/airflow/dags/dag_extract_catalogs.py
[2026-07-21T19:44:18.901+0000] {processor.py:914} INFO - Processing file /opt/airflow/dags/dag_extract_catalogs.py for tasks to queue
[2026-07-21T19:44:18.902+0000] {logging_mixin.py:190} INFO - [2026-07-21T19:44:18.902+0000] {dagbag.py:588} INFO - Filling up the DagBag from /opt/airflow/dags/dag_extract_catalogs.py
[2026-07-21T19:44:18.907+0000] {processor.py:925} INFO - DAG(s) 'dag_extract_catalogs' retrieved from /opt/airflow/dags/dag_extract_catalogs.py
[2026-07-21T19:44:18.916+0000] {logging_mixin.py:190} INFO - [2026-07-21T19:44:18.916+0000] {dag.py:3239} INFO - Sync 1 DAGs
[2026-07-21T19:44:18.923+0000] {logging_mixin.py:190} INFO - [2026-07-21T19:44:18.923+0000] {dag.py:4180} INFO - Setting next_dagrun for dag_extract_catalogs to 2026-07-21 01:00:00+00:00, run_after=2026-07-22 01:00:00+00:00
[2026-07-21T19:44:18.928+0000] {processor.py:208} INFO - Processing /opt/airflow/dags/dag_extract_catalogs.py took 0.030 seconds
[2026-07-21T19:44:49.369+0000] {processor.py:186} INFO - Started process (PID=25708) to work on /opt/airflow/dags/dag_extract_catalogs.py
[2026-07-21T19:44:49.370+0000] {processor.py:914} INFO - Processing file /opt/airflow/dags/dag_extract_catalogs.py for tasks to queue
[2026-07-21T19:44:49.370+0000] {logging_mixin.py:190} INFO - [2026-07-21T19:44:49.370+0000] {dagbag.py:588} INFO - Filling up the DagBag from /opt/airflow/dags/dag_extract_catalogs.py
[2026-07-21T19:44:49.375+0000] {processor.py:925} INFO - DAG(s) 'dag_extract_catalogs' retrieved from /opt/airflow/dags/dag_extract_catalogs.py
[2026-07-21T19:44:49.386+0000] {logging_mixin.py:190} INFO - [2026-07-21T19:44:49.386+0000] {dag.py:3239} INFO - Sync 1 DAGs
[2026-07-21T19:44:49.393+0000] {logging_mixin.py:190} INFO - [2026-07-21T19:44:49.393+0000] {dag.py:4180} INFO - Setting next_dagrun for dag_extract_catalogs to 2026-07-21 01:00:00+00:00, run_after=2026-07-22 01:00:00+00:00
[2026-07-21T19:44:49.398+0000] {processor.py:208} INFO - Processing /opt/airflow/dags/dag_extract_catalogs.py took 0.031 seconds
[2026-07-21T19:45:19.795+0000] {processor.py:186} INFO - Started process (PID=25728) to work on /opt/airflow/dags/dag_extract_catalogs.py
[2026-07-21T19:45:19.795+0000] {processor.py:914} INFO - Processing file /opt/airflow/dags/dag_extract_catalogs.py for tasks to queue
[2026-07-21T19:45:19.796+0000] {logging_mixin.py:190} INFO - [2026-07-21T19:45:19.796+0000] {dagbag.py:588} INFO - Filling up the DagBag from /opt/airflow/dags/dag_extract_catalogs.py
[2026-07-21T19:45:19.801+0000] {processor.py:925} INFO - DAG(s) 'dag_extract_catalogs' retrieved from /opt/airflow/dags/dag_extract_catalogs.py
[2026-07-21T19:45:19.811+0000] {logging_mixin.py:190} INFO - [2026-07-21T19:45:19.811+0000] {dag.py:3239} INFO - Sync 1 DAGs
[2026-07-21T19:45:19.818+0000] {logging_mixin.py:190} INFO - [2026-07-21T19:45:19.818+0000] {dag.py:4180} INFO - Setting next_dagrun for dag_extract_catalogs to 2026-07-21 01:00:00+00:00, run_after=2026-07-22 01:00:00+00:00
[2026-07-21T19:45:19.823+0000] {processor.py:208} INFO - Processing /opt/airflow/dags/dag_extract_catalogs.py took 0.031 seconds
[2026-07-21T19:45:50.240+0000] {processor.py:186} INFO - Started process (PID=25748) to work on /opt/airflow/dags/dag_extract_catalogs.py
[2026-07-21T19:45:50.241+0000] {processor.py:914} INFO - Processing file /opt/airflow/dags/dag_extract_catalogs.py for tasks to queue
[2026-07-21T19:45:50.242+0000] {logging_mixin.py:190} INFO - [2026-07-21T19:45:50.241+0000] {dagbag.py:588} INFO - Filling up the DagBag from /opt/airflow/dags/dag_extract_catalogs.py
[2026-07-21T19:45:50.246+0000] {processor.py:925} INFO - DAG(s) 'dag_extract_catalogs' retrieved from /opt/airflow/dags/dag_extract_catalogs.py
[2026-07-21T19:45:50.256+0000] {logging_mixin.py:190} INFO - [2026-07-21T19:45:50.256+0000] {dag.py:3239} INFO - Sync 1 DAGs
[2026-07-21T19:45:50.263+0000] {logging_mixin.py:190} INFO - [2026-07-21T19:45:50.263+0000] {dag.py:4180} INFO - Setting next_dagrun for dag_extract_catalogs to 2026-07-21 01:00:00+00:00, run_after=2026-07-22 01:00:00+00:00
[2026-07-21T19:45:50.269+0000] {processor.py:208} INFO - Processing /opt/airflow/dags/dag_extract_catalogs.py took 0.031 seconds
[2026-07-21T19:46:20.653+0000] {processor.py:186} INFO - Started process (PID=25768) to work on /opt/airflow/dags/dag_extract_catalogs.py
[2026-07-21T19:46:20.654+0000] {processor.py:914} INFO - Processing file /opt/airflow/dags/dag_extract_catalogs.py for tasks to queue
[2026-07-21T19:46:20.655+0000] {logging_mixin.py:190} INFO - [2026-07-21T19:46:20.655+0000] {dagbag.py:588} INFO - Filling up the DagBag from /opt/airflow/dags/dag_extract_catalogs.py
[2026-07-21T19:46:20.659+0000] {processor.py:925} INFO - DAG(s) 'dag_extract_catalogs' retrieved from /opt/airflow/dags/dag_extract_catalogs.py
[2026-07-21T19:46:20.669+0000] {logging_mixin.py:190} INFO - [2026-07-21T19:46:20.669+0000] {dag.py:3239} INFO - Sync 1 DAGs
[2026-07-21T19:46:20.676+0000] {logging_mixin.py:190} INFO - [2026-07-21T19:46:20.676+0000] {dag.py:4180} INFO - Setting next_dagrun for dag_extract_catalogs to 2026-07-21 01:00:00+00:00, run_after=2026-07-22 01:00:00+00:00
[2026-07-21T19:46:20.681+0000] {processor.py:208} INFO - Processing /opt/airflow/dags/dag_extract_catalogs.py took 0.030 seconds
[2026-07-21T19:46:51.110+0000] {processor.py:186} INFO - Started process (PID=25788) to work on /opt/airflow/dags/dag_extract_catalogs.py
[2026-07-21T19:46:51.111+0000] {processor.py:914} INFO - Processing file /opt/airflow/dags/dag_extract_catalogs.py for tasks to queue
[2026-07-21T19:46:51.112+0000] {logging_mixin.py:190} INFO - [2026-07-21T19:46:51.112+0000] {dagbag.py:588} INFO - Filling up the DagBag from /opt/airflow/dags/dag_extract_catalogs.py
[2026-07-21T19:46:51.116+0000] {processor.py:925} INFO - DAG(s) 'dag_extract_catalogs' retrieved from /opt/airflow/dags/dag_extract_catalogs.py
[2026-07-21T19:46:51.126+0000] {logging_mixin.py:190} INFO - [2026-07-21T19:46:51.126+0000] {dag.py:3239} INFO - Sync 1 DAGs
[2026-07-21T19:46:51.134+0000] {logging_mixin.py:190} INFO - [2026-07-21T19:46:51.134+0000] {dag.py:4180} INFO - Setting next_dagrun for dag_extract_catalogs to 2026-07-21 01:00:00+00:00, run_after=2026-07-22 01:00:00+00:00
[2026-07-21T19:46:51.138+0000] {processor.py:208} INFO - Processing /opt/airflow/dags/dag_extract_catalogs.py took 0.030 seconds
[2026-07-21T19:47:21.533+0000] {processor.py:186} INFO - Started process (PID=25808) to work on /opt/airflow/dags/dag_extract_catalogs.py
[2026-07-21T19:47:21.533+0000] {processor.py:914} INFO - Processing file /opt/airflow/dags/dag_extract_catalogs.py for tasks to queue
[2026-07-21T19:47:21.534+0000] {logging_mixin.py:190} INFO - [2026-07-21T19:47:21.534+0000] {dagbag.py:588} INFO - Filling up the DagBag from /opt/airflow/dags/dag_extract_catalogs.py
[2026-07-21T19:47:21.539+0000] {processor.py:925} INFO - DAG(s) 'dag_extract_catalogs' retrieved from /opt/airflow/dags/dag_extract_catalogs.py
[2026-07-21T19:47:21.549+0000] {logging_mixin.py:190} INFO - [2026-07-21T19:47:21.549+0000] {dag.py:3239} INFO - Sync 1 DAGs
[2026-07-21T19:47:21.556+0000] {logging_mixin.py:190} INFO - [2026-07-21T19:47:21.556+0000] {dag.py:4180} INFO - Setting next_dagrun for dag_extract_catalogs to 2026-07-21 01:00:00+00:00, run_after=2026-07-22 01:00:00+00:00
[2026-07-21T19:47:21.561+0000] {processor.py:208} INFO - Processing /opt/airflow/dags/dag_extract_catalogs.py took 0.031 seconds
[2026-07-21T19:47:51.946+0000] {processor.py:186} INFO - Started process (PID=25826) to work on /opt/airflow/dags/dag_extract_catalogs.py
[2026-07-21T19:47:51.946+0000] {processor.py:914} INFO - Processing file /opt/airflow/dags/dag_extract_catalogs.py for tasks to queue
[2026-07-21T19:47:51.947+0000] {logging_mixin.py:190} INFO - [2026-07-21T19:47:51.947+0000] {dagbag.py:588} INFO - Filling up the DagBag from /opt/airflow/dags/dag_extract_catalogs.py
[2026-07-21T19:47:51.954+0000] {processor.py:925} INFO - DAG(s) 'dag_extract_catalogs' retrieved from /opt/airflow/dags/dag_extract_catalogs.py
[2026-07-21T19:47:51.966+0000] {logging_mixin.py:190} INFO - [2026-07-21T19:47:51.966+0000] {dag.py:3239} INFO - Sync 1 DAGs
[2026-07-21T19:47:51.973+0000] {logging_mixin.py:190} INFO - [2026-07-21T19:47:51.973+0000] {dag.py:4180} INFO - Setting next_dagrun for dag_extract_catalogs to 2026-07-21 01:00:00+00:00, run_after=2026-07-22 01:00:00+00:00
[2026-07-21T19:47:51.983+0000] {processor.py:208} INFO - Processing /opt/airflow/dags/dag_extract_catalogs.py took 0.040 seconds
[2026-07-21T19:48:22.473+0000] {processor.py:186} INFO - Started process (PID=25848) to work on /opt/airflow/dags/dag_extract_catalogs.py
[2026-07-21T19:48:22.474+0000] {processor.py:914} INFO - Processing file /opt/airflow/dags/dag_extract_catalogs.py for tasks to queue
[2026-07-21T19:48:22.474+0000] {logging_mixin.py:190} INFO - [2026-07-21T19:48:22.474+0000] {dagbag.py:588} INFO - Filling up the DagBag from /opt/airflow/dags/dag_extract_catalogs.py
[2026-07-21T19:48:22.479+0000] {processor.py:925} INFO - DAG(s) 'dag_extract_catalogs' retrieved from /opt/airflow/dags/dag_extract_catalogs.py
[2026-07-21T19:48:22.489+0000] {logging_mixin.py:190} INFO - [2026-07-21T19:48:22.489+0000] {dag.py:3239} INFO - Sync 1 DAGs
[2026-07-21T19:48:22.496+0000] {logging_mixin.py:190} INFO - [2026-07-21T19:48:22.496+0000] {dag.py:4180} INFO - Setting next_dagrun for dag_extract_catalogs to 2026-07-21 01:00:00+00:00, run_after=2026-07-22 01:00:00+00:00
[2026-07-21T19:48:22.501+0000] {processor.py:208} INFO - Processing /opt/airflow/dags/dag_extract_catalogs.py took 0.030 seconds
[2026-07-21T19:48:52.964+0000] {processor.py:186} INFO - Started process (PID=25866) to work on /opt/airflow/dags/dag_extract_catalogs.py
[2026-07-21T19:48:52.965+0000] {processor.py:914} INFO - Processing file /opt/airflow/dags/dag_extract_catalogs.py for tasks to queue
[2026-07-21T19:48:52.966+0000] {logging_mixin.py:190} INFO - [2026-07-21T19:48:52.966+0000] {dagbag.py:588} INFO - Filling up the DagBag from /opt/airflow/dags/dag_extract_catalogs.py
[2026-07-21T19:48:52.973+0000] {processor.py:925} INFO - DAG(s) 'dag_extract_catalogs' retrieved from /opt/airflow/dags/dag_extract_catalogs.py
[2026-07-21T19:48:52.986+0000] {logging_mixin.py:190} INFO - [2026-07-21T19:48:52.986+0000] {dag.py:3239} INFO - Sync 1 DAGs
[2026-07-21T19:48:52.994+0000] {logging_mixin.py:190} INFO - [2026-07-21T19:48:52.994+0000] {dag.py:4180} INFO - Setting next_dagrun for dag_extract_catalogs to 2026-07-21 01:00:00+00:00, run_after=2026-07-22 01:00:00+00:00
[2026-07-21T19:48:53.002+0000] {processor.py:208} INFO - Processing /opt/airflow/dags/dag_extract_catalogs.py took 0.040 seconds
[2026-07-21T19:49:23.518+0000] {processor.py:186} INFO - Started process (PID=25888) to work on /opt/airflow/dags/dag_extract_catalogs.py
[2026-07-21T19:49:23.519+0000] {processor.py:914} INFO - Processing file /opt/airflow/dags/dag_extract_catalogs.py for tasks to queue
[2026-07-21T19:49:23.520+0000] {logging_mixin.py:190} INFO - [2026-07-21T19:49:23.520+0000] {dagbag.py:588} INFO - Filling up the DagBag from /opt/airflow/dags/dag_extract_catalogs.py
[2026-07-21T19:49:23.524+0000] {processor.py:925} INFO - DAG(s) 'dag_extract_catalogs' retrieved from /opt/airflow/dags/dag_extract_catalogs.py
[2026-07-21T19:49:23.534+0000] {logging_mixin.py:190} INFO - [2026-07-21T19:49:23.534+0000] {dag.py:3239} INFO - Sync 1 DAGs
[2026-07-21T19:49:23.541+0000] {logging_mixin.py:190} INFO - [2026-07-21T19:49:23.541+0000] {dag.py:4180} INFO - Setting next_dagrun for dag_extract_catalogs to 2026-07-21 01:00:00+00:00, run_after=2026-07-22 01:00:00+00:00
[2026-07-21T19:49:23.546+0000] {processor.py:208} INFO - Processing /opt/airflow/dags/dag_extract_catalogs.py took 0.030 seconds
[2026-07-21T19:49:53.978+0000] {processor.py:186} INFO - Started process (PID=25906) to work on /opt/airflow/dags/dag_extract_catalogs.py
[2026-07-21T19:49:53.979+0000] {processor.py:914} INFO - Processing file /opt/airflow/dags/dag_extract_catalogs.py for tasks to queue
[2026-07-21T19:49:53.980+0000] {logging_mixin.py:190} INFO - [2026-07-21T19:49:53.979+0000] {dagbag.py:588} INFO - Filling up the DagBag from /opt/airflow/dags/dag_extract_catalogs.py
[2026-07-21T19:49:53.986+0000] {processor.py:925} INFO - DAG(s) 'dag_extract_catalogs' retrieved from /opt/airflow/dags/dag_extract_catalogs.py
[2026-07-21T19:49:53.997+0000] {logging_mixin.py:190} INFO - [2026-07-21T19:49:53.997+0000] {dag.py:3239} INFO - Sync 1 DAGs
[2026-07-21T19:49:54.006+0000] {logging_mixin.py:190} INFO - [2026-07-21T19:49:54.006+0000] {dag.py:4180} INFO - Setting next_dagrun for dag_extract_catalogs to 2026-07-21 01:00:00+00:00, run_after=2026-07-22 01:00:00+00:00
[2026-07-21T19:49:54.016+0000] {processor.py:208} INFO - Processing /opt/airflow/dags/dag_extract_catalogs.py took 0.040 seconds
[2026-07-21T19:50:24.477+0000] {processor.py:186} INFO - Started process (PID=25926) to work on /opt/airflow/dags/dag_extract_catalogs.py
[2026-07-21T19:50:24.478+0000] {processor.py:914} INFO - Processing file /opt/airflow/dags/dag_extract_catalogs.py for tasks to queue
[2026-07-21T19:50:24.479+0000] {logging_mixin.py:190} INFO - [2026-07-21T19:50:24.479+0000] {dagbag.py:588} INFO - Filling up the DagBag from /opt/airflow/dags/dag_extract_catalogs.py
[2026-07-21T19:50:24.486+0000] {processor.py:925} INFO - DAG(s) 'dag_extract_catalogs' retrieved from /opt/airflow/dags/dag_extract_catalogs.py
[2026-07-21T19:50:24.499+0000] {logging_mixin.py:190} INFO - [2026-07-21T19:50:24.498+0000] {dag.py:3239} INFO - Sync 1 DAGs
[2026-07-21T19:50:24.507+0000] {logging_mixin.py:190} INFO - [2026-07-21T19:50:24.507+0000] {dag.py:4180} INFO - Setting next_dagrun for dag_extract_catalogs to 2026-07-21 01:00:00+00:00, run_after=2026-07-22 01:00:00+00:00
[2026-07-21T19:50:24.512+0000] {processor.py:208} INFO - Processing /opt/airflow/dags/dag_extract_catalogs.py took 0.037 seconds
[2026-07-21T19:50:55.114+0000] {processor.py:186} INFO - Started process (PID=25946) to work on /opt/airflow/dags/dag_extract_catalogs.py
[2026-07-21T19:50:55.114+0000] {processor.py:914} INFO - Processing file /opt/airflow/dags/dag_extract_catalogs.py for tasks to queue
[2026-07-21T19:50:55.115+0000] {logging_mixin.py:190} INFO - [2026-07-21T19:50:55.115+0000] {dagbag.py:588} INFO - Filling up the DagBag from /opt/airflow/dags/dag_extract_catalogs.py
[2026-07-21T19:50:55.121+0000] {processor.py:925} INFO - DAG(s) 'dag_extract_catalogs' retrieved from /opt/airflow/dags/dag_extract_catalogs.py
[2026-07-21T19:50:55.132+0000] {logging_mixin.py:190} INFO - [2026-07-21T19:50:55.132+0000] {dag.py:3239} INFO - Sync 1 DAGs
[2026-07-21T19:50:55.140+0000] {logging_mixin.py:190} INFO - [2026-07-21T19:50:55.140+0000] {dag.py:4180} INFO - Setting next_dagrun for dag_extract_catalogs to 2026-07-21 01:00:00+00:00, run_after=2026-07-22 01:00:00+00:00
[2026-07-21T19:50:55.146+0000] {processor.py:208} INFO - Processing /opt/airflow/dags/dag_extract_catalogs.py took 0.036 seconds
[2026-07-21T19:51:25.650+0000] {processor.py:186} INFO - Started process (PID=25968) to work on /opt/airflow/dags/dag_extract_catalogs.py
[2026-07-21T19:51:25.656+0000] {processor.py:914} INFO - Processing file /opt/airflow/dags/dag_extract_catalogs.py for tasks to queue
[2026-07-21T19:51:25.657+0000] {logging_mixin.py:190} INFO - [2026-07-21T19:51:25.657+0000] {dagbag.py:588} INFO - Filling up the DagBag from /opt/airflow/dags/dag_extract_catalogs.py
[2026-07-21T19:51:25.662+0000] {processor.py:925} INFO - DAG(s) 'dag_extract_catalogs' retrieved from /opt/airflow/dags/dag_extract_catalogs.py
[2026-07-21T19:51:25.672+0000] {logging_mixin.py:190} INFO - [2026-07-21T19:51:25.672+0000] {dag.py:3239} INFO - Sync 1 DAGs
[2026-07-21T19:51:25.679+0000] {logging_mixin.py:190} INFO - [2026-07-21T19:51:25.679+0000] {dag.py:4180} INFO - Setting next_dagrun for dag_extract_catalogs to 2026-07-21 01:00:00+00:00, run_after=2026-07-22 01:00:00+00:00
[2026-07-21T19:51:25.684+0000] {processor.py:208} INFO - Processing /opt/airflow/dags/dag_extract_catalogs.py took 0.037 seconds
[2026-07-21T19:51:56.075+0000] {processor.py:186} INFO - Started process (PID=25986) to work on /opt/airflow/dags/dag_extract_catalogs.py
[2026-07-21T19:51:56.076+0000] {processor.py:914} INFO - Processing file /opt/airflow/dags/dag_extract_catalogs.py for tasks to queue
[2026-07-21T19:51:56.077+0000] {logging_mixin.py:190} INFO - [2026-07-21T19:51:56.077+0000] {dagbag.py:588} INFO - Filling up the DagBag from /opt/airflow/dags/dag_extract_catalogs.py
[2026-07-21T19:51:56.082+0000] {processor.py:925} INFO - DAG(s) 'dag_extract_catalogs' retrieved from /opt/airflow/dags/dag_extract_catalogs.py
[2026-07-21T19:51:56.095+0000] {logging_mixin.py:190} INFO - [2026-07-21T19:51:56.095+0000] {dag.py:3239} INFO - Sync 1 DAGs
[2026-07-21T19:51:56.104+0000] {logging_mixin.py:190} INFO - [2026-07-21T19:51:56.104+0000] {dag.py:4180} INFO - Setting next_dagrun for dag_extract_catalogs to 2026-07-21 01:00:00+00:00, run_after=2026-07-22 01:00:00+00:00
[2026-07-21T19:51:56.111+0000] {processor.py:208} INFO - Processing /opt/airflow/dags/dag_extract_catalogs.py took 0.039 seconds
[2026-07-21T19:52:26.599+0000] {processor.py:186} INFO - Started process (PID=26006) to work on /opt/airflow/dags/dag_extract_catalogs.py
[2026-07-21T19:52:26.600+0000] {processor.py:914} INFO - Processing file /opt/airflow/dags/dag_extract_catalogs.py for tasks to queue
[2026-07-21T19:52:26.601+0000] {logging_mixin.py:190} INFO - [2026-07-21T19:52:26.601+0000] {dagbag.py:588} INFO - Filling up the DagBag from /opt/airflow/dags/dag_extract_catalogs.py
[2026-07-21T19:52:26.611+0000] {processor.py:925} INFO - DAG(s) 'dag_extract_catalogs' retrieved from /opt/airflow/dags/dag_extract_catalogs.py
[2026-07-21T19:52:26.625+0000] {logging_mixin.py:190} INFO - [2026-07-21T19:52:26.625+0000] {dag.py:3239} INFO - Sync 1 DAGs
[2026-07-21T19:52:26.632+0000] {logging_mixin.py:190} INFO - [2026-07-21T19:52:26.632+0000] {dag.py:4180} INFO - Setting next_dagrun for dag_extract_catalogs to 2026-07-21 01:00:00+00:00, run_after=2026-07-22 01:00:00+00:00
[2026-07-21T19:52:26.637+0000] {processor.py:208} INFO - Processing /opt/airflow/dags/dag_extract_catalogs.py took 0.040 seconds
[2026-07-21T19:52:57.075+0000] {processor.py:186} INFO - Started process (PID=26026) to work on /opt/airflow/dags/dag_extract_catalogs.py
[2026-07-21T19:52:57.076+0000] {processor.py:914} INFO - Processing file /opt/airflow/dags/dag_extract_catalogs.py for tasks to queue
[2026-07-21T19:52:57.077+0000] {logging_mixin.py:190} INFO - [2026-07-21T19:52:57.077+0000] {dagbag.py:588} INFO - Filling up the DagBag from /opt/airflow/dags/dag_extract_catalogs.py
[2026-07-21T19:52:57.085+0000] {processor.py:925} INFO - DAG(s) 'dag_extract_catalogs' retrieved from /opt/airflow/dags/dag_extract_catalogs.py
[2026-07-21T19:52:57.099+0000] {logging_mixin.py:190} INFO - [2026-07-21T19:52:57.099+0000] {dag.py:3239} INFO - Sync 1 DAGs
[2026-07-21T19:52:57.176+0000] {logging_mixin.py:190} INFO - [2026-07-21T19:52:57.176+0000] {dag.py:4180} INFO - Setting next_dagrun for dag_extract_catalogs to 2026-07-21 01:00:00+00:00, run_after=2026-07-22 01:00:00+00:00
[2026-07-21T19:52:57.180+0000] {processor.py:208} INFO - Processing /opt/airflow/dags/dag_extract_catalogs.py took 0.108 seconds
[2026-07-21T19:53:27.573+0000] {processor.py:186} INFO - Started process (PID=26046) to work on /opt/airflow/dags/dag_extract_catalogs.py
[2026-07-21T19:53:27.574+0000] {processor.py:914} INFO - Processing file /opt/airflow/dags/dag_extract_catalogs.py for tasks to queue
[2026-07-21T19:53:27.576+0000] {logging_mixin.py:190} INFO - [2026-07-21T19:53:27.575+0000] {dagbag.py:588} INFO - Filling up the DagBag from /opt/airflow/dags/dag_extract_catalogs.py
[2026-07-21T19:53:27.581+0000] {processor.py:925} INFO - DAG(s) 'dag_extract_catalogs' retrieved from /opt/airflow/dags/dag_extract_catalogs.py
[2026-07-21T19:53:27.595+0000] {logging_mixin.py:190} INFO - [2026-07-21T19:53:27.595+0000] {dag.py:3239} INFO - Sync 1 DAGs
[2026-07-21T19:53:27.602+0000] {logging_mixin.py:190} INFO - [2026-07-21T19:53:27.602+0000] {dag.py:4180} INFO - Setting next_dagrun for dag_extract_catalogs to 2026-07-21 01:00:00+00:00, run_after=2026-07-22 01:00:00+00:00
[2026-07-21T19:53:27.610+0000] {processor.py:208} INFO - Processing /opt/airflow/dags/dag_extract_catalogs.py took 0.040 seconds
[2026-07-21T19:53:58.237+0000] {processor.py:186} INFO - Started process (PID=26068) to work on /opt/airflow/dags/dag_extract_catalogs.py
[2026-07-21T19:53:58.238+0000] {processor.py:914} INFO - Processing file /opt/airflow/dags/dag_extract_catalogs.py for tasks to queue
[2026-07-21T19:53:58.239+0000] {logging_mixin.py:190} INFO - [2026-07-21T19:53:58.239+0000] {dagbag.py:588} INFO - Filling up the DagBag from /opt/airflow/dags/dag_extract_catalogs.py
[2026-07-21T19:53:58.244+0000] {processor.py:925} INFO - DAG(s) 'dag_extract_catalogs' retrieved from /opt/airflow/dags/dag_extract_catalogs.py
[2026-07-21T19:53:58.253+0000] {logging_mixin.py:190} INFO - [2026-07-21T19:53:58.253+0000] {dag.py:3239} INFO - Sync 1 DAGs
[2026-07-21T19:53:58.260+0000] {logging_mixin.py:190} INFO - [2026-07-21T19:53:58.260+0000] {dag.py:4180} INFO - Setting next_dagrun for dag_extract_catalogs to 2026-07-21 01:00:00+00:00, run_after=2026-07-22 01:00:00+00:00
[2026-07-21T19:53:58.265+0000] {processor.py:208} INFO - Processing /opt/airflow/dags/dag_extract_catalogs.py took 0.030 seconds
[2026-07-21T19:54:28.734+0000] {processor.py:186} INFO - Started process (PID=26088) to work on /opt/airflow/dags/dag_extract_catalogs.py
[2026-07-21T19:54:28.735+0000] {processor.py:914} INFO - Processing file /opt/airflow/dags/dag_extract_catalogs.py for tasks to queue
[2026-07-21T19:54:28.736+0000] {logging_mixin.py:190} INFO - [2026-07-21T19:54:28.735+0000] {dagbag.py:588} INFO - Filling up the DagBag from /opt/airflow/dags/dag_extract_catalogs.py
[2026-07-21T19:54:28.741+0000] {processor.py:925} INFO - DAG(s) 'dag_extract_catalogs' retrieved from /opt/airflow/dags/dag_extract_catalogs.py
[2026-07-21T19:54:28.750+0000] {logging_mixin.py:190} INFO - [2026-07-21T19:54:28.750+0000] {dag.py:3239} INFO - Sync 1 DAGs
[2026-07-21T19:54:28.816+0000] {logging_mixin.py:190} INFO - [2026-07-21T19:54:28.816+0000] {dag.py:4180} INFO - Setting next_dagrun for dag_extract_catalogs to 2026-07-21 01:00:00+00:00, run_after=2026-07-22 01:00:00+00:00
[2026-07-21T19:54:28.822+0000] {processor.py:208} INFO - Processing /opt/airflow/dags/dag_extract_catalogs.py took 0.090 seconds
[2026-07-21T19:54:59.206+0000] {processor.py:186} INFO - Started process (PID=26106) to work on /opt/airflow/dags/dag_extract_catalogs.py
[2026-07-21T19:54:59.206+0000] {processor.py:914} INFO - Processing file /opt/airflow/dags/dag_extract_catalogs.py for tasks to queue
[2026-07-21T19:54:59.208+0000] {logging_mixin.py:190} INFO - [2026-07-21T19:54:59.207+0000] {dagbag.py:588} INFO - Filling up the DagBag from /opt/airflow/dags/dag_extract_catalogs.py
[2026-07-21T19:54:59.214+0000] {processor.py:925} INFO - DAG(s) 'dag_extract_catalogs' retrieved from /opt/airflow/dags/dag_extract_catalogs.py
[2026-07-21T19:54:59.224+0000] {logging_mixin.py:190} INFO - [2026-07-21T19:54:59.224+0000] {dag.py:3239} INFO - Sync 1 DAGs
[2026-07-21T19:54:59.232+0000] {logging_mixin.py:190} INFO - [2026-07-21T19:54:59.231+0000] {dag.py:4180} INFO - Setting next_dagrun for dag_extract_catalogs to 2026-07-21 01:00:00+00:00, run_after=2026-07-22 01:00:00+00:00
[2026-07-21T19:54:59.237+0000] {processor.py:208} INFO - Processing /opt/airflow/dags/dag_extract_catalogs.py took 0.034 seconds
[2026-07-21T19:55:29.814+0000] {processor.py:186} INFO - Started process (PID=26128) to work on /opt/airflow/dags/dag_extract_catalogs.py
[2026-07-21T19:55:29.814+0000] {processor.py:914} INFO - Processing file /opt/airflow/dags/dag_extract_catalogs.py for tasks to queue
[2026-07-21T19:55:29.815+0000] {logging_mixin.py:190} INFO - [2026-07-21T19:55:29.815+0000] {dagbag.py:588} INFO - Filling up the DagBag from /opt/airflow/dags/dag_extract_catalogs.py
[2026-07-21T19:55:29.820+0000] {processor.py:925} INFO - DAG(s) 'dag_extract_catalogs' retrieved from /opt/airflow/dags/dag_extract_catalogs.py
[2026-07-21T19:55:29.829+0000] {logging_mixin.py:190} INFO - [2026-07-21T19:55:29.829+0000] {dag.py:3239} INFO - Sync 1 DAGs
[2026-07-21T19:55:29.836+0000] {logging_mixin.py:190} INFO - [2026-07-21T19:55:29.836+0000] {dag.py:4180} INFO - Setting next_dagrun for dag_extract_catalogs to 2026-07-21 01:00:00+00:00, run_after=2026-07-22 01:00:00+00:00
[2026-07-21T19:55:29.841+0000] {processor.py:208} INFO - Processing /opt/airflow/dags/dag_extract_catalogs.py took 0.030 seconds
[2026-07-21T19:56:00.344+0000] {processor.py:186} INFO - Started process (PID=26148) to work on /opt/airflow/dags/dag_extract_catalogs.py
[2026-07-21T19:56:00.345+0000] {processor.py:914} INFO - Processing file /opt/airflow/dags/dag_extract_catalogs.py for tasks to queue
[2026-07-21T19:56:00.345+0000] {logging_mixin.py:190} INFO - [2026-07-21T19:56:00.345+0000] {dagbag.py:588} INFO - Filling up the DagBag from /opt/airflow/dags/dag_extract_catalogs.py
[2026-07-21T19:56:00.350+0000] {processor.py:925} INFO - DAG(s) 'dag_extract_catalogs' retrieved from /opt/airflow/dags/dag_extract_catalogs.py
[2026-07-21T19:56:00.360+0000] {logging_mixin.py:190} INFO - [2026-07-21T19:56:00.360+0000] {dag.py:3239} INFO - Sync 1 DAGs
[2026-07-21T19:56:00.422+0000] {logging_mixin.py:190} INFO - [2026-07-21T19:56:00.422+0000] {dag.py:4180} INFO - Setting next_dagrun for dag_extract_catalogs to 2026-07-21 01:00:00+00:00, run_after=2026-07-22 01:00:00+00:00
[2026-07-21T19:56:00.427+0000] {processor.py:208} INFO - Processing /opt/airflow/dags/dag_extract_catalogs.py took 0.085 seconds
[2026-07-21T19:56:30.780+0000] {processor.py:186} INFO - Started process (PID=26166) to work on /opt/airflow/dags/dag_extract_catalogs.py
[2026-07-21T19:56:30.780+0000] {processor.py:914} INFO - Processing file /opt/airflow/dags/dag_extract_catalogs.py for tasks to queue
[2026-07-21T19:56:30.782+0000] {logging_mixin.py:190} INFO - [2026-07-21T19:56:30.781+0000] {dagbag.py:588} INFO - Filling up the DagBag from /opt/airflow/dags/dag_extract_catalogs.py
[2026-07-21T19:56:30.788+0000] {processor.py:925} INFO - DAG(s) 'dag_extract_catalogs' retrieved from /opt/airflow/dags/dag_extract_catalogs.py
[2026-07-21T19:56:30.800+0000] {logging_mixin.py:190} INFO - [2026-07-21T19:56:30.800+0000] {dag.py:3239} INFO - Sync 1 DAGs
[2026-07-21T19:56:30.808+0000] {logging_mixin.py:190} INFO - [2026-07-21T19:56:30.807+0000] {dag.py:4180} INFO - Setting next_dagrun for dag_extract_catalogs to 2026-07-21 01:00:00+00:00, run_after=2026-07-22 01:00:00+00:00
[2026-07-21T19:56:30.813+0000] {processor.py:208} INFO - Processing /opt/airflow/dags/dag_extract_catalogs.py took 0.036 seconds
[2026-07-21T19:57:01.408+0000] {processor.py:186} INFO - Started process (PID=26188) to work on /opt/airflow/dags/dag_extract_catalogs.py
[2026-07-21T19:57:01.409+0000] {processor.py:914} INFO - Processing file /opt/airflow/dags/dag_extract_catalogs.py for tasks to queue
[2026-07-21T19:57:01.410+0000] {logging_mixin.py:190} INFO - [2026-07-21T19:57:01.410+0000] {dagbag.py:588} INFO - Filling up the DagBag from /opt/airflow/dags/dag_extract_catalogs.py
[2026-07-21T19:57:01.414+0000] {processor.py:925} INFO - DAG(s) 'dag_extract_catalogs' retrieved from /opt/airflow/dags/dag_extract_catalogs.py
[2026-07-21T19:57:01.479+0000] {logging_mixin.py:190} INFO - [2026-07-21T19:57:01.479+0000] {dag.py:3239} INFO - Sync 1 DAGs
[2026-07-21T19:57:01.485+0000] {logging_mixin.py:190} INFO - [2026-07-21T19:57:01.485+0000] {dag.py:4180} INFO - Setting next_dagrun for dag_extract_catalogs to 2026-07-21 01:00:00+00:00, run_after=2026-07-22 01:00:00+00:00
[2026-07-21T19:57:01.490+0000] {processor.py:208} INFO - Processing /opt/airflow/dags/dag_extract_catalogs.py took 0.084 seconds
[2026-07-21T19:57:31.885+0000] {processor.py:186} INFO - Started process (PID=26208) to work on /opt/airflow/dags/dag_extract_catalogs.py
[2026-07-21T19:57:31.885+0000] {processor.py:914} INFO - Processing file /opt/airflow/dags/dag_extract_catalogs.py for tasks to queue
[2026-07-21T19:57:31.886+0000] {logging_mixin.py:190} INFO - [2026-07-21T19:57:31.886+0000] {dagbag.py:588} INFO - Filling up the DagBag from /opt/airflow/dags/dag_extract_catalogs.py
[2026-07-21T19:57:31.891+0000] {processor.py:925} INFO - DAG(s) 'dag_extract_catalogs' retrieved from /opt/airflow/dags/dag_extract_catalogs.py
[2026-07-21T19:57:31.901+0000] {logging_mixin.py:190} INFO - [2026-07-21T19:57:31.901+0000] {dag.py:3239} INFO - Sync 1 DAGs
[2026-07-21T19:57:31.965+0000] {logging_mixin.py:190} INFO - [2026-07-21T19:57:31.965+0000] {dag.py:4180} INFO - Setting next_dagrun for dag_extract_catalogs to 2026-07-21 01:00:00+00:00, run_after=2026-07-22 01:00:00+00:00
[2026-07-21T19:57:31.970+0000] {processor.py:208} INFO - Processing /opt/airflow/dags/dag_extract_catalogs.py took 0.087 seconds
[2026-07-21T19:58:02.454+0000] {processor.py:186} INFO - Started process (PID=26228) to work on /opt/airflow/dags/dag_extract_catalogs.py
[2026-07-21T19:58:02.454+0000] {processor.py:914} INFO - Processing file /opt/airflow/dags/dag_extract_catalogs.py for tasks to queue
[2026-07-21T19:58:02.455+0000] {logging_mixin.py:190} INFO - [2026-07-21T19:58:02.455+0000] {dagbag.py:588} INFO - Filling up the DagBag from /opt/airflow/dags/dag_extract_catalogs.py
[2026-07-21T19:58:02.459+0000] {processor.py:925} INFO - DAG(s) 'dag_extract_catalogs' retrieved from /opt/airflow/dags/dag_extract_catalogs.py
[2026-07-21T19:58:02.469+0000] {logging_mixin.py:190} INFO - [2026-07-21T19:58:02.469+0000] {dag.py:3239} INFO - Sync 1 DAGs
[2026-07-21T19:58:02.477+0000] {logging_mixin.py:190} INFO - [2026-07-21T19:58:02.477+0000] {dag.py:4180} INFO - Setting next_dagrun for dag_extract_catalogs to 2026-07-21 01:00:00+00:00, run_after=2026-07-22 01:00:00+00:00
[2026-07-21T19:58:02.482+0000] {processor.py:208} INFO - Processing /opt/airflow/dags/dag_extract_catalogs.py took 0.031 seconds
[2026-07-21T19:58:32.934+0000] {processor.py:186} INFO - Started process (PID=26248) to work on /opt/airflow/dags/dag_extract_catalogs.py
[2026-07-21T19:58:32.935+0000] {processor.py:914} INFO - Processing file /opt/airflow/dags/dag_extract_catalogs.py for tasks to queue
[2026-07-21T19:58:32.936+0000] {logging_mixin.py:190} INFO - [2026-07-21T19:58:32.936+0000] {dagbag.py:588} INFO - Filling up the DagBag from /opt/airflow/dags/dag_extract_catalogs.py
[2026-07-21T19:58:32.941+0000] {processor.py:925} INFO - DAG(s) 'dag_extract_catalogs' retrieved from /opt/airflow/dags/dag_extract_catalogs.py
[2026-07-21T19:58:32.950+0000] {logging_mixin.py:190} INFO - [2026-07-21T19:58:32.950+0000] {dag.py:3239} INFO - Sync 1 DAGs
[2026-07-21T19:58:32.958+0000] {logging_mixin.py:190} INFO - [2026-07-21T19:58:32.958+0000] {dag.py:4180} INFO - Setting next_dagrun for dag_extract_catalogs to 2026-07-21 01:00:00+00:00, run_after=2026-07-22 01:00:00+00:00
[2026-07-21T19:58:32.962+0000] {processor.py:208} INFO - Processing /opt/airflow/dags/dag_extract_catalogs.py took 0.030 seconds
[2026-07-21T19:59:03.400+0000] {processor.py:186} INFO - Started process (PID=26266) to work on /opt/airflow/dags/dag_extract_catalogs.py
[2026-07-21T19:59:03.401+0000] {processor.py:914} INFO - Processing file /opt/airflow/dags/dag_extract_catalogs.py for tasks to queue
[2026-07-21T19:59:03.402+0000] {logging_mixin.py:190} INFO - [2026-07-21T19:59:03.402+0000] {dagbag.py:588} INFO - Filling up the DagBag from /opt/airflow/dags/dag_extract_catalogs.py
[2026-07-21T19:59:03.409+0000] {processor.py:925} INFO - DAG(s) 'dag_extract_catalogs' retrieved from /opt/airflow/dags/dag_extract_catalogs.py
[2026-07-21T19:59:03.420+0000] {logging_mixin.py:190} INFO - [2026-07-21T19:59:03.420+0000] {dag.py:3239} INFO - Sync 1 DAGs
[2026-07-21T19:59:03.428+0000] {logging_mixin.py:190} INFO - [2026-07-21T19:59:03.428+0000] {dag.py:4180} INFO - Setting next_dagrun for dag_extract_catalogs to 2026-07-21 01:00:00+00:00, run_after=2026-07-22 01:00:00+00:00
[2026-07-21T19:59:03.436+0000] {processor.py:208} INFO - Processing /opt/airflow/dags/dag_extract_catalogs.py took 0.039 seconds
[2026-07-21T19:59:33.924+0000] {processor.py:186} INFO - Started process (PID=26288) to work on /opt/airflow/dags/dag_extract_catalogs.py
[2026-07-21T19:59:33.924+0000] {processor.py:914} INFO - Processing file /opt/airflow/dags/dag_extract_catalogs.py for tasks to queue
[2026-07-21T19:59:33.925+0000] {logging_mixin.py:190} INFO - [2026-07-21T19:59:33.925+0000] {dagbag.py:588} INFO - Filling up the DagBag from /opt/airflow/dags/dag_extract_catalogs.py
[2026-07-21T19:59:33.931+0000] {processor.py:925} INFO - DAG(s) 'dag_extract_catalogs' retrieved from /opt/airflow/dags/dag_extract_catalogs.py
[2026-07-21T19:59:33.942+0000] {logging_mixin.py:190} INFO - [2026-07-21T19:59:33.941+0000] {dag.py:3239} INFO - Sync 1 DAGs
[2026-07-21T19:59:33.949+0000] {logging_mixin.py:190} INFO - [2026-07-21T19:59:33.949+0000] {dag.py:4180} INFO - Setting next_dagrun for dag_extract_catalogs to 2026-07-21 01:00:00+00:00, run_after=2026-07-22 01:00:00+00:00
[2026-07-21T19:59:33.955+0000] {processor.py:208} INFO - Processing /opt/airflow/dags/dag_extract_catalogs.py took 0.034 seconds
[2026-07-21T20:00:04.352+0000] {processor.py:186} INFO - Started process (PID=26311) to work on /opt/airflow/dags/dag_extract_catalogs.py
[2026-07-21T20:00:04.352+0000] {processor.py:914} INFO - Processing file /opt/airflow/dags/dag_extract_catalogs.py for tasks to queue
[2026-07-21T20:00:04.353+0000] {logging_mixin.py:190} INFO - [2026-07-21T20:00:04.353+0000] {dagbag.py:588} INFO - Filling up the DagBag from /opt/airflow/dags/dag_extract_catalogs.py
[2026-07-21T20:00:04.358+0000] {processor.py:925} INFO - DAG(s) 'dag_extract_catalogs' retrieved from /opt/airflow/dags/dag_extract_catalogs.py
[2026-07-21T20:00:04.368+0000] {logging_mixin.py:190} INFO - [2026-07-21T20:00:04.368+0000] {dag.py:3239} INFO - Sync 1 DAGs
[2026-07-21T20:00:04.375+0000] {logging_mixin.py:190} INFO - [2026-07-21T20:00:04.375+0000] {dag.py:4180} INFO - Setting next_dagrun for dag_extract_catalogs to 2026-07-21 01:00:00+00:00, run_after=2026-07-22 01:00:00+00:00
[2026-07-21T20:00:04.380+0000] {processor.py:208} INFO - Processing /opt/airflow/dags/dag_extract_catalogs.py took 0.031 seconds
[2026-07-21T20:00:34.785+0000] {processor.py:186} INFO - Started process (PID=26331) to work on /opt/airflow/dags/dag_extract_catalogs.py
[2026-07-21T20:00:34.785+0000] {processor.py:914} INFO - Processing file /opt/airflow/dags/dag_extract_catalogs.py for tasks to queue
[2026-07-21T20:00:34.786+0000] {logging_mixin.py:190} INFO - [2026-07-21T20:00:34.786+0000] {dagbag.py:588} INFO - Filling up the DagBag from /opt/airflow/dags/dag_extract_catalogs.py
[2026-07-21T20:00:34.791+0000] {processor.py:925} INFO - DAG(s) 'dag_extract_catalogs' retrieved from /opt/airflow/dags/dag_extract_catalogs.py
[2026-07-21T20:00:34.801+0000] {logging_mixin.py:190} INFO - [2026-07-21T20:00:34.801+0000] {dag.py:3239} INFO - Sync 1 DAGs
[2026-07-21T20:00:34.809+0000] {logging_mixin.py:190} INFO - [2026-07-21T20:00:34.809+0000] {dag.py:4180} INFO - Setting next_dagrun for dag_extract_catalogs to 2026-07-21 01:00:00+00:00, run_after=2026-07-22 01:00:00+00:00
[2026-07-21T20:00:34.815+0000] {processor.py:208} INFO - Processing /opt/airflow/dags/dag_extract_catalogs.py took 0.032 seconds
[2026-07-21T20:01:05.415+0000] {processor.py:186} INFO - Started process (PID=26351) to work on /opt/airflow/dags/dag_extract_catalogs.py
[2026-07-21T20:01:05.416+0000] {processor.py:914} INFO - Processing file /opt/airflow/dags/dag_extract_catalogs.py for tasks to queue
[2026-07-21T20:01:05.416+0000] {logging_mixin.py:190} INFO - [2026-07-21T20:01:05.416+0000] {dagbag.py:588} INFO - Filling up the DagBag from /opt/airflow/dags/dag_extract_catalogs.py
[2026-07-21T20:01:05.421+0000] {processor.py:925} INFO - DAG(s) 'dag_extract_catalogs' retrieved from /opt/airflow/dags/dag_extract_catalogs.py
[2026-07-21T20:01:05.431+0000] {logging_mixin.py:190} INFO - [2026-07-21T20:01:05.431+0000] {dag.py:3239} INFO - Sync 1 DAGs
[2026-07-21T20:01:05.438+0000] {logging_mixin.py:190} INFO - [2026-07-21T20:01:05.438+0000] {dag.py:4180} INFO - Setting next_dagrun for dag_extract_catalogs to 2026-07-21 01:00:00+00:00, run_after=2026-07-22 01:00:00+00:00
[2026-07-21T20:01:05.443+0000] {processor.py:208} INFO - Processing /opt/airflow/dags/dag_extract_catalogs.py took 0.030 seconds
[2026-07-21T21:20:28.069+0000] {processor.py:186} INFO - Started process (PID=26374) to work on /opt/airflow/dags/dag_extract_catalogs.py
[2026-07-21T21:20:28.069+0000] {processor.py:914} INFO - Processing file /opt/airflow/dags/dag_extract_catalogs.py for tasks to queue
[2026-07-21T21:20:28.070+0000] {logging_mixin.py:190} INFO - [2026-07-21T21:20:28.070+0000] {dagbag.py:588} INFO - Filling up the DagBag from /opt/airflow/dags/dag_extract_catalogs.py
[2026-07-21T21:20:28.075+0000] {processor.py:925} INFO - DAG(s) 'dag_extract_catalogs' retrieved from /opt/airflow/dags/dag_extract_catalogs.py
[2026-07-21T21:20:28.085+0000] {logging_mixin.py:190} INFO - [2026-07-21T21:20:28.085+0000] {dag.py:3239} INFO - Sync 1 DAGs
[2026-07-21T21:20:28.092+0000] {logging_mixin.py:190} INFO - [2026-07-21T21:20:28.092+0000] {dag.py:4180} INFO - Setting next_dagrun for dag_extract_catalogs to 2026-07-21 01:00:00+00:00, run_after=2026-07-22 01:00:00+00:00
[2026-07-21T21:20:28.097+0000] {processor.py:208} INFO - Processing /opt/airflow/dags/dag_extract_catalogs.py took 0.031 seconds
[2026-07-21T22:19:28.503+0000] {processor.py:186} INFO - Started process (PID=26392) to work on /opt/airflow/dags/dag_extract_catalogs.py
[2026-07-21T22:19:28.504+0000] {processor.py:914} INFO - Processing file /opt/airflow/dags/dag_extract_catalogs.py for tasks to queue
[2026-07-21T22:19:28.505+0000] {logging_mixin.py:190} INFO - [2026-07-21T22:19:28.504+0000] {dagbag.py:588} INFO - Filling up the DagBag from /opt/airflow/dags/dag_extract_catalogs.py
[2026-07-21T22:19:28.513+0000] {processor.py:925} INFO - DAG(s) 'dag_extract_catalogs' retrieved from /opt/airflow/dags/dag_extract_catalogs.py
[2026-07-21T22:19:28.527+0000] {logging_mixin.py:190} INFO - [2026-07-21T22:19:28.527+0000] {dag.py:3239} INFO - Sync 1 DAGs
[2026-07-21T22:19:28.538+0000] {logging_mixin.py:190} INFO - [2026-07-21T22:19:28.538+0000] {dag.py:4180} INFO - Setting next_dagrun for dag_extract_catalogs to 2026-07-21 01:00:00+00:00, run_after=2026-07-22 01:00:00+00:00
[2026-07-21T22:19:28.544+0000] {processor.py:208} INFO - Processing /opt/airflow/dags/dag_extract_catalogs.py took 0.044 seconds
[2026-07-21T23:55:53.211+0000] {processor.py:186} INFO - Started process (PID=26420) to work on /opt/airflow/dags/dag_extract_catalogs.py
[2026-07-21T23:55:53.212+0000] {processor.py:914} INFO - Processing file /opt/airflow/dags/dag_extract_catalogs.py for tasks to queue
[2026-07-21T23:55:53.212+0000] {logging_mixin.py:190} INFO - [2026-07-21T23:55:53.212+0000] {dagbag.py:588} INFO - Filling up the DagBag from /opt/airflow/dags/dag_extract_catalogs.py
[2026-07-21T23:55:53.217+0000] {processor.py:925} INFO - DAG(s) 'dag_extract_catalogs' retrieved from /opt/airflow/dags/dag_extract_catalogs.py
[2026-07-21T23:55:53.227+0000] {logging_mixin.py:190} INFO - [2026-07-21T23:55:53.227+0000] {dag.py:3239} INFO - Sync 1 DAGs
[2026-07-21T23:55:53.234+0000] {logging_mixin.py:190} INFO - [2026-07-21T23:55:53.234+0000] {dag.py:4180} INFO - Setting next_dagrun for dag_extract_catalogs to 2026-07-21 01:00:00+00:00, run_after=2026-07-22 01:00:00+00:00
[2026-07-21T23:55:53.239+0000] {processor.py:208} INFO - Processing /opt/airflow/dags/dag_extract_catalogs.py took 0.030 seconds
