[2026-07-21T00:35:32.161+0000] {processor.py:186} INFO - Started process (PID=24800) to work on /opt/airflow/dags/dag_extract_putevoy_list.py
[2026-07-21T00:35:32.162+0000] {processor.py:914} INFO - Processing file /opt/airflow/dags/dag_extract_putevoy_list.py for tasks to queue
[2026-07-21T00:35:32.165+0000] {logging_mixin.py:190} INFO - [2026-07-21T00:35:32.165+0000] {dagbag.py:588} INFO - Filling up the DagBag from /opt/airflow/dags/dag_extract_putevoy_list.py
[2026-07-21T00:35:32.175+0000] {processor.py:925} INFO - DAG(s) 'dag_extract_putevoy_list' retrieved from /opt/airflow/dags/dag_extract_putevoy_list.py
[2026-07-21T00:35:32.188+0000] {logging_mixin.py:190} INFO - [2026-07-21T00:35:32.188+0000] {dag.py:3239} INFO - Sync 1 DAGs
[2026-07-21T00:35:32.197+0000] {logging_mixin.py:190} INFO - [2026-07-21T00:35:32.197+0000] {dag.py:4180} INFO - Setting next_dagrun for dag_extract_putevoy_list to 2026-07-20 02:00:00+00:00, run_after=2026-07-21 02:00:00+00:00
[2026-07-21T00:35:32.206+0000] {processor.py:208} INFO - Processing /opt/airflow/dags/dag_extract_putevoy_list.py took 0.049 seconds
[2026-07-21T00:58:27.044+0000] {processor.py:186} INFO - Started process (PID=24826) to work on /opt/airflow/dags/dag_extract_putevoy_list.py
[2026-07-21T00:58:27.045+0000] {processor.py:914} INFO - Processing file /opt/airflow/dags/dag_extract_putevoy_list.py for tasks to queue
[2026-07-21T00:58:27.046+0000] {logging_mixin.py:190} INFO - [2026-07-21T00:58:27.046+0000] {dagbag.py:588} INFO - Filling up the DagBag from /opt/airflow/dags/dag_extract_putevoy_list.py
[2026-07-21T00:58:27.054+0000] {processor.py:925} INFO - DAG(s) 'dag_extract_putevoy_list' retrieved from /opt/airflow/dags/dag_extract_putevoy_list.py
[2026-07-21T00:58:27.069+0000] {logging_mixin.py:190} INFO - [2026-07-21T00:58:27.069+0000] {dag.py:3239} INFO - Sync 1 DAGs
[2026-07-21T00:58:27.079+0000] {logging_mixin.py:190} INFO - [2026-07-21T00:58:27.079+0000] {dag.py:4180} INFO - Setting next_dagrun for dag_extract_putevoy_list to 2026-07-20 02:00:00+00:00, run_after=2026-07-21 02:00:00+00:00
[2026-07-21T00:58:27.088+0000] {processor.py:208} INFO - Processing /opt/airflow/dags/dag_extract_putevoy_list.py took 0.047 seconds
[2026-07-21T01:32:31.616+0000] {processor.py:186} INFO - Started process (PID=24858) to work on /opt/airflow/dags/dag_extract_putevoy_list.py
[2026-07-21T01:32:31.617+0000] {processor.py:914} INFO - Processing file /opt/airflow/dags/dag_extract_putevoy_list.py for tasks to queue
[2026-07-21T01:32:31.619+0000] {logging_mixin.py:190} INFO - [2026-07-21T01:32:31.618+0000] {dagbag.py:588} INFO - Filling up the DagBag from /opt/airflow/dags/dag_extract_putevoy_list.py
[2026-07-21T01:32:31.626+0000] {processor.py:925} INFO - DAG(s) 'dag_extract_putevoy_list' retrieved from /opt/airflow/dags/dag_extract_putevoy_list.py
[2026-07-21T01:32:31.637+0000] {logging_mixin.py:190} INFO - [2026-07-21T01:32:31.637+0000] {dag.py:3239} INFO - Sync 1 DAGs
[2026-07-21T01:32:31.646+0000] {logging_mixin.py:190} INFO - [2026-07-21T01:32:31.645+0000] {dag.py:4180} INFO - Setting next_dagrun for dag_extract_putevoy_list to 2026-07-20 02:00:00+00:00, run_after=2026-07-21 02:00:00+00:00
[2026-07-21T01:32:31.652+0000] {processor.py:208} INFO - Processing /opt/airflow/dags/dag_extract_putevoy_list.py took 0.039 seconds
[2026-07-21T02:07:13.018+0000] {processor.py:186} INFO - Started process (PID=24881) to work on /opt/airflow/dags/dag_extract_putevoy_list.py
[2026-07-21T02:07:13.018+0000] {processor.py:914} INFO - Processing file /opt/airflow/dags/dag_extract_putevoy_list.py for tasks to queue
[2026-07-21T02:07:13.020+0000] {logging_mixin.py:190} INFO - [2026-07-21T02:07:13.020+0000] {dagbag.py:588} INFO - Filling up the DagBag from /opt/airflow/dags/dag_extract_putevoy_list.py
[2026-07-21T02:07:13.031+0000] {processor.py:925} INFO - DAG(s) 'dag_extract_putevoy_list' retrieved from /opt/airflow/dags/dag_extract_putevoy_list.py
[2026-07-21T02:07:13.046+0000] {logging_mixin.py:190} INFO - [2026-07-21T02:07:13.046+0000] {dag.py:3239} INFO - Sync 1 DAGs
[2026-07-21T02:07:13.057+0000] {logging_mixin.py:190} INFO - [2026-07-21T02:07:13.057+0000] {dag.py:4180} INFO - Setting next_dagrun for dag_extract_putevoy_list to 2026-07-20 02:00:00+00:00, run_after=2026-07-21 02:00:00+00:00
[2026-07-21T02:07:13.065+0000] {processor.py:208} INFO - Processing /opt/airflow/dags/dag_extract_putevoy_list.py took 0.052 seconds
[2026-07-21T02:43:17.392+0000] {processor.py:186} INFO - Started process (PID=24916) to work on /opt/airflow/dags/dag_extract_putevoy_list.py
[2026-07-21T02:43:17.393+0000] {processor.py:914} INFO - Processing file /opt/airflow/dags/dag_extract_putevoy_list.py for tasks to queue
[2026-07-21T02:43:17.396+0000] {logging_mixin.py:190} INFO - [2026-07-21T02:43:17.396+0000] {dagbag.py:588} INFO - Filling up the DagBag from /opt/airflow/dags/dag_extract_putevoy_list.py
[2026-07-21T02:43:17.412+0000] {processor.py:925} INFO - DAG(s) 'dag_extract_putevoy_list' retrieved from /opt/airflow/dags/dag_extract_putevoy_list.py
[2026-07-21T02:43:17.436+0000] {logging_mixin.py:190} INFO - [2026-07-21T02:43:17.435+0000] {dag.py:3239} INFO - Sync 1 DAGs
[2026-07-21T02:43:17.460+0000] {processor.py:208} INFO - Processing /opt/airflow/dags/dag_extract_putevoy_list.py took 0.074 seconds
[2026-07-21T03:16:16.818+0000] {processor.py:186} INFO - Started process (PID=24957) to work on /opt/airflow/dags/dag_extract_putevoy_list.py
[2026-07-21T03:16:16.818+0000] {processor.py:914} INFO - Processing file /opt/airflow/dags/dag_extract_putevoy_list.py for tasks to queue
[2026-07-21T03:16:16.819+0000] {logging_mixin.py:190} INFO - [2026-07-21T03:16:16.819+0000] {dagbag.py:588} INFO - Filling up the DagBag from /opt/airflow/dags/dag_extract_putevoy_list.py
[2026-07-21T03:16:16.825+0000] {processor.py:925} INFO - DAG(s) 'dag_extract_putevoy_list' retrieved from /opt/airflow/dags/dag_extract_putevoy_list.py
[2026-07-21T03:16:16.836+0000] {logging_mixin.py:190} INFO - [2026-07-21T03:16:16.836+0000] {dag.py:3239} INFO - Sync 1 DAGs
[2026-07-21T03:16:16.849+0000] {processor.py:208} INFO - Processing /opt/airflow/dags/dag_extract_putevoy_list.py took 0.035 seconds
[2026-07-21T03:16:47.403+0000] {processor.py:186} INFO - Started process (PID=24977) to work on /opt/airflow/dags/dag_extract_putevoy_list.py
[2026-07-21T03:16:47.404+0000] {processor.py:914} INFO - Processing file /opt/airflow/dags/dag_extract_putevoy_list.py for tasks to queue
[2026-07-21T03:16:47.406+0000] {logging_mixin.py:190} INFO - [2026-07-21T03:16:47.406+0000] {dagbag.py:588} INFO - Filling up the DagBag from /opt/airflow/dags/dag_extract_putevoy_list.py
[2026-07-21T03:16:47.417+0000] {processor.py:925} INFO - DAG(s) 'dag_extract_putevoy_list' retrieved from /opt/airflow/dags/dag_extract_putevoy_list.py
[2026-07-21T03:16:47.434+0000] {logging_mixin.py:190} INFO - [2026-07-21T03:16:47.433+0000] {dag.py:3239} INFO - Sync 1 DAGs
[2026-07-21T03:16:47.444+0000] {logging_mixin.py:190} INFO - [2026-07-21T03:16:47.444+0000] {dag.py:4180} INFO - Setting next_dagrun for dag_extract_putevoy_list to 2026-07-21 02:00:00+00:00, run_after=2026-07-22 02:00:00+00:00
[2026-07-21T03:16:47.453+0000] {processor.py:208} INFO - Processing /opt/airflow/dags/dag_extract_putevoy_list.py took 0.054 seconds
[2026-07-21T04:15:04.036+0000] {processor.py:186} INFO - Started process (PID=25001) to work on /opt/airflow/dags/dag_extract_putevoy_list.py
[2026-07-21T04:15:04.037+0000] {processor.py:914} INFO - Processing file /opt/airflow/dags/dag_extract_putevoy_list.py for tasks to queue
[2026-07-21T04:15:04.042+0000] {logging_mixin.py:190} INFO - [2026-07-21T04:15:04.042+0000] {dagbag.py:588} INFO - Filling up the DagBag from /opt/airflow/dags/dag_extract_putevoy_list.py
[2026-07-21T04:15:04.055+0000] {processor.py:925} INFO - DAG(s) 'dag_extract_putevoy_list' retrieved from /opt/airflow/dags/dag_extract_putevoy_list.py
[2026-07-21T04:15:04.079+0000] {logging_mixin.py:190} INFO - [2026-07-21T04:15:04.079+0000] {dag.py:3239} INFO - Sync 1 DAGs
[2026-07-21T04:15:04.094+0000] {logging_mixin.py:190} INFO - [2026-07-21T04:15:04.094+0000] {dag.py:4180} INFO - Setting next_dagrun for dag_extract_putevoy_list to 2026-07-21 02:00:00+00:00, run_after=2026-07-22 02:00:00+00:00
[2026-07-21T04:15:04.110+0000] {processor.py:208} INFO - Processing /opt/airflow/dags/dag_extract_putevoy_list.py took 0.077 seconds
[2026-07-21T05:31:35.016+0000] {processor.py:186} INFO - Started process (PID=25033) to work on /opt/airflow/dags/dag_extract_putevoy_list.py
[2026-07-21T05:31:35.018+0000] {processor.py:914} INFO - Processing file /opt/airflow/dags/dag_extract_putevoy_list.py for tasks to queue
[2026-07-21T05:31:35.020+0000] {logging_mixin.py:190} INFO - [2026-07-21T05:31:35.019+0000] {dagbag.py:588} INFO - Filling up the DagBag from /opt/airflow/dags/dag_extract_putevoy_list.py
[2026-07-21T05:31:35.031+0000] {processor.py:925} INFO - DAG(s) 'dag_extract_putevoy_list' retrieved from /opt/airflow/dags/dag_extract_putevoy_list.py
[2026-07-21T05:31:35.049+0000] {logging_mixin.py:190} INFO - [2026-07-21T05:31:35.049+0000] {dag.py:3239} INFO - Sync 1 DAGs
[2026-07-21T05:31:35.066+0000] {logging_mixin.py:190} INFO - [2026-07-21T05:31:35.066+0000] {dag.py:4180} INFO - Setting next_dagrun for dag_extract_putevoy_list to 2026-07-21 02:00:00+00:00, run_after=2026-07-22 02:00:00+00:00
[2026-07-21T05:31:35.076+0000] {processor.py:208} INFO - Processing /opt/airflow/dags/dag_extract_putevoy_list.py took 0.063 seconds
[2026-07-21T06:47:18.752+0000] {processor.py:186} INFO - Started process (PID=25073) to work on /opt/airflow/dags/dag_extract_putevoy_list.py
[2026-07-21T06:47:18.752+0000] {processor.py:914} INFO - Processing file /opt/airflow/dags/dag_extract_putevoy_list.py for tasks to queue
[2026-07-21T06:47:18.753+0000] {logging_mixin.py:190} INFO - [2026-07-21T06:47:18.753+0000] {dagbag.py:588} INFO - Filling up the DagBag from /opt/airflow/dags/dag_extract_putevoy_list.py
[2026-07-21T06:47:18.761+0000] {processor.py:925} INFO - DAG(s) 'dag_extract_putevoy_list' retrieved from /opt/airflow/dags/dag_extract_putevoy_list.py
[2026-07-21T06:47:18.772+0000] {logging_mixin.py:190} INFO - [2026-07-21T06:47:18.772+0000] {dag.py:3239} INFO - Sync 1 DAGs
[2026-07-21T06:47:18.781+0000] {logging_mixin.py:190} INFO - [2026-07-21T06:47:18.781+0000] {dag.py:4180} INFO - Setting next_dagrun for dag_extract_putevoy_list to 2026-07-21 02:00:00+00:00, run_after=2026-07-22 02:00:00+00:00
[2026-07-21T06:47:18.787+0000] {processor.py:208} INFO - Processing /opt/airflow/dags/dag_extract_putevoy_list.py took 0.038 seconds
[2026-07-21T07:48:22.019+0000] {processor.py:186} INFO - Started process (PID=25096) to work on /opt/airflow/dags/dag_extract_putevoy_list.py
[2026-07-21T07:48:22.020+0000] {processor.py:914} INFO - Processing file /opt/airflow/dags/dag_extract_putevoy_list.py for tasks to queue
[2026-07-21T07:48:22.023+0000] {logging_mixin.py:190} INFO - [2026-07-21T07:48:22.022+0000] {dagbag.py:588} INFO - Filling up the DagBag from /opt/airflow/dags/dag_extract_putevoy_list.py
[2026-07-21T07:48:22.031+0000] {processor.py:925} INFO - DAG(s) 'dag_extract_putevoy_list' retrieved from /opt/airflow/dags/dag_extract_putevoy_list.py
[2026-07-21T07:48:22.046+0000] {logging_mixin.py:190} INFO - [2026-07-21T07:48:22.046+0000] {dag.py:3239} INFO - Sync 1 DAGs
[2026-07-21T07:48:22.055+0000] {logging_mixin.py:190} INFO - [2026-07-21T07:48:22.055+0000] {dag.py:4180} INFO - Setting next_dagrun for dag_extract_putevoy_list to 2026-07-21 02:00:00+00:00, run_after=2026-07-22 02:00:00+00:00
[2026-07-21T07:48:22.062+0000] {processor.py:208} INFO - Processing /opt/airflow/dags/dag_extract_putevoy_list.py took 0.046 seconds
[2026-07-21T08:05:49.997+0000] {processor.py:186} INFO - Started process (PID=25122) to work on /opt/airflow/dags/dag_extract_putevoy_list.py
[2026-07-21T08:05:49.997+0000] {processor.py:914} INFO - Processing file /opt/airflow/dags/dag_extract_putevoy_list.py for tasks to queue
[2026-07-21T08:05:49.998+0000] {logging_mixin.py:190} INFO - [2026-07-21T08:05:49.998+0000] {dagbag.py:588} INFO - Filling up the DagBag from /opt/airflow/dags/dag_extract_putevoy_list.py
[2026-07-21T08:05:50.008+0000] {processor.py:925} INFO - DAG(s) 'dag_extract_putevoy_list' retrieved from /opt/airflow/dags/dag_extract_putevoy_list.py
[2026-07-21T08:05:50.024+0000] {logging_mixin.py:190} INFO - [2026-07-21T08:05:50.024+0000] {dag.py:3239} INFO - Sync 1 DAGs
[2026-07-21T08:05:50.033+0000] {logging_mixin.py:190} INFO - [2026-07-21T08:05:50.033+0000] {dag.py:4180} INFO - Setting next_dagrun for dag_extract_putevoy_list to 2026-07-21 02:00:00+00:00, run_after=2026-07-22 02:00:00+00:00
[2026-07-21T08:05:50.042+0000] {processor.py:208} INFO - Processing /opt/airflow/dags/dag_extract_putevoy_list.py took 0.049 seconds
[2026-07-21T09:24:01.987+0000] {processor.py:186} INFO - Started process (PID=25146) to work on /opt/airflow/dags/dag_extract_putevoy_list.py
[2026-07-21T09:24:01.988+0000] {processor.py:914} INFO - Processing file /opt/airflow/dags/dag_extract_putevoy_list.py for tasks to queue
[2026-07-21T09:24:01.990+0000] {logging_mixin.py:190} INFO - [2026-07-21T09:24:01.989+0000] {dagbag.py:588} INFO - Filling up the DagBag from /opt/airflow/dags/dag_extract_putevoy_list.py
[2026-07-21T09:24:01.999+0000] {processor.py:925} INFO - DAG(s) 'dag_extract_putevoy_list' retrieved from /opt/airflow/dags/dag_extract_putevoy_list.py
[2026-07-21T09:24:02.016+0000] {logging_mixin.py:190} INFO - [2026-07-21T09:24:02.016+0000] {dag.py:3239} INFO - Sync 1 DAGs
[2026-07-21T09:24:02.027+0000] {logging_mixin.py:190} INFO - [2026-07-21T09:24:02.027+0000] {dag.py:4180} INFO - Setting next_dagrun for dag_extract_putevoy_list to 2026-07-21 02:00:00+00:00, run_after=2026-07-22 02:00:00+00:00
[2026-07-21T09:24:02.035+0000] {processor.py:208} INFO - Processing /opt/airflow/dags/dag_extract_putevoy_list.py took 0.052 seconds
[2026-07-21T09:50:27.182+0000] {processor.py:186} INFO - Started process (PID=25171) to work on /opt/airflow/dags/dag_extract_putevoy_list.py
[2026-07-21T09:50:27.183+0000] {processor.py:914} INFO - Processing file /opt/airflow/dags/dag_extract_putevoy_list.py for tasks to queue
[2026-07-21T09:50:27.185+0000] {logging_mixin.py:190} INFO - [2026-07-21T09:50:27.185+0000] {dagbag.py:588} INFO - Filling up the DagBag from /opt/airflow/dags/dag_extract_putevoy_list.py
[2026-07-21T09:50:27.192+0000] {processor.py:925} INFO - DAG(s) 'dag_extract_putevoy_list' retrieved from /opt/airflow/dags/dag_extract_putevoy_list.py
[2026-07-21T09:50:27.206+0000] {logging_mixin.py:190} INFO - [2026-07-21T09:50:27.206+0000] {dag.py:3239} INFO - Sync 1 DAGs
[2026-07-21T09:50:27.215+0000] {logging_mixin.py:190} INFO - [2026-07-21T09:50:27.215+0000] {dag.py:4180} INFO - Setting next_dagrun for dag_extract_putevoy_list to 2026-07-21 02:00:00+00:00, run_after=2026-07-22 02:00:00+00:00
[2026-07-21T09:50:27.223+0000] {processor.py:208} INFO - Processing /opt/airflow/dags/dag_extract_putevoy_list.py took 0.045 seconds
[2026-07-21T10:51:34.313+0000] {processor.py:186} INFO - Started process (PID=25191) to work on /opt/airflow/dags/dag_extract_putevoy_list.py
[2026-07-21T10:51:34.314+0000] {processor.py:914} INFO - Processing file /opt/airflow/dags/dag_extract_putevoy_list.py for tasks to queue
[2026-07-21T10:51:34.316+0000] {logging_mixin.py:190} INFO - [2026-07-21T10:51:34.316+0000] {dagbag.py:588} INFO - Filling up the DagBag from /opt/airflow/dags/dag_extract_putevoy_list.py
[2026-07-21T10:51:34.324+0000] {processor.py:925} INFO - DAG(s) 'dag_extract_putevoy_list' retrieved from /opt/airflow/dags/dag_extract_putevoy_list.py
[2026-07-21T10:51:34.335+0000] {logging_mixin.py:190} INFO - [2026-07-21T10:51:34.335+0000] {dag.py:3239} INFO - Sync 1 DAGs
[2026-07-21T10:51:34.344+0000] {logging_mixin.py:190} INFO - [2026-07-21T10:51:34.344+0000] {dag.py:4180} INFO - Setting next_dagrun for dag_extract_putevoy_list to 2026-07-21 02:00:00+00:00, run_after=2026-07-22 02:00:00+00:00
[2026-07-21T10:51:34.353+0000] {processor.py:208} INFO - Processing /opt/airflow/dags/dag_extract_putevoy_list.py took 0.042 seconds
[2026-07-21T11:52:30.449+0000] {processor.py:186} INFO - Started process (PID=25215) to work on /opt/airflow/dags/dag_extract_putevoy_list.py
[2026-07-21T11:52:30.450+0000] {processor.py:914} INFO - Processing file /opt/airflow/dags/dag_extract_putevoy_list.py for tasks to queue
[2026-07-21T11:52:30.451+0000] {logging_mixin.py:190} INFO - [2026-07-21T11:52:30.451+0000] {dagbag.py:588} INFO - Filling up the DagBag from /opt/airflow/dags/dag_extract_putevoy_list.py
[2026-07-21T11:52:30.464+0000] {processor.py:925} INFO - DAG(s) 'dag_extract_putevoy_list' retrieved from /opt/airflow/dags/dag_extract_putevoy_list.py
[2026-07-21T11:52:30.481+0000] {logging_mixin.py:190} INFO - [2026-07-21T11:52:30.481+0000] {dag.py:3239} INFO - Sync 1 DAGs
[2026-07-21T11:52:30.493+0000] {logging_mixin.py:190} INFO - [2026-07-21T11:52:30.493+0000] {dag.py:4180} INFO - Setting next_dagrun for dag_extract_putevoy_list to 2026-07-21 02:00:00+00:00, run_after=2026-07-22 02:00:00+00:00
[2026-07-21T11:52:30.500+0000] {processor.py:208} INFO - Processing /opt/airflow/dags/dag_extract_putevoy_list.py took 0.055 seconds
[2026-07-21T12:25:32.366+0000] {processor.py:186} INFO - Started process (PID=25237) to work on /opt/airflow/dags/dag_extract_putevoy_list.py
[2026-07-21T12:25:32.367+0000] {processor.py:914} INFO - Processing file /opt/airflow/dags/dag_extract_putevoy_list.py for tasks to queue
[2026-07-21T12:25:32.368+0000] {logging_mixin.py:190} INFO - [2026-07-21T12:25:32.368+0000] {dagbag.py:588} INFO - Filling up the DagBag from /opt/airflow/dags/dag_extract_putevoy_list.py
[2026-07-21T12:25:32.379+0000] {processor.py:925} INFO - DAG(s) 'dag_extract_putevoy_list' retrieved from /opt/airflow/dags/dag_extract_putevoy_list.py
[2026-07-21T12:25:32.396+0000] {logging_mixin.py:190} INFO - [2026-07-21T12:25:32.396+0000] {dag.py:3239} INFO - Sync 1 DAGs
[2026-07-21T12:25:32.406+0000] {logging_mixin.py:190} INFO - [2026-07-21T12:25:32.406+0000] {dag.py:4180} INFO - Setting next_dagrun for dag_extract_putevoy_list to 2026-07-21 02:00:00+00:00, run_after=2026-07-22 02:00:00+00:00
[2026-07-21T12:25:32.414+0000] {processor.py:208} INFO - Processing /opt/airflow/dags/dag_extract_putevoy_list.py took 0.052 seconds
[2026-07-21T13:11:07.945+0000] {processor.py:186} INFO - Started process (PID=25266) to work on /opt/airflow/dags/dag_extract_putevoy_list.py
[2026-07-21T13:11:07.946+0000] {processor.py:914} INFO - Processing file /opt/airflow/dags/dag_extract_putevoy_list.py for tasks to queue
[2026-07-21T13:11:07.948+0000] {logging_mixin.py:190} INFO - [2026-07-21T13:11:07.948+0000] {dagbag.py:588} INFO - Filling up the DagBag from /opt/airflow/dags/dag_extract_putevoy_list.py
[2026-07-21T13:11:07.956+0000] {processor.py:925} INFO - DAG(s) 'dag_extract_putevoy_list' retrieved from /opt/airflow/dags/dag_extract_putevoy_list.py
[2026-07-21T13:11:07.970+0000] {logging_mixin.py:190} INFO - [2026-07-21T13:11:07.970+0000] {dag.py:3239} INFO - Sync 1 DAGs
[2026-07-21T13:11:07.983+0000] {logging_mixin.py:190} INFO - [2026-07-21T13:11:07.983+0000] {dag.py:4180} INFO - Setting next_dagrun for dag_extract_putevoy_list to 2026-07-21 02:00:00+00:00, run_after=2026-07-22 02:00:00+00:00
[2026-07-21T13:11:07.992+0000] {processor.py:208} INFO - Processing /opt/airflow/dags/dag_extract_putevoy_list.py took 0.053 seconds
[2026-07-21T13:54:36.906+0000] {processor.py:186} INFO - Started process (PID=25287) to work on /opt/airflow/dags/dag_extract_putevoy_list.py
[2026-07-21T13:54:36.907+0000] {processor.py:914} INFO - Processing file /opt/airflow/dags/dag_extract_putevoy_list.py for tasks to queue
[2026-07-21T13:54:36.908+0000] {logging_mixin.py:190} INFO - [2026-07-21T13:54:36.908+0000] {dagbag.py:588} INFO - Filling up the DagBag from /opt/airflow/dags/dag_extract_putevoy_list.py
[2026-07-21T13:54:36.916+0000] {processor.py:925} INFO - DAG(s) 'dag_extract_putevoy_list' retrieved from /opt/airflow/dags/dag_extract_putevoy_list.py
[2026-07-21T13:54:36.929+0000] {logging_mixin.py:190} INFO - [2026-07-21T13:54:36.929+0000] {dag.py:3239} INFO - Sync 1 DAGs
[2026-07-21T13:54:36.939+0000] {logging_mixin.py:190} INFO - [2026-07-21T13:54:36.939+0000] {dag.py:4180} INFO - Setting next_dagrun for dag_extract_putevoy_list to 2026-07-21 02:00:00+00:00, run_after=2026-07-22 02:00:00+00:00
[2026-07-21T13:54:36.946+0000] {processor.py:208} INFO - Processing /opt/airflow/dags/dag_extract_putevoy_list.py took 0.044 seconds
[2026-07-21T15:12:24.339+0000] {processor.py:186} INFO - Started process (PID=25310) to work on /opt/airflow/dags/dag_extract_putevoy_list.py
[2026-07-21T15:12:24.340+0000] {processor.py:914} INFO - Processing file /opt/airflow/dags/dag_extract_putevoy_list.py for tasks to queue
[2026-07-21T15:12:24.342+0000] {logging_mixin.py:190} INFO - [2026-07-21T15:12:24.341+0000] {dagbag.py:588} INFO - Filling up the DagBag from /opt/airflow/dags/dag_extract_putevoy_list.py
[2026-07-21T15:12:24.353+0000] {processor.py:925} INFO - DAG(s) 'dag_extract_putevoy_list' retrieved from /opt/airflow/dags/dag_extract_putevoy_list.py
[2026-07-21T15:12:24.368+0000] {logging_mixin.py:190} INFO - [2026-07-21T15:12:24.367+0000] {dag.py:3239} INFO - Sync 1 DAGs
[2026-07-21T15:12:24.378+0000] {logging_mixin.py:190} INFO - [2026-07-21T15:12:24.378+0000] {dag.py:4180} INFO - Setting next_dagrun for dag_extract_putevoy_list to 2026-07-21 02:00:00+00:00, run_after=2026-07-22 02:00:00+00:00
[2026-07-21T15:12:24.387+0000] {processor.py:208} INFO - Processing /opt/airflow/dags/dag_extract_putevoy_list.py took 0.051 seconds
[2026-07-21T15:56:43.110+0000] {processor.py:186} INFO - Started process (PID=25332) to work on /opt/airflow/dags/dag_extract_putevoy_list.py
[2026-07-21T15:56:43.111+0000] {processor.py:914} INFO - Processing file /opt/airflow/dags/dag_extract_putevoy_list.py for tasks to queue
[2026-07-21T15:56:43.113+0000] {logging_mixin.py:190} INFO - [2026-07-21T15:56:43.113+0000] {dagbag.py:588} INFO - Filling up the DagBag from /opt/airflow/dags/dag_extract_putevoy_list.py
[2026-07-21T15:56:43.122+0000] {processor.py:925} INFO - DAG(s) 'dag_extract_putevoy_list' retrieved from /opt/airflow/dags/dag_extract_putevoy_list.py
[2026-07-21T15:56:43.140+0000] {logging_mixin.py:190} INFO - [2026-07-21T15:56:43.140+0000] {dag.py:3239} INFO - Sync 1 DAGs
[2026-07-21T15:56:43.152+0000] {logging_mixin.py:190} INFO - [2026-07-21T15:56:43.152+0000] {dag.py:4180} INFO - Setting next_dagrun for dag_extract_putevoy_list to 2026-07-21 02:00:00+00:00, run_after=2026-07-22 02:00:00+00:00
[2026-07-21T15:56:43.160+0000] {processor.py:208} INFO - Processing /opt/airflow/dags/dag_extract_putevoy_list.py took 0.054 seconds
[2026-07-21T16:57:33.735+0000] {processor.py:186} INFO - Started process (PID=25358) to work on /opt/airflow/dags/dag_extract_putevoy_list.py
[2026-07-21T16:57:33.736+0000] {processor.py:914} INFO - Processing file /opt/airflow/dags/dag_extract_putevoy_list.py for tasks to queue
[2026-07-21T16:57:33.737+0000] {logging_mixin.py:190} INFO - [2026-07-21T16:57:33.737+0000] {dagbag.py:588} INFO - Filling up the DagBag from /opt/airflow/dags/dag_extract_putevoy_list.py
[2026-07-21T16:57:33.746+0000] {processor.py:925} INFO - DAG(s) 'dag_extract_putevoy_list' retrieved from /opt/airflow/dags/dag_extract_putevoy_list.py
[2026-07-21T16:57:33.760+0000] {logging_mixin.py:190} INFO - [2026-07-21T16:57:33.760+0000] {dag.py:3239} INFO - Sync 1 DAGs
[2026-07-21T16:57:33.770+0000] {logging_mixin.py:190} INFO - [2026-07-21T16:57:33.770+0000] {dag.py:4180} INFO - Setting next_dagrun for dag_extract_putevoy_list to 2026-07-21 02:00:00+00:00, run_after=2026-07-22 02:00:00+00:00
[2026-07-21T16:57:33.779+0000] {processor.py:208} INFO - Processing /opt/airflow/dags/dag_extract_putevoy_list.py took 0.047 seconds
[2026-07-21T18:14:29.604+0000] {processor.py:186} INFO - Started process (PID=25381) to work on /opt/airflow/dags/dag_extract_putevoy_list.py
[2026-07-21T18:14:29.606+0000] {processor.py:914} INFO - Processing file /opt/airflow/dags/dag_extract_putevoy_list.py for tasks to queue
[2026-07-21T18:14:29.609+0000] {logging_mixin.py:190} INFO - [2026-07-21T18:14:29.608+0000] {dagbag.py:588} INFO - Filling up the DagBag from /opt/airflow/dags/dag_extract_putevoy_list.py
[2026-07-21T18:14:29.618+0000] {processor.py:925} INFO - DAG(s) 'dag_extract_putevoy_list' retrieved from /opt/airflow/dags/dag_extract_putevoy_list.py
[2026-07-21T18:14:29.636+0000] {logging_mixin.py:190} INFO - [2026-07-21T18:14:29.636+0000] {dag.py:3239} INFO - Sync 1 DAGs
[2026-07-21T18:14:29.647+0000] {logging_mixin.py:190} INFO - [2026-07-21T18:14:29.646+0000] {dag.py:4180} INFO - Setting next_dagrun for dag_extract_putevoy_list to 2026-07-21 02:00:00+00:00, run_after=2026-07-22 02:00:00+00:00
[2026-07-21T18:14:29.655+0000] {processor.py:208} INFO - Processing /opt/airflow/dags/dag_extract_putevoy_list.py took 0.055 seconds
[2026-07-21T18:47:15.529+0000] {processor.py:186} INFO - Started process (PID=25407) to work on /opt/airflow/dags/dag_extract_putevoy_list.py
[2026-07-21T18:47:15.529+0000] {processor.py:914} INFO - Processing file /opt/airflow/dags/dag_extract_putevoy_list.py for tasks to queue
[2026-07-21T18:47:15.530+0000] {logging_mixin.py:190} INFO - [2026-07-21T18:47:15.530+0000] {dagbag.py:588} INFO - Filling up the DagBag from /opt/airflow/dags/dag_extract_putevoy_list.py
[2026-07-21T18:47:15.538+0000] {processor.py:925} INFO - DAG(s) 'dag_extract_putevoy_list' retrieved from /opt/airflow/dags/dag_extract_putevoy_list.py
[2026-07-21T18:47:15.551+0000] {logging_mixin.py:190} INFO - [2026-07-21T18:47:15.551+0000] {dag.py:3239} INFO - Sync 1 DAGs
[2026-07-21T18:47:15.560+0000] {logging_mixin.py:190} INFO - [2026-07-21T18:47:15.560+0000] {dag.py:4180} INFO - Setting next_dagrun for dag_extract_putevoy_list to 2026-07-21 02:00:00+00:00, run_after=2026-07-22 02:00:00+00:00
[2026-07-21T18:47:15.570+0000] {processor.py:208} INFO - Processing /opt/airflow/dags/dag_extract_putevoy_list.py took 0.044 seconds
[2026-07-21T19:32:50.615+0000] {processor.py:186} INFO - Started process (PID=25433) to work on /opt/airflow/dags/dag_extract_putevoy_list.py
[2026-07-21T19:32:50.615+0000] {processor.py:914} INFO - Processing file /opt/airflow/dags/dag_extract_putevoy_list.py for tasks to queue
[2026-07-21T19:32:50.618+0000] {logging_mixin.py:190} INFO - [2026-07-21T19:32:50.617+0000] {dagbag.py:588} INFO - Filling up the DagBag from /opt/airflow/dags/dag_extract_putevoy_list.py
[2026-07-21T19:32:50.624+0000] {processor.py:925} INFO - DAG(s) 'dag_extract_putevoy_list' retrieved from /opt/airflow/dags/dag_extract_putevoy_list.py
[2026-07-21T19:32:50.637+0000] {logging_mixin.py:190} INFO - [2026-07-21T19:32:50.637+0000] {dag.py:3239} INFO - Sync 1 DAGs
[2026-07-21T19:32:50.647+0000] {logging_mixin.py:190} INFO - [2026-07-21T19:32:50.647+0000] {dag.py:4180} INFO - Setting next_dagrun for dag_extract_putevoy_list to 2026-07-21 02:00:00+00:00, run_after=2026-07-22 02:00:00+00:00
[2026-07-21T19:32:50.656+0000] {processor.py:208} INFO - Processing /opt/airflow/dags/dag_extract_putevoy_list.py took 0.044 seconds
[2026-07-21T19:38:43.721+0000] {processor.py:186} INFO - Started process (PID=25453) to work on /opt/airflow/dags/dag_extract_putevoy_list.py
[2026-07-21T19:38:43.723+0000] {processor.py:914} INFO - Processing file /opt/airflow/dags/dag_extract_putevoy_list.py for tasks to queue
[2026-07-21T19:38:43.729+0000] {logging_mixin.py:190} INFO - [2026-07-21T19:38:43.728+0000] {dagbag.py:588} INFO - Filling up the DagBag from /opt/airflow/dags/dag_extract_putevoy_list.py
[2026-07-21T19:38:43.747+0000] {processor.py:925} INFO - DAG(s) 'dag_extract_putevoy_list' retrieved from /opt/airflow/dags/dag_extract_putevoy_list.py
[2026-07-21T19:38:43.779+0000] {logging_mixin.py:190} INFO - [2026-07-21T19:38:43.779+0000] {dag.py:3239} INFO - Sync 1 DAGs
[2026-07-21T19:38:43.799+0000] {logging_mixin.py:190} INFO - [2026-07-21T19:38:43.799+0000] {dag.py:4180} INFO - Setting next_dagrun for dag_extract_putevoy_list to 2026-07-21 02:00:00+00:00, run_after=2026-07-22 02:00:00+00:00
[2026-07-21T19:38:43.810+0000] {processor.py:208} INFO - Processing /opt/airflow/dags/dag_extract_putevoy_list.py took 0.095 seconds
[2026-07-21T19:39:14.262+0000] {processor.py:186} INFO - Started process (PID=25473) to work on /opt/airflow/dags/dag_extract_putevoy_list.py
[2026-07-21T19:39:14.264+0000] {processor.py:914} INFO - Processing file /opt/airflow/dags/dag_extract_putevoy_list.py for tasks to queue
[2026-07-21T19:39:14.266+0000] {logging_mixin.py:190} INFO - [2026-07-21T19:39:14.265+0000] {dagbag.py:588} INFO - Filling up the DagBag from /opt/airflow/dags/dag_extract_putevoy_list.py
[2026-07-21T19:39:14.282+0000] {processor.py:925} INFO - DAG(s) 'dag_extract_putevoy_list' retrieved from /opt/airflow/dags/dag_extract_putevoy_list.py
[2026-07-21T19:39:14.307+0000] {logging_mixin.py:190} INFO - [2026-07-21T19:39:14.307+0000] {dag.py:3239} INFO - Sync 1 DAGs
[2026-07-21T19:39:14.330+0000] {logging_mixin.py:190} INFO - [2026-07-21T19:39:14.330+0000] {dag.py:4180} INFO - Setting next_dagrun for dag_extract_putevoy_list to 2026-07-21 02:00:00+00:00, run_after=2026-07-22 02:00:00+00:00
[2026-07-21T19:39:14.339+0000] {processor.py:208} INFO - Processing /opt/airflow/dags/dag_extract_putevoy_list.py took 0.083 seconds
[2026-07-21T19:39:44.726+0000] {processor.py:186} INFO - Started process (PID=25493) to work on /opt/airflow/dags/dag_extract_putevoy_list.py
[2026-07-21T19:39:44.728+0000] {processor.py:914} INFO - Processing file /opt/airflow/dags/dag_extract_putevoy_list.py for tasks to queue
[2026-07-21T19:39:44.731+0000] {logging_mixin.py:190} INFO - [2026-07-21T19:39:44.731+0000] {dagbag.py:588} INFO - Filling up the DagBag from /opt/airflow/dags/dag_extract_putevoy_list.py
[2026-07-21T19:39:44.741+0000] {processor.py:925} INFO - DAG(s) 'dag_extract_putevoy_list' retrieved from /opt/airflow/dags/dag_extract_putevoy_list.py
[2026-07-21T19:39:44.757+0000] {logging_mixin.py:190} INFO - [2026-07-21T19:39:44.757+0000] {dag.py:3239} INFO - Sync 1 DAGs
[2026-07-21T19:39:44.770+0000] {logging_mixin.py:190} INFO - [2026-07-21T19:39:44.769+0000] {dag.py:4180} INFO - Setting next_dagrun for dag_extract_putevoy_list to 2026-07-21 02:00:00+00:00, run_after=2026-07-22 02:00:00+00:00
[2026-07-21T19:39:44.780+0000] {processor.py:208} INFO - Processing /opt/airflow/dags/dag_extract_putevoy_list.py took 0.059 seconds
[2026-07-21T19:40:15.190+0000] {processor.py:186} INFO - Started process (PID=25513) to work on /opt/airflow/dags/dag_extract_putevoy_list.py
[2026-07-21T19:40:15.191+0000] {processor.py:914} INFO - Processing file /opt/airflow/dags/dag_extract_putevoy_list.py for tasks to queue
[2026-07-21T19:40:15.193+0000] {logging_mixin.py:190} INFO - [2026-07-21T19:40:15.193+0000] {dagbag.py:588} INFO - Filling up the DagBag from /opt/airflow/dags/dag_extract_putevoy_list.py
[2026-07-21T19:40:15.202+0000] {processor.py:925} INFO - DAG(s) 'dag_extract_putevoy_list' retrieved from /opt/airflow/dags/dag_extract_putevoy_list.py
[2026-07-21T19:40:15.222+0000] {logging_mixin.py:190} INFO - [2026-07-21T19:40:15.222+0000] {dag.py:3239} INFO - Sync 1 DAGs
[2026-07-21T19:40:15.237+0000] {logging_mixin.py:190} INFO - [2026-07-21T19:40:15.237+0000] {dag.py:4180} INFO - Setting next_dagrun for dag_extract_putevoy_list to 2026-07-21 02:00:00+00:00, run_after=2026-07-22 02:00:00+00:00
[2026-07-21T19:40:15.246+0000] {processor.py:208} INFO - Processing /opt/airflow/dags/dag_extract_putevoy_list.py took 0.061 seconds
[2026-07-21T19:40:45.665+0000] {processor.py:186} INFO - Started process (PID=25533) to work on /opt/airflow/dags/dag_extract_putevoy_list.py
[2026-07-21T19:40:45.666+0000] {processor.py:914} INFO - Processing file /opt/airflow/dags/dag_extract_putevoy_list.py for tasks to queue
[2026-07-21T19:40:45.671+0000] {logging_mixin.py:190} INFO - [2026-07-21T19:40:45.671+0000] {dagbag.py:588} INFO - Filling up the DagBag from /opt/airflow/dags/dag_extract_putevoy_list.py
[2026-07-21T19:40:45.679+0000] {processor.py:925} INFO - DAG(s) 'dag_extract_putevoy_list' retrieved from /opt/airflow/dags/dag_extract_putevoy_list.py
[2026-07-21T19:40:45.692+0000] {logging_mixin.py:190} INFO - [2026-07-21T19:40:45.691+0000] {dag.py:3239} INFO - Sync 1 DAGs
[2026-07-21T19:40:45.702+0000] {logging_mixin.py:190} INFO - [2026-07-21T19:40:45.702+0000] {dag.py:4180} INFO - Setting next_dagrun for dag_extract_putevoy_list to 2026-07-21 02:00:00+00:00, run_after=2026-07-22 02:00:00+00:00
[2026-07-21T19:40:45.712+0000] {processor.py:208} INFO - Processing /opt/airflow/dags/dag_extract_putevoy_list.py took 0.052 seconds
[2026-07-21T19:41:16.113+0000] {processor.py:186} INFO - Started process (PID=25553) to work on /opt/airflow/dags/dag_extract_putevoy_list.py
[2026-07-21T19:41:16.114+0000] {processor.py:914} INFO - Processing file /opt/airflow/dags/dag_extract_putevoy_list.py for tasks to queue
[2026-07-21T19:41:16.117+0000] {logging_mixin.py:190} INFO - [2026-07-21T19:41:16.116+0000] {dagbag.py:588} INFO - Filling up the DagBag from /opt/airflow/dags/dag_extract_putevoy_list.py
[2026-07-21T19:41:16.125+0000] {processor.py:925} INFO - DAG(s) 'dag_extract_putevoy_list' retrieved from /opt/airflow/dags/dag_extract_putevoy_list.py
[2026-07-21T19:41:16.138+0000] {logging_mixin.py:190} INFO - [2026-07-21T19:41:16.138+0000] {dag.py:3239} INFO - Sync 1 DAGs
[2026-07-21T19:41:16.150+0000] {logging_mixin.py:190} INFO - [2026-07-21T19:41:16.150+0000] {dag.py:4180} INFO - Setting next_dagrun for dag_extract_putevoy_list to 2026-07-21 02:00:00+00:00, run_after=2026-07-22 02:00:00+00:00
[2026-07-21T19:41:16.158+0000] {processor.py:208} INFO - Processing /opt/airflow/dags/dag_extract_putevoy_list.py took 0.049 seconds
[2026-07-21T19:41:46.512+0000] {processor.py:186} INFO - Started process (PID=25573) to work on /opt/airflow/dags/dag_extract_putevoy_list.py
[2026-07-21T19:41:46.513+0000] {processor.py:914} INFO - Processing file /opt/airflow/dags/dag_extract_putevoy_list.py for tasks to queue
[2026-07-21T19:41:46.514+0000] {logging_mixin.py:190} INFO - [2026-07-21T19:41:46.514+0000] {dagbag.py:588} INFO - Filling up the DagBag from /opt/airflow/dags/dag_extract_putevoy_list.py
[2026-07-21T19:41:46.522+0000] {processor.py:925} INFO - DAG(s) 'dag_extract_putevoy_list' retrieved from /opt/airflow/dags/dag_extract_putevoy_list.py
[2026-07-21T19:41:46.540+0000] {logging_mixin.py:190} INFO - [2026-07-21T19:41:46.540+0000] {dag.py:3239} INFO - Sync 1 DAGs
[2026-07-21T19:41:46.550+0000] {logging_mixin.py:190} INFO - [2026-07-21T19:41:46.550+0000] {dag.py:4180} INFO - Setting next_dagrun for dag_extract_putevoy_list to 2026-07-21 02:00:00+00:00, run_after=2026-07-22 02:00:00+00:00
[2026-07-21T19:41:46.559+0000] {processor.py:208} INFO - Processing /opt/airflow/dags/dag_extract_putevoy_list.py took 0.052 seconds
[2026-07-21T19:42:16.963+0000] {processor.py:186} INFO - Started process (PID=25593) to work on /opt/airflow/dags/dag_extract_putevoy_list.py
[2026-07-21T19:42:16.965+0000] {processor.py:914} INFO - Processing file /opt/airflow/dags/dag_extract_putevoy_list.py for tasks to queue
[2026-07-21T19:42:16.967+0000] {logging_mixin.py:190} INFO - [2026-07-21T19:42:16.967+0000] {dagbag.py:588} INFO - Filling up the DagBag from /opt/airflow/dags/dag_extract_putevoy_list.py
[2026-07-21T19:42:16.976+0000] {processor.py:925} INFO - DAG(s) 'dag_extract_putevoy_list' retrieved from /opt/airflow/dags/dag_extract_putevoy_list.py
[2026-07-21T19:42:16.991+0000] {logging_mixin.py:190} INFO - [2026-07-21T19:42:16.991+0000] {dag.py:3239} INFO - Sync 1 DAGs
[2026-07-21T19:42:17.001+0000] {logging_mixin.py:190} INFO - [2026-07-21T19:42:17.001+0000] {dag.py:4180} INFO - Setting next_dagrun for dag_extract_putevoy_list to 2026-07-21 02:00:00+00:00, run_after=2026-07-22 02:00:00+00:00
[2026-07-21T19:42:17.010+0000] {processor.py:208} INFO - Processing /opt/airflow/dags/dag_extract_putevoy_list.py took 0.053 seconds
[2026-07-21T19:42:47.390+0000] {processor.py:186} INFO - Started process (PID=25613) to work on /opt/airflow/dags/dag_extract_putevoy_list.py
[2026-07-21T19:42:47.391+0000] {processor.py:914} INFO - Processing file /opt/airflow/dags/dag_extract_putevoy_list.py for tasks to queue
[2026-07-21T19:42:47.393+0000] {logging_mixin.py:190} INFO - [2026-07-21T19:42:47.393+0000] {dagbag.py:588} INFO - Filling up the DagBag from /opt/airflow/dags/dag_extract_putevoy_list.py
[2026-07-21T19:42:47.405+0000] {processor.py:925} INFO - DAG(s) 'dag_extract_putevoy_list' retrieved from /opt/airflow/dags/dag_extract_putevoy_list.py
[2026-07-21T19:42:47.422+0000] {logging_mixin.py:190} INFO - [2026-07-21T19:42:47.422+0000] {dag.py:3239} INFO - Sync 1 DAGs
[2026-07-21T19:42:47.434+0000] {logging_mixin.py:190} INFO - [2026-07-21T19:42:47.434+0000] {dag.py:4180} INFO - Setting next_dagrun for dag_extract_putevoy_list to 2026-07-21 02:00:00+00:00, run_after=2026-07-22 02:00:00+00:00
[2026-07-21T19:42:47.441+0000] {processor.py:208} INFO - Processing /opt/airflow/dags/dag_extract_putevoy_list.py took 0.058 seconds
[2026-07-21T19:43:17.872+0000] {processor.py:186} INFO - Started process (PID=25636) to work on /opt/airflow/dags/dag_extract_putevoy_list.py
[2026-07-21T19:43:17.873+0000] {processor.py:914} INFO - Processing file /opt/airflow/dags/dag_extract_putevoy_list.py for tasks to queue
[2026-07-21T19:43:17.876+0000] {logging_mixin.py:190} INFO - [2026-07-21T19:43:17.876+0000] {dagbag.py:588} INFO - Filling up the DagBag from /opt/airflow/dags/dag_extract_putevoy_list.py
[2026-07-21T19:43:17.884+0000] {processor.py:925} INFO - DAG(s) 'dag_extract_putevoy_list' retrieved from /opt/airflow/dags/dag_extract_putevoy_list.py
[2026-07-21T19:43:17.900+0000] {logging_mixin.py:190} INFO - [2026-07-21T19:43:17.900+0000] {dag.py:3239} INFO - Sync 1 DAGs
[2026-07-21T19:43:17.909+0000] {logging_mixin.py:190} INFO - [2026-07-21T19:43:17.909+0000] {dag.py:4180} INFO - Setting next_dagrun for dag_extract_putevoy_list to 2026-07-21 02:00:00+00:00, run_after=2026-07-22 02:00:00+00:00
[2026-07-21T19:43:17.920+0000] {processor.py:208} INFO - Processing /opt/airflow/dags/dag_extract_putevoy_list.py took 0.052 seconds
[2026-07-21T19:43:48.318+0000] {processor.py:186} INFO - Started process (PID=25656) to work on /opt/airflow/dags/dag_extract_putevoy_list.py
[2026-07-21T19:43:48.320+0000] {processor.py:914} INFO - Processing file /opt/airflow/dags/dag_extract_putevoy_list.py for tasks to queue
[2026-07-21T19:43:48.322+0000] {logging_mixin.py:190} INFO - [2026-07-21T19:43:48.322+0000] {dagbag.py:588} INFO - Filling up the DagBag from /opt/airflow/dags/dag_extract_putevoy_list.py
[2026-07-21T19:43:48.331+0000] {processor.py:925} INFO - DAG(s) 'dag_extract_putevoy_list' retrieved from /opt/airflow/dags/dag_extract_putevoy_list.py
[2026-07-21T19:43:48.344+0000] {logging_mixin.py:190} INFO - [2026-07-21T19:43:48.344+0000] {dag.py:3239} INFO - Sync 1 DAGs
[2026-07-21T19:43:48.353+0000] {logging_mixin.py:190} INFO - [2026-07-21T19:43:48.353+0000] {dag.py:4180} INFO - Setting next_dagrun for dag_extract_putevoy_list to 2026-07-21 02:00:00+00:00, run_after=2026-07-22 02:00:00+00:00
[2026-07-21T19:43:48.361+0000] {processor.py:208} INFO - Processing /opt/airflow/dags/dag_extract_putevoy_list.py took 0.046 seconds
[2026-07-21T19:44:18.801+0000] {processor.py:186} INFO - Started process (PID=25676) to work on /opt/airflow/dags/dag_extract_putevoy_list.py
[2026-07-21T19:44:18.803+0000] {processor.py:914} INFO - Processing file /opt/airflow/dags/dag_extract_putevoy_list.py for tasks to queue
[2026-07-21T19:44:18.805+0000] {logging_mixin.py:190} INFO - [2026-07-21T19:44:18.805+0000] {dagbag.py:588} INFO - Filling up the DagBag from /opt/airflow/dags/dag_extract_putevoy_list.py
[2026-07-21T19:44:18.816+0000] {processor.py:925} INFO - DAG(s) 'dag_extract_putevoy_list' retrieved from /opt/airflow/dags/dag_extract_putevoy_list.py
[2026-07-21T19:44:18.833+0000] {logging_mixin.py:190} INFO - [2026-07-21T19:44:18.833+0000] {dag.py:3239} INFO - Sync 1 DAGs
[2026-07-21T19:44:18.844+0000] {logging_mixin.py:190} INFO - [2026-07-21T19:44:18.844+0000] {dag.py:4180} INFO - Setting next_dagrun for dag_extract_putevoy_list to 2026-07-21 02:00:00+00:00, run_after=2026-07-22 02:00:00+00:00
[2026-07-21T19:44:18.852+0000] {processor.py:208} INFO - Processing /opt/airflow/dags/dag_extract_putevoy_list.py took 0.057 seconds
[2026-07-21T19:44:49.265+0000] {processor.py:186} INFO - Started process (PID=25696) to work on /opt/airflow/dags/dag_extract_putevoy_list.py
[2026-07-21T19:44:49.266+0000] {processor.py:914} INFO - Processing file /opt/airflow/dags/dag_extract_putevoy_list.py for tasks to queue
[2026-07-21T19:44:49.268+0000] {logging_mixin.py:190} INFO - [2026-07-21T19:44:49.268+0000] {dagbag.py:588} INFO - Filling up the DagBag from /opt/airflow/dags/dag_extract_putevoy_list.py
[2026-07-21T19:44:49.278+0000] {processor.py:925} INFO - DAG(s) 'dag_extract_putevoy_list' retrieved from /opt/airflow/dags/dag_extract_putevoy_list.py
[2026-07-21T19:44:49.297+0000] {logging_mixin.py:190} INFO - [2026-07-21T19:44:49.297+0000] {dag.py:3239} INFO - Sync 1 DAGs
[2026-07-21T19:44:49.309+0000] {logging_mixin.py:190} INFO - [2026-07-21T19:44:49.309+0000] {dag.py:4180} INFO - Setting next_dagrun for dag_extract_putevoy_list to 2026-07-21 02:00:00+00:00, run_after=2026-07-22 02:00:00+00:00
[2026-07-21T19:44:49.317+0000] {processor.py:208} INFO - Processing /opt/airflow/dags/dag_extract_putevoy_list.py took 0.058 seconds
[2026-07-21T19:45:19.700+0000] {processor.py:186} INFO - Started process (PID=25716) to work on /opt/airflow/dags/dag_extract_putevoy_list.py
[2026-07-21T19:45:19.701+0000] {processor.py:914} INFO - Processing file /opt/airflow/dags/dag_extract_putevoy_list.py for tasks to queue
[2026-07-21T19:45:19.703+0000] {logging_mixin.py:190} INFO - [2026-07-21T19:45:19.703+0000] {dagbag.py:588} INFO - Filling up the DagBag from /opt/airflow/dags/dag_extract_putevoy_list.py
[2026-07-21T19:45:19.713+0000] {processor.py:925} INFO - DAG(s) 'dag_extract_putevoy_list' retrieved from /opt/airflow/dags/dag_extract_putevoy_list.py
[2026-07-21T19:45:19.729+0000] {logging_mixin.py:190} INFO - [2026-07-21T19:45:19.728+0000] {dag.py:3239} INFO - Sync 1 DAGs
[2026-07-21T19:45:19.737+0000] {logging_mixin.py:190} INFO - [2026-07-21T19:45:19.737+0000] {dag.py:4180} INFO - Setting next_dagrun for dag_extract_putevoy_list to 2026-07-21 02:00:00+00:00, run_after=2026-07-22 02:00:00+00:00
[2026-07-21T19:45:19.744+0000] {processor.py:208} INFO - Processing /opt/airflow/dags/dag_extract_putevoy_list.py took 0.050 seconds
[2026-07-21T19:45:50.137+0000] {processor.py:186} INFO - Started process (PID=25736) to work on /opt/airflow/dags/dag_extract_putevoy_list.py
[2026-07-21T19:45:50.139+0000] {processor.py:914} INFO - Processing file /opt/airflow/dags/dag_extract_putevoy_list.py for tasks to queue
[2026-07-21T19:45:50.141+0000] {logging_mixin.py:190} INFO - [2026-07-21T19:45:50.141+0000] {dagbag.py:588} INFO - Filling up the DagBag from /opt/airflow/dags/dag_extract_putevoy_list.py
[2026-07-21T19:45:50.154+0000] {processor.py:925} INFO - DAG(s) 'dag_extract_putevoy_list' retrieved from /opt/airflow/dags/dag_extract_putevoy_list.py
[2026-07-21T19:45:50.170+0000] {logging_mixin.py:190} INFO - [2026-07-21T19:45:50.169+0000] {dag.py:3239} INFO - Sync 1 DAGs
[2026-07-21T19:45:50.182+0000] {logging_mixin.py:190} INFO - [2026-07-21T19:45:50.181+0000] {dag.py:4180} INFO - Setting next_dagrun for dag_extract_putevoy_list to 2026-07-21 02:00:00+00:00, run_after=2026-07-22 02:00:00+00:00
[2026-07-21T19:45:50.192+0000] {processor.py:208} INFO - Processing /opt/airflow/dags/dag_extract_putevoy_list.py took 0.060 seconds
[2026-07-21T19:46:20.555+0000] {processor.py:186} INFO - Started process (PID=25756) to work on /opt/airflow/dags/dag_extract_putevoy_list.py
[2026-07-21T19:46:20.557+0000] {processor.py:914} INFO - Processing file /opt/airflow/dags/dag_extract_putevoy_list.py for tasks to queue
[2026-07-21T19:46:20.559+0000] {logging_mixin.py:190} INFO - [2026-07-21T19:46:20.559+0000] {dagbag.py:588} INFO - Filling up the DagBag from /opt/airflow/dags/dag_extract_putevoy_list.py
[2026-07-21T19:46:20.569+0000] {processor.py:925} INFO - DAG(s) 'dag_extract_putevoy_list' retrieved from /opt/airflow/dags/dag_extract_putevoy_list.py
[2026-07-21T19:46:20.585+0000] {logging_mixin.py:190} INFO - [2026-07-21T19:46:20.585+0000] {dag.py:3239} INFO - Sync 1 DAGs
[2026-07-21T19:46:20.596+0000] {logging_mixin.py:190} INFO - [2026-07-21T19:46:20.596+0000] {dag.py:4180} INFO - Setting next_dagrun for dag_extract_putevoy_list to 2026-07-21 02:00:00+00:00, run_after=2026-07-22 02:00:00+00:00
[2026-07-21T19:46:20.606+0000] {processor.py:208} INFO - Processing /opt/airflow/dags/dag_extract_putevoy_list.py took 0.055 seconds
[2026-07-21T19:46:51.015+0000] {processor.py:186} INFO - Started process (PID=25776) to work on /opt/airflow/dags/dag_extract_putevoy_list.py
[2026-07-21T19:46:51.016+0000] {processor.py:914} INFO - Processing file /opt/airflow/dags/dag_extract_putevoy_list.py for tasks to queue
[2026-07-21T19:46:51.020+0000] {logging_mixin.py:190} INFO - [2026-07-21T19:46:51.019+0000] {dagbag.py:588} INFO - Filling up the DagBag from /opt/airflow/dags/dag_extract_putevoy_list.py
[2026-07-21T19:46:51.026+0000] {processor.py:925} INFO - DAG(s) 'dag_extract_putevoy_list' retrieved from /opt/airflow/dags/dag_extract_putevoy_list.py
[2026-07-21T19:46:51.040+0000] {logging_mixin.py:190} INFO - [2026-07-21T19:46:51.040+0000] {dag.py:3239} INFO - Sync 1 DAGs
[2026-07-21T19:46:51.050+0000] {logging_mixin.py:190} INFO - [2026-07-21T19:46:51.050+0000] {dag.py:4180} INFO - Setting next_dagrun for dag_extract_putevoy_list to 2026-07-21 02:00:00+00:00, run_after=2026-07-22 02:00:00+00:00
[2026-07-21T19:46:51.058+0000] {processor.py:208} INFO - Processing /opt/airflow/dags/dag_extract_putevoy_list.py took 0.048 seconds
[2026-07-21T19:47:21.440+0000] {processor.py:186} INFO - Started process (PID=25796) to work on /opt/airflow/dags/dag_extract_putevoy_list.py
[2026-07-21T19:47:21.441+0000] {processor.py:914} INFO - Processing file /opt/airflow/dags/dag_extract_putevoy_list.py for tasks to queue
[2026-07-21T19:47:21.443+0000] {logging_mixin.py:190} INFO - [2026-07-21T19:47:21.443+0000] {dagbag.py:588} INFO - Filling up the DagBag from /opt/airflow/dags/dag_extract_putevoy_list.py
[2026-07-21T19:47:21.452+0000] {processor.py:925} INFO - DAG(s) 'dag_extract_putevoy_list' retrieved from /opt/airflow/dags/dag_extract_putevoy_list.py
[2026-07-21T19:47:21.465+0000] {logging_mixin.py:190} INFO - [2026-07-21T19:47:21.464+0000] {dag.py:3239} INFO - Sync 1 DAGs
[2026-07-21T19:47:21.474+0000] {logging_mixin.py:190} INFO - [2026-07-21T19:47:21.474+0000] {dag.py:4180} INFO - Setting next_dagrun for dag_extract_putevoy_list to 2026-07-21 02:00:00+00:00, run_after=2026-07-22 02:00:00+00:00
[2026-07-21T19:47:21.482+0000] {processor.py:208} INFO - Processing /opt/airflow/dags/dag_extract_putevoy_list.py took 0.046 seconds
[2026-07-21T19:47:51.883+0000] {processor.py:186} INFO - Started process (PID=25816) to work on /opt/airflow/dags/dag_extract_putevoy_list.py
[2026-07-21T19:47:51.885+0000] {processor.py:914} INFO - Processing file /opt/airflow/dags/dag_extract_putevoy_list.py for tasks to queue
[2026-07-21T19:47:51.889+0000] {logging_mixin.py:190} INFO - [2026-07-21T19:47:51.889+0000] {dagbag.py:588} INFO - Filling up the DagBag from /opt/airflow/dags/dag_extract_putevoy_list.py
[2026-07-21T19:47:51.896+0000] {processor.py:925} INFO - DAG(s) 'dag_extract_putevoy_list' retrieved from /opt/airflow/dags/dag_extract_putevoy_list.py
[2026-07-21T19:47:51.912+0000] {logging_mixin.py:190} INFO - [2026-07-21T19:47:51.912+0000] {dag.py:3239} INFO - Sync 1 DAGs
[2026-07-21T19:47:51.922+0000] {logging_mixin.py:190} INFO - [2026-07-21T19:47:51.922+0000] {dag.py:4180} INFO - Setting next_dagrun for dag_extract_putevoy_list to 2026-07-21 02:00:00+00:00, run_after=2026-07-22 02:00:00+00:00
[2026-07-21T19:47:51.931+0000] {processor.py:208} INFO - Processing /opt/airflow/dags/dag_extract_putevoy_list.py took 0.053 seconds
[2026-07-21T19:48:22.378+0000] {processor.py:186} INFO - Started process (PID=25836) to work on /opt/airflow/dags/dag_extract_putevoy_list.py
[2026-07-21T19:48:22.379+0000] {processor.py:914} INFO - Processing file /opt/airflow/dags/dag_extract_putevoy_list.py for tasks to queue
[2026-07-21T19:48:22.381+0000] {logging_mixin.py:190} INFO - [2026-07-21T19:48:22.381+0000] {dagbag.py:588} INFO - Filling up the DagBag from /opt/airflow/dags/dag_extract_putevoy_list.py
[2026-07-21T19:48:22.392+0000] {processor.py:925} INFO - DAG(s) 'dag_extract_putevoy_list' retrieved from /opt/airflow/dags/dag_extract_putevoy_list.py
[2026-07-21T19:48:22.405+0000] {logging_mixin.py:190} INFO - [2026-07-21T19:48:22.405+0000] {dag.py:3239} INFO - Sync 1 DAGs
[2026-07-21T19:48:22.415+0000] {logging_mixin.py:190} INFO - [2026-07-21T19:48:22.415+0000] {dag.py:4180} INFO - Setting next_dagrun for dag_extract_putevoy_list to 2026-07-21 02:00:00+00:00, run_after=2026-07-22 02:00:00+00:00
[2026-07-21T19:48:22.424+0000] {processor.py:208} INFO - Processing /opt/airflow/dags/dag_extract_putevoy_list.py took 0.050 seconds
[2026-07-21T19:48:52.903+0000] {processor.py:186} INFO - Started process (PID=25856) to work on /opt/airflow/dags/dag_extract_putevoy_list.py
[2026-07-21T19:48:52.905+0000] {processor.py:914} INFO - Processing file /opt/airflow/dags/dag_extract_putevoy_list.py for tasks to queue
[2026-07-21T19:48:52.909+0000] {logging_mixin.py:190} INFO - [2026-07-21T19:48:52.909+0000] {dagbag.py:588} INFO - Filling up the DagBag from /opt/airflow/dags/dag_extract_putevoy_list.py
[2026-07-21T19:48:52.920+0000] {processor.py:925} INFO - DAG(s) 'dag_extract_putevoy_list' retrieved from /opt/airflow/dags/dag_extract_putevoy_list.py
[2026-07-21T19:48:52.932+0000] {logging_mixin.py:190} INFO - [2026-07-21T19:48:52.932+0000] {dag.py:3239} INFO - Sync 1 DAGs
[2026-07-21T19:48:52.942+0000] {logging_mixin.py:190} INFO - [2026-07-21T19:48:52.941+0000] {dag.py:4180} INFO - Setting next_dagrun for dag_extract_putevoy_list to 2026-07-21 02:00:00+00:00, run_after=2026-07-22 02:00:00+00:00
[2026-07-21T19:48:52.950+0000] {processor.py:208} INFO - Processing /opt/airflow/dags/dag_extract_putevoy_list.py took 0.053 seconds
[2026-07-21T19:49:23.429+0000] {processor.py:186} INFO - Started process (PID=25876) to work on /opt/airflow/dags/dag_extract_putevoy_list.py
[2026-07-21T19:49:23.430+0000] {processor.py:914} INFO - Processing file /opt/airflow/dags/dag_extract_putevoy_list.py for tasks to queue
[2026-07-21T19:49:23.431+0000] {logging_mixin.py:190} INFO - [2026-07-21T19:49:23.431+0000] {dagbag.py:588} INFO - Filling up the DagBag from /opt/airflow/dags/dag_extract_putevoy_list.py
[2026-07-21T19:49:23.440+0000] {processor.py:925} INFO - DAG(s) 'dag_extract_putevoy_list' retrieved from /opt/airflow/dags/dag_extract_putevoy_list.py
[2026-07-21T19:49:23.452+0000] {logging_mixin.py:190} INFO - [2026-07-21T19:49:23.452+0000] {dag.py:3239} INFO - Sync 1 DAGs
[2026-07-21T19:49:23.462+0000] {logging_mixin.py:190} INFO - [2026-07-21T19:49:23.462+0000] {dag.py:4180} INFO - Setting next_dagrun for dag_extract_putevoy_list to 2026-07-21 02:00:00+00:00, run_after=2026-07-22 02:00:00+00:00
[2026-07-21T19:49:23.469+0000] {processor.py:208} INFO - Processing /opt/airflow/dags/dag_extract_putevoy_list.py took 0.042 seconds
[2026-07-21T19:49:53.912+0000] {processor.py:186} INFO - Started process (PID=25896) to work on /opt/airflow/dags/dag_extract_putevoy_list.py
[2026-07-21T19:49:53.915+0000] {processor.py:914} INFO - Processing file /opt/airflow/dags/dag_extract_putevoy_list.py for tasks to queue
[2026-07-21T19:49:53.916+0000] {logging_mixin.py:190} INFO - [2026-07-21T19:49:53.916+0000] {dagbag.py:588} INFO - Filling up the DagBag from /opt/airflow/dags/dag_extract_putevoy_list.py
[2026-07-21T19:49:53.929+0000] {processor.py:925} INFO - DAG(s) 'dag_extract_putevoy_list' retrieved from /opt/airflow/dags/dag_extract_putevoy_list.py
[2026-07-21T19:49:53.943+0000] {logging_mixin.py:190} INFO - [2026-07-21T19:49:53.943+0000] {dag.py:3239} INFO - Sync 1 DAGs
[2026-07-21T19:49:53.953+0000] {logging_mixin.py:190} INFO - [2026-07-21T19:49:53.953+0000] {dag.py:4180} INFO - Setting next_dagrun for dag_extract_putevoy_list to 2026-07-21 02:00:00+00:00, run_after=2026-07-22 02:00:00+00:00
[2026-07-21T19:49:53.962+0000] {processor.py:208} INFO - Processing /opt/airflow/dags/dag_extract_putevoy_list.py took 0.056 seconds
[2026-07-21T19:50:24.421+0000] {processor.py:186} INFO - Started process (PID=25916) to work on /opt/airflow/dags/dag_extract_putevoy_list.py
[2026-07-21T19:50:24.421+0000] {processor.py:914} INFO - Processing file /opt/airflow/dags/dag_extract_putevoy_list.py for tasks to queue
[2026-07-21T19:50:24.423+0000] {logging_mixin.py:190} INFO - [2026-07-21T19:50:24.423+0000] {dagbag.py:588} INFO - Filling up the DagBag from /opt/airflow/dags/dag_extract_putevoy_list.py
[2026-07-21T19:50:24.431+0000] {processor.py:925} INFO - DAG(s) 'dag_extract_putevoy_list' retrieved from /opt/airflow/dags/dag_extract_putevoy_list.py
[2026-07-21T19:50:24.445+0000] {logging_mixin.py:190} INFO - [2026-07-21T19:50:24.445+0000] {dag.py:3239} INFO - Sync 1 DAGs
[2026-07-21T19:50:24.453+0000] {logging_mixin.py:190} INFO - [2026-07-21T19:50:24.453+0000] {dag.py:4180} INFO - Setting next_dagrun for dag_extract_putevoy_list to 2026-07-21 02:00:00+00:00, run_after=2026-07-22 02:00:00+00:00
[2026-07-21T19:50:24.462+0000] {processor.py:208} INFO - Processing /opt/airflow/dags/dag_extract_putevoy_list.py took 0.044 seconds
[2026-07-21T19:50:54.993+0000] {processor.py:186} INFO - Started process (PID=25936) to work on /opt/airflow/dags/dag_extract_putevoy_list.py
[2026-07-21T19:50:54.996+0000] {processor.py:914} INFO - Processing file /opt/airflow/dags/dag_extract_putevoy_list.py for tasks to queue
[2026-07-21T19:50:54.998+0000] {logging_mixin.py:190} INFO - [2026-07-21T19:50:54.997+0000] {dagbag.py:588} INFO - Filling up the DagBag from /opt/airflow/dags/dag_extract_putevoy_list.py
[2026-07-21T19:50:55.003+0000] {processor.py:925} INFO - DAG(s) 'dag_extract_putevoy_list' retrieved from /opt/airflow/dags/dag_extract_putevoy_list.py
[2026-07-21T19:50:55.018+0000] {logging_mixin.py:190} INFO - [2026-07-21T19:50:55.018+0000] {dag.py:3239} INFO - Sync 1 DAGs
[2026-07-21T19:50:55.031+0000] {logging_mixin.py:190} INFO - [2026-07-21T19:50:55.031+0000] {dag.py:4180} INFO - Setting next_dagrun for dag_extract_putevoy_list to 2026-07-21 02:00:00+00:00, run_after=2026-07-22 02:00:00+00:00
[2026-07-21T19:50:55.038+0000] {processor.py:208} INFO - Processing /opt/airflow/dags/dag_extract_putevoy_list.py took 0.049 seconds
[2026-07-21T19:51:25.485+0000] {processor.py:186} INFO - Started process (PID=25956) to work on /opt/airflow/dags/dag_extract_putevoy_list.py
[2026-07-21T19:51:25.486+0000] {processor.py:914} INFO - Processing file /opt/airflow/dags/dag_extract_putevoy_list.py for tasks to queue
[2026-07-21T19:51:25.487+0000] {logging_mixin.py:190} INFO - [2026-07-21T19:51:25.487+0000] {dagbag.py:588} INFO - Filling up the DagBag from /opt/airflow/dags/dag_extract_putevoy_list.py
[2026-07-21T19:51:25.497+0000] {processor.py:925} INFO - DAG(s) 'dag_extract_putevoy_list' retrieved from /opt/airflow/dags/dag_extract_putevoy_list.py
[2026-07-21T19:51:25.511+0000] {logging_mixin.py:190} INFO - [2026-07-21T19:51:25.511+0000] {dag.py:3239} INFO - Sync 1 DAGs
[2026-07-21T19:51:25.520+0000] {logging_mixin.py:190} INFO - [2026-07-21T19:51:25.520+0000] {dag.py:4180} INFO - Setting next_dagrun for dag_extract_putevoy_list to 2026-07-21 02:00:00+00:00, run_after=2026-07-22 02:00:00+00:00
[2026-07-21T19:51:25.531+0000] {processor.py:208} INFO - Processing /opt/airflow/dags/dag_extract_putevoy_list.py took 0.049 seconds
[2026-07-21T19:51:56.013+0000] {processor.py:186} INFO - Started process (PID=25976) to work on /opt/airflow/dags/dag_extract_putevoy_list.py
[2026-07-21T19:51:56.015+0000] {processor.py:914} INFO - Processing file /opt/airflow/dags/dag_extract_putevoy_list.py for tasks to queue
[2026-07-21T19:51:56.018+0000] {logging_mixin.py:190} INFO - [2026-07-21T19:51:56.018+0000] {dagbag.py:588} INFO - Filling up the DagBag from /opt/airflow/dags/dag_extract_putevoy_list.py
[2026-07-21T19:51:56.028+0000] {processor.py:925} INFO - DAG(s) 'dag_extract_putevoy_list' retrieved from /opt/airflow/dags/dag_extract_putevoy_list.py
[2026-07-21T19:51:56.041+0000] {logging_mixin.py:190} INFO - [2026-07-21T19:51:56.041+0000] {dag.py:3239} INFO - Sync 1 DAGs
[2026-07-21T19:51:56.050+0000] {logging_mixin.py:190} INFO - [2026-07-21T19:51:56.050+0000] {dag.py:4180} INFO - Setting next_dagrun for dag_extract_putevoy_list to 2026-07-21 02:00:00+00:00, run_after=2026-07-22 02:00:00+00:00
[2026-07-21T19:51:56.060+0000] {processor.py:208} INFO - Processing /opt/airflow/dags/dag_extract_putevoy_list.py took 0.051 seconds
[2026-07-21T19:52:26.459+0000] {processor.py:186} INFO - Started process (PID=25996) to work on /opt/airflow/dags/dag_extract_putevoy_list.py
[2026-07-21T19:52:26.460+0000] {processor.py:914} INFO - Processing file /opt/airflow/dags/dag_extract_putevoy_list.py for tasks to queue
[2026-07-21T19:52:26.463+0000] {logging_mixin.py:190} INFO - [2026-07-21T19:52:26.463+0000] {dagbag.py:588} INFO - Filling up the DagBag from /opt/airflow/dags/dag_extract_putevoy_list.py
[2026-07-21T19:52:26.474+0000] {processor.py:925} INFO - DAG(s) 'dag_extract_putevoy_list' retrieved from /opt/airflow/dags/dag_extract_putevoy_list.py
[2026-07-21T19:52:26.487+0000] {logging_mixin.py:190} INFO - [2026-07-21T19:52:26.487+0000] {dag.py:3239} INFO - Sync 1 DAGs
[2026-07-21T19:52:26.569+0000] {logging_mixin.py:190} INFO - [2026-07-21T19:52:26.569+0000] {dag.py:4180} INFO - Setting next_dagrun for dag_extract_putevoy_list to 2026-07-21 02:00:00+00:00, run_after=2026-07-22 02:00:00+00:00
[2026-07-21T19:52:26.577+0000] {processor.py:208} INFO - Processing /opt/airflow/dags/dag_extract_putevoy_list.py took 0.124 seconds
[2026-07-21T19:52:57.011+0000] {processor.py:186} INFO - Started process (PID=26016) to work on /opt/airflow/dags/dag_extract_putevoy_list.py
[2026-07-21T19:52:57.013+0000] {processor.py:914} INFO - Processing file /opt/airflow/dags/dag_extract_putevoy_list.py for tasks to queue
[2026-07-21T19:52:57.017+0000] {logging_mixin.py:190} INFO - [2026-07-21T19:52:57.017+0000] {dagbag.py:588} INFO - Filling up the DagBag from /opt/airflow/dags/dag_extract_putevoy_list.py
[2026-07-21T19:52:57.027+0000] {processor.py:925} INFO - DAG(s) 'dag_extract_putevoy_list' retrieved from /opt/airflow/dags/dag_extract_putevoy_list.py
[2026-07-21T19:52:57.042+0000] {logging_mixin.py:190} INFO - [2026-07-21T19:52:57.042+0000] {dag.py:3239} INFO - Sync 1 DAGs
[2026-07-21T19:52:57.052+0000] {logging_mixin.py:190} INFO - [2026-07-21T19:52:57.052+0000] {dag.py:4180} INFO - Setting next_dagrun for dag_extract_putevoy_list to 2026-07-21 02:00:00+00:00, run_after=2026-07-22 02:00:00+00:00
[2026-07-21T19:52:57.062+0000] {processor.py:208} INFO - Processing /opt/airflow/dags/dag_extract_putevoy_list.py took 0.056 seconds
[2026-07-21T19:53:27.510+0000] {processor.py:186} INFO - Started process (PID=26036) to work on /opt/airflow/dags/dag_extract_putevoy_list.py
[2026-07-21T19:53:27.511+0000] {processor.py:914} INFO - Processing file /opt/airflow/dags/dag_extract_putevoy_list.py for tasks to queue
[2026-07-21T19:53:27.514+0000] {logging_mixin.py:190} INFO - [2026-07-21T19:53:27.514+0000] {dagbag.py:588} INFO - Filling up the DagBag from /opt/airflow/dags/dag_extract_putevoy_list.py
[2026-07-21T19:53:27.527+0000] {processor.py:925} INFO - DAG(s) 'dag_extract_putevoy_list' retrieved from /opt/airflow/dags/dag_extract_putevoy_list.py
[2026-07-21T19:53:27.541+0000] {logging_mixin.py:190} INFO - [2026-07-21T19:53:27.541+0000] {dag.py:3239} INFO - Sync 1 DAGs
[2026-07-21T19:53:27.551+0000] {logging_mixin.py:190} INFO - [2026-07-21T19:53:27.551+0000] {dag.py:4180} INFO - Setting next_dagrun for dag_extract_putevoy_list to 2026-07-21 02:00:00+00:00, run_after=2026-07-22 02:00:00+00:00
[2026-07-21T19:53:27.559+0000] {processor.py:208} INFO - Processing /opt/airflow/dags/dag_extract_putevoy_list.py took 0.055 seconds
[2026-07-21T19:53:58.020+0000] {processor.py:186} INFO - Started process (PID=26056) to work on /opt/airflow/dags/dag_extract_putevoy_list.py
[2026-07-21T19:53:58.020+0000] {processor.py:914} INFO - Processing file /opt/airflow/dags/dag_extract_putevoy_list.py for tasks to queue
[2026-07-21T19:53:58.023+0000] {logging_mixin.py:190} INFO - [2026-07-21T19:53:58.022+0000] {dagbag.py:588} INFO - Filling up the DagBag from /opt/airflow/dags/dag_extract_putevoy_list.py
[2026-07-21T19:53:58.031+0000] {processor.py:925} INFO - DAG(s) 'dag_extract_putevoy_list' retrieved from /opt/airflow/dags/dag_extract_putevoy_list.py
[2026-07-21T19:53:58.046+0000] {logging_mixin.py:190} INFO - [2026-07-21T19:53:58.046+0000] {dag.py:3239} INFO - Sync 1 DAGs
[2026-07-21T19:53:58.122+0000] {logging_mixin.py:190} INFO - [2026-07-21T19:53:58.122+0000] {dag.py:4180} INFO - Setting next_dagrun for dag_extract_putevoy_list to 2026-07-21 02:00:00+00:00, run_after=2026-07-22 02:00:00+00:00
[2026-07-21T19:53:58.130+0000] {processor.py:208} INFO - Processing /opt/airflow/dags/dag_extract_putevoy_list.py took 0.115 seconds
[2026-07-21T19:54:28.564+0000] {processor.py:186} INFO - Started process (PID=26076) to work on /opt/airflow/dags/dag_extract_putevoy_list.py
[2026-07-21T19:54:28.565+0000] {processor.py:914} INFO - Processing file /opt/airflow/dags/dag_extract_putevoy_list.py for tasks to queue
[2026-07-21T19:54:28.568+0000] {logging_mixin.py:190} INFO - [2026-07-21T19:54:28.567+0000] {dagbag.py:588} INFO - Filling up the DagBag from /opt/airflow/dags/dag_extract_putevoy_list.py
[2026-07-21T19:54:28.577+0000] {processor.py:925} INFO - DAG(s) 'dag_extract_putevoy_list' retrieved from /opt/airflow/dags/dag_extract_putevoy_list.py
[2026-07-21T19:54:28.598+0000] {logging_mixin.py:190} INFO - [2026-07-21T19:54:28.598+0000] {dag.py:3239} INFO - Sync 1 DAGs
[2026-07-21T19:54:28.610+0000] {logging_mixin.py:190} INFO - [2026-07-21T19:54:28.610+0000] {dag.py:4180} INFO - Setting next_dagrun for dag_extract_putevoy_list to 2026-07-21 02:00:00+00:00, run_after=2026-07-22 02:00:00+00:00
[2026-07-21T19:54:28.619+0000] {processor.py:208} INFO - Processing /opt/airflow/dags/dag_extract_putevoy_list.py took 0.060 seconds
[2026-07-21T19:54:59.097+0000] {processor.py:186} INFO - Started process (PID=26096) to work on /opt/airflow/dags/dag_extract_putevoy_list.py
[2026-07-21T19:54:59.099+0000] {processor.py:914} INFO - Processing file /opt/airflow/dags/dag_extract_putevoy_list.py for tasks to queue
[2026-07-21T19:54:59.103+0000] {logging_mixin.py:190} INFO - [2026-07-21T19:54:59.103+0000] {dagbag.py:588} INFO - Filling up the DagBag from /opt/airflow/dags/dag_extract_putevoy_list.py
[2026-07-21T19:54:59.114+0000] {processor.py:925} INFO - DAG(s) 'dag_extract_putevoy_list' retrieved from /opt/airflow/dags/dag_extract_putevoy_list.py
[2026-07-21T19:54:59.127+0000] {logging_mixin.py:190} INFO - [2026-07-21T19:54:59.127+0000] {dag.py:3239} INFO - Sync 1 DAGs
[2026-07-21T19:54:59.138+0000] {logging_mixin.py:190} INFO - [2026-07-21T19:54:59.138+0000] {dag.py:4180} INFO - Setting next_dagrun for dag_extract_putevoy_list to 2026-07-21 02:00:00+00:00, run_after=2026-07-22 02:00:00+00:00
[2026-07-21T19:54:59.148+0000] {processor.py:208} INFO - Processing /opt/airflow/dags/dag_extract_putevoy_list.py took 0.057 seconds
[2026-07-21T19:55:29.592+0000] {processor.py:186} INFO - Started process (PID=26116) to work on /opt/airflow/dags/dag_extract_putevoy_list.py
[2026-07-21T19:55:29.595+0000] {processor.py:914} INFO - Processing file /opt/airflow/dags/dag_extract_putevoy_list.py for tasks to queue
[2026-07-21T19:55:29.597+0000] {logging_mixin.py:190} INFO - [2026-07-21T19:55:29.596+0000] {dagbag.py:588} INFO - Filling up the DagBag from /opt/airflow/dags/dag_extract_putevoy_list.py
[2026-07-21T19:55:29.604+0000] {processor.py:925} INFO - DAG(s) 'dag_extract_putevoy_list' retrieved from /opt/airflow/dags/dag_extract_putevoy_list.py
[2026-07-21T19:55:29.618+0000] {logging_mixin.py:190} INFO - [2026-07-21T19:55:29.618+0000] {dag.py:3239} INFO - Sync 1 DAGs
[2026-07-21T19:55:29.699+0000] {logging_mixin.py:190} INFO - [2026-07-21T19:55:29.699+0000] {dag.py:4180} INFO - Setting next_dagrun for dag_extract_putevoy_list to 2026-07-21 02:00:00+00:00, run_after=2026-07-22 02:00:00+00:00
[2026-07-21T19:55:29.708+0000] {processor.py:208} INFO - Processing /opt/airflow/dags/dag_extract_putevoy_list.py took 0.121 seconds
[2026-07-21T19:56:00.191+0000] {processor.py:186} INFO - Started process (PID=26136) to work on /opt/airflow/dags/dag_extract_putevoy_list.py
[2026-07-21T19:56:00.192+0000] {processor.py:914} INFO - Processing file /opt/airflow/dags/dag_extract_putevoy_list.py for tasks to queue
[2026-07-21T19:56:00.194+0000] {logging_mixin.py:190} INFO - [2026-07-21T19:56:00.194+0000] {dagbag.py:588} INFO - Filling up the DagBag from /opt/airflow/dags/dag_extract_putevoy_list.py
[2026-07-21T19:56:00.205+0000] {processor.py:925} INFO - DAG(s) 'dag_extract_putevoy_list' retrieved from /opt/airflow/dags/dag_extract_putevoy_list.py
[2026-07-21T19:56:00.219+0000] {logging_mixin.py:190} INFO - [2026-07-21T19:56:00.219+0000] {dag.py:3239} INFO - Sync 1 DAGs
[2026-07-21T19:56:00.228+0000] {logging_mixin.py:190} INFO - [2026-07-21T19:56:00.228+0000] {dag.py:4180} INFO - Setting next_dagrun for dag_extract_putevoy_list to 2026-07-21 02:00:00+00:00, run_after=2026-07-22 02:00:00+00:00
[2026-07-21T19:56:00.236+0000] {processor.py:208} INFO - Processing /opt/airflow/dags/dag_extract_putevoy_list.py took 0.050 seconds
[2026-07-21T19:56:30.676+0000] {processor.py:186} INFO - Started process (PID=26156) to work on /opt/airflow/dags/dag_extract_putevoy_list.py
[2026-07-21T19:56:30.678+0000] {processor.py:914} INFO - Processing file /opt/airflow/dags/dag_extract_putevoy_list.py for tasks to queue
[2026-07-21T19:56:30.681+0000] {logging_mixin.py:190} INFO - [2026-07-21T19:56:30.680+0000] {dagbag.py:588} INFO - Filling up the DagBag from /opt/airflow/dags/dag_extract_putevoy_list.py
[2026-07-21T19:56:30.694+0000] {processor.py:925} INFO - DAG(s) 'dag_extract_putevoy_list' retrieved from /opt/airflow/dags/dag_extract_putevoy_list.py
[2026-07-21T19:56:30.706+0000] {logging_mixin.py:190} INFO - [2026-07-21T19:56:30.706+0000] {dag.py:3239} INFO - Sync 1 DAGs
[2026-07-21T19:56:30.716+0000] {logging_mixin.py:190} INFO - [2026-07-21T19:56:30.716+0000] {dag.py:4180} INFO - Setting next_dagrun for dag_extract_putevoy_list to 2026-07-21 02:00:00+00:00, run_after=2026-07-22 02:00:00+00:00
[2026-07-21T19:56:30.722+0000] {processor.py:208} INFO - Processing /opt/airflow/dags/dag_extract_putevoy_list.py took 0.051 seconds
[2026-07-21T19:57:01.193+0000] {processor.py:186} INFO - Started process (PID=26176) to work on /opt/airflow/dags/dag_extract_putevoy_list.py
[2026-07-21T19:57:01.194+0000] {processor.py:914} INFO - Processing file /opt/airflow/dags/dag_extract_putevoy_list.py for tasks to queue
[2026-07-21T19:57:01.196+0000] {logging_mixin.py:190} INFO - [2026-07-21T19:57:01.196+0000] {dagbag.py:588} INFO - Filling up the DagBag from /opt/airflow/dags/dag_extract_putevoy_list.py
[2026-07-21T19:57:01.205+0000] {processor.py:925} INFO - DAG(s) 'dag_extract_putevoy_list' retrieved from /opt/airflow/dags/dag_extract_putevoy_list.py
[2026-07-21T19:57:01.218+0000] {logging_mixin.py:190} INFO - [2026-07-21T19:57:01.218+0000] {dag.py:3239} INFO - Sync 1 DAGs
[2026-07-21T19:57:01.294+0000] {logging_mixin.py:190} INFO - [2026-07-21T19:57:01.294+0000] {dag.py:4180} INFO - Setting next_dagrun for dag_extract_putevoy_list to 2026-07-21 02:00:00+00:00, run_after=2026-07-22 02:00:00+00:00
[2026-07-21T19:57:01.301+0000] {processor.py:208} INFO - Processing /opt/airflow/dags/dag_extract_putevoy_list.py took 0.113 seconds
[2026-07-21T19:57:31.736+0000] {processor.py:186} INFO - Started process (PID=26196) to work on /opt/airflow/dags/dag_extract_putevoy_list.py
[2026-07-21T19:57:31.737+0000] {processor.py:914} INFO - Processing file /opt/airflow/dags/dag_extract_putevoy_list.py for tasks to queue
[2026-07-21T19:57:31.740+0000] {logging_mixin.py:190} INFO - [2026-07-21T19:57:31.740+0000] {dagbag.py:588} INFO - Filling up the DagBag from /opt/airflow/dags/dag_extract_putevoy_list.py
[2026-07-21T19:57:31.747+0000] {processor.py:925} INFO - DAG(s) 'dag_extract_putevoy_list' retrieved from /opt/airflow/dags/dag_extract_putevoy_list.py
[2026-07-21T19:57:31.761+0000] {logging_mixin.py:190} INFO - [2026-07-21T19:57:31.761+0000] {dag.py:3239} INFO - Sync 1 DAGs
[2026-07-21T19:57:31.770+0000] {logging_mixin.py:190} INFO - [2026-07-21T19:57:31.770+0000] {dag.py:4180} INFO - Setting next_dagrun for dag_extract_putevoy_list to 2026-07-21 02:00:00+00:00, run_after=2026-07-22 02:00:00+00:00
[2026-07-21T19:57:31.779+0000] {processor.py:208} INFO - Processing /opt/airflow/dags/dag_extract_putevoy_list.py took 0.049 seconds
[2026-07-21T19:58:02.232+0000] {processor.py:186} INFO - Started process (PID=26216) to work on /opt/airflow/dags/dag_extract_putevoy_list.py
[2026-07-21T19:58:02.234+0000] {processor.py:914} INFO - Processing file /opt/airflow/dags/dag_extract_putevoy_list.py for tasks to queue
[2026-07-21T19:58:02.236+0000] {logging_mixin.py:190} INFO - [2026-07-21T19:58:02.236+0000] {dagbag.py:588} INFO - Filling up the DagBag from /opt/airflow/dags/dag_extract_putevoy_list.py
[2026-07-21T19:58:02.245+0000] {processor.py:925} INFO - DAG(s) 'dag_extract_putevoy_list' retrieved from /opt/airflow/dags/dag_extract_putevoy_list.py
[2026-07-21T19:58:02.329+0000] {logging_mixin.py:190} INFO - [2026-07-21T19:58:02.329+0000] {dag.py:3239} INFO - Sync 1 DAGs
[2026-07-21T19:58:02.336+0000] {logging_mixin.py:190} INFO - [2026-07-21T19:58:02.336+0000] {dag.py:4180} INFO - Setting next_dagrun for dag_extract_putevoy_list to 2026-07-21 02:00:00+00:00, run_after=2026-07-22 02:00:00+00:00
[2026-07-21T19:58:02.343+0000] {processor.py:208} INFO - Processing /opt/airflow/dags/dag_extract_putevoy_list.py took 0.116 seconds
[2026-07-21T19:58:32.821+0000] {processor.py:186} INFO - Started process (PID=26236) to work on /opt/airflow/dags/dag_extract_putevoy_list.py
[2026-07-21T19:58:32.822+0000] {processor.py:914} INFO - Processing file /opt/airflow/dags/dag_extract_putevoy_list.py for tasks to queue
[2026-07-21T19:58:32.824+0000] {logging_mixin.py:190} INFO - [2026-07-21T19:58:32.824+0000] {dagbag.py:588} INFO - Filling up the DagBag from /opt/airflow/dags/dag_extract_putevoy_list.py
[2026-07-21T19:58:32.837+0000] {processor.py:925} INFO - DAG(s) 'dag_extract_putevoy_list' retrieved from /opt/airflow/dags/dag_extract_putevoy_list.py
[2026-07-21T19:58:32.858+0000] {logging_mixin.py:190} INFO - [2026-07-21T19:58:32.858+0000] {dag.py:3239} INFO - Sync 1 DAGs
[2026-07-21T19:58:32.873+0000] {logging_mixin.py:190} INFO - [2026-07-21T19:58:32.873+0000] {dag.py:4180} INFO - Setting next_dagrun for dag_extract_putevoy_list to 2026-07-21 02:00:00+00:00, run_after=2026-07-22 02:00:00+00:00
[2026-07-21T19:58:32.881+0000] {processor.py:208} INFO - Processing /opt/airflow/dags/dag_extract_putevoy_list.py took 0.067 seconds
[2026-07-21T19:59:03.334+0000] {processor.py:186} INFO - Started process (PID=26256) to work on /opt/airflow/dags/dag_extract_putevoy_list.py
[2026-07-21T19:59:03.335+0000] {processor.py:914} INFO - Processing file /opt/airflow/dags/dag_extract_putevoy_list.py for tasks to queue
[2026-07-21T19:59:03.337+0000] {logging_mixin.py:190} INFO - [2026-07-21T19:59:03.337+0000] {dagbag.py:588} INFO - Filling up the DagBag from /opt/airflow/dags/dag_extract_putevoy_list.py
[2026-07-21T19:59:03.347+0000] {processor.py:925} INFO - DAG(s) 'dag_extract_putevoy_list' retrieved from /opt/airflow/dags/dag_extract_putevoy_list.py
[2026-07-21T19:59:03.365+0000] {logging_mixin.py:190} INFO - [2026-07-21T19:59:03.365+0000] {dag.py:3239} INFO - Sync 1 DAGs
[2026-07-21T19:59:03.374+0000] {logging_mixin.py:190} INFO - [2026-07-21T19:59:03.374+0000] {dag.py:4180} INFO - Setting next_dagrun for dag_extract_putevoy_list to 2026-07-21 02:00:00+00:00, run_after=2026-07-22 02:00:00+00:00
[2026-07-21T19:59:03.385+0000] {processor.py:208} INFO - Processing /opt/airflow/dags/dag_extract_putevoy_list.py took 0.055 seconds
[2026-07-21T19:59:33.826+0000] {processor.py:186} INFO - Started process (PID=26276) to work on /opt/airflow/dags/dag_extract_putevoy_list.py
[2026-07-21T19:59:33.828+0000] {processor.py:914} INFO - Processing file /opt/airflow/dags/dag_extract_putevoy_list.py for tasks to queue
[2026-07-21T19:59:33.831+0000] {logging_mixin.py:190} INFO - [2026-07-21T19:59:33.831+0000] {dagbag.py:588} INFO - Filling up the DagBag from /opt/airflow/dags/dag_extract_putevoy_list.py
[2026-07-21T19:59:33.841+0000] {processor.py:925} INFO - DAG(s) 'dag_extract_putevoy_list' retrieved from /opt/airflow/dags/dag_extract_putevoy_list.py
[2026-07-21T19:59:33.858+0000] {logging_mixin.py:190} INFO - [2026-07-21T19:59:33.858+0000] {dag.py:3239} INFO - Sync 1 DAGs
[2026-07-21T19:59:33.866+0000] {logging_mixin.py:190} INFO - [2026-07-21T19:59:33.866+0000] {dag.py:4180} INFO - Setting next_dagrun for dag_extract_putevoy_list to 2026-07-21 02:00:00+00:00, run_after=2026-07-22 02:00:00+00:00
[2026-07-21T19:59:33.874+0000] {processor.py:208} INFO - Processing /opt/airflow/dags/dag_extract_putevoy_list.py took 0.053 seconds
[2026-07-21T20:00:04.261+0000] {processor.py:186} INFO - Started process (PID=26299) to work on /opt/airflow/dags/dag_extract_putevoy_list.py
[2026-07-21T20:00:04.263+0000] {processor.py:914} INFO - Processing file /opt/airflow/dags/dag_extract_putevoy_list.py for tasks to queue
[2026-07-21T20:00:04.266+0000] {logging_mixin.py:190} INFO - [2026-07-21T20:00:04.266+0000] {dagbag.py:588} INFO - Filling up the DagBag from /opt/airflow/dags/dag_extract_putevoy_list.py
[2026-07-21T20:00:04.274+0000] {processor.py:925} INFO - DAG(s) 'dag_extract_putevoy_list' retrieved from /opt/airflow/dags/dag_extract_putevoy_list.py
[2026-07-21T20:00:04.287+0000] {logging_mixin.py:190} INFO - [2026-07-21T20:00:04.287+0000] {dag.py:3239} INFO - Sync 1 DAGs
[2026-07-21T20:00:04.295+0000] {logging_mixin.py:190} INFO - [2026-07-21T20:00:04.295+0000] {dag.py:4180} INFO - Setting next_dagrun for dag_extract_putevoy_list to 2026-07-21 02:00:00+00:00, run_after=2026-07-22 02:00:00+00:00
[2026-07-21T20:00:04.303+0000] {processor.py:208} INFO - Processing /opt/airflow/dags/dag_extract_putevoy_list.py took 0.048 seconds
[2026-07-21T20:00:34.691+0000] {processor.py:186} INFO - Started process (PID=26319) to work on /opt/airflow/dags/dag_extract_putevoy_list.py
[2026-07-21T20:00:34.693+0000] {processor.py:914} INFO - Processing file /opt/airflow/dags/dag_extract_putevoy_list.py for tasks to queue
[2026-07-21T20:00:34.696+0000] {logging_mixin.py:190} INFO - [2026-07-21T20:00:34.696+0000] {dagbag.py:588} INFO - Filling up the DagBag from /opt/airflow/dags/dag_extract_putevoy_list.py
[2026-07-21T20:00:34.705+0000] {processor.py:925} INFO - DAG(s) 'dag_extract_putevoy_list' retrieved from /opt/airflow/dags/dag_extract_putevoy_list.py
[2026-07-21T20:00:34.718+0000] {logging_mixin.py:190} INFO - [2026-07-21T20:00:34.718+0000] {dag.py:3239} INFO - Sync 1 DAGs
[2026-07-21T20:00:34.727+0000] {logging_mixin.py:190} INFO - [2026-07-21T20:00:34.727+0000] {dag.py:4180} INFO - Setting next_dagrun for dag_extract_putevoy_list to 2026-07-21 02:00:00+00:00, run_after=2026-07-22 02:00:00+00:00
[2026-07-21T20:00:34.735+0000] {processor.py:208} INFO - Processing /opt/airflow/dags/dag_extract_putevoy_list.py took 0.052 seconds
[2026-07-21T20:01:05.285+0000] {processor.py:186} INFO - Started process (PID=26339) to work on /opt/airflow/dags/dag_extract_putevoy_list.py
[2026-07-21T20:01:05.286+0000] {processor.py:914} INFO - Processing file /opt/airflow/dags/dag_extract_putevoy_list.py for tasks to queue
[2026-07-21T20:01:05.289+0000] {logging_mixin.py:190} INFO - [2026-07-21T20:01:05.289+0000] {dagbag.py:588} INFO - Filling up the DagBag from /opt/airflow/dags/dag_extract_putevoy_list.py
[2026-07-21T20:01:05.315+0000] {processor.py:925} INFO - DAG(s) 'dag_extract_putevoy_list' retrieved from /opt/airflow/dags/dag_extract_putevoy_list.py
[2026-07-21T20:01:05.336+0000] {logging_mixin.py:190} INFO - [2026-07-21T20:01:05.336+0000] {dag.py:3239} INFO - Sync 1 DAGs
[2026-07-21T20:01:05.353+0000] {logging_mixin.py:190} INFO - [2026-07-21T20:01:05.353+0000] {dag.py:4180} INFO - Setting next_dagrun for dag_extract_putevoy_list to 2026-07-21 02:00:00+00:00, run_after=2026-07-22 02:00:00+00:00
[2026-07-21T20:01:05.362+0000] {processor.py:208} INFO - Processing /opt/airflow/dags/dag_extract_putevoy_list.py took 0.082 seconds
[2026-07-21T21:20:27.969+0000] {processor.py:186} INFO - Started process (PID=26360) to work on /opt/airflow/dags/dag_extract_putevoy_list.py
[2026-07-21T21:20:27.969+0000] {processor.py:914} INFO - Processing file /opt/airflow/dags/dag_extract_putevoy_list.py for tasks to queue
[2026-07-21T21:20:27.971+0000] {logging_mixin.py:190} INFO - [2026-07-21T21:20:27.971+0000] {dagbag.py:588} INFO - Filling up the DagBag from /opt/airflow/dags/dag_extract_putevoy_list.py
[2026-07-21T21:20:27.977+0000] {processor.py:925} INFO - DAG(s) 'dag_extract_putevoy_list' retrieved from /opt/airflow/dags/dag_extract_putevoy_list.py
[2026-07-21T21:20:27.990+0000] {logging_mixin.py:190} INFO - [2026-07-21T21:20:27.989+0000] {dag.py:3239} INFO - Sync 1 DAGs
[2026-07-21T21:20:28.002+0000] {logging_mixin.py:190} INFO - [2026-07-21T21:20:28.002+0000] {dag.py:4180} INFO - Setting next_dagrun for dag_extract_putevoy_list to 2026-07-21 02:00:00+00:00, run_after=2026-07-22 02:00:00+00:00
[2026-07-21T21:20:28.010+0000] {processor.py:208} INFO - Processing /opt/airflow/dags/dag_extract_putevoy_list.py took 0.044 seconds
[2026-07-21T22:19:28.444+0000] {processor.py:186} INFO - Started process (PID=26382) to work on /opt/airflow/dags/dag_extract_putevoy_list.py
[2026-07-21T22:19:28.446+0000] {processor.py:914} INFO - Processing file /opt/airflow/dags/dag_extract_putevoy_list.py for tasks to queue
[2026-07-21T22:19:28.448+0000] {logging_mixin.py:190} INFO - [2026-07-21T22:19:28.447+0000] {dagbag.py:588} INFO - Filling up the DagBag from /opt/airflow/dags/dag_extract_putevoy_list.py
[2026-07-21T22:19:28.457+0000] {processor.py:925} INFO - DAG(s) 'dag_extract_putevoy_list' retrieved from /opt/airflow/dags/dag_extract_putevoy_list.py
[2026-07-21T22:19:28.470+0000] {logging_mixin.py:190} INFO - [2026-07-21T22:19:28.470+0000] {dag.py:3239} INFO - Sync 1 DAGs
[2026-07-21T22:19:28.479+0000] {logging_mixin.py:190} INFO - [2026-07-21T22:19:28.479+0000] {dag.py:4180} INFO - Setting next_dagrun for dag_extract_putevoy_list to 2026-07-21 02:00:00+00:00, run_after=2026-07-22 02:00:00+00:00
[2026-07-21T22:19:28.488+0000] {processor.py:208} INFO - Processing /opt/airflow/dags/dag_extract_putevoy_list.py took 0.047 seconds
[2026-07-21T23:55:53.111+0000] {processor.py:186} INFO - Started process (PID=26408) to work on /opt/airflow/dags/dag_extract_putevoy_list.py
[2026-07-21T23:55:53.112+0000] {processor.py:914} INFO - Processing file /opt/airflow/dags/dag_extract_putevoy_list.py for tasks to queue
[2026-07-21T23:55:53.115+0000] {logging_mixin.py:190} INFO - [2026-07-21T23:55:53.114+0000] {dagbag.py:588} INFO - Filling up the DagBag from /opt/airflow/dags/dag_extract_putevoy_list.py
[2026-07-21T23:55:53.126+0000] {processor.py:925} INFO - DAG(s) 'dag_extract_putevoy_list' retrieved from /opt/airflow/dags/dag_extract_putevoy_list.py
[2026-07-21T23:55:53.143+0000] {logging_mixin.py:190} INFO - [2026-07-21T23:55:53.143+0000] {dag.py:3239} INFO - Sync 1 DAGs
[2026-07-21T23:55:53.154+0000] {logging_mixin.py:190} INFO - [2026-07-21T23:55:53.154+0000] {dag.py:4180} INFO - Setting next_dagrun for dag_extract_putevoy_list to 2026-07-21 02:00:00+00:00, run_after=2026-07-22 02:00:00+00:00
[2026-07-21T23:55:53.162+0000] {processor.py:208} INFO - Processing /opt/airflow/dags/dag_extract_putevoy_list.py took 0.055 seconds
