[2026-08-13T00:06:25.754+0000] {processor.py:186} INFO - Started process (PID=6232) to work on /opt/airflow/dags/dag_extract_putevoy_list.py
[2026-08-13T00:06:25.754+0000] {processor.py:914} INFO - Processing file /opt/airflow/dags/dag_extract_putevoy_list.py for tasks to queue
[2026-08-13T00:06:25.755+0000] {logging_mixin.py:190} INFO - [2026-08-13T00:06:25.755+0000] {dagbag.py:588} INFO - Filling up the DagBag from /opt/airflow/dags/dag_extract_putevoy_list.py
[2026-08-13T00:06:25.760+0000] {processor.py:925} INFO - DAG(s) 'dag_extract_putevoy_list' retrieved from /opt/airflow/dags/dag_extract_putevoy_list.py
[2026-08-13T00:06:25.773+0000] {logging_mixin.py:190} INFO - [2026-08-13T00:06:25.773+0000] {dag.py:3239} INFO - Sync 1 DAGs
[2026-08-13T00:06:25.782+0000] {logging_mixin.py:190} INFO - [2026-08-13T00:06:25.781+0000] {dag.py:4180} INFO - Setting next_dagrun for dag_extract_putevoy_list to 2026-08-12 02:00:00+00:00, run_after=2026-08-13 02:00:00+00:00
[2026-08-13T00:06:25.787+0000] {processor.py:208} INFO - Processing /opt/airflow/dags/dag_extract_putevoy_list.py took 0.036 seconds
[2026-08-13T00:58:10.819+0000] {processor.py:186} INFO - Started process (PID=6254) to work on /opt/airflow/dags/dag_extract_putevoy_list.py
[2026-08-13T00:58:10.820+0000] {processor.py:914} INFO - Processing file /opt/airflow/dags/dag_extract_putevoy_list.py for tasks to queue
[2026-08-13T00:58:10.821+0000] {logging_mixin.py:190} INFO - [2026-08-13T00:58:10.820+0000] {dagbag.py:588} INFO - Filling up the DagBag from /opt/airflow/dags/dag_extract_putevoy_list.py
[2026-08-13T00:58:10.825+0000] {processor.py:925} INFO - DAG(s) 'dag_extract_putevoy_list' retrieved from /opt/airflow/dags/dag_extract_putevoy_list.py
[2026-08-13T00:58:10.834+0000] {logging_mixin.py:190} INFO - [2026-08-13T00:58:10.834+0000] {dag.py:3239} INFO - Sync 1 DAGs
[2026-08-13T00:58:10.841+0000] {logging_mixin.py:190} INFO - [2026-08-13T00:58:10.840+0000] {dag.py:4180} INFO - Setting next_dagrun for dag_extract_putevoy_list to 2026-08-12 02:00:00+00:00, run_after=2026-08-13 02:00:00+00:00
[2026-08-13T00:58:10.845+0000] {processor.py:208} INFO - Processing /opt/airflow/dags/dag_extract_putevoy_list.py took 0.028 seconds
[2026-08-13T00:58:41.252+0000] {processor.py:186} INFO - Started process (PID=6274) to work on /opt/airflow/dags/dag_extract_putevoy_list.py
[2026-08-13T00:58:41.252+0000] {processor.py:914} INFO - Processing file /opt/airflow/dags/dag_extract_putevoy_list.py for tasks to queue
[2026-08-13T00:58:41.253+0000] {logging_mixin.py:190} INFO - [2026-08-13T00:58:41.253+0000] {dagbag.py:588} INFO - Filling up the DagBag from /opt/airflow/dags/dag_extract_putevoy_list.py
[2026-08-13T00:58:41.259+0000] {processor.py:925} INFO - DAG(s) 'dag_extract_putevoy_list' retrieved from /opt/airflow/dags/dag_extract_putevoy_list.py
[2026-08-13T00:58:41.270+0000] {logging_mixin.py:190} INFO - [2026-08-13T00:58:41.270+0000] {dag.py:3239} INFO - Sync 1 DAGs
[2026-08-13T00:58:41.278+0000] {logging_mixin.py:190} INFO - [2026-08-13T00:58:41.278+0000] {dag.py:4180} INFO - Setting next_dagrun for dag_extract_putevoy_list to 2026-08-12 02:00:00+00:00, run_after=2026-08-13 02:00:00+00:00
[2026-08-13T00:58:41.284+0000] {processor.py:208} INFO - Processing /opt/airflow/dags/dag_extract_putevoy_list.py took 0.035 seconds
[2026-08-13T00:59:13.527+0000] {processor.py:186} INFO - Started process (PID=6294) to work on /opt/airflow/dags/dag_extract_putevoy_list.py
[2026-08-13T00:59:13.527+0000] {processor.py:914} INFO - Processing file /opt/airflow/dags/dag_extract_putevoy_list.py for tasks to queue
[2026-08-13T00:59:13.528+0000] {logging_mixin.py:190} INFO - [2026-08-13T00:59:13.528+0000] {dagbag.py:588} INFO - Filling up the DagBag from /opt/airflow/dags/dag_extract_putevoy_list.py
[2026-08-13T00:59:13.532+0000] {processor.py:925} INFO - DAG(s) 'dag_extract_putevoy_list' retrieved from /opt/airflow/dags/dag_extract_putevoy_list.py
[2026-08-13T00:59:13.542+0000] {logging_mixin.py:190} INFO - [2026-08-13T00:59:13.542+0000] {dag.py:3239} INFO - Sync 1 DAGs
[2026-08-13T00:59:13.550+0000] {logging_mixin.py:190} INFO - [2026-08-13T00:59:13.550+0000] {dag.py:4180} INFO - Setting next_dagrun for dag_extract_putevoy_list to 2026-08-12 02:00:00+00:00, run_after=2026-08-13 02:00:00+00:00
[2026-08-13T00:59:13.555+0000] {processor.py:208} INFO - Processing /opt/airflow/dags/dag_extract_putevoy_list.py took 0.031 seconds
[2026-08-13T00:59:50.665+0000] {processor.py:186} INFO - Started process (PID=6314) to work on /opt/airflow/dags/dag_extract_putevoy_list.py
[2026-08-13T00:59:50.665+0000] {processor.py:914} INFO - Processing file /opt/airflow/dags/dag_extract_putevoy_list.py for tasks to queue
[2026-08-13T00:59:50.666+0000] {logging_mixin.py:190} INFO - [2026-08-13T00:59:50.666+0000] {dagbag.py:588} INFO - Filling up the DagBag from /opt/airflow/dags/dag_extract_putevoy_list.py
[2026-08-13T00:59:50.671+0000] {processor.py:925} INFO - DAG(s) 'dag_extract_putevoy_list' retrieved from /opt/airflow/dags/dag_extract_putevoy_list.py
[2026-08-13T00:59:50.681+0000] {logging_mixin.py:190} INFO - [2026-08-13T00:59:50.681+0000] {dag.py:3239} INFO - Sync 1 DAGs
[2026-08-13T00:59:50.688+0000] {logging_mixin.py:190} INFO - [2026-08-13T00:59:50.688+0000] {dag.py:4180} INFO - Setting next_dagrun for dag_extract_putevoy_list to 2026-08-12 02:00:00+00:00, run_after=2026-08-13 02:00:00+00:00
[2026-08-13T00:59:50.693+0000] {processor.py:208} INFO - Processing /opt/airflow/dags/dag_extract_putevoy_list.py took 0.030 seconds
[2026-08-13T01:00:21.164+0000] {processor.py:186} INFO - Started process (PID=6346) to work on /opt/airflow/dags/dag_extract_putevoy_list.py
[2026-08-13T01:00:21.165+0000] {processor.py:914} INFO - Processing file /opt/airflow/dags/dag_extract_putevoy_list.py for tasks to queue
[2026-08-13T01:00:21.165+0000] {logging_mixin.py:190} INFO - [2026-08-13T01:00:21.165+0000] {dagbag.py:588} INFO - Filling up the DagBag from /opt/airflow/dags/dag_extract_putevoy_list.py
[2026-08-13T01:00:21.170+0000] {processor.py:925} INFO - DAG(s) 'dag_extract_putevoy_list' retrieved from /opt/airflow/dags/dag_extract_putevoy_list.py
[2026-08-13T01:00:21.180+0000] {logging_mixin.py:190} INFO - [2026-08-13T01:00:21.180+0000] {dag.py:3239} INFO - Sync 1 DAGs
[2026-08-13T01:00:21.188+0000] {logging_mixin.py:190} INFO - [2026-08-13T01:00:21.188+0000] {dag.py:4180} INFO - Setting next_dagrun for dag_extract_putevoy_list to 2026-08-12 02:00:00+00:00, run_after=2026-08-13 02:00:00+00:00
[2026-08-13T01:00:21.194+0000] {processor.py:208} INFO - Processing /opt/airflow/dags/dag_extract_putevoy_list.py took 0.032 seconds
[2026-08-13T01:00:56.637+0000] {processor.py:186} INFO - Started process (PID=6366) to work on /opt/airflow/dags/dag_extract_putevoy_list.py
[2026-08-13T01:00:56.638+0000] {processor.py:914} INFO - Processing file /opt/airflow/dags/dag_extract_putevoy_list.py for tasks to queue
[2026-08-13T01:00:56.639+0000] {logging_mixin.py:190} INFO - [2026-08-13T01:00:56.639+0000] {dagbag.py:588} INFO - Filling up the DagBag from /opt/airflow/dags/dag_extract_putevoy_list.py
[2026-08-13T01:00:56.643+0000] {processor.py:925} INFO - DAG(s) 'dag_extract_putevoy_list' retrieved from /opt/airflow/dags/dag_extract_putevoy_list.py
[2026-08-13T01:00:56.653+0000] {logging_mixin.py:190} INFO - [2026-08-13T01:00:56.653+0000] {dag.py:3239} INFO - Sync 1 DAGs
[2026-08-13T01:00:56.660+0000] {logging_mixin.py:190} INFO - [2026-08-13T01:00:56.660+0000] {dag.py:4180} INFO - Setting next_dagrun for dag_extract_putevoy_list to 2026-08-12 02:00:00+00:00, run_after=2026-08-13 02:00:00+00:00
[2026-08-13T01:00:56.664+0000] {processor.py:208} INFO - Processing /opt/airflow/dags/dag_extract_putevoy_list.py took 0.029 seconds
[2026-08-13T01:01:33.041+0000] {processor.py:186} INFO - Started process (PID=6386) to work on /opt/airflow/dags/dag_extract_putevoy_list.py
[2026-08-13T01:01:33.041+0000] {processor.py:914} INFO - Processing file /opt/airflow/dags/dag_extract_putevoy_list.py for tasks to queue
[2026-08-13T01:01:33.042+0000] {logging_mixin.py:190} INFO - [2026-08-13T01:01:33.042+0000] {dagbag.py:588} INFO - Filling up the DagBag from /opt/airflow/dags/dag_extract_putevoy_list.py
[2026-08-13T01:01:33.047+0000] {processor.py:925} INFO - DAG(s) 'dag_extract_putevoy_list' retrieved from /opt/airflow/dags/dag_extract_putevoy_list.py
[2026-08-13T01:01:33.056+0000] {logging_mixin.py:190} INFO - [2026-08-13T01:01:33.056+0000] {dag.py:3239} INFO - Sync 1 DAGs
[2026-08-13T01:01:33.063+0000] {logging_mixin.py:190} INFO - [2026-08-13T01:01:33.063+0000] {dag.py:4180} INFO - Setting next_dagrun for dag_extract_putevoy_list to 2026-08-12 02:00:00+00:00, run_after=2026-08-13 02:00:00+00:00
[2026-08-13T01:01:33.067+0000] {processor.py:208} INFO - Processing /opt/airflow/dags/dag_extract_putevoy_list.py took 0.029 seconds
[2026-08-13T01:02:03.525+0000] {processor.py:186} INFO - Started process (PID=6406) to work on /opt/airflow/dags/dag_extract_putevoy_list.py
[2026-08-13T01:02:03.525+0000] {processor.py:914} INFO - Processing file /opt/airflow/dags/dag_extract_putevoy_list.py for tasks to queue
[2026-08-13T01:02:03.526+0000] {logging_mixin.py:190} INFO - [2026-08-13T01:02:03.526+0000] {dagbag.py:588} INFO - Filling up the DagBag from /opt/airflow/dags/dag_extract_putevoy_list.py
[2026-08-13T01:02:03.531+0000] {processor.py:925} INFO - DAG(s) 'dag_extract_putevoy_list' retrieved from /opt/airflow/dags/dag_extract_putevoy_list.py
[2026-08-13T01:02:03.540+0000] {logging_mixin.py:190} INFO - [2026-08-13T01:02:03.540+0000] {dag.py:3239} INFO - Sync 1 DAGs
[2026-08-13T01:02:03.547+0000] {logging_mixin.py:190} INFO - [2026-08-13T01:02:03.547+0000] {dag.py:4180} INFO - Setting next_dagrun for dag_extract_putevoy_list to 2026-08-12 02:00:00+00:00, run_after=2026-08-13 02:00:00+00:00
[2026-08-13T01:02:03.552+0000] {processor.py:208} INFO - Processing /opt/airflow/dags/dag_extract_putevoy_list.py took 0.030 seconds
[2026-08-13T01:02:40.032+0000] {processor.py:186} INFO - Started process (PID=6424) to work on /opt/airflow/dags/dag_extract_putevoy_list.py
[2026-08-13T01:02:40.032+0000] {processor.py:914} INFO - Processing file /opt/airflow/dags/dag_extract_putevoy_list.py for tasks to queue
[2026-08-13T01:02:40.034+0000] {logging_mixin.py:190} INFO - [2026-08-13T01:02:40.034+0000] {dagbag.py:588} INFO - Filling up the DagBag from /opt/airflow/dags/dag_extract_putevoy_list.py
[2026-08-13T01:02:40.040+0000] {processor.py:925} INFO - DAG(s) 'dag_extract_putevoy_list' retrieved from /opt/airflow/dags/dag_extract_putevoy_list.py
[2026-08-13T01:02:40.054+0000] {logging_mixin.py:190} INFO - [2026-08-13T01:02:40.054+0000] {dag.py:3239} INFO - Sync 1 DAGs
[2026-08-13T01:02:40.065+0000] {logging_mixin.py:190} INFO - [2026-08-13T01:02:40.065+0000] {dag.py:4180} INFO - Setting next_dagrun for dag_extract_putevoy_list to 2026-08-12 02:00:00+00:00, run_after=2026-08-13 02:00:00+00:00
[2026-08-13T01:02:40.071+0000] {processor.py:208} INFO - Processing /opt/airflow/dags/dag_extract_putevoy_list.py took 0.042 seconds
[2026-08-13T01:03:17.524+0000] {processor.py:186} INFO - Started process (PID=6446) to work on /opt/airflow/dags/dag_extract_putevoy_list.py
[2026-08-13T01:03:17.524+0000] {processor.py:914} INFO - Processing file /opt/airflow/dags/dag_extract_putevoy_list.py for tasks to queue
[2026-08-13T01:03:17.525+0000] {logging_mixin.py:190} INFO - [2026-08-13T01:03:17.525+0000] {dagbag.py:588} INFO - Filling up the DagBag from /opt/airflow/dags/dag_extract_putevoy_list.py
[2026-08-13T01:03:17.529+0000] {processor.py:925} INFO - DAG(s) 'dag_extract_putevoy_list' retrieved from /opt/airflow/dags/dag_extract_putevoy_list.py
[2026-08-13T01:03:17.539+0000] {logging_mixin.py:190} INFO - [2026-08-13T01:03:17.539+0000] {dag.py:3239} INFO - Sync 1 DAGs
[2026-08-13T01:03:17.547+0000] {logging_mixin.py:190} INFO - [2026-08-13T01:03:17.546+0000] {dag.py:4180} INFO - Setting next_dagrun for dag_extract_putevoy_list to 2026-08-12 02:00:00+00:00, run_after=2026-08-13 02:00:00+00:00
[2026-08-13T01:03:17.551+0000] {processor.py:208} INFO - Processing /opt/airflow/dags/dag_extract_putevoy_list.py took 0.031 seconds
[2026-08-13T01:03:47.960+0000] {processor.py:186} INFO - Started process (PID=6465) to work on /opt/airflow/dags/dag_extract_putevoy_list.py
[2026-08-13T01:03:47.961+0000] {processor.py:914} INFO - Processing file /opt/airflow/dags/dag_extract_putevoy_list.py for tasks to queue
[2026-08-13T01:03:47.962+0000] {logging_mixin.py:190} INFO - [2026-08-13T01:03:47.962+0000] {dagbag.py:588} INFO - Filling up the DagBag from /opt/airflow/dags/dag_extract_putevoy_list.py
[2026-08-13T01:03:47.967+0000] {processor.py:925} INFO - DAG(s) 'dag_extract_putevoy_list' retrieved from /opt/airflow/dags/dag_extract_putevoy_list.py
[2026-08-13T01:03:47.982+0000] {logging_mixin.py:190} INFO - [2026-08-13T01:03:47.982+0000] {dag.py:3239} INFO - Sync 1 DAGs
[2026-08-13T01:03:47.990+0000] {logging_mixin.py:190} INFO - [2026-08-13T01:03:47.990+0000] {dag.py:4180} INFO - Setting next_dagrun for dag_extract_putevoy_list to 2026-08-12 02:00:00+00:00, run_after=2026-08-13 02:00:00+00:00
[2026-08-13T01:03:47.996+0000] {processor.py:208} INFO - Processing /opt/airflow/dags/dag_extract_putevoy_list.py took 0.038 seconds
[2026-08-13T01:04:24.515+0000] {processor.py:186} INFO - Started process (PID=6486) to work on /opt/airflow/dags/dag_extract_putevoy_list.py
[2026-08-13T01:04:24.516+0000] {processor.py:914} INFO - Processing file /opt/airflow/dags/dag_extract_putevoy_list.py for tasks to queue
[2026-08-13T01:04:24.516+0000] {logging_mixin.py:190} INFO - [2026-08-13T01:04:24.516+0000] {dagbag.py:588} INFO - Filling up the DagBag from /opt/airflow/dags/dag_extract_putevoy_list.py
[2026-08-13T01:04:24.521+0000] {processor.py:925} INFO - DAG(s) 'dag_extract_putevoy_list' retrieved from /opt/airflow/dags/dag_extract_putevoy_list.py
[2026-08-13T01:04:24.531+0000] {logging_mixin.py:190} INFO - [2026-08-13T01:04:24.531+0000] {dag.py:3239} INFO - Sync 1 DAGs
[2026-08-13T01:04:24.537+0000] {logging_mixin.py:190} INFO - [2026-08-13T01:04:24.537+0000] {dag.py:4180} INFO - Setting next_dagrun for dag_extract_putevoy_list to 2026-08-12 02:00:00+00:00, run_after=2026-08-13 02:00:00+00:00
[2026-08-13T01:04:24.542+0000] {processor.py:208} INFO - Processing /opt/airflow/dags/dag_extract_putevoy_list.py took 0.029 seconds
[2026-08-13T01:04:55.029+0000] {processor.py:186} INFO - Started process (PID=6506) to work on /opt/airflow/dags/dag_extract_putevoy_list.py
[2026-08-13T01:04:55.029+0000] {processor.py:914} INFO - Processing file /opt/airflow/dags/dag_extract_putevoy_list.py for tasks to queue
[2026-08-13T01:04:55.030+0000] {logging_mixin.py:190} INFO - [2026-08-13T01:04:55.030+0000] {dagbag.py:588} INFO - Filling up the DagBag from /opt/airflow/dags/dag_extract_putevoy_list.py
[2026-08-13T01:04:55.034+0000] {processor.py:925} INFO - DAG(s) 'dag_extract_putevoy_list' retrieved from /opt/airflow/dags/dag_extract_putevoy_list.py
[2026-08-13T01:04:55.044+0000] {logging_mixin.py:190} INFO - [2026-08-13T01:04:55.044+0000] {dag.py:3239} INFO - Sync 1 DAGs
[2026-08-13T01:04:55.051+0000] {logging_mixin.py:190} INFO - [2026-08-13T01:04:55.051+0000] {dag.py:4180} INFO - Setting next_dagrun for dag_extract_putevoy_list to 2026-08-12 02:00:00+00:00, run_after=2026-08-13 02:00:00+00:00
[2026-08-13T01:04:55.055+0000] {processor.py:208} INFO - Processing /opt/airflow/dags/dag_extract_putevoy_list.py took 0.029 seconds
[2026-08-13T01:47:59.468+0000] {processor.py:186} INFO - Started process (PID=6535) to work on /opt/airflow/dags/dag_extract_putevoy_list.py
[2026-08-13T01:47:59.468+0000] {processor.py:914} INFO - Processing file /opt/airflow/dags/dag_extract_putevoy_list.py for tasks to queue
[2026-08-13T01:47:59.469+0000] {logging_mixin.py:190} INFO - [2026-08-13T01:47:59.469+0000] {dagbag.py:588} INFO - Filling up the DagBag from /opt/airflow/dags/dag_extract_putevoy_list.py
[2026-08-13T01:47:59.474+0000] {processor.py:925} INFO - DAG(s) 'dag_extract_putevoy_list' retrieved from /opt/airflow/dags/dag_extract_putevoy_list.py
[2026-08-13T01:47:59.484+0000] {logging_mixin.py:190} INFO - [2026-08-13T01:47:59.483+0000] {dag.py:3239} INFO - Sync 1 DAGs
[2026-08-13T01:47:59.491+0000] {logging_mixin.py:190} INFO - [2026-08-13T01:47:59.491+0000] {dag.py:4180} INFO - Setting next_dagrun for dag_extract_putevoy_list to 2026-08-12 02:00:00+00:00, run_after=2026-08-13 02:00:00+00:00
[2026-08-13T01:47:59.496+0000] {processor.py:208} INFO - Processing /opt/airflow/dags/dag_extract_putevoy_list.py took 0.031 seconds
[2026-08-13T01:48:29.999+0000] {processor.py:186} INFO - Started process (PID=6564) to work on /opt/airflow/dags/dag_extract_putevoy_list.py
[2026-08-13T01:48:29.999+0000] {processor.py:914} INFO - Processing file /opt/airflow/dags/dag_extract_putevoy_list.py for tasks to queue
[2026-08-13T01:48:30.000+0000] {logging_mixin.py:190} INFO - [2026-08-13T01:48:30.000+0000] {dagbag.py:588} INFO - Filling up the DagBag from /opt/airflow/dags/dag_extract_putevoy_list.py
[2026-08-13T01:48:30.005+0000] {processor.py:925} INFO - DAG(s) 'dag_extract_putevoy_list' retrieved from /opt/airflow/dags/dag_extract_putevoy_list.py
[2026-08-13T01:48:30.017+0000] {logging_mixin.py:190} INFO - [2026-08-13T01:48:30.017+0000] {dag.py:3239} INFO - Sync 1 DAGs
[2026-08-13T01:48:30.026+0000] {logging_mixin.py:190} INFO - [2026-08-13T01:48:30.026+0000] {dag.py:4180} INFO - Setting next_dagrun for dag_extract_putevoy_list to 2026-08-12 02:00:00+00:00, run_after=2026-08-13 02:00:00+00:00
[2026-08-13T01:48:30.032+0000] {processor.py:208} INFO - Processing /opt/airflow/dags/dag_extract_putevoy_list.py took 0.036 seconds
[2026-08-13T02:20:25.971+0000] {processor.py:186} INFO - Started process (PID=6584) to work on /opt/airflow/dags/dag_extract_putevoy_list.py
[2026-08-13T02:20:25.971+0000] {processor.py:914} INFO - Processing file /opt/airflow/dags/dag_extract_putevoy_list.py for tasks to queue
[2026-08-13T02:20:25.972+0000] {logging_mixin.py:190} INFO - [2026-08-13T02:20:25.972+0000] {dagbag.py:588} INFO - Filling up the DagBag from /opt/airflow/dags/dag_extract_putevoy_list.py
[2026-08-13T02:20:25.976+0000] {processor.py:925} INFO - DAG(s) 'dag_extract_putevoy_list' retrieved from /opt/airflow/dags/dag_extract_putevoy_list.py
[2026-08-13T02:20:25.986+0000] {logging_mixin.py:190} INFO - [2026-08-13T02:20:25.986+0000] {dag.py:3239} INFO - Sync 1 DAGs
[2026-08-13T02:20:25.993+0000] {logging_mixin.py:190} INFO - [2026-08-13T02:20:25.993+0000] {dag.py:4180} INFO - Setting next_dagrun for dag_extract_putevoy_list to 2026-08-12 02:00:00+00:00, run_after=2026-08-13 02:00:00+00:00
[2026-08-13T02:20:25.998+0000] {processor.py:208} INFO - Processing /opt/airflow/dags/dag_extract_putevoy_list.py took 0.029 seconds
[2026-08-13T02:38:43.330+0000] {processor.py:186} INFO - Started process (PID=6628) to work on /opt/airflow/dags/dag_extract_putevoy_list.py
[2026-08-13T02:38:43.331+0000] {processor.py:914} INFO - Processing file /opt/airflow/dags/dag_extract_putevoy_list.py for tasks to queue
[2026-08-13T02:38:43.331+0000] {logging_mixin.py:190} INFO - [2026-08-13T02:38:43.331+0000] {dagbag.py:588} INFO - Filling up the DagBag from /opt/airflow/dags/dag_extract_putevoy_list.py
[2026-08-13T02:38:43.336+0000] {processor.py:925} INFO - DAG(s) 'dag_extract_putevoy_list' retrieved from /opt/airflow/dags/dag_extract_putevoy_list.py
[2026-08-13T02:38:43.345+0000] {logging_mixin.py:190} INFO - [2026-08-13T02:38:43.345+0000] {dag.py:3239} INFO - Sync 1 DAGs
[2026-08-13T02:38:43.356+0000] {processor.py:208} INFO - Processing /opt/airflow/dags/dag_extract_putevoy_list.py took 0.028 seconds
[2026-08-13T02:55:09.097+0000] {processor.py:186} INFO - Started process (PID=6648) to work on /opt/airflow/dags/dag_extract_putevoy_list.py
[2026-08-13T02:55:09.098+0000] {processor.py:914} INFO - Processing file /opt/airflow/dags/dag_extract_putevoy_list.py for tasks to queue
[2026-08-13T02:55:09.099+0000] {logging_mixin.py:190} INFO - [2026-08-13T02:55:09.099+0000] {dagbag.py:588} INFO - Filling up the DagBag from /opt/airflow/dags/dag_extract_putevoy_list.py
[2026-08-13T02:55:09.103+0000] {processor.py:925} INFO - DAG(s) 'dag_extract_putevoy_list' retrieved from /opt/airflow/dags/dag_extract_putevoy_list.py
[2026-08-13T02:55:09.112+0000] {logging_mixin.py:190} INFO - [2026-08-13T02:55:09.112+0000] {dag.py:3239} INFO - Sync 1 DAGs
[2026-08-13T02:55:09.123+0000] {processor.py:208} INFO - Processing /opt/airflow/dags/dag_extract_putevoy_list.py took 0.028 seconds
[2026-08-13T02:55:46.004+0000] {processor.py:186} INFO - Started process (PID=6671) to work on /opt/airflow/dags/dag_extract_putevoy_list.py
[2026-08-13T02:55:46.004+0000] {processor.py:914} INFO - Processing file /opt/airflow/dags/dag_extract_putevoy_list.py for tasks to queue
[2026-08-13T02:55:46.005+0000] {logging_mixin.py:190} INFO - [2026-08-13T02:55:46.005+0000] {dagbag.py:588} INFO - Filling up the DagBag from /opt/airflow/dags/dag_extract_putevoy_list.py
[2026-08-13T02:55:46.009+0000] {processor.py:925} INFO - DAG(s) 'dag_extract_putevoy_list' retrieved from /opt/airflow/dags/dag_extract_putevoy_list.py
[2026-08-13T02:55:46.018+0000] {logging_mixin.py:190} INFO - [2026-08-13T02:55:46.018+0000] {dag.py:3239} INFO - Sync 1 DAGs
[2026-08-13T02:55:46.025+0000] {logging_mixin.py:190} INFO - [2026-08-13T02:55:46.025+0000] {dag.py:4180} INFO - Setting next_dagrun for dag_extract_putevoy_list to 2026-08-13 02:00:00+00:00, run_after=2026-08-14 02:00:00+00:00
[2026-08-13T02:55:46.030+0000] {processor.py:208} INFO - Processing /opt/airflow/dags/dag_extract_putevoy_list.py took 0.028 seconds
[2026-08-13T02:56:16.446+0000] {processor.py:186} INFO - Started process (PID=6691) to work on /opt/airflow/dags/dag_extract_putevoy_list.py
[2026-08-13T02:56:16.446+0000] {processor.py:914} INFO - Processing file /opt/airflow/dags/dag_extract_putevoy_list.py for tasks to queue
[2026-08-13T02:56:16.447+0000] {logging_mixin.py:190} INFO - [2026-08-13T02:56:16.447+0000] {dagbag.py:588} INFO - Filling up the DagBag from /opt/airflow/dags/dag_extract_putevoy_list.py
[2026-08-13T02:56:16.451+0000] {processor.py:925} INFO - DAG(s) 'dag_extract_putevoy_list' retrieved from /opt/airflow/dags/dag_extract_putevoy_list.py
[2026-08-13T02:56:16.461+0000] {logging_mixin.py:190} INFO - [2026-08-13T02:56:16.461+0000] {dag.py:3239} INFO - Sync 1 DAGs
[2026-08-13T02:56:16.468+0000] {logging_mixin.py:190} INFO - [2026-08-13T02:56:16.468+0000] {dag.py:4180} INFO - Setting next_dagrun for dag_extract_putevoy_list to 2026-08-13 02:00:00+00:00, run_after=2026-08-14 02:00:00+00:00
[2026-08-13T02:56:16.473+0000] {processor.py:208} INFO - Processing /opt/airflow/dags/dag_extract_putevoy_list.py took 0.030 seconds
[2026-08-13T03:01:15.560+0000] {processor.py:186} INFO - Started process (PID=6711) to work on /opt/airflow/dags/dag_extract_putevoy_list.py
[2026-08-13T03:01:15.561+0000] {processor.py:914} INFO - Processing file /opt/airflow/dags/dag_extract_putevoy_list.py for tasks to queue
[2026-08-13T03:01:15.562+0000] {logging_mixin.py:190} INFO - [2026-08-13T03:01:15.562+0000] {dagbag.py:588} INFO - Filling up the DagBag from /opt/airflow/dags/dag_extract_putevoy_list.py
[2026-08-13T03:01:15.567+0000] {processor.py:925} INFO - DAG(s) 'dag_extract_putevoy_list' retrieved from /opt/airflow/dags/dag_extract_putevoy_list.py
[2026-08-13T03:01:15.577+0000] {logging_mixin.py:190} INFO - [2026-08-13T03:01:15.577+0000] {dag.py:3239} INFO - Sync 1 DAGs
[2026-08-13T03:01:15.584+0000] {logging_mixin.py:190} INFO - [2026-08-13T03:01:15.584+0000] {dag.py:4180} INFO - Setting next_dagrun for dag_extract_putevoy_list to 2026-08-13 02:00:00+00:00, run_after=2026-08-14 02:00:00+00:00
[2026-08-13T03:01:15.589+0000] {processor.py:208} INFO - Processing /opt/airflow/dags/dag_extract_putevoy_list.py took 0.032 seconds
[2026-08-13T03:01:46.085+0000] {processor.py:186} INFO - Started process (PID=6731) to work on /opt/airflow/dags/dag_extract_putevoy_list.py
[2026-08-13T03:01:46.086+0000] {processor.py:914} INFO - Processing file /opt/airflow/dags/dag_extract_putevoy_list.py for tasks to queue
[2026-08-13T03:01:46.086+0000] {logging_mixin.py:190} INFO - [2026-08-13T03:01:46.086+0000] {dagbag.py:588} INFO - Filling up the DagBag from /opt/airflow/dags/dag_extract_putevoy_list.py
[2026-08-13T03:01:46.090+0000] {processor.py:925} INFO - DAG(s) 'dag_extract_putevoy_list' retrieved from /opt/airflow/dags/dag_extract_putevoy_list.py
[2026-08-13T03:01:46.100+0000] {logging_mixin.py:190} INFO - [2026-08-13T03:01:46.100+0000] {dag.py:3239} INFO - Sync 1 DAGs
[2026-08-13T03:01:46.108+0000] {logging_mixin.py:190} INFO - [2026-08-13T03:01:46.108+0000] {dag.py:4180} INFO - Setting next_dagrun for dag_extract_putevoy_list to 2026-08-13 02:00:00+00:00, run_after=2026-08-14 02:00:00+00:00
[2026-08-13T03:01:46.113+0000] {processor.py:208} INFO - Processing /opt/airflow/dags/dag_extract_putevoy_list.py took 0.030 seconds
[2026-08-13T03:02:16.511+0000] {processor.py:186} INFO - Started process (PID=6751) to work on /opt/airflow/dags/dag_extract_putevoy_list.py
[2026-08-13T03:02:16.512+0000] {processor.py:914} INFO - Processing file /opt/airflow/dags/dag_extract_putevoy_list.py for tasks to queue
[2026-08-13T03:02:16.512+0000] {logging_mixin.py:190} INFO - [2026-08-13T03:02:16.512+0000] {dagbag.py:588} INFO - Filling up the DagBag from /opt/airflow/dags/dag_extract_putevoy_list.py
[2026-08-13T03:02:16.517+0000] {processor.py:925} INFO - DAG(s) 'dag_extract_putevoy_list' retrieved from /opt/airflow/dags/dag_extract_putevoy_list.py
[2026-08-13T03:02:16.526+0000] {logging_mixin.py:190} INFO - [2026-08-13T03:02:16.525+0000] {dag.py:3239} INFO - Sync 1 DAGs
[2026-08-13T03:02:16.532+0000] {logging_mixin.py:190} INFO - [2026-08-13T03:02:16.532+0000] {dag.py:4180} INFO - Setting next_dagrun for dag_extract_putevoy_list to 2026-08-13 02:00:00+00:00, run_after=2026-08-14 02:00:00+00:00
[2026-08-13T03:02:16.537+0000] {processor.py:208} INFO - Processing /opt/airflow/dags/dag_extract_putevoy_list.py took 0.028 seconds
[2026-08-13T03:09:48.269+0000] {processor.py:186} INFO - Started process (PID=6771) to work on /opt/airflow/dags/dag_extract_putevoy_list.py
[2026-08-13T03:09:48.269+0000] {processor.py:914} INFO - Processing file /opt/airflow/dags/dag_extract_putevoy_list.py for tasks to queue
[2026-08-13T03:09:48.270+0000] {logging_mixin.py:190} INFO - [2026-08-13T03:09:48.270+0000] {dagbag.py:588} INFO - Filling up the DagBag from /opt/airflow/dags/dag_extract_putevoy_list.py
[2026-08-13T03:09:48.274+0000] {processor.py:925} INFO - DAG(s) 'dag_extract_putevoy_list' retrieved from /opt/airflow/dags/dag_extract_putevoy_list.py
[2026-08-13T03:09:48.284+0000] {logging_mixin.py:190} INFO - [2026-08-13T03:09:48.283+0000] {dag.py:3239} INFO - Sync 1 DAGs
[2026-08-13T03:09:48.290+0000] {logging_mixin.py:190} INFO - [2026-08-13T03:09:48.290+0000] {dag.py:4180} INFO - Setting next_dagrun for dag_extract_putevoy_list to 2026-08-13 02:00:00+00:00, run_after=2026-08-14 02:00:00+00:00
[2026-08-13T03:09:48.295+0000] {processor.py:208} INFO - Processing /opt/airflow/dags/dag_extract_putevoy_list.py took 0.029 seconds
[2026-08-13T03:10:18.747+0000] {processor.py:186} INFO - Started process (PID=6791) to work on /opt/airflow/dags/dag_extract_putevoy_list.py
[2026-08-13T03:10:18.748+0000] {processor.py:914} INFO - Processing file /opt/airflow/dags/dag_extract_putevoy_list.py for tasks to queue
[2026-08-13T03:10:18.748+0000] {logging_mixin.py:190} INFO - [2026-08-13T03:10:18.748+0000] {dagbag.py:588} INFO - Filling up the DagBag from /opt/airflow/dags/dag_extract_putevoy_list.py
[2026-08-13T03:10:18.753+0000] {processor.py:925} INFO - DAG(s) 'dag_extract_putevoy_list' retrieved from /opt/airflow/dags/dag_extract_putevoy_list.py
[2026-08-13T03:10:18.763+0000] {logging_mixin.py:190} INFO - [2026-08-13T03:10:18.763+0000] {dag.py:3239} INFO - Sync 1 DAGs
[2026-08-13T03:10:18.770+0000] {logging_mixin.py:190} INFO - [2026-08-13T03:10:18.770+0000] {dag.py:4180} INFO - Setting next_dagrun for dag_extract_putevoy_list to 2026-08-13 02:00:00+00:00, run_after=2026-08-14 02:00:00+00:00
[2026-08-13T03:10:18.774+0000] {processor.py:208} INFO - Processing /opt/airflow/dags/dag_extract_putevoy_list.py took 0.029 seconds
[2026-08-13T03:24:40.712+0000] {processor.py:186} INFO - Started process (PID=6811) to work on /opt/airflow/dags/dag_extract_putevoy_list.py
[2026-08-13T03:24:40.712+0000] {processor.py:914} INFO - Processing file /opt/airflow/dags/dag_extract_putevoy_list.py for tasks to queue
[2026-08-13T03:24:40.713+0000] {logging_mixin.py:190} INFO - [2026-08-13T03:24:40.713+0000] {dagbag.py:588} INFO - Filling up the DagBag from /opt/airflow/dags/dag_extract_putevoy_list.py
[2026-08-13T03:24:40.717+0000] {processor.py:925} INFO - DAG(s) 'dag_extract_putevoy_list' retrieved from /opt/airflow/dags/dag_extract_putevoy_list.py
[2026-08-13T03:24:40.727+0000] {logging_mixin.py:190} INFO - [2026-08-13T03:24:40.727+0000] {dag.py:3239} INFO - Sync 1 DAGs
[2026-08-13T03:24:40.734+0000] {logging_mixin.py:190} INFO - [2026-08-13T03:24:40.734+0000] {dag.py:4180} INFO - Setting next_dagrun for dag_extract_putevoy_list to 2026-08-13 02:00:00+00:00, run_after=2026-08-14 02:00:00+00:00
[2026-08-13T03:24:40.739+0000] {processor.py:208} INFO - Processing /opt/airflow/dags/dag_extract_putevoy_list.py took 0.029 seconds
[2026-08-13T03:25:11.188+0000] {processor.py:186} INFO - Started process (PID=6831) to work on /opt/airflow/dags/dag_extract_putevoy_list.py
[2026-08-13T03:25:11.189+0000] {processor.py:914} INFO - Processing file /opt/airflow/dags/dag_extract_putevoy_list.py for tasks to queue
[2026-08-13T03:25:11.189+0000] {logging_mixin.py:190} INFO - [2026-08-13T03:25:11.189+0000] {dagbag.py:588} INFO - Filling up the DagBag from /opt/airflow/dags/dag_extract_putevoy_list.py
[2026-08-13T03:25:11.194+0000] {processor.py:925} INFO - DAG(s) 'dag_extract_putevoy_list' retrieved from /opt/airflow/dags/dag_extract_putevoy_list.py
[2026-08-13T03:25:11.203+0000] {logging_mixin.py:190} INFO - [2026-08-13T03:25:11.203+0000] {dag.py:3239} INFO - Sync 1 DAGs
[2026-08-13T03:25:11.210+0000] {logging_mixin.py:190} INFO - [2026-08-13T03:25:11.210+0000] {dag.py:4180} INFO - Setting next_dagrun for dag_extract_putevoy_list to 2026-08-13 02:00:00+00:00, run_after=2026-08-14 02:00:00+00:00
[2026-08-13T03:25:11.215+0000] {processor.py:208} INFO - Processing /opt/airflow/dags/dag_extract_putevoy_list.py took 0.029 seconds
[2026-08-13T03:25:41.614+0000] {processor.py:186} INFO - Started process (PID=6851) to work on /opt/airflow/dags/dag_extract_putevoy_list.py
[2026-08-13T03:25:41.614+0000] {processor.py:914} INFO - Processing file /opt/airflow/dags/dag_extract_putevoy_list.py for tasks to queue
[2026-08-13T03:25:41.615+0000] {logging_mixin.py:190} INFO - [2026-08-13T03:25:41.615+0000] {dagbag.py:588} INFO - Filling up the DagBag from /opt/airflow/dags/dag_extract_putevoy_list.py
[2026-08-13T03:25:41.620+0000] {processor.py:925} INFO - DAG(s) 'dag_extract_putevoy_list' retrieved from /opt/airflow/dags/dag_extract_putevoy_list.py
[2026-08-13T03:25:41.629+0000] {logging_mixin.py:190} INFO - [2026-08-13T03:25:41.629+0000] {dag.py:3239} INFO - Sync 1 DAGs
[2026-08-13T03:25:41.636+0000] {logging_mixin.py:190} INFO - [2026-08-13T03:25:41.636+0000] {dag.py:4180} INFO - Setting next_dagrun for dag_extract_putevoy_list to 2026-08-13 02:00:00+00:00, run_after=2026-08-14 02:00:00+00:00
[2026-08-13T03:25:41.641+0000] {processor.py:208} INFO - Processing /opt/airflow/dags/dag_extract_putevoy_list.py took 0.030 seconds
[2026-08-13T03:26:12.120+0000] {processor.py:186} INFO - Started process (PID=6871) to work on /opt/airflow/dags/dag_extract_putevoy_list.py
[2026-08-13T03:26:12.120+0000] {processor.py:914} INFO - Processing file /opt/airflow/dags/dag_extract_putevoy_list.py for tasks to queue
[2026-08-13T03:26:12.121+0000] {logging_mixin.py:190} INFO - [2026-08-13T03:26:12.121+0000] {dagbag.py:588} INFO - Filling up the DagBag from /opt/airflow/dags/dag_extract_putevoy_list.py
[2026-08-13T03:26:12.125+0000] {processor.py:925} INFO - DAG(s) 'dag_extract_putevoy_list' retrieved from /opt/airflow/dags/dag_extract_putevoy_list.py
[2026-08-13T03:26:12.135+0000] {logging_mixin.py:190} INFO - [2026-08-13T03:26:12.135+0000] {dag.py:3239} INFO - Sync 1 DAGs
[2026-08-13T03:26:12.142+0000] {logging_mixin.py:190} INFO - [2026-08-13T03:26:12.141+0000] {dag.py:4180} INFO - Setting next_dagrun for dag_extract_putevoy_list to 2026-08-13 02:00:00+00:00, run_after=2026-08-14 02:00:00+00:00
[2026-08-13T03:26:12.147+0000] {processor.py:208} INFO - Processing /opt/airflow/dags/dag_extract_putevoy_list.py took 0.029 seconds
[2026-08-13T03:26:42.612+0000] {processor.py:186} INFO - Started process (PID=6891) to work on /opt/airflow/dags/dag_extract_putevoy_list.py
[2026-08-13T03:26:42.612+0000] {processor.py:914} INFO - Processing file /opt/airflow/dags/dag_extract_putevoy_list.py for tasks to queue
[2026-08-13T03:26:42.613+0000] {logging_mixin.py:190} INFO - [2026-08-13T03:26:42.613+0000] {dagbag.py:588} INFO - Filling up the DagBag from /opt/airflow/dags/dag_extract_putevoy_list.py
[2026-08-13T03:26:42.617+0000] {processor.py:925} INFO - DAG(s) 'dag_extract_putevoy_list' retrieved from /opt/airflow/dags/dag_extract_putevoy_list.py
[2026-08-13T03:26:42.627+0000] {logging_mixin.py:190} INFO - [2026-08-13T03:26:42.627+0000] {dag.py:3239} INFO - Sync 1 DAGs
[2026-08-13T03:26:42.634+0000] {logging_mixin.py:190} INFO - [2026-08-13T03:26:42.634+0000] {dag.py:4180} INFO - Setting next_dagrun for dag_extract_putevoy_list to 2026-08-13 02:00:00+00:00, run_after=2026-08-14 02:00:00+00:00
[2026-08-13T03:26:42.638+0000] {processor.py:208} INFO - Processing /opt/airflow/dags/dag_extract_putevoy_list.py took 0.029 seconds
[2026-08-13T03:27:13.082+0000] {processor.py:186} INFO - Started process (PID=6911) to work on /opt/airflow/dags/dag_extract_putevoy_list.py
[2026-08-13T03:27:13.084+0000] {processor.py:914} INFO - Processing file /opt/airflow/dags/dag_extract_putevoy_list.py for tasks to queue
[2026-08-13T03:27:13.085+0000] {logging_mixin.py:190} INFO - [2026-08-13T03:27:13.085+0000] {dagbag.py:588} INFO - Filling up the DagBag from /opt/airflow/dags/dag_extract_putevoy_list.py
[2026-08-13T03:27:13.089+0000] {processor.py:925} INFO - DAG(s) 'dag_extract_putevoy_list' retrieved from /opt/airflow/dags/dag_extract_putevoy_list.py
[2026-08-13T03:27:13.103+0000] {logging_mixin.py:190} INFO - [2026-08-13T03:27:13.103+0000] {dag.py:3239} INFO - Sync 1 DAGs
[2026-08-13T03:27:13.111+0000] {logging_mixin.py:190} INFO - [2026-08-13T03:27:13.110+0000] {dag.py:4180} INFO - Setting next_dagrun for dag_extract_putevoy_list to 2026-08-13 02:00:00+00:00, run_after=2026-08-14 02:00:00+00:00
[2026-08-13T03:27:13.116+0000] {processor.py:208} INFO - Processing /opt/airflow/dags/dag_extract_putevoy_list.py took 0.036 seconds
[2026-08-13T03:27:43.608+0000] {processor.py:186} INFO - Started process (PID=6931) to work on /opt/airflow/dags/dag_extract_putevoy_list.py
[2026-08-13T03:27:43.608+0000] {processor.py:914} INFO - Processing file /opt/airflow/dags/dag_extract_putevoy_list.py for tasks to queue
[2026-08-13T03:27:43.609+0000] {logging_mixin.py:190} INFO - [2026-08-13T03:27:43.609+0000] {dagbag.py:588} INFO - Filling up the DagBag from /opt/airflow/dags/dag_extract_putevoy_list.py
[2026-08-13T03:27:43.613+0000] {processor.py:925} INFO - DAG(s) 'dag_extract_putevoy_list' retrieved from /opt/airflow/dags/dag_extract_putevoy_list.py
[2026-08-13T03:27:43.624+0000] {logging_mixin.py:190} INFO - [2026-08-13T03:27:43.624+0000] {dag.py:3239} INFO - Sync 1 DAGs
[2026-08-13T03:27:43.632+0000] {logging_mixin.py:190} INFO - [2026-08-13T03:27:43.632+0000] {dag.py:4180} INFO - Setting next_dagrun for dag_extract_putevoy_list to 2026-08-13 02:00:00+00:00, run_after=2026-08-14 02:00:00+00:00
[2026-08-13T03:27:43.637+0000] {processor.py:208} INFO - Processing /opt/airflow/dags/dag_extract_putevoy_list.py took 0.032 seconds
[2026-08-13T03:28:14.206+0000] {processor.py:186} INFO - Started process (PID=6951) to work on /opt/airflow/dags/dag_extract_putevoy_list.py
[2026-08-13T03:28:14.206+0000] {processor.py:914} INFO - Processing file /opt/airflow/dags/dag_extract_putevoy_list.py for tasks to queue
[2026-08-13T03:28:14.207+0000] {logging_mixin.py:190} INFO - [2026-08-13T03:28:14.207+0000] {dagbag.py:588} INFO - Filling up the DagBag from /opt/airflow/dags/dag_extract_putevoy_list.py
[2026-08-13T03:28:14.212+0000] {processor.py:925} INFO - DAG(s) 'dag_extract_putevoy_list' retrieved from /opt/airflow/dags/dag_extract_putevoy_list.py
[2026-08-13T03:28:14.222+0000] {logging_mixin.py:190} INFO - [2026-08-13T03:28:14.222+0000] {dag.py:3239} INFO - Sync 1 DAGs
[2026-08-13T03:28:14.230+0000] {logging_mixin.py:190} INFO - [2026-08-13T03:28:14.230+0000] {dag.py:4180} INFO - Setting next_dagrun for dag_extract_putevoy_list to 2026-08-13 02:00:00+00:00, run_after=2026-08-14 02:00:00+00:00
[2026-08-13T03:28:14.235+0000] {processor.py:208} INFO - Processing /opt/airflow/dags/dag_extract_putevoy_list.py took 0.032 seconds
[2026-08-13T03:28:44.753+0000] {processor.py:186} INFO - Started process (PID=6971) to work on /opt/airflow/dags/dag_extract_putevoy_list.py
[2026-08-13T03:28:44.753+0000] {processor.py:914} INFO - Processing file /opt/airflow/dags/dag_extract_putevoy_list.py for tasks to queue
[2026-08-13T03:28:44.754+0000] {logging_mixin.py:190} INFO - [2026-08-13T03:28:44.754+0000] {dagbag.py:588} INFO - Filling up the DagBag from /opt/airflow/dags/dag_extract_putevoy_list.py
[2026-08-13T03:28:44.758+0000] {processor.py:925} INFO - DAG(s) 'dag_extract_putevoy_list' retrieved from /opt/airflow/dags/dag_extract_putevoy_list.py
[2026-08-13T03:28:44.768+0000] {logging_mixin.py:190} INFO - [2026-08-13T03:28:44.768+0000] {dag.py:3239} INFO - Sync 1 DAGs
[2026-08-13T03:28:44.775+0000] {logging_mixin.py:190} INFO - [2026-08-13T03:28:44.775+0000] {dag.py:4180} INFO - Setting next_dagrun for dag_extract_putevoy_list to 2026-08-13 02:00:00+00:00, run_after=2026-08-14 02:00:00+00:00
[2026-08-13T03:28:44.779+0000] {processor.py:208} INFO - Processing /opt/airflow/dags/dag_extract_putevoy_list.py took 0.029 seconds
[2026-08-13T03:29:15.227+0000] {processor.py:186} INFO - Started process (PID=6991) to work on /opt/airflow/dags/dag_extract_putevoy_list.py
[2026-08-13T03:29:15.228+0000] {processor.py:914} INFO - Processing file /opt/airflow/dags/dag_extract_putevoy_list.py for tasks to queue
[2026-08-13T03:29:15.229+0000] {logging_mixin.py:190} INFO - [2026-08-13T03:29:15.229+0000] {dagbag.py:588} INFO - Filling up the DagBag from /opt/airflow/dags/dag_extract_putevoy_list.py
[2026-08-13T03:29:15.233+0000] {processor.py:925} INFO - DAG(s) 'dag_extract_putevoy_list' retrieved from /opt/airflow/dags/dag_extract_putevoy_list.py
[2026-08-13T03:29:15.243+0000] {logging_mixin.py:190} INFO - [2026-08-13T03:29:15.243+0000] {dag.py:3239} INFO - Sync 1 DAGs
[2026-08-13T03:29:15.250+0000] {logging_mixin.py:190} INFO - [2026-08-13T03:29:15.250+0000] {dag.py:4180} INFO - Setting next_dagrun for dag_extract_putevoy_list to 2026-08-13 02:00:00+00:00, run_after=2026-08-14 02:00:00+00:00
[2026-08-13T03:29:15.255+0000] {processor.py:208} INFO - Processing /opt/airflow/dags/dag_extract_putevoy_list.py took 0.030 seconds
[2026-08-13T03:42:13.559+0000] {processor.py:186} INFO - Started process (PID=7020) to work on /opt/airflow/dags/dag_extract_putevoy_list.py
[2026-08-13T03:42:13.559+0000] {processor.py:914} INFO - Processing file /opt/airflow/dags/dag_extract_putevoy_list.py for tasks to queue
[2026-08-13T03:42:13.560+0000] {logging_mixin.py:190} INFO - [2026-08-13T03:42:13.560+0000] {dagbag.py:588} INFO - Filling up the DagBag from /opt/airflow/dags/dag_extract_putevoy_list.py
[2026-08-13T03:42:13.565+0000] {processor.py:925} INFO - DAG(s) 'dag_extract_putevoy_list' retrieved from /opt/airflow/dags/dag_extract_putevoy_list.py
[2026-08-13T03:42:13.576+0000] {logging_mixin.py:190} INFO - [2026-08-13T03:42:13.576+0000] {dag.py:3239} INFO - Sync 1 DAGs
[2026-08-13T03:42:13.586+0000] {logging_mixin.py:190} INFO - [2026-08-13T03:42:13.586+0000] {dag.py:4180} INFO - Setting next_dagrun for dag_extract_putevoy_list to 2026-08-13 02:00:00+00:00, run_after=2026-08-14 02:00:00+00:00
[2026-08-13T03:42:13.593+0000] {processor.py:208} INFO - Processing /opt/airflow/dags/dag_extract_putevoy_list.py took 0.037 seconds
[2026-08-13T03:42:44.076+0000] {processor.py:186} INFO - Started process (PID=7040) to work on /opt/airflow/dags/dag_extract_putevoy_list.py
[2026-08-13T03:42:44.076+0000] {processor.py:914} INFO - Processing file /opt/airflow/dags/dag_extract_putevoy_list.py for tasks to queue
[2026-08-13T03:42:44.077+0000] {logging_mixin.py:190} INFO - [2026-08-13T03:42:44.077+0000] {dagbag.py:588} INFO - Filling up the DagBag from /opt/airflow/dags/dag_extract_putevoy_list.py
[2026-08-13T03:42:44.082+0000] {processor.py:925} INFO - DAG(s) 'dag_extract_putevoy_list' retrieved from /opt/airflow/dags/dag_extract_putevoy_list.py
[2026-08-13T03:42:44.092+0000] {logging_mixin.py:190} INFO - [2026-08-13T03:42:44.092+0000] {dag.py:3239} INFO - Sync 1 DAGs
[2026-08-13T03:42:44.099+0000] {logging_mixin.py:190} INFO - [2026-08-13T03:42:44.099+0000] {dag.py:4180} INFO - Setting next_dagrun for dag_extract_putevoy_list to 2026-08-13 02:00:00+00:00, run_after=2026-08-14 02:00:00+00:00
[2026-08-13T03:42:44.104+0000] {processor.py:208} INFO - Processing /opt/airflow/dags/dag_extract_putevoy_list.py took 0.030 seconds
[2026-08-13T03:43:14.611+0000] {processor.py:186} INFO - Started process (PID=7060) to work on /opt/airflow/dags/dag_extract_putevoy_list.py
[2026-08-13T03:43:14.612+0000] {processor.py:914} INFO - Processing file /opt/airflow/dags/dag_extract_putevoy_list.py for tasks to queue
[2026-08-13T03:43:14.612+0000] {logging_mixin.py:190} INFO - [2026-08-13T03:43:14.612+0000] {dagbag.py:588} INFO - Filling up the DagBag from /opt/airflow/dags/dag_extract_putevoy_list.py
[2026-08-13T03:43:14.617+0000] {processor.py:925} INFO - DAG(s) 'dag_extract_putevoy_list' retrieved from /opt/airflow/dags/dag_extract_putevoy_list.py
[2026-08-13T03:43:14.626+0000] {logging_mixin.py:190} INFO - [2026-08-13T03:43:14.626+0000] {dag.py:3239} INFO - Sync 1 DAGs
[2026-08-13T03:43:14.633+0000] {logging_mixin.py:190} INFO - [2026-08-13T03:43:14.633+0000] {dag.py:4180} INFO - Setting next_dagrun for dag_extract_putevoy_list to 2026-08-13 02:00:00+00:00, run_after=2026-08-14 02:00:00+00:00
[2026-08-13T03:43:14.638+0000] {processor.py:208} INFO - Processing /opt/airflow/dags/dag_extract_putevoy_list.py took 0.029 seconds
[2026-08-13T03:43:45.084+0000] {processor.py:186} INFO - Started process (PID=7080) to work on /opt/airflow/dags/dag_extract_putevoy_list.py
[2026-08-13T03:43:45.085+0000] {processor.py:914} INFO - Processing file /opt/airflow/dags/dag_extract_putevoy_list.py for tasks to queue
[2026-08-13T03:43:45.085+0000] {logging_mixin.py:190} INFO - [2026-08-13T03:43:45.085+0000] {dagbag.py:588} INFO - Filling up the DagBag from /opt/airflow/dags/dag_extract_putevoy_list.py
[2026-08-13T03:43:45.090+0000] {processor.py:925} INFO - DAG(s) 'dag_extract_putevoy_list' retrieved from /opt/airflow/dags/dag_extract_putevoy_list.py
[2026-08-13T03:43:45.100+0000] {logging_mixin.py:190} INFO - [2026-08-13T03:43:45.100+0000] {dag.py:3239} INFO - Sync 1 DAGs
[2026-08-13T03:43:45.107+0000] {logging_mixin.py:190} INFO - [2026-08-13T03:43:45.107+0000] {dag.py:4180} INFO - Setting next_dagrun for dag_extract_putevoy_list to 2026-08-13 02:00:00+00:00, run_after=2026-08-14 02:00:00+00:00
[2026-08-13T03:43:45.111+0000] {processor.py:208} INFO - Processing /opt/airflow/dags/dag_extract_putevoy_list.py took 0.029 seconds
[2026-08-13T03:44:15.517+0000] {processor.py:186} INFO - Started process (PID=7100) to work on /opt/airflow/dags/dag_extract_putevoy_list.py
[2026-08-13T03:44:15.518+0000] {processor.py:914} INFO - Processing file /opt/airflow/dags/dag_extract_putevoy_list.py for tasks to queue
[2026-08-13T03:44:15.519+0000] {logging_mixin.py:190} INFO - [2026-08-13T03:44:15.519+0000] {dagbag.py:588} INFO - Filling up the DagBag from /opt/airflow/dags/dag_extract_putevoy_list.py
[2026-08-13T03:44:15.523+0000] {processor.py:925} INFO - DAG(s) 'dag_extract_putevoy_list' retrieved from /opt/airflow/dags/dag_extract_putevoy_list.py
[2026-08-13T03:44:15.534+0000] {logging_mixin.py:190} INFO - [2026-08-13T03:44:15.533+0000] {dag.py:3239} INFO - Sync 1 DAGs
[2026-08-13T03:44:15.541+0000] {logging_mixin.py:190} INFO - [2026-08-13T03:44:15.541+0000] {dag.py:4180} INFO - Setting next_dagrun for dag_extract_putevoy_list to 2026-08-13 02:00:00+00:00, run_after=2026-08-14 02:00:00+00:00
[2026-08-13T03:44:15.545+0000] {processor.py:208} INFO - Processing /opt/airflow/dags/dag_extract_putevoy_list.py took 0.030 seconds
[2026-08-13T03:44:45.983+0000] {processor.py:186} INFO - Started process (PID=7120) to work on /opt/airflow/dags/dag_extract_putevoy_list.py
[2026-08-13T03:44:45.984+0000] {processor.py:914} INFO - Processing file /opt/airflow/dags/dag_extract_putevoy_list.py for tasks to queue
[2026-08-13T03:44:45.985+0000] {logging_mixin.py:190} INFO - [2026-08-13T03:44:45.984+0000] {dagbag.py:588} INFO - Filling up the DagBag from /opt/airflow/dags/dag_extract_putevoy_list.py
[2026-08-13T03:44:45.989+0000] {processor.py:925} INFO - DAG(s) 'dag_extract_putevoy_list' retrieved from /opt/airflow/dags/dag_extract_putevoy_list.py
[2026-08-13T03:44:45.998+0000] {logging_mixin.py:190} INFO - [2026-08-13T03:44:45.998+0000] {dag.py:3239} INFO - Sync 1 DAGs
[2026-08-13T03:44:46.005+0000] {logging_mixin.py:190} INFO - [2026-08-13T03:44:46.005+0000] {dag.py:4180} INFO - Setting next_dagrun for dag_extract_putevoy_list to 2026-08-13 02:00:00+00:00, run_after=2026-08-14 02:00:00+00:00
[2026-08-13T03:44:46.010+0000] {processor.py:208} INFO - Processing /opt/airflow/dags/dag_extract_putevoy_list.py took 0.029 seconds
[2026-08-13T03:45:16.462+0000] {processor.py:186} INFO - Started process (PID=7140) to work on /opt/airflow/dags/dag_extract_putevoy_list.py
[2026-08-13T03:45:16.462+0000] {processor.py:914} INFO - Processing file /opt/airflow/dags/dag_extract_putevoy_list.py for tasks to queue
[2026-08-13T03:45:16.463+0000] {logging_mixin.py:190} INFO - [2026-08-13T03:45:16.463+0000] {dagbag.py:588} INFO - Filling up the DagBag from /opt/airflow/dags/dag_extract_putevoy_list.py
[2026-08-13T03:45:16.468+0000] {processor.py:925} INFO - DAG(s) 'dag_extract_putevoy_list' retrieved from /opt/airflow/dags/dag_extract_putevoy_list.py
[2026-08-13T03:45:16.482+0000] {logging_mixin.py:190} INFO - [2026-08-13T03:45:16.482+0000] {dag.py:3239} INFO - Sync 1 DAGs
[2026-08-13T03:45:16.490+0000] {logging_mixin.py:190} INFO - [2026-08-13T03:45:16.490+0000] {dag.py:4180} INFO - Setting next_dagrun for dag_extract_putevoy_list to 2026-08-13 02:00:00+00:00, run_after=2026-08-14 02:00:00+00:00
[2026-08-13T03:45:16.498+0000] {processor.py:208} INFO - Processing /opt/airflow/dags/dag_extract_putevoy_list.py took 0.039 seconds
[2026-08-13T03:45:47.001+0000] {processor.py:186} INFO - Started process (PID=7160) to work on /opt/airflow/dags/dag_extract_putevoy_list.py
[2026-08-13T03:45:47.002+0000] {processor.py:914} INFO - Processing file /opt/airflow/dags/dag_extract_putevoy_list.py for tasks to queue
[2026-08-13T03:45:47.002+0000] {logging_mixin.py:190} INFO - [2026-08-13T03:45:47.002+0000] {dagbag.py:588} INFO - Filling up the DagBag from /opt/airflow/dags/dag_extract_putevoy_list.py
[2026-08-13T03:45:47.007+0000] {processor.py:925} INFO - DAG(s) 'dag_extract_putevoy_list' retrieved from /opt/airflow/dags/dag_extract_putevoy_list.py
[2026-08-13T03:45:47.016+0000] {logging_mixin.py:190} INFO - [2026-08-13T03:45:47.016+0000] {dag.py:3239} INFO - Sync 1 DAGs
[2026-08-13T03:45:47.023+0000] {logging_mixin.py:190} INFO - [2026-08-13T03:45:47.023+0000] {dag.py:4180} INFO - Setting next_dagrun for dag_extract_putevoy_list to 2026-08-13 02:00:00+00:00, run_after=2026-08-14 02:00:00+00:00
[2026-08-13T03:45:47.028+0000] {processor.py:208} INFO - Processing /opt/airflow/dags/dag_extract_putevoy_list.py took 0.029 seconds
[2026-08-13T03:49:47.879+0000] {processor.py:186} INFO - Started process (PID=7180) to work on /opt/airflow/dags/dag_extract_putevoy_list.py
[2026-08-13T03:49:47.880+0000] {processor.py:914} INFO - Processing file /opt/airflow/dags/dag_extract_putevoy_list.py for tasks to queue
[2026-08-13T03:49:47.880+0000] {logging_mixin.py:190} INFO - [2026-08-13T03:49:47.880+0000] {dagbag.py:588} INFO - Filling up the DagBag from /opt/airflow/dags/dag_extract_putevoy_list.py
[2026-08-13T03:49:47.885+0000] {processor.py:925} INFO - DAG(s) 'dag_extract_putevoy_list' retrieved from /opt/airflow/dags/dag_extract_putevoy_list.py
[2026-08-13T03:49:47.894+0000] {logging_mixin.py:190} INFO - [2026-08-13T03:49:47.894+0000] {dag.py:3239} INFO - Sync 1 DAGs
[2026-08-13T03:49:47.901+0000] {logging_mixin.py:190} INFO - [2026-08-13T03:49:47.901+0000] {dag.py:4180} INFO - Setting next_dagrun for dag_extract_putevoy_list to 2026-08-13 02:00:00+00:00, run_after=2026-08-14 02:00:00+00:00
[2026-08-13T03:49:47.906+0000] {processor.py:208} INFO - Processing /opt/airflow/dags/dag_extract_putevoy_list.py took 0.029 seconds
[2026-08-13T03:50:18.361+0000] {processor.py:186} INFO - Started process (PID=7203) to work on /opt/airflow/dags/dag_extract_putevoy_list.py
[2026-08-13T03:50:18.361+0000] {processor.py:914} INFO - Processing file /opt/airflow/dags/dag_extract_putevoy_list.py for tasks to queue
[2026-08-13T03:50:18.362+0000] {logging_mixin.py:190} INFO - [2026-08-13T03:50:18.362+0000] {dagbag.py:588} INFO - Filling up the DagBag from /opt/airflow/dags/dag_extract_putevoy_list.py
[2026-08-13T03:50:18.366+0000] {processor.py:925} INFO - DAG(s) 'dag_extract_putevoy_list' retrieved from /opt/airflow/dags/dag_extract_putevoy_list.py
[2026-08-13T03:50:18.376+0000] {logging_mixin.py:190} INFO - [2026-08-13T03:50:18.376+0000] {dag.py:3239} INFO - Sync 1 DAGs
[2026-08-13T03:50:18.383+0000] {logging_mixin.py:190} INFO - [2026-08-13T03:50:18.383+0000] {dag.py:4180} INFO - Setting next_dagrun for dag_extract_putevoy_list to 2026-08-13 02:00:00+00:00, run_after=2026-08-14 02:00:00+00:00
[2026-08-13T03:50:18.388+0000] {processor.py:208} INFO - Processing /opt/airflow/dags/dag_extract_putevoy_list.py took 0.030 seconds
[2026-08-13T03:56:26.540+0000] {processor.py:186} INFO - Started process (PID=7226) to work on /opt/airflow/dags/dag_extract_putevoy_list.py
[2026-08-13T03:56:26.541+0000] {processor.py:914} INFO - Processing file /opt/airflow/dags/dag_extract_putevoy_list.py for tasks to queue
[2026-08-13T03:56:26.543+0000] {logging_mixin.py:190} INFO - [2026-08-13T03:56:26.543+0000] {dagbag.py:588} INFO - Filling up the DagBag from /opt/airflow/dags/dag_extract_putevoy_list.py
[2026-08-13T03:56:26.557+0000] {processor.py:925} INFO - DAG(s) 'dag_extract_putevoy_list' retrieved from /opt/airflow/dags/dag_extract_putevoy_list.py
[2026-08-13T03:56:26.589+0000] {logging_mixin.py:190} INFO - [2026-08-13T03:56:26.589+0000] {dag.py:3239} INFO - Sync 1 DAGs
[2026-08-13T03:56:26.612+0000] {logging_mixin.py:190} INFO - [2026-08-13T03:56:26.612+0000] {dag.py:4180} INFO - Setting next_dagrun for dag_extract_putevoy_list to 2026-08-13 02:00:00+00:00, run_after=2026-08-14 02:00:00+00:00
[2026-08-13T03:56:26.629+0000] {processor.py:208} INFO - Processing /opt/airflow/dags/dag_extract_putevoy_list.py took 0.098 seconds
[2026-08-13T04:13:27.811+0000] {processor.py:186} INFO - Started process (PID=7247) to work on /opt/airflow/dags/dag_extract_putevoy_list.py
[2026-08-13T04:13:27.811+0000] {processor.py:914} INFO - Processing file /opt/airflow/dags/dag_extract_putevoy_list.py for tasks to queue
[2026-08-13T04:13:27.812+0000] {logging_mixin.py:190} INFO - [2026-08-13T04:13:27.812+0000] {dagbag.py:588} INFO - Filling up the DagBag from /opt/airflow/dags/dag_extract_putevoy_list.py
[2026-08-13T04:13:27.817+0000] {processor.py:925} INFO - DAG(s) 'dag_extract_putevoy_list' retrieved from /opt/airflow/dags/dag_extract_putevoy_list.py
[2026-08-13T04:13:27.828+0000] {logging_mixin.py:190} INFO - [2026-08-13T04:13:27.828+0000] {dag.py:3239} INFO - Sync 1 DAGs
[2026-08-13T04:13:27.836+0000] {logging_mixin.py:190} INFO - [2026-08-13T04:13:27.836+0000] {dag.py:4180} INFO - Setting next_dagrun for dag_extract_putevoy_list to 2026-08-13 02:00:00+00:00, run_after=2026-08-14 02:00:00+00:00
[2026-08-13T04:13:27.848+0000] {processor.py:208} INFO - Processing /opt/airflow/dags/dag_extract_putevoy_list.py took 0.040 seconds
[2026-08-13T05:02:17.721+0000] {processor.py:186} INFO - Started process (PID=7272) to work on /opt/airflow/dags/dag_extract_putevoy_list.py
[2026-08-13T05:02:17.722+0000] {processor.py:914} INFO - Processing file /opt/airflow/dags/dag_extract_putevoy_list.py for tasks to queue
[2026-08-13T05:02:17.722+0000] {logging_mixin.py:190} INFO - [2026-08-13T05:02:17.722+0000] {dagbag.py:588} INFO - Filling up the DagBag from /opt/airflow/dags/dag_extract_putevoy_list.py
[2026-08-13T05:02:17.727+0000] {processor.py:925} INFO - DAG(s) 'dag_extract_putevoy_list' retrieved from /opt/airflow/dags/dag_extract_putevoy_list.py
[2026-08-13T05:02:17.737+0000] {logging_mixin.py:190} INFO - [2026-08-13T05:02:17.736+0000] {dag.py:3239} INFO - Sync 1 DAGs
[2026-08-13T05:02:17.743+0000] {logging_mixin.py:190} INFO - [2026-08-13T05:02:17.743+0000] {dag.py:4180} INFO - Setting next_dagrun for dag_extract_putevoy_list to 2026-08-13 02:00:00+00:00, run_after=2026-08-14 02:00:00+00:00
[2026-08-13T05:02:17.748+0000] {processor.py:208} INFO - Processing /opt/airflow/dags/dag_extract_putevoy_list.py took 0.029 seconds
[2026-08-13T05:02:48.246+0000] {processor.py:186} INFO - Started process (PID=7292) to work on /opt/airflow/dags/dag_extract_putevoy_list.py
[2026-08-13T05:02:48.246+0000] {processor.py:914} INFO - Processing file /opt/airflow/dags/dag_extract_putevoy_list.py for tasks to queue
[2026-08-13T05:02:48.247+0000] {logging_mixin.py:190} INFO - [2026-08-13T05:02:48.247+0000] {dagbag.py:588} INFO - Filling up the DagBag from /opt/airflow/dags/dag_extract_putevoy_list.py
[2026-08-13T05:02:48.252+0000] {processor.py:925} INFO - DAG(s) 'dag_extract_putevoy_list' retrieved from /opt/airflow/dags/dag_extract_putevoy_list.py
[2026-08-13T05:02:48.262+0000] {logging_mixin.py:190} INFO - [2026-08-13T05:02:48.262+0000] {dag.py:3239} INFO - Sync 1 DAGs
[2026-08-13T05:02:48.270+0000] {logging_mixin.py:190} INFO - [2026-08-13T05:02:48.270+0000] {dag.py:4180} INFO - Setting next_dagrun for dag_extract_putevoy_list to 2026-08-13 02:00:00+00:00, run_after=2026-08-14 02:00:00+00:00
[2026-08-13T05:02:48.274+0000] {processor.py:208} INFO - Processing /opt/airflow/dags/dag_extract_putevoy_list.py took 0.031 seconds
[2026-08-13T06:03:15.123+0000] {processor.py:186} INFO - Started process (PID=7313) to work on /opt/airflow/dags/dag_extract_putevoy_list.py
[2026-08-13T06:03:15.124+0000] {processor.py:914} INFO - Processing file /opt/airflow/dags/dag_extract_putevoy_list.py for tasks to queue
[2026-08-13T06:03:15.125+0000] {logging_mixin.py:190} INFO - [2026-08-13T06:03:15.125+0000] {dagbag.py:588} INFO - Filling up the DagBag from /opt/airflow/dags/dag_extract_putevoy_list.py
[2026-08-13T06:03:15.130+0000] {processor.py:925} INFO - DAG(s) 'dag_extract_putevoy_list' retrieved from /opt/airflow/dags/dag_extract_putevoy_list.py
[2026-08-13T06:03:15.145+0000] {logging_mixin.py:190} INFO - [2026-08-13T06:03:15.145+0000] {dag.py:3239} INFO - Sync 1 DAGs
[2026-08-13T06:03:15.156+0000] {logging_mixin.py:190} INFO - [2026-08-13T06:03:15.155+0000] {dag.py:4180} INFO - Setting next_dagrun for dag_extract_putevoy_list to 2026-08-13 02:00:00+00:00, run_after=2026-08-14 02:00:00+00:00
[2026-08-13T06:03:15.162+0000] {processor.py:208} INFO - Processing /opt/airflow/dags/dag_extract_putevoy_list.py took 0.042 seconds
[2026-08-13T06:03:45.522+0000] {processor.py:186} INFO - Started process (PID=7335) to work on /opt/airflow/dags/dag_extract_putevoy_list.py
[2026-08-13T06:03:45.523+0000] {processor.py:914} INFO - Processing file /opt/airflow/dags/dag_extract_putevoy_list.py for tasks to queue
[2026-08-13T06:03:45.524+0000] {logging_mixin.py:190} INFO - [2026-08-13T06:03:45.524+0000] {dagbag.py:588} INFO - Filling up the DagBag from /opt/airflow/dags/dag_extract_putevoy_list.py
[2026-08-13T06:03:45.528+0000] {processor.py:925} INFO - DAG(s) 'dag_extract_putevoy_list' retrieved from /opt/airflow/dags/dag_extract_putevoy_list.py
[2026-08-13T06:03:45.538+0000] {logging_mixin.py:190} INFO - [2026-08-13T06:03:45.538+0000] {dag.py:3239} INFO - Sync 1 DAGs
[2026-08-13T06:03:45.545+0000] {logging_mixin.py:190} INFO - [2026-08-13T06:03:45.545+0000] {dag.py:4180} INFO - Setting next_dagrun for dag_extract_putevoy_list to 2026-08-13 02:00:00+00:00, run_after=2026-08-14 02:00:00+00:00
[2026-08-13T06:03:45.550+0000] {processor.py:208} INFO - Processing /opt/airflow/dags/dag_extract_putevoy_list.py took 0.030 seconds
[2026-08-13T07:04:12.480+0000] {processor.py:186} INFO - Started process (PID=7361) to work on /opt/airflow/dags/dag_extract_putevoy_list.py
[2026-08-13T07:04:12.481+0000] {processor.py:914} INFO - Processing file /opt/airflow/dags/dag_extract_putevoy_list.py for tasks to queue
[2026-08-13T07:04:12.482+0000] {logging_mixin.py:190} INFO - [2026-08-13T07:04:12.481+0000] {dagbag.py:588} INFO - Filling up the DagBag from /opt/airflow/dags/dag_extract_putevoy_list.py
[2026-08-13T07:04:12.486+0000] {processor.py:925} INFO - DAG(s) 'dag_extract_putevoy_list' retrieved from /opt/airflow/dags/dag_extract_putevoy_list.py
[2026-08-13T07:04:12.496+0000] {logging_mixin.py:190} INFO - [2026-08-13T07:04:12.496+0000] {dag.py:3239} INFO - Sync 1 DAGs
[2026-08-13T07:04:12.503+0000] {logging_mixin.py:190} INFO - [2026-08-13T07:04:12.503+0000] {dag.py:4180} INFO - Setting next_dagrun for dag_extract_putevoy_list to 2026-08-13 02:00:00+00:00, run_after=2026-08-14 02:00:00+00:00
[2026-08-13T07:04:12.507+0000] {processor.py:208} INFO - Processing /opt/airflow/dags/dag_extract_putevoy_list.py took 0.029 seconds
[2026-08-13T07:04:42.984+0000] {processor.py:186} INFO - Started process (PID=7381) to work on /opt/airflow/dags/dag_extract_putevoy_list.py
[2026-08-13T07:04:42.984+0000] {processor.py:914} INFO - Processing file /opt/airflow/dags/dag_extract_putevoy_list.py for tasks to queue
[2026-08-13T07:04:42.985+0000] {logging_mixin.py:190} INFO - [2026-08-13T07:04:42.985+0000] {dagbag.py:588} INFO - Filling up the DagBag from /opt/airflow/dags/dag_extract_putevoy_list.py
[2026-08-13T07:04:42.989+0000] {processor.py:925} INFO - DAG(s) 'dag_extract_putevoy_list' retrieved from /opt/airflow/dags/dag_extract_putevoy_list.py
[2026-08-13T07:04:42.999+0000] {logging_mixin.py:190} INFO - [2026-08-13T07:04:42.999+0000] {dag.py:3239} INFO - Sync 1 DAGs
[2026-08-13T07:04:43.007+0000] {logging_mixin.py:190} INFO - [2026-08-13T07:04:43.007+0000] {dag.py:4180} INFO - Setting next_dagrun for dag_extract_putevoy_list to 2026-08-13 02:00:00+00:00, run_after=2026-08-14 02:00:00+00:00
[2026-08-13T07:04:43.012+0000] {processor.py:208} INFO - Processing /opt/airflow/dags/dag_extract_putevoy_list.py took 0.031 seconds
[2026-08-13T07:40:10.118+0000] {processor.py:186} INFO - Started process (PID=7399) to work on /opt/airflow/dags/dag_extract_putevoy_list.py
[2026-08-13T07:40:10.119+0000] {processor.py:914} INFO - Processing file /opt/airflow/dags/dag_extract_putevoy_list.py for tasks to queue
[2026-08-13T07:40:10.120+0000] {logging_mixin.py:190} INFO - [2026-08-13T07:40:10.120+0000] {dagbag.py:588} INFO - Filling up the DagBag from /opt/airflow/dags/dag_extract_putevoy_list.py
[2026-08-13T07:40:10.125+0000] {processor.py:925} INFO - DAG(s) 'dag_extract_putevoy_list' retrieved from /opt/airflow/dags/dag_extract_putevoy_list.py
[2026-08-13T07:40:10.136+0000] {logging_mixin.py:190} INFO - [2026-08-13T07:40:10.135+0000] {dag.py:3239} INFO - Sync 1 DAGs
[2026-08-13T07:40:10.144+0000] {logging_mixin.py:190} INFO - [2026-08-13T07:40:10.144+0000] {dag.py:4180} INFO - Setting next_dagrun for dag_extract_putevoy_list to 2026-08-13 02:00:00+00:00, run_after=2026-08-14 02:00:00+00:00
[2026-08-13T07:40:10.150+0000] {processor.py:208} INFO - Processing /opt/airflow/dags/dag_extract_putevoy_list.py took 0.034 seconds
[2026-08-13T07:40:40.696+0000] {processor.py:186} INFO - Started process (PID=7421) to work on /opt/airflow/dags/dag_extract_putevoy_list.py
[2026-08-13T07:40:40.697+0000] {processor.py:914} INFO - Processing file /opt/airflow/dags/dag_extract_putevoy_list.py for tasks to queue
[2026-08-13T07:40:40.697+0000] {logging_mixin.py:190} INFO - [2026-08-13T07:40:40.697+0000] {dagbag.py:588} INFO - Filling up the DagBag from /opt/airflow/dags/dag_extract_putevoy_list.py
[2026-08-13T07:40:40.702+0000] {processor.py:925} INFO - DAG(s) 'dag_extract_putevoy_list' retrieved from /opt/airflow/dags/dag_extract_putevoy_list.py
[2026-08-13T07:40:40.712+0000] {logging_mixin.py:190} INFO - [2026-08-13T07:40:40.712+0000] {dag.py:3239} INFO - Sync 1 DAGs
[2026-08-13T07:40:40.720+0000] {logging_mixin.py:190} INFO - [2026-08-13T07:40:40.720+0000] {dag.py:4180} INFO - Setting next_dagrun for dag_extract_putevoy_list to 2026-08-13 02:00:00+00:00, run_after=2026-08-14 02:00:00+00:00
[2026-08-13T07:40:40.725+0000] {processor.py:208} INFO - Processing /opt/airflow/dags/dag_extract_putevoy_list.py took 0.031 seconds
[2026-08-13T07:41:11.131+0000] {processor.py:186} INFO - Started process (PID=7441) to work on /opt/airflow/dags/dag_extract_putevoy_list.py
[2026-08-13T07:41:11.132+0000] {processor.py:914} INFO - Processing file /opt/airflow/dags/dag_extract_putevoy_list.py for tasks to queue
[2026-08-13T07:41:11.133+0000] {logging_mixin.py:190} INFO - [2026-08-13T07:41:11.132+0000] {dagbag.py:588} INFO - Filling up the DagBag from /opt/airflow/dags/dag_extract_putevoy_list.py
[2026-08-13T07:41:11.137+0000] {processor.py:925} INFO - DAG(s) 'dag_extract_putevoy_list' retrieved from /opt/airflow/dags/dag_extract_putevoy_list.py
[2026-08-13T07:41:11.147+0000] {logging_mixin.py:190} INFO - [2026-08-13T07:41:11.147+0000] {dag.py:3239} INFO - Sync 1 DAGs
[2026-08-13T07:41:11.153+0000] {logging_mixin.py:190} INFO - [2026-08-13T07:41:11.153+0000] {dag.py:4180} INFO - Setting next_dagrun for dag_extract_putevoy_list to 2026-08-13 02:00:00+00:00, run_after=2026-08-14 02:00:00+00:00
[2026-08-13T07:41:11.159+0000] {processor.py:208} INFO - Processing /opt/airflow/dags/dag_extract_putevoy_list.py took 0.030 seconds
[2026-08-13T07:41:41.540+0000] {processor.py:186} INFO - Started process (PID=7461) to work on /opt/airflow/dags/dag_extract_putevoy_list.py
[2026-08-13T07:41:41.541+0000] {processor.py:914} INFO - Processing file /opt/airflow/dags/dag_extract_putevoy_list.py for tasks to queue
[2026-08-13T07:41:41.542+0000] {logging_mixin.py:190} INFO - [2026-08-13T07:41:41.541+0000] {dagbag.py:588} INFO - Filling up the DagBag from /opt/airflow/dags/dag_extract_putevoy_list.py
[2026-08-13T07:41:41.547+0000] {processor.py:925} INFO - DAG(s) 'dag_extract_putevoy_list' retrieved from /opt/airflow/dags/dag_extract_putevoy_list.py
[2026-08-13T07:41:41.567+0000] {logging_mixin.py:190} INFO - [2026-08-13T07:41:41.567+0000] {dag.py:3239} INFO - Sync 1 DAGs
[2026-08-13T07:41:41.589+0000] {logging_mixin.py:190} INFO - [2026-08-13T07:41:41.588+0000] {dag.py:4180} INFO - Setting next_dagrun for dag_extract_putevoy_list to 2026-08-13 02:00:00+00:00, run_after=2026-08-14 02:00:00+00:00
[2026-08-13T07:41:41.598+0000] {processor.py:208} INFO - Processing /opt/airflow/dags/dag_extract_putevoy_list.py took 0.061 seconds
[2026-08-13T07:42:12.118+0000] {processor.py:186} INFO - Started process (PID=7481) to work on /opt/airflow/dags/dag_extract_putevoy_list.py
[2026-08-13T07:42:12.118+0000] {processor.py:914} INFO - Processing file /opt/airflow/dags/dag_extract_putevoy_list.py for tasks to queue
[2026-08-13T07:42:12.119+0000] {logging_mixin.py:190} INFO - [2026-08-13T07:42:12.119+0000] {dagbag.py:588} INFO - Filling up the DagBag from /opt/airflow/dags/dag_extract_putevoy_list.py
[2026-08-13T07:42:12.124+0000] {processor.py:925} INFO - DAG(s) 'dag_extract_putevoy_list' retrieved from /opt/airflow/dags/dag_extract_putevoy_list.py
[2026-08-13T07:42:12.134+0000] {logging_mixin.py:190} INFO - [2026-08-13T07:42:12.133+0000] {dag.py:3239} INFO - Sync 1 DAGs
[2026-08-13T07:42:12.199+0000] {logging_mixin.py:190} INFO - [2026-08-13T07:42:12.199+0000] {dag.py:4180} INFO - Setting next_dagrun for dag_extract_putevoy_list to 2026-08-13 02:00:00+00:00, run_after=2026-08-14 02:00:00+00:00
[2026-08-13T07:42:12.204+0000] {processor.py:208} INFO - Processing /opt/airflow/dags/dag_extract_putevoy_list.py took 0.088 seconds
[2026-08-13T07:42:42.619+0000] {processor.py:186} INFO - Started process (PID=7501) to work on /opt/airflow/dags/dag_extract_putevoy_list.py
[2026-08-13T07:42:42.620+0000] {processor.py:914} INFO - Processing file /opt/airflow/dags/dag_extract_putevoy_list.py for tasks to queue
[2026-08-13T07:42:42.620+0000] {logging_mixin.py:190} INFO - [2026-08-13T07:42:42.620+0000] {dagbag.py:588} INFO - Filling up the DagBag from /opt/airflow/dags/dag_extract_putevoy_list.py
[2026-08-13T07:42:42.625+0000] {processor.py:925} INFO - DAG(s) 'dag_extract_putevoy_list' retrieved from /opt/airflow/dags/dag_extract_putevoy_list.py
[2026-08-13T07:42:42.634+0000] {logging_mixin.py:190} INFO - [2026-08-13T07:42:42.634+0000] {dag.py:3239} INFO - Sync 1 DAGs
[2026-08-13T07:42:42.641+0000] {logging_mixin.py:190} INFO - [2026-08-13T07:42:42.641+0000] {dag.py:4180} INFO - Setting next_dagrun for dag_extract_putevoy_list to 2026-08-13 02:00:00+00:00, run_after=2026-08-14 02:00:00+00:00
[2026-08-13T07:42:42.646+0000] {processor.py:208} INFO - Processing /opt/airflow/dags/dag_extract_putevoy_list.py took 0.030 seconds
[2026-08-13T07:43:13.204+0000] {processor.py:186} INFO - Started process (PID=7521) to work on /opt/airflow/dags/dag_extract_putevoy_list.py
[2026-08-13T07:43:13.205+0000] {processor.py:914} INFO - Processing file /opt/airflow/dags/dag_extract_putevoy_list.py for tasks to queue
[2026-08-13T07:43:13.206+0000] {logging_mixin.py:190} INFO - [2026-08-13T07:43:13.206+0000] {dagbag.py:588} INFO - Filling up the DagBag from /opt/airflow/dags/dag_extract_putevoy_list.py
[2026-08-13T07:43:13.211+0000] {processor.py:925} INFO - DAG(s) 'dag_extract_putevoy_list' retrieved from /opt/airflow/dags/dag_extract_putevoy_list.py
[2026-08-13T07:43:13.221+0000] {logging_mixin.py:190} INFO - [2026-08-13T07:43:13.221+0000] {dag.py:3239} INFO - Sync 1 DAGs
[2026-08-13T07:43:13.228+0000] {logging_mixin.py:190} INFO - [2026-08-13T07:43:13.228+0000] {dag.py:4180} INFO - Setting next_dagrun for dag_extract_putevoy_list to 2026-08-13 02:00:00+00:00, run_after=2026-08-14 02:00:00+00:00
[2026-08-13T07:43:13.233+0000] {processor.py:208} INFO - Processing /opt/airflow/dags/dag_extract_putevoy_list.py took 0.032 seconds
[2026-08-13T07:43:43.678+0000] {processor.py:186} INFO - Started process (PID=7541) to work on /opt/airflow/dags/dag_extract_putevoy_list.py
[2026-08-13T07:43:43.678+0000] {processor.py:914} INFO - Processing file /opt/airflow/dags/dag_extract_putevoy_list.py for tasks to queue
[2026-08-13T07:43:43.679+0000] {logging_mixin.py:190} INFO - [2026-08-13T07:43:43.679+0000] {dagbag.py:588} INFO - Filling up the DagBag from /opt/airflow/dags/dag_extract_putevoy_list.py
[2026-08-13T07:43:43.685+0000] {processor.py:925} INFO - DAG(s) 'dag_extract_putevoy_list' retrieved from /opt/airflow/dags/dag_extract_putevoy_list.py
[2026-08-13T07:43:43.697+0000] {logging_mixin.py:190} INFO - [2026-08-13T07:43:43.697+0000] {dag.py:3239} INFO - Sync 1 DAGs
[2026-08-13T07:43:43.782+0000] {logging_mixin.py:190} INFO - [2026-08-13T07:43:43.782+0000] {dag.py:4180} INFO - Setting next_dagrun for dag_extract_putevoy_list to 2026-08-13 02:00:00+00:00, run_after=2026-08-14 02:00:00+00:00
[2026-08-13T07:43:43.788+0000] {processor.py:208} INFO - Processing /opt/airflow/dags/dag_extract_putevoy_list.py took 0.112 seconds
[2026-08-13T07:44:14.215+0000] {processor.py:186} INFO - Started process (PID=7561) to work on /opt/airflow/dags/dag_extract_putevoy_list.py
[2026-08-13T07:44:14.215+0000] {processor.py:914} INFO - Processing file /opt/airflow/dags/dag_extract_putevoy_list.py for tasks to queue
[2026-08-13T07:44:14.216+0000] {logging_mixin.py:190} INFO - [2026-08-13T07:44:14.216+0000] {dagbag.py:588} INFO - Filling up the DagBag from /opt/airflow/dags/dag_extract_putevoy_list.py
[2026-08-13T07:44:14.220+0000] {processor.py:925} INFO - DAG(s) 'dag_extract_putevoy_list' retrieved from /opt/airflow/dags/dag_extract_putevoy_list.py
[2026-08-13T07:44:14.230+0000] {logging_mixin.py:190} INFO - [2026-08-13T07:44:14.230+0000] {dag.py:3239} INFO - Sync 1 DAGs
[2026-08-13T07:44:14.237+0000] {logging_mixin.py:190} INFO - [2026-08-13T07:44:14.237+0000] {dag.py:4180} INFO - Setting next_dagrun for dag_extract_putevoy_list to 2026-08-13 02:00:00+00:00, run_after=2026-08-14 02:00:00+00:00
[2026-08-13T07:44:14.243+0000] {processor.py:208} INFO - Processing /opt/airflow/dags/dag_extract_putevoy_list.py took 0.031 seconds
[2026-08-13T07:44:44.743+0000] {processor.py:186} INFO - Started process (PID=7581) to work on /opt/airflow/dags/dag_extract_putevoy_list.py
[2026-08-13T07:44:44.744+0000] {processor.py:914} INFO - Processing file /opt/airflow/dags/dag_extract_putevoy_list.py for tasks to queue
[2026-08-13T07:44:44.745+0000] {logging_mixin.py:190} INFO - [2026-08-13T07:44:44.745+0000] {dagbag.py:588} INFO - Filling up the DagBag from /opt/airflow/dags/dag_extract_putevoy_list.py
[2026-08-13T07:44:44.749+0000] {processor.py:925} INFO - DAG(s) 'dag_extract_putevoy_list' retrieved from /opt/airflow/dags/dag_extract_putevoy_list.py
[2026-08-13T07:44:44.817+0000] {logging_mixin.py:190} INFO - [2026-08-13T07:44:44.817+0000] {dag.py:3239} INFO - Sync 1 DAGs
[2026-08-13T07:44:44.823+0000] {logging_mixin.py:190} INFO - [2026-08-13T07:44:44.823+0000] {dag.py:4180} INFO - Setting next_dagrun for dag_extract_putevoy_list to 2026-08-13 02:00:00+00:00, run_after=2026-08-14 02:00:00+00:00
[2026-08-13T07:44:44.828+0000] {processor.py:208} INFO - Processing /opt/airflow/dags/dag_extract_putevoy_list.py took 0.087 seconds
[2026-08-13T07:45:15.330+0000] {processor.py:186} INFO - Started process (PID=7601) to work on /opt/airflow/dags/dag_extract_putevoy_list.py
[2026-08-13T07:45:15.330+0000] {processor.py:914} INFO - Processing file /opt/airflow/dags/dag_extract_putevoy_list.py for tasks to queue
[2026-08-13T07:45:15.331+0000] {logging_mixin.py:190} INFO - [2026-08-13T07:45:15.331+0000] {dagbag.py:588} INFO - Filling up the DagBag from /opt/airflow/dags/dag_extract_putevoy_list.py
[2026-08-13T07:45:15.336+0000] {processor.py:925} INFO - DAG(s) 'dag_extract_putevoy_list' retrieved from /opt/airflow/dags/dag_extract_putevoy_list.py
[2026-08-13T07:45:15.345+0000] {logging_mixin.py:190} INFO - [2026-08-13T07:45:15.345+0000] {dag.py:3239} INFO - Sync 1 DAGs
[2026-08-13T07:45:15.353+0000] {logging_mixin.py:190} INFO - [2026-08-13T07:45:15.353+0000] {dag.py:4180} INFO - Setting next_dagrun for dag_extract_putevoy_list to 2026-08-13 02:00:00+00:00, run_after=2026-08-14 02:00:00+00:00
[2026-08-13T07:45:15.357+0000] {processor.py:208} INFO - Processing /opt/airflow/dags/dag_extract_putevoy_list.py took 0.030 seconds
[2026-08-13T07:45:45.776+0000] {processor.py:186} INFO - Started process (PID=7621) to work on /opt/airflow/dags/dag_extract_putevoy_list.py
[2026-08-13T07:45:45.777+0000] {processor.py:914} INFO - Processing file /opt/airflow/dags/dag_extract_putevoy_list.py for tasks to queue
[2026-08-13T07:45:45.778+0000] {logging_mixin.py:190} INFO - [2026-08-13T07:45:45.778+0000] {dagbag.py:588} INFO - Filling up the DagBag from /opt/airflow/dags/dag_extract_putevoy_list.py
[2026-08-13T07:45:45.783+0000] {processor.py:925} INFO - DAG(s) 'dag_extract_putevoy_list' retrieved from /opt/airflow/dags/dag_extract_putevoy_list.py
[2026-08-13T07:45:45.794+0000] {logging_mixin.py:190} INFO - [2026-08-13T07:45:45.794+0000] {dag.py:3239} INFO - Sync 1 DAGs
[2026-08-13T07:45:45.802+0000] {logging_mixin.py:190} INFO - [2026-08-13T07:45:45.802+0000] {dag.py:4180} INFO - Setting next_dagrun for dag_extract_putevoy_list to 2026-08-13 02:00:00+00:00, run_after=2026-08-14 02:00:00+00:00
[2026-08-13T07:45:45.815+0000] {processor.py:208} INFO - Processing /opt/airflow/dags/dag_extract_putevoy_list.py took 0.041 seconds
[2026-08-13T07:46:16.206+0000] {processor.py:186} INFO - Started process (PID=7641) to work on /opt/airflow/dags/dag_extract_putevoy_list.py
[2026-08-13T07:46:16.207+0000] {processor.py:914} INFO - Processing file /opt/airflow/dags/dag_extract_putevoy_list.py for tasks to queue
[2026-08-13T07:46:16.207+0000] {logging_mixin.py:190} INFO - [2026-08-13T07:46:16.207+0000] {dagbag.py:588} INFO - Filling up the DagBag from /opt/airflow/dags/dag_extract_putevoy_list.py
[2026-08-13T07:46:16.212+0000] {processor.py:925} INFO - DAG(s) 'dag_extract_putevoy_list' retrieved from /opt/airflow/dags/dag_extract_putevoy_list.py
[2026-08-13T07:46:16.221+0000] {logging_mixin.py:190} INFO - [2026-08-13T07:46:16.221+0000] {dag.py:3239} INFO - Sync 1 DAGs
[2026-08-13T07:46:16.228+0000] {logging_mixin.py:190} INFO - [2026-08-13T07:46:16.228+0000] {dag.py:4180} INFO - Setting next_dagrun for dag_extract_putevoy_list to 2026-08-13 02:00:00+00:00, run_after=2026-08-14 02:00:00+00:00
[2026-08-13T07:46:16.232+0000] {processor.py:208} INFO - Processing /opt/airflow/dags/dag_extract_putevoy_list.py took 0.028 seconds
[2026-08-13T07:46:46.611+0000] {processor.py:186} INFO - Started process (PID=7661) to work on /opt/airflow/dags/dag_extract_putevoy_list.py
[2026-08-13T07:46:46.612+0000] {processor.py:914} INFO - Processing file /opt/airflow/dags/dag_extract_putevoy_list.py for tasks to queue
[2026-08-13T07:46:46.612+0000] {logging_mixin.py:190} INFO - [2026-08-13T07:46:46.612+0000] {dagbag.py:588} INFO - Filling up the DagBag from /opt/airflow/dags/dag_extract_putevoy_list.py
[2026-08-13T07:46:46.617+0000] {processor.py:925} INFO - DAG(s) 'dag_extract_putevoy_list' retrieved from /opt/airflow/dags/dag_extract_putevoy_list.py
[2026-08-13T07:46:46.628+0000] {logging_mixin.py:190} INFO - [2026-08-13T07:46:46.628+0000] {dag.py:3239} INFO - Sync 1 DAGs
[2026-08-13T07:46:46.640+0000] {logging_mixin.py:190} INFO - [2026-08-13T07:46:46.640+0000] {dag.py:4180} INFO - Setting next_dagrun for dag_extract_putevoy_list to 2026-08-13 02:00:00+00:00, run_after=2026-08-14 02:00:00+00:00
[2026-08-13T07:46:46.646+0000] {processor.py:208} INFO - Processing /opt/airflow/dags/dag_extract_putevoy_list.py took 0.038 seconds
[2026-08-13T07:47:17.005+0000] {processor.py:186} INFO - Started process (PID=7681) to work on /opt/airflow/dags/dag_extract_putevoy_list.py
[2026-08-13T07:47:17.006+0000] {processor.py:914} INFO - Processing file /opt/airflow/dags/dag_extract_putevoy_list.py for tasks to queue
[2026-08-13T07:47:17.007+0000] {logging_mixin.py:190} INFO - [2026-08-13T07:47:17.007+0000] {dagbag.py:588} INFO - Filling up the DagBag from /opt/airflow/dags/dag_extract_putevoy_list.py
[2026-08-13T07:47:17.012+0000] {processor.py:925} INFO - DAG(s) 'dag_extract_putevoy_list' retrieved from /opt/airflow/dags/dag_extract_putevoy_list.py
[2026-08-13T07:47:17.024+0000] {logging_mixin.py:190} INFO - [2026-08-13T07:47:17.024+0000] {dag.py:3239} INFO - Sync 1 DAGs
[2026-08-13T07:47:17.032+0000] {logging_mixin.py:190} INFO - [2026-08-13T07:47:17.032+0000] {dag.py:4180} INFO - Setting next_dagrun for dag_extract_putevoy_list to 2026-08-13 02:00:00+00:00, run_after=2026-08-14 02:00:00+00:00
[2026-08-13T07:47:17.038+0000] {processor.py:208} INFO - Processing /opt/airflow/dags/dag_extract_putevoy_list.py took 0.036 seconds
[2026-08-13T07:47:47.441+0000] {processor.py:186} INFO - Started process (PID=7699) to work on /opt/airflow/dags/dag_extract_putevoy_list.py
[2026-08-13T07:47:47.442+0000] {processor.py:914} INFO - Processing file /opt/airflow/dags/dag_extract_putevoy_list.py for tasks to queue
[2026-08-13T07:47:47.443+0000] {logging_mixin.py:190} INFO - [2026-08-13T07:47:47.442+0000] {dagbag.py:588} INFO - Filling up the DagBag from /opt/airflow/dags/dag_extract_putevoy_list.py
[2026-08-13T07:47:47.450+0000] {processor.py:925} INFO - DAG(s) 'dag_extract_putevoy_list' retrieved from /opt/airflow/dags/dag_extract_putevoy_list.py
[2026-08-13T07:47:47.465+0000] {logging_mixin.py:190} INFO - [2026-08-13T07:47:47.465+0000] {dag.py:3239} INFO - Sync 1 DAGs
[2026-08-13T07:47:47.475+0000] {logging_mixin.py:190} INFO - [2026-08-13T07:47:47.475+0000] {dag.py:4180} INFO - Setting next_dagrun for dag_extract_putevoy_list to 2026-08-13 02:00:00+00:00, run_after=2026-08-14 02:00:00+00:00
[2026-08-13T07:47:47.489+0000] {processor.py:208} INFO - Processing /opt/airflow/dags/dag_extract_putevoy_list.py took 0.051 seconds
[2026-08-13T07:48:17.892+0000] {processor.py:186} INFO - Started process (PID=7721) to work on /opt/airflow/dags/dag_extract_putevoy_list.py
[2026-08-13T07:48:17.893+0000] {processor.py:914} INFO - Processing file /opt/airflow/dags/dag_extract_putevoy_list.py for tasks to queue
[2026-08-13T07:48:17.893+0000] {logging_mixin.py:190} INFO - [2026-08-13T07:48:17.893+0000] {dagbag.py:588} INFO - Filling up the DagBag from /opt/airflow/dags/dag_extract_putevoy_list.py
[2026-08-13T07:48:17.898+0000] {processor.py:925} INFO - DAG(s) 'dag_extract_putevoy_list' retrieved from /opt/airflow/dags/dag_extract_putevoy_list.py
[2026-08-13T07:48:17.908+0000] {logging_mixin.py:190} INFO - [2026-08-13T07:48:17.908+0000] {dag.py:3239} INFO - Sync 1 DAGs
[2026-08-13T07:48:17.915+0000] {logging_mixin.py:190} INFO - [2026-08-13T07:48:17.915+0000] {dag.py:4180} INFO - Setting next_dagrun for dag_extract_putevoy_list to 2026-08-13 02:00:00+00:00, run_after=2026-08-14 02:00:00+00:00
[2026-08-13T07:48:17.920+0000] {processor.py:208} INFO - Processing /opt/airflow/dags/dag_extract_putevoy_list.py took 0.030 seconds
[2026-08-13T07:48:48.335+0000] {processor.py:186} INFO - Started process (PID=7741) to work on /opt/airflow/dags/dag_extract_putevoy_list.py
[2026-08-13T07:48:48.336+0000] {processor.py:914} INFO - Processing file /opt/airflow/dags/dag_extract_putevoy_list.py for tasks to queue
[2026-08-13T07:48:48.336+0000] {logging_mixin.py:190} INFO - [2026-08-13T07:48:48.336+0000] {dagbag.py:588} INFO - Filling up the DagBag from /opt/airflow/dags/dag_extract_putevoy_list.py
[2026-08-13T07:48:48.341+0000] {processor.py:925} INFO - DAG(s) 'dag_extract_putevoy_list' retrieved from /opt/airflow/dags/dag_extract_putevoy_list.py
[2026-08-13T07:48:48.350+0000] {logging_mixin.py:190} INFO - [2026-08-13T07:48:48.350+0000] {dag.py:3239} INFO - Sync 1 DAGs
[2026-08-13T07:48:48.357+0000] {logging_mixin.py:190} INFO - [2026-08-13T07:48:48.357+0000] {dag.py:4180} INFO - Setting next_dagrun for dag_extract_putevoy_list to 2026-08-13 02:00:00+00:00, run_after=2026-08-14 02:00:00+00:00
[2026-08-13T07:48:48.363+0000] {processor.py:208} INFO - Processing /opt/airflow/dags/dag_extract_putevoy_list.py took 0.030 seconds
