[2026-08-13T00:06:25.698+0000] {processor.py:186} INFO - Started process (PID=6225) to work on /opt/airflow/dags/dag_transform_mart.py
[2026-08-13T00:06:25.699+0000] {processor.py:914} INFO - Processing file /opt/airflow/dags/dag_transform_mart.py for tasks to queue
[2026-08-13T00:06:25.700+0000] {logging_mixin.py:190} INFO - [2026-08-13T00:06:25.700+0000] {dagbag.py:588} INFO - Filling up the DagBag from /opt/airflow/dags/dag_transform_mart.py
[2026-08-13T00:06:25.709+0000] {processor.py:925} INFO - DAG(s) 'dag_transform_mart' retrieved from /opt/airflow/dags/dag_transform_mart.py
[2026-08-13T00:06:25.725+0000] {logging_mixin.py:190} INFO - [2026-08-13T00:06:25.725+0000] {dag.py:3239} INFO - Sync 1 DAGs
[2026-08-13T00:06:25.736+0000] {logging_mixin.py:190} INFO - [2026-08-13T00:06:25.736+0000] {dag.py:4180} INFO - Setting next_dagrun for dag_transform_mart to 2026-08-12 03:30:00+00:00, run_after=2026-08-13 03:30:00+00:00
[2026-08-13T00:06:25.744+0000] {processor.py:208} INFO - Processing /opt/airflow/dags/dag_transform_mart.py took 0.050 seconds
[2026-08-13T00:58:10.768+0000] {processor.py:186} INFO - Started process (PID=6247) to work on /opt/airflow/dags/dag_transform_mart.py
[2026-08-13T00:58:10.768+0000] {processor.py:914} INFO - Processing file /opt/airflow/dags/dag_transform_mart.py for tasks to queue
[2026-08-13T00:58:10.770+0000] {logging_mixin.py:190} INFO - [2026-08-13T00:58:10.770+0000] {dagbag.py:588} INFO - Filling up the DagBag from /opt/airflow/dags/dag_transform_mart.py
[2026-08-13T00:58:10.780+0000] {processor.py:925} INFO - DAG(s) 'dag_transform_mart' retrieved from /opt/airflow/dags/dag_transform_mart.py
[2026-08-13T00:58:10.792+0000] {logging_mixin.py:190} INFO - [2026-08-13T00:58:10.792+0000] {dag.py:3239} INFO - Sync 1 DAGs
[2026-08-13T00:58:10.803+0000] {logging_mixin.py:190} INFO - [2026-08-13T00:58:10.803+0000] {dag.py:4180} INFO - Setting next_dagrun for dag_transform_mart to 2026-08-12 03:30:00+00:00, run_after=2026-08-13 03:30:00+00:00
[2026-08-13T00:58:10.808+0000] {processor.py:208} INFO - Processing /opt/airflow/dags/dag_transform_mart.py took 0.044 seconds
[2026-08-13T00:58:41.204+0000] {processor.py:186} INFO - Started process (PID=6267) to work on /opt/airflow/dags/dag_transform_mart.py
[2026-08-13T00:58:41.204+0000] {processor.py:914} INFO - Processing file /opt/airflow/dags/dag_transform_mart.py for tasks to queue
[2026-08-13T00:58:41.206+0000] {logging_mixin.py:190} INFO - [2026-08-13T00:58:41.205+0000] {dagbag.py:588} INFO - Filling up the DagBag from /opt/airflow/dags/dag_transform_mart.py
[2026-08-13T00:58:41.211+0000] {processor.py:925} INFO - DAG(s) 'dag_transform_mart' retrieved from /opt/airflow/dags/dag_transform_mart.py
[2026-08-13T00:58:41.224+0000] {logging_mixin.py:190} INFO - [2026-08-13T00:58:41.224+0000] {dag.py:3239} INFO - Sync 1 DAGs
[2026-08-13T00:58:41.233+0000] {logging_mixin.py:190} INFO - [2026-08-13T00:58:41.233+0000] {dag.py:4180} INFO - Setting next_dagrun for dag_transform_mart to 2026-08-12 03:30:00+00:00, run_after=2026-08-13 03:30:00+00:00
[2026-08-13T00:58:41.240+0000] {processor.py:208} INFO - Processing /opt/airflow/dags/dag_transform_mart.py took 0.039 seconds
[2026-08-13T00:59:13.480+0000] {processor.py:186} INFO - Started process (PID=6287) to work on /opt/airflow/dags/dag_transform_mart.py
[2026-08-13T00:59:13.481+0000] {processor.py:914} INFO - Processing file /opt/airflow/dags/dag_transform_mart.py for tasks to queue
[2026-08-13T00:59:13.482+0000] {logging_mixin.py:190} INFO - [2026-08-13T00:59:13.482+0000] {dagbag.py:588} INFO - Filling up the DagBag from /opt/airflow/dags/dag_transform_mart.py
[2026-08-13T00:59:13.488+0000] {processor.py:925} INFO - DAG(s) 'dag_transform_mart' retrieved from /opt/airflow/dags/dag_transform_mart.py
[2026-08-13T00:59:13.501+0000] {logging_mixin.py:190} INFO - [2026-08-13T00:59:13.501+0000] {dag.py:3239} INFO - Sync 1 DAGs
[2026-08-13T00:59:13.510+0000] {logging_mixin.py:190} INFO - [2026-08-13T00:59:13.510+0000] {dag.py:4180} INFO - Setting next_dagrun for dag_transform_mart to 2026-08-12 03:30:00+00:00, run_after=2026-08-13 03:30:00+00:00
[2026-08-13T00:59:13.515+0000] {processor.py:208} INFO - Processing /opt/airflow/dags/dag_transform_mart.py took 0.040 seconds
[2026-08-13T00:59:50.617+0000] {processor.py:186} INFO - Started process (PID=6307) to work on /opt/airflow/dags/dag_transform_mart.py
[2026-08-13T00:59:50.617+0000] {processor.py:914} INFO - Processing file /opt/airflow/dags/dag_transform_mart.py for tasks to queue
[2026-08-13T00:59:50.619+0000] {logging_mixin.py:190} INFO - [2026-08-13T00:59:50.619+0000] {dagbag.py:588} INFO - Filling up the DagBag from /opt/airflow/dags/dag_transform_mart.py
[2026-08-13T00:59:50.625+0000] {processor.py:925} INFO - DAG(s) 'dag_transform_mart' retrieved from /opt/airflow/dags/dag_transform_mart.py
[2026-08-13T00:59:50.639+0000] {logging_mixin.py:190} INFO - [2026-08-13T00:59:50.639+0000] {dag.py:3239} INFO - Sync 1 DAGs
[2026-08-13T00:59:50.648+0000] {logging_mixin.py:190} INFO - [2026-08-13T00:59:50.648+0000] {dag.py:4180} INFO - Setting next_dagrun for dag_transform_mart to 2026-08-12 03:30:00+00:00, run_after=2026-08-13 03:30:00+00:00
[2026-08-13T00:59:50.653+0000] {processor.py:208} INFO - Processing /opt/airflow/dags/dag_transform_mart.py took 0.041 seconds
[2026-08-13T01:00:21.110+0000] {processor.py:186} INFO - Started process (PID=6339) to work on /opt/airflow/dags/dag_transform_mart.py
[2026-08-13T01:00:21.110+0000] {processor.py:914} INFO - Processing file /opt/airflow/dags/dag_transform_mart.py for tasks to queue
[2026-08-13T01:00:21.112+0000] {logging_mixin.py:190} INFO - [2026-08-13T01:00:21.112+0000] {dagbag.py:588} INFO - Filling up the DagBag from /opt/airflow/dags/dag_transform_mart.py
[2026-08-13T01:00:21.123+0000] {processor.py:925} INFO - DAG(s) 'dag_transform_mart' retrieved from /opt/airflow/dags/dag_transform_mart.py
[2026-08-13T01:00:21.138+0000] {logging_mixin.py:190} INFO - [2026-08-13T01:00:21.137+0000] {dag.py:3239} INFO - Sync 1 DAGs
[2026-08-13T01:00:21.147+0000] {logging_mixin.py:190} INFO - [2026-08-13T01:00:21.146+0000] {dag.py:4180} INFO - Setting next_dagrun for dag_transform_mart to 2026-08-12 03:30:00+00:00, run_after=2026-08-13 03:30:00+00:00
[2026-08-13T01:00:21.153+0000] {processor.py:208} INFO - Processing /opt/airflow/dags/dag_transform_mart.py took 0.048 seconds
[2026-08-13T01:00:56.584+0000] {processor.py:186} INFO - Started process (PID=6359) to work on /opt/airflow/dags/dag_transform_mart.py
[2026-08-13T01:00:56.585+0000] {processor.py:914} INFO - Processing file /opt/airflow/dags/dag_transform_mart.py for tasks to queue
[2026-08-13T01:00:56.587+0000] {logging_mixin.py:190} INFO - [2026-08-13T01:00:56.587+0000] {dagbag.py:588} INFO - Filling up the DagBag from /opt/airflow/dags/dag_transform_mart.py
[2026-08-13T01:00:56.596+0000] {processor.py:925} INFO - DAG(s) 'dag_transform_mart' retrieved from /opt/airflow/dags/dag_transform_mart.py
[2026-08-13T01:00:56.610+0000] {logging_mixin.py:190} INFO - [2026-08-13T01:00:56.610+0000] {dag.py:3239} INFO - Sync 1 DAGs
[2026-08-13T01:00:56.619+0000] {logging_mixin.py:190} INFO - [2026-08-13T01:00:56.619+0000] {dag.py:4180} INFO - Setting next_dagrun for dag_transform_mart to 2026-08-12 03:30:00+00:00, run_after=2026-08-13 03:30:00+00:00
[2026-08-13T01:00:56.628+0000] {processor.py:208} INFO - Processing /opt/airflow/dags/dag_transform_mart.py took 0.048 seconds
[2026-08-13T01:01:32.985+0000] {processor.py:186} INFO - Started process (PID=6379) to work on /opt/airflow/dags/dag_transform_mart.py
[2026-08-13T01:01:32.986+0000] {processor.py:914} INFO - Processing file /opt/airflow/dags/dag_transform_mart.py for tasks to queue
[2026-08-13T01:01:32.988+0000] {logging_mixin.py:190} INFO - [2026-08-13T01:01:32.988+0000] {dagbag.py:588} INFO - Filling up the DagBag from /opt/airflow/dags/dag_transform_mart.py
[2026-08-13T01:01:32.997+0000] {processor.py:925} INFO - DAG(s) 'dag_transform_mart' retrieved from /opt/airflow/dags/dag_transform_mart.py
[2026-08-13T01:01:33.013+0000] {logging_mixin.py:190} INFO - [2026-08-13T01:01:33.013+0000] {dag.py:3239} INFO - Sync 1 DAGs
[2026-08-13T01:01:33.023+0000] {logging_mixin.py:190} INFO - [2026-08-13T01:01:33.023+0000] {dag.py:4180} INFO - Setting next_dagrun for dag_transform_mart to 2026-08-12 03:30:00+00:00, run_after=2026-08-13 03:30:00+00:00
[2026-08-13T01:01:33.032+0000] {processor.py:208} INFO - Processing /opt/airflow/dags/dag_transform_mart.py took 0.051 seconds
[2026-08-13T01:02:03.468+0000] {processor.py:186} INFO - Started process (PID=6399) to work on /opt/airflow/dags/dag_transform_mart.py
[2026-08-13T01:02:03.469+0000] {processor.py:914} INFO - Processing file /opt/airflow/dags/dag_transform_mart.py for tasks to queue
[2026-08-13T01:02:03.471+0000] {logging_mixin.py:190} INFO - [2026-08-13T01:02:03.471+0000] {dagbag.py:588} INFO - Filling up the DagBag from /opt/airflow/dags/dag_transform_mart.py
[2026-08-13T01:02:03.482+0000] {processor.py:925} INFO - DAG(s) 'dag_transform_mart' retrieved from /opt/airflow/dags/dag_transform_mart.py
[2026-08-13T01:02:03.496+0000] {logging_mixin.py:190} INFO - [2026-08-13T01:02:03.496+0000] {dag.py:3239} INFO - Sync 1 DAGs
[2026-08-13T01:02:03.506+0000] {logging_mixin.py:190} INFO - [2026-08-13T01:02:03.506+0000] {dag.py:4180} INFO - Setting next_dagrun for dag_transform_mart to 2026-08-12 03:30:00+00:00, run_after=2026-08-13 03:30:00+00:00
[2026-08-13T01:02:03.513+0000] {processor.py:208} INFO - Processing /opt/airflow/dags/dag_transform_mart.py took 0.050 seconds
[2026-08-13T01:02:39.970+0000] {processor.py:186} INFO - Started process (PID=6419) to work on /opt/airflow/dags/dag_transform_mart.py
[2026-08-13T01:02:39.971+0000] {processor.py:914} INFO - Processing file /opt/airflow/dags/dag_transform_mart.py for tasks to queue
[2026-08-13T01:02:39.974+0000] {logging_mixin.py:190} INFO - [2026-08-13T01:02:39.974+0000] {dagbag.py:588} INFO - Filling up the DagBag from /opt/airflow/dags/dag_transform_mart.py
[2026-08-13T01:02:39.987+0000] {processor.py:925} INFO - DAG(s) 'dag_transform_mart' retrieved from /opt/airflow/dags/dag_transform_mart.py
[2026-08-13T01:02:40.008+0000] {logging_mixin.py:190} INFO - [2026-08-13T01:02:40.008+0000] {dag.py:3239} INFO - Sync 1 DAGs
[2026-08-13T01:02:40.020+0000] {logging_mixin.py:190} INFO - [2026-08-13T01:02:40.020+0000] {dag.py:4180} INFO - Setting next_dagrun for dag_transform_mart to 2026-08-12 03:30:00+00:00, run_after=2026-08-13 03:30:00+00:00
[2026-08-13T01:02:40.026+0000] {processor.py:208} INFO - Processing /opt/airflow/dags/dag_transform_mart.py took 0.062 seconds
[2026-08-13T01:03:17.473+0000] {processor.py:186} INFO - Started process (PID=6439) to work on /opt/airflow/dags/dag_transform_mart.py
[2026-08-13T01:03:17.473+0000] {processor.py:914} INFO - Processing file /opt/airflow/dags/dag_transform_mart.py for tasks to queue
[2026-08-13T01:03:17.474+0000] {logging_mixin.py:190} INFO - [2026-08-13T01:03:17.474+0000] {dagbag.py:588} INFO - Filling up the DagBag from /opt/airflow/dags/dag_transform_mart.py
[2026-08-13T01:03:17.484+0000] {processor.py:925} INFO - DAG(s) 'dag_transform_mart' retrieved from /opt/airflow/dags/dag_transform_mart.py
[2026-08-13T01:03:17.497+0000] {logging_mixin.py:190} INFO - [2026-08-13T01:03:17.497+0000] {dag.py:3239} INFO - Sync 1 DAGs
[2026-08-13T01:03:17.507+0000] {logging_mixin.py:190} INFO - [2026-08-13T01:03:17.507+0000] {dag.py:4180} INFO - Setting next_dagrun for dag_transform_mart to 2026-08-12 03:30:00+00:00, run_after=2026-08-13 03:30:00+00:00
[2026-08-13T01:03:17.515+0000] {processor.py:208} INFO - Processing /opt/airflow/dags/dag_transform_mart.py took 0.046 seconds
[2026-08-13T01:03:47.915+0000] {processor.py:186} INFO - Started process (PID=6459) to work on /opt/airflow/dags/dag_transform_mart.py
[2026-08-13T01:03:47.915+0000] {processor.py:914} INFO - Processing file /opt/airflow/dags/dag_transform_mart.py for tasks to queue
[2026-08-13T01:03:47.917+0000] {logging_mixin.py:190} INFO - [2026-08-13T01:03:47.917+0000] {dagbag.py:588} INFO - Filling up the DagBag from /opt/airflow/dags/dag_transform_mart.py
[2026-08-13T01:03:47.923+0000] {processor.py:925} INFO - DAG(s) 'dag_transform_mart' retrieved from /opt/airflow/dags/dag_transform_mart.py
[2026-08-13T01:03:47.937+0000] {logging_mixin.py:190} INFO - [2026-08-13T01:03:47.937+0000] {dag.py:3239} INFO - Sync 1 DAGs
[2026-08-13T01:03:47.945+0000] {logging_mixin.py:190} INFO - [2026-08-13T01:03:47.945+0000] {dag.py:4180} INFO - Setting next_dagrun for dag_transform_mart to 2026-08-12 03:30:00+00:00, run_after=2026-08-13 03:30:00+00:00
[2026-08-13T01:03:47.952+0000] {processor.py:208} INFO - Processing /opt/airflow/dags/dag_transform_mart.py took 0.040 seconds
[2026-08-13T01:04:24.459+0000] {processor.py:186} INFO - Started process (PID=6479) to work on /opt/airflow/dags/dag_transform_mart.py
[2026-08-13T01:04:24.460+0000] {processor.py:914} INFO - Processing file /opt/airflow/dags/dag_transform_mart.py for tasks to queue
[2026-08-13T01:04:24.462+0000] {logging_mixin.py:190} INFO - [2026-08-13T01:04:24.462+0000] {dagbag.py:588} INFO - Filling up the DagBag from /opt/airflow/dags/dag_transform_mart.py
[2026-08-13T01:04:24.474+0000] {processor.py:925} INFO - DAG(s) 'dag_transform_mart' retrieved from /opt/airflow/dags/dag_transform_mart.py
[2026-08-13T01:04:24.488+0000] {logging_mixin.py:190} INFO - [2026-08-13T01:04:24.487+0000] {dag.py:3239} INFO - Sync 1 DAGs
[2026-08-13T01:04:24.496+0000] {logging_mixin.py:190} INFO - [2026-08-13T01:04:24.496+0000] {dag.py:4180} INFO - Setting next_dagrun for dag_transform_mart to 2026-08-12 03:30:00+00:00, run_after=2026-08-13 03:30:00+00:00
[2026-08-13T01:04:24.506+0000] {processor.py:208} INFO - Processing /opt/airflow/dags/dag_transform_mart.py took 0.051 seconds
[2026-08-13T01:04:54.972+0000] {processor.py:186} INFO - Started process (PID=6499) to work on /opt/airflow/dags/dag_transform_mart.py
[2026-08-13T01:04:54.973+0000] {processor.py:914} INFO - Processing file /opt/airflow/dags/dag_transform_mart.py for tasks to queue
[2026-08-13T01:04:54.975+0000] {logging_mixin.py:190} INFO - [2026-08-13T01:04:54.975+0000] {dagbag.py:588} INFO - Filling up the DagBag from /opt/airflow/dags/dag_transform_mart.py
[2026-08-13T01:04:54.983+0000] {processor.py:925} INFO - DAG(s) 'dag_transform_mart' retrieved from /opt/airflow/dags/dag_transform_mart.py
[2026-08-13T01:04:54.999+0000] {logging_mixin.py:190} INFO - [2026-08-13T01:04:54.999+0000] {dag.py:3239} INFO - Sync 1 DAGs
[2026-08-13T01:04:55.011+0000] {logging_mixin.py:190} INFO - [2026-08-13T01:04:55.011+0000] {dag.py:4180} INFO - Setting next_dagrun for dag_transform_mart to 2026-08-12 03:30:00+00:00, run_after=2026-08-13 03:30:00+00:00
[2026-08-13T01:04:55.019+0000] {processor.py:208} INFO - Processing /opt/airflow/dags/dag_transform_mart.py took 0.051 seconds
[2026-08-13T01:47:59.420+0000] {processor.py:186} INFO - Started process (PID=6528) to work on /opt/airflow/dags/dag_transform_mart.py
[2026-08-13T01:47:59.421+0000] {processor.py:914} INFO - Processing file /opt/airflow/dags/dag_transform_mart.py for tasks to queue
[2026-08-13T01:47:59.422+0000] {logging_mixin.py:190} INFO - [2026-08-13T01:47:59.422+0000] {dagbag.py:588} INFO - Filling up the DagBag from /opt/airflow/dags/dag_transform_mart.py
[2026-08-13T01:47:59.429+0000] {processor.py:925} INFO - DAG(s) 'dag_transform_mart' retrieved from /opt/airflow/dags/dag_transform_mart.py
[2026-08-13T01:47:59.442+0000] {logging_mixin.py:190} INFO - [2026-08-13T01:47:59.442+0000] {dag.py:3239} INFO - Sync 1 DAGs
[2026-08-13T01:47:59.451+0000] {logging_mixin.py:190} INFO - [2026-08-13T01:47:59.451+0000] {dag.py:4180} INFO - Setting next_dagrun for dag_transform_mart to 2026-08-12 03:30:00+00:00, run_after=2026-08-13 03:30:00+00:00
[2026-08-13T01:47:59.457+0000] {processor.py:208} INFO - Processing /opt/airflow/dags/dag_transform_mart.py took 0.041 seconds
[2026-08-13T01:48:29.923+0000] {processor.py:186} INFO - Started process (PID=6557) to work on /opt/airflow/dags/dag_transform_mart.py
[2026-08-13T01:48:29.924+0000] {processor.py:914} INFO - Processing file /opt/airflow/dags/dag_transform_mart.py for tasks to queue
[2026-08-13T01:48:29.926+0000] {logging_mixin.py:190} INFO - [2026-08-13T01:48:29.926+0000] {dagbag.py:588} INFO - Filling up the DagBag from /opt/airflow/dags/dag_transform_mart.py
[2026-08-13T01:48:29.942+0000] {processor.py:925} INFO - DAG(s) 'dag_transform_mart' retrieved from /opt/airflow/dags/dag_transform_mart.py
[2026-08-13T01:48:29.960+0000] {logging_mixin.py:190} INFO - [2026-08-13T01:48:29.959+0000] {dag.py:3239} INFO - Sync 1 DAGs
[2026-08-13T01:48:29.973+0000] {logging_mixin.py:190} INFO - [2026-08-13T01:48:29.973+0000] {dag.py:4180} INFO - Setting next_dagrun for dag_transform_mart to 2026-08-12 03:30:00+00:00, run_after=2026-08-13 03:30:00+00:00
[2026-08-13T01:48:29.984+0000] {processor.py:208} INFO - Processing /opt/airflow/dags/dag_transform_mart.py took 0.068 seconds
[2026-08-13T02:20:25.906+0000] {processor.py:186} INFO - Started process (PID=6577) to work on /opt/airflow/dags/dag_transform_mart.py
[2026-08-13T02:20:25.906+0000] {processor.py:914} INFO - Processing file /opt/airflow/dags/dag_transform_mart.py for tasks to queue
[2026-08-13T02:20:25.908+0000] {logging_mixin.py:190} INFO - [2026-08-13T02:20:25.908+0000] {dagbag.py:588} INFO - Filling up the DagBag from /opt/airflow/dags/dag_transform_mart.py
[2026-08-13T02:20:25.920+0000] {processor.py:925} INFO - DAG(s) 'dag_transform_mart' retrieved from /opt/airflow/dags/dag_transform_mart.py
[2026-08-13T02:20:25.936+0000] {logging_mixin.py:190} INFO - [2026-08-13T02:20:25.936+0000] {dag.py:3239} INFO - Sync 1 DAGs
[2026-08-13T02:20:25.950+0000] {logging_mixin.py:190} INFO - [2026-08-13T02:20:25.950+0000] {dag.py:4180} INFO - Setting next_dagrun for dag_transform_mart to 2026-08-12 03:30:00+00:00, run_after=2026-08-13 03:30:00+00:00
[2026-08-13T02:20:25.958+0000] {processor.py:208} INFO - Processing /opt/airflow/dags/dag_transform_mart.py took 0.056 seconds
[2026-08-13T02:38:43.279+0000] {processor.py:186} INFO - Started process (PID=6621) to work on /opt/airflow/dags/dag_transform_mart.py
[2026-08-13T02:38:43.279+0000] {processor.py:914} INFO - Processing file /opt/airflow/dags/dag_transform_mart.py for tasks to queue
[2026-08-13T02:38:43.282+0000] {logging_mixin.py:190} INFO - [2026-08-13T02:38:43.282+0000] {dagbag.py:588} INFO - Filling up the DagBag from /opt/airflow/dags/dag_transform_mart.py
[2026-08-13T02:38:43.288+0000] {processor.py:925} INFO - DAG(s) 'dag_transform_mart' retrieved from /opt/airflow/dags/dag_transform_mart.py
[2026-08-13T02:38:43.303+0000] {logging_mixin.py:190} INFO - [2026-08-13T02:38:43.303+0000] {dag.py:3239} INFO - Sync 1 DAGs
[2026-08-13T02:38:43.312+0000] {logging_mixin.py:190} INFO - [2026-08-13T02:38:43.312+0000] {dag.py:4180} INFO - Setting next_dagrun for dag_transform_mart to 2026-08-12 03:30:00+00:00, run_after=2026-08-13 03:30:00+00:00
[2026-08-13T02:38:43.319+0000] {processor.py:208} INFO - Processing /opt/airflow/dags/dag_transform_mart.py took 0.044 seconds
[2026-08-13T02:55:09.041+0000] {processor.py:186} INFO - Started process (PID=6641) to work on /opt/airflow/dags/dag_transform_mart.py
[2026-08-13T02:55:09.042+0000] {processor.py:914} INFO - Processing file /opt/airflow/dags/dag_transform_mart.py for tasks to queue
[2026-08-13T02:55:09.043+0000] {logging_mixin.py:190} INFO - [2026-08-13T02:55:09.043+0000] {dagbag.py:588} INFO - Filling up the DagBag from /opt/airflow/dags/dag_transform_mart.py
[2026-08-13T02:55:09.053+0000] {processor.py:925} INFO - DAG(s) 'dag_transform_mart' retrieved from /opt/airflow/dags/dag_transform_mart.py
[2026-08-13T02:55:09.067+0000] {logging_mixin.py:190} INFO - [2026-08-13T02:55:09.067+0000] {dag.py:3239} INFO - Sync 1 DAGs
[2026-08-13T02:55:09.078+0000] {logging_mixin.py:190} INFO - [2026-08-13T02:55:09.078+0000] {dag.py:4180} INFO - Setting next_dagrun for dag_transform_mart to 2026-08-12 03:30:00+00:00, run_after=2026-08-13 03:30:00+00:00
[2026-08-13T02:55:09.086+0000] {processor.py:208} INFO - Processing /opt/airflow/dags/dag_transform_mart.py took 0.048 seconds
[2026-08-13T02:55:45.941+0000] {processor.py:186} INFO - Started process (PID=6664) to work on /opt/airflow/dags/dag_transform_mart.py
[2026-08-13T02:55:45.942+0000] {processor.py:914} INFO - Processing file /opt/airflow/dags/dag_transform_mart.py for tasks to queue
[2026-08-13T02:55:45.943+0000] {logging_mixin.py:190} INFO - [2026-08-13T02:55:45.943+0000] {dagbag.py:588} INFO - Filling up the DagBag from /opt/airflow/dags/dag_transform_mart.py
[2026-08-13T02:55:45.954+0000] {processor.py:925} INFO - DAG(s) 'dag_transform_mart' retrieved from /opt/airflow/dags/dag_transform_mart.py
[2026-08-13T02:55:45.973+0000] {logging_mixin.py:190} INFO - [2026-08-13T02:55:45.973+0000] {dag.py:3239} INFO - Sync 1 DAGs
[2026-08-13T02:55:45.983+0000] {logging_mixin.py:190} INFO - [2026-08-13T02:55:45.983+0000] {dag.py:4180} INFO - Setting next_dagrun for dag_transform_mart to 2026-08-12 03:30:00+00:00, run_after=2026-08-13 03:30:00+00:00
[2026-08-13T02:55:45.992+0000] {processor.py:208} INFO - Processing /opt/airflow/dags/dag_transform_mart.py took 0.058 seconds
[2026-08-13T02:56:16.390+0000] {processor.py:186} INFO - Started process (PID=6684) to work on /opt/airflow/dags/dag_transform_mart.py
[2026-08-13T02:56:16.390+0000] {processor.py:914} INFO - Processing file /opt/airflow/dags/dag_transform_mart.py for tasks to queue
[2026-08-13T02:56:16.392+0000] {logging_mixin.py:190} INFO - [2026-08-13T02:56:16.392+0000] {dagbag.py:588} INFO - Filling up the DagBag from /opt/airflow/dags/dag_transform_mart.py
[2026-08-13T02:56:16.404+0000] {processor.py:925} INFO - DAG(s) 'dag_transform_mart' retrieved from /opt/airflow/dags/dag_transform_mart.py
[2026-08-13T02:56:16.417+0000] {logging_mixin.py:190} INFO - [2026-08-13T02:56:16.417+0000] {dag.py:3239} INFO - Sync 1 DAGs
[2026-08-13T02:56:16.426+0000] {logging_mixin.py:190} INFO - [2026-08-13T02:56:16.425+0000] {dag.py:4180} INFO - Setting next_dagrun for dag_transform_mart to 2026-08-12 03:30:00+00:00, run_after=2026-08-13 03:30:00+00:00
[2026-08-13T02:56:16.435+0000] {processor.py:208} INFO - Processing /opt/airflow/dags/dag_transform_mart.py took 0.049 seconds
[2026-08-13T03:01:15.467+0000] {processor.py:186} INFO - Started process (PID=6703) to work on /opt/airflow/dags/dag_transform_mart.py
[2026-08-13T03:01:15.469+0000] {processor.py:914} INFO - Processing file /opt/airflow/dags/dag_transform_mart.py for tasks to queue
[2026-08-13T03:01:15.472+0000] {logging_mixin.py:190} INFO - [2026-08-13T03:01:15.472+0000] {dagbag.py:588} INFO - Filling up the DagBag from /opt/airflow/dags/dag_transform_mart.py
[2026-08-13T03:01:15.494+0000] {processor.py:925} INFO - DAG(s) 'dag_transform_mart' retrieved from /opt/airflow/dags/dag_transform_mart.py
[2026-08-13T03:01:15.521+0000] {logging_mixin.py:190} INFO - [2026-08-13T03:01:15.521+0000] {dag.py:3239} INFO - Sync 1 DAGs
[2026-08-13T03:01:15.536+0000] {logging_mixin.py:190} INFO - [2026-08-13T03:01:15.536+0000] {dag.py:4180} INFO - Setting next_dagrun for dag_transform_mart to 2026-08-12 03:30:00+00:00, run_after=2026-08-13 03:30:00+00:00
[2026-08-13T03:01:15.546+0000] {processor.py:208} INFO - Processing /opt/airflow/dags/dag_transform_mart.py took 0.087 seconds
[2026-08-13T03:01:46.010+0000] {processor.py:186} INFO - Started process (PID=6724) to work on /opt/airflow/dags/dag_transform_mart.py
[2026-08-13T03:01:46.012+0000] {processor.py:914} INFO - Processing file /opt/airflow/dags/dag_transform_mart.py for tasks to queue
[2026-08-13T03:01:46.014+0000] {logging_mixin.py:190} INFO - [2026-08-13T03:01:46.014+0000] {dagbag.py:588} INFO - Filling up the DagBag from /opt/airflow/dags/dag_transform_mart.py
[2026-08-13T03:01:46.027+0000] {processor.py:925} INFO - DAG(s) 'dag_transform_mart' retrieved from /opt/airflow/dags/dag_transform_mart.py
[2026-08-13T03:01:46.051+0000] {logging_mixin.py:190} INFO - [2026-08-13T03:01:46.051+0000] {dag.py:3239} INFO - Sync 1 DAGs
[2026-08-13T03:01:46.064+0000] {logging_mixin.py:190} INFO - [2026-08-13T03:01:46.063+0000] {dag.py:4180} INFO - Setting next_dagrun for dag_transform_mart to 2026-08-12 03:30:00+00:00, run_after=2026-08-13 03:30:00+00:00
[2026-08-13T03:01:46.073+0000] {processor.py:208} INFO - Processing /opt/airflow/dags/dag_transform_mart.py took 0.068 seconds
[2026-08-13T03:02:16.457+0000] {processor.py:186} INFO - Started process (PID=6744) to work on /opt/airflow/dags/dag_transform_mart.py
[2026-08-13T03:02:16.457+0000] {processor.py:914} INFO - Processing file /opt/airflow/dags/dag_transform_mart.py for tasks to queue
[2026-08-13T03:02:16.459+0000] {logging_mixin.py:190} INFO - [2026-08-13T03:02:16.459+0000] {dagbag.py:588} INFO - Filling up the DagBag from /opt/airflow/dags/dag_transform_mart.py
[2026-08-13T03:02:16.466+0000] {processor.py:925} INFO - DAG(s) 'dag_transform_mart' retrieved from /opt/airflow/dags/dag_transform_mart.py
[2026-08-13T03:02:16.480+0000] {logging_mixin.py:190} INFO - [2026-08-13T03:02:16.480+0000] {dag.py:3239} INFO - Sync 1 DAGs
[2026-08-13T03:02:16.491+0000] {logging_mixin.py:190} INFO - [2026-08-13T03:02:16.491+0000] {dag.py:4180} INFO - Setting next_dagrun for dag_transform_mart to 2026-08-12 03:30:00+00:00, run_after=2026-08-13 03:30:00+00:00
[2026-08-13T03:02:16.500+0000] {processor.py:208} INFO - Processing /opt/airflow/dags/dag_transform_mart.py took 0.046 seconds
[2026-08-13T03:09:48.214+0000] {processor.py:186} INFO - Started process (PID=6764) to work on /opt/airflow/dags/dag_transform_mart.py
[2026-08-13T03:09:48.214+0000] {processor.py:914} INFO - Processing file /opt/airflow/dags/dag_transform_mart.py for tasks to queue
[2026-08-13T03:09:48.216+0000] {logging_mixin.py:190} INFO - [2026-08-13T03:09:48.216+0000] {dagbag.py:588} INFO - Filling up the DagBag from /opt/airflow/dags/dag_transform_mart.py
[2026-08-13T03:09:48.225+0000] {processor.py:925} INFO - DAG(s) 'dag_transform_mart' retrieved from /opt/airflow/dags/dag_transform_mart.py
[2026-08-13T03:09:48.239+0000] {logging_mixin.py:190} INFO - [2026-08-13T03:09:48.239+0000] {dag.py:3239} INFO - Sync 1 DAGs
[2026-08-13T03:09:48.249+0000] {logging_mixin.py:190} INFO - [2026-08-13T03:09:48.249+0000] {dag.py:4180} INFO - Setting next_dagrun for dag_transform_mart to 2026-08-12 03:30:00+00:00, run_after=2026-08-13 03:30:00+00:00
[2026-08-13T03:09:48.257+0000] {processor.py:208} INFO - Processing /opt/airflow/dags/dag_transform_mart.py took 0.047 seconds
[2026-08-13T03:10:18.693+0000] {processor.py:186} INFO - Started process (PID=6784) to work on /opt/airflow/dags/dag_transform_mart.py
[2026-08-13T03:10:18.693+0000] {processor.py:914} INFO - Processing file /opt/airflow/dags/dag_transform_mart.py for tasks to queue
[2026-08-13T03:10:18.695+0000] {logging_mixin.py:190} INFO - [2026-08-13T03:10:18.695+0000] {dagbag.py:588} INFO - Filling up the DagBag from /opt/airflow/dags/dag_transform_mart.py
[2026-08-13T03:10:18.703+0000] {processor.py:925} INFO - DAG(s) 'dag_transform_mart' retrieved from /opt/airflow/dags/dag_transform_mart.py
[2026-08-13T03:10:18.716+0000] {logging_mixin.py:190} INFO - [2026-08-13T03:10:18.716+0000] {dag.py:3239} INFO - Sync 1 DAGs
[2026-08-13T03:10:18.726+0000] {logging_mixin.py:190} INFO - [2026-08-13T03:10:18.726+0000] {dag.py:4180} INFO - Setting next_dagrun for dag_transform_mart to 2026-08-12 03:30:00+00:00, run_after=2026-08-13 03:30:00+00:00
[2026-08-13T03:10:18.735+0000] {processor.py:208} INFO - Processing /opt/airflow/dags/dag_transform_mart.py took 0.047 seconds
[2026-08-13T03:24:40.653+0000] {processor.py:186} INFO - Started process (PID=6804) to work on /opt/airflow/dags/dag_transform_mart.py
[2026-08-13T03:24:40.654+0000] {processor.py:914} INFO - Processing file /opt/airflow/dags/dag_transform_mart.py for tasks to queue
[2026-08-13T03:24:40.655+0000] {logging_mixin.py:190} INFO - [2026-08-13T03:24:40.655+0000] {dagbag.py:588} INFO - Filling up the DagBag from /opt/airflow/dags/dag_transform_mart.py
[2026-08-13T03:24:40.662+0000] {processor.py:925} INFO - DAG(s) 'dag_transform_mart' retrieved from /opt/airflow/dags/dag_transform_mart.py
[2026-08-13T03:24:40.678+0000] {logging_mixin.py:190} INFO - [2026-08-13T03:24:40.677+0000] {dag.py:3239} INFO - Sync 1 DAGs
[2026-08-13T03:24:40.689+0000] {logging_mixin.py:190} INFO - [2026-08-13T03:24:40.688+0000] {dag.py:4180} INFO - Setting next_dagrun for dag_transform_mart to 2026-08-12 03:30:00+00:00, run_after=2026-08-13 03:30:00+00:00
[2026-08-13T03:24:40.699+0000] {processor.py:208} INFO - Processing /opt/airflow/dags/dag_transform_mart.py took 0.049 seconds
[2026-08-13T03:25:11.128+0000] {processor.py:186} INFO - Started process (PID=6824) to work on /opt/airflow/dags/dag_transform_mart.py
[2026-08-13T03:25:11.129+0000] {processor.py:914} INFO - Processing file /opt/airflow/dags/dag_transform_mart.py for tasks to queue
[2026-08-13T03:25:11.131+0000] {logging_mixin.py:190} INFO - [2026-08-13T03:25:11.131+0000] {dagbag.py:588} INFO - Filling up the DagBag from /opt/airflow/dags/dag_transform_mart.py
[2026-08-13T03:25:11.144+0000] {processor.py:925} INFO - DAG(s) 'dag_transform_mart' retrieved from /opt/airflow/dags/dag_transform_mart.py
[2026-08-13T03:25:11.159+0000] {logging_mixin.py:190} INFO - [2026-08-13T03:25:11.159+0000] {dag.py:3239} INFO - Sync 1 DAGs
[2026-08-13T03:25:11.169+0000] {logging_mixin.py:190} INFO - [2026-08-13T03:25:11.169+0000] {dag.py:4180} INFO - Setting next_dagrun for dag_transform_mart to 2026-08-12 03:30:00+00:00, run_after=2026-08-13 03:30:00+00:00
[2026-08-13T03:25:11.177+0000] {processor.py:208} INFO - Processing /opt/airflow/dags/dag_transform_mart.py took 0.055 seconds
[2026-08-13T03:25:41.556+0000] {processor.py:186} INFO - Started process (PID=6844) to work on /opt/airflow/dags/dag_transform_mart.py
[2026-08-13T03:25:41.557+0000] {processor.py:914} INFO - Processing file /opt/airflow/dags/dag_transform_mart.py for tasks to queue
[2026-08-13T03:25:41.559+0000] {logging_mixin.py:190} INFO - [2026-08-13T03:25:41.559+0000] {dagbag.py:588} INFO - Filling up the DagBag from /opt/airflow/dags/dag_transform_mart.py
[2026-08-13T03:25:41.570+0000] {processor.py:925} INFO - DAG(s) 'dag_transform_mart' retrieved from /opt/airflow/dags/dag_transform_mart.py
[2026-08-13T03:25:41.585+0000] {logging_mixin.py:190} INFO - [2026-08-13T03:25:41.585+0000] {dag.py:3239} INFO - Sync 1 DAGs
[2026-08-13T03:25:41.595+0000] {logging_mixin.py:190} INFO - [2026-08-13T03:25:41.595+0000] {dag.py:4180} INFO - Setting next_dagrun for dag_transform_mart to 2026-08-12 03:30:00+00:00, run_after=2026-08-13 03:30:00+00:00
[2026-08-13T03:25:41.603+0000] {processor.py:208} INFO - Processing /opt/airflow/dags/dag_transform_mart.py took 0.051 seconds
[2026-08-13T03:26:12.066+0000] {processor.py:186} INFO - Started process (PID=6864) to work on /opt/airflow/dags/dag_transform_mart.py
[2026-08-13T03:26:12.066+0000] {processor.py:914} INFO - Processing file /opt/airflow/dags/dag_transform_mart.py for tasks to queue
[2026-08-13T03:26:12.068+0000] {logging_mixin.py:190} INFO - [2026-08-13T03:26:12.068+0000] {dagbag.py:588} INFO - Filling up the DagBag from /opt/airflow/dags/dag_transform_mart.py
[2026-08-13T03:26:12.078+0000] {processor.py:925} INFO - DAG(s) 'dag_transform_mart' retrieved from /opt/airflow/dags/dag_transform_mart.py
[2026-08-13T03:26:12.094+0000] {logging_mixin.py:190} INFO - [2026-08-13T03:26:12.094+0000] {dag.py:3239} INFO - Sync 1 DAGs
[2026-08-13T03:26:12.102+0000] {logging_mixin.py:190} INFO - [2026-08-13T03:26:12.102+0000] {dag.py:4180} INFO - Setting next_dagrun for dag_transform_mart to 2026-08-12 03:30:00+00:00, run_after=2026-08-13 03:30:00+00:00
[2026-08-13T03:26:12.109+0000] {processor.py:208} INFO - Processing /opt/airflow/dags/dag_transform_mart.py took 0.048 seconds
[2026-08-13T03:26:42.558+0000] {processor.py:186} INFO - Started process (PID=6884) to work on /opt/airflow/dags/dag_transform_mart.py
[2026-08-13T03:26:42.559+0000] {processor.py:914} INFO - Processing file /opt/airflow/dags/dag_transform_mart.py for tasks to queue
[2026-08-13T03:26:42.561+0000] {logging_mixin.py:190} INFO - [2026-08-13T03:26:42.561+0000] {dagbag.py:588} INFO - Filling up the DagBag from /opt/airflow/dags/dag_transform_mart.py
[2026-08-13T03:26:42.568+0000] {processor.py:925} INFO - DAG(s) 'dag_transform_mart' retrieved from /opt/airflow/dags/dag_transform_mart.py
[2026-08-13T03:26:42.583+0000] {logging_mixin.py:190} INFO - [2026-08-13T03:26:42.583+0000] {dag.py:3239} INFO - Sync 1 DAGs
[2026-08-13T03:26:42.592+0000] {logging_mixin.py:190} INFO - [2026-08-13T03:26:42.592+0000] {dag.py:4180} INFO - Setting next_dagrun for dag_transform_mart to 2026-08-12 03:30:00+00:00, run_after=2026-08-13 03:30:00+00:00
[2026-08-13T03:26:42.600+0000] {processor.py:208} INFO - Processing /opt/airflow/dags/dag_transform_mart.py took 0.047 seconds
[2026-08-13T03:27:13.030+0000] {processor.py:186} INFO - Started process (PID=6904) to work on /opt/airflow/dags/dag_transform_mart.py
[2026-08-13T03:27:13.031+0000] {processor.py:914} INFO - Processing file /opt/airflow/dags/dag_transform_mart.py for tasks to queue
[2026-08-13T03:27:13.032+0000] {logging_mixin.py:190} INFO - [2026-08-13T03:27:13.032+0000] {dagbag.py:588} INFO - Filling up the DagBag from /opt/airflow/dags/dag_transform_mart.py
[2026-08-13T03:27:13.042+0000] {processor.py:925} INFO - DAG(s) 'dag_transform_mart' retrieved from /opt/airflow/dags/dag_transform_mart.py
[2026-08-13T03:27:13.056+0000] {logging_mixin.py:190} INFO - [2026-08-13T03:27:13.056+0000] {dag.py:3239} INFO - Sync 1 DAGs
[2026-08-13T03:27:13.065+0000] {logging_mixin.py:190} INFO - [2026-08-13T03:27:13.065+0000] {dag.py:4180} INFO - Setting next_dagrun for dag_transform_mart to 2026-08-12 03:30:00+00:00, run_after=2026-08-13 03:30:00+00:00
[2026-08-13T03:27:13.074+0000] {processor.py:208} INFO - Processing /opt/airflow/dags/dag_transform_mart.py took 0.048 seconds
[2026-08-13T03:27:43.557+0000] {processor.py:186} INFO - Started process (PID=6924) to work on /opt/airflow/dags/dag_transform_mart.py
[2026-08-13T03:27:43.558+0000] {processor.py:914} INFO - Processing file /opt/airflow/dags/dag_transform_mart.py for tasks to queue
[2026-08-13T03:27:43.559+0000] {logging_mixin.py:190} INFO - [2026-08-13T03:27:43.559+0000] {dagbag.py:588} INFO - Filling up the DagBag from /opt/airflow/dags/dag_transform_mart.py
[2026-08-13T03:27:43.568+0000] {processor.py:925} INFO - DAG(s) 'dag_transform_mart' retrieved from /opt/airflow/dags/dag_transform_mart.py
[2026-08-13T03:27:43.579+0000] {logging_mixin.py:190} INFO - [2026-08-13T03:27:43.579+0000] {dag.py:3239} INFO - Sync 1 DAGs
[2026-08-13T03:27:43.588+0000] {logging_mixin.py:190} INFO - [2026-08-13T03:27:43.588+0000] {dag.py:4180} INFO - Setting next_dagrun for dag_transform_mart to 2026-08-12 03:30:00+00:00, run_after=2026-08-13 03:30:00+00:00
[2026-08-13T03:27:43.596+0000] {processor.py:208} INFO - Processing /opt/airflow/dags/dag_transform_mart.py took 0.044 seconds
[2026-08-13T03:28:14.126+0000] {processor.py:186} INFO - Started process (PID=6944) to work on /opt/airflow/dags/dag_transform_mart.py
[2026-08-13T03:28:14.127+0000] {processor.py:914} INFO - Processing file /opt/airflow/dags/dag_transform_mart.py for tasks to queue
[2026-08-13T03:28:14.130+0000] {logging_mixin.py:190} INFO - [2026-08-13T03:28:14.129+0000] {dagbag.py:588} INFO - Filling up the DagBag from /opt/airflow/dags/dag_transform_mart.py
[2026-08-13T03:28:14.142+0000] {processor.py:925} INFO - DAG(s) 'dag_transform_mart' retrieved from /opt/airflow/dags/dag_transform_mart.py
[2026-08-13T03:28:14.160+0000] {logging_mixin.py:190} INFO - [2026-08-13T03:28:14.160+0000] {dag.py:3239} INFO - Sync 1 DAGs
[2026-08-13T03:28:14.171+0000] {logging_mixin.py:190} INFO - [2026-08-13T03:28:14.171+0000] {dag.py:4180} INFO - Setting next_dagrun for dag_transform_mart to 2026-08-12 03:30:00+00:00, run_after=2026-08-13 03:30:00+00:00
[2026-08-13T03:28:14.180+0000] {processor.py:208} INFO - Processing /opt/airflow/dags/dag_transform_mart.py took 0.059 seconds
[2026-08-13T03:28:44.692+0000] {processor.py:186} INFO - Started process (PID=6964) to work on /opt/airflow/dags/dag_transform_mart.py
[2026-08-13T03:28:44.694+0000] {processor.py:914} INFO - Processing file /opt/airflow/dags/dag_transform_mart.py for tasks to queue
[2026-08-13T03:28:44.696+0000] {logging_mixin.py:190} INFO - [2026-08-13T03:28:44.696+0000] {dagbag.py:588} INFO - Filling up the DagBag from /opt/airflow/dags/dag_transform_mart.py
[2026-08-13T03:28:44.707+0000] {processor.py:925} INFO - DAG(s) 'dag_transform_mart' retrieved from /opt/airflow/dags/dag_transform_mart.py
[2026-08-13T03:28:44.722+0000] {logging_mixin.py:190} INFO - [2026-08-13T03:28:44.722+0000] {dag.py:3239} INFO - Sync 1 DAGs
[2026-08-13T03:28:44.734+0000] {logging_mixin.py:190} INFO - [2026-08-13T03:28:44.734+0000] {dag.py:4180} INFO - Setting next_dagrun for dag_transform_mart to 2026-08-12 03:30:00+00:00, run_after=2026-08-13 03:30:00+00:00
[2026-08-13T03:28:44.741+0000] {processor.py:208} INFO - Processing /opt/airflow/dags/dag_transform_mart.py took 0.055 seconds
[2026-08-13T03:29:15.172+0000] {processor.py:186} INFO - Started process (PID=6984) to work on /opt/airflow/dags/dag_transform_mart.py
[2026-08-13T03:29:15.173+0000] {processor.py:914} INFO - Processing file /opt/airflow/dags/dag_transform_mart.py for tasks to queue
[2026-08-13T03:29:15.175+0000] {logging_mixin.py:190} INFO - [2026-08-13T03:29:15.175+0000] {dagbag.py:588} INFO - Filling up the DagBag from /opt/airflow/dags/dag_transform_mart.py
[2026-08-13T03:29:15.184+0000] {processor.py:925} INFO - DAG(s) 'dag_transform_mart' retrieved from /opt/airflow/dags/dag_transform_mart.py
[2026-08-13T03:29:15.198+0000] {logging_mixin.py:190} INFO - [2026-08-13T03:29:15.198+0000] {dag.py:3239} INFO - Sync 1 DAGs
[2026-08-13T03:29:15.208+0000] {logging_mixin.py:190} INFO - [2026-08-13T03:29:15.208+0000] {dag.py:4180} INFO - Setting next_dagrun for dag_transform_mart to 2026-08-12 03:30:00+00:00, run_after=2026-08-13 03:30:00+00:00
[2026-08-13T03:29:15.216+0000] {processor.py:208} INFO - Processing /opt/airflow/dags/dag_transform_mart.py took 0.050 seconds
[2026-08-13T03:42:13.495+0000] {processor.py:186} INFO - Started process (PID=7012) to work on /opt/airflow/dags/dag_transform_mart.py
[2026-08-13T03:42:13.497+0000] {processor.py:914} INFO - Processing file /opt/airflow/dags/dag_transform_mart.py for tasks to queue
[2026-08-13T03:42:13.498+0000] {logging_mixin.py:190} INFO - [2026-08-13T03:42:13.498+0000] {dagbag.py:588} INFO - Filling up the DagBag from /opt/airflow/dags/dag_transform_mart.py
[2026-08-13T03:42:13.509+0000] {processor.py:925} INFO - DAG(s) 'dag_transform_mart' retrieved from /opt/airflow/dags/dag_transform_mart.py
[2026-08-13T03:42:13.527+0000] {logging_mixin.py:190} INFO - [2026-08-13T03:42:13.526+0000] {dag.py:3239} INFO - Sync 1 DAGs
[2026-08-13T03:42:13.546+0000] {processor.py:208} INFO - Processing /opt/airflow/dags/dag_transform_mart.py took 0.057 seconds
[2026-08-13T03:42:44.020+0000] {processor.py:186} INFO - Started process (PID=7033) to work on /opt/airflow/dags/dag_transform_mart.py
[2026-08-13T03:42:44.023+0000] {processor.py:914} INFO - Processing file /opt/airflow/dags/dag_transform_mart.py for tasks to queue
[2026-08-13T03:42:44.025+0000] {logging_mixin.py:190} INFO - [2026-08-13T03:42:44.025+0000] {dagbag.py:588} INFO - Filling up the DagBag from /opt/airflow/dags/dag_transform_mart.py
[2026-08-13T03:42:44.036+0000] {processor.py:925} INFO - DAG(s) 'dag_transform_mart' retrieved from /opt/airflow/dags/dag_transform_mart.py
[2026-08-13T03:42:44.050+0000] {logging_mixin.py:190} INFO - [2026-08-13T03:42:44.050+0000] {dag.py:3239} INFO - Sync 1 DAGs
[2026-08-13T03:42:44.065+0000] {processor.py:208} INFO - Processing /opt/airflow/dags/dag_transform_mart.py took 0.050 seconds
[2026-08-13T03:43:14.546+0000] {processor.py:186} INFO - Started process (PID=7053) to work on /opt/airflow/dags/dag_transform_mart.py
[2026-08-13T03:43:14.546+0000] {processor.py:914} INFO - Processing file /opt/airflow/dags/dag_transform_mart.py for tasks to queue
[2026-08-13T03:43:14.549+0000] {logging_mixin.py:190} INFO - [2026-08-13T03:43:14.549+0000] {dagbag.py:588} INFO - Filling up the DagBag from /opt/airflow/dags/dag_transform_mart.py
[2026-08-13T03:43:14.561+0000] {processor.py:925} INFO - DAG(s) 'dag_transform_mart' retrieved from /opt/airflow/dags/dag_transform_mart.py
[2026-08-13T03:43:14.581+0000] {logging_mixin.py:190} INFO - [2026-08-13T03:43:14.581+0000] {dag.py:3239} INFO - Sync 1 DAGs
[2026-08-13T03:43:14.600+0000] {processor.py:208} INFO - Processing /opt/airflow/dags/dag_transform_mart.py took 0.061 seconds
[2026-08-13T03:43:45.030+0000] {processor.py:186} INFO - Started process (PID=7073) to work on /opt/airflow/dags/dag_transform_mart.py
[2026-08-13T03:43:45.030+0000] {processor.py:914} INFO - Processing file /opt/airflow/dags/dag_transform_mart.py for tasks to queue
[2026-08-13T03:43:45.033+0000] {logging_mixin.py:190} INFO - [2026-08-13T03:43:45.033+0000] {dagbag.py:588} INFO - Filling up the DagBag from /opt/airflow/dags/dag_transform_mart.py
[2026-08-13T03:43:45.044+0000] {processor.py:925} INFO - DAG(s) 'dag_transform_mart' retrieved from /opt/airflow/dags/dag_transform_mart.py
[2026-08-13T03:43:45.059+0000] {logging_mixin.py:190} INFO - [2026-08-13T03:43:45.059+0000] {dag.py:3239} INFO - Sync 1 DAGs
[2026-08-13T03:43:45.075+0000] {processor.py:208} INFO - Processing /opt/airflow/dags/dag_transform_mart.py took 0.050 seconds
[2026-08-13T03:44:15.465+0000] {processor.py:186} INFO - Started process (PID=7093) to work on /opt/airflow/dags/dag_transform_mart.py
[2026-08-13T03:44:15.466+0000] {processor.py:914} INFO - Processing file /opt/airflow/dags/dag_transform_mart.py for tasks to queue
[2026-08-13T03:44:15.467+0000] {logging_mixin.py:190} INFO - [2026-08-13T03:44:15.467+0000] {dagbag.py:588} INFO - Filling up the DagBag from /opt/airflow/dags/dag_transform_mart.py
[2026-08-13T03:44:15.476+0000] {processor.py:925} INFO - DAG(s) 'dag_transform_mart' retrieved from /opt/airflow/dags/dag_transform_mart.py
[2026-08-13T03:44:15.491+0000] {logging_mixin.py:190} INFO - [2026-08-13T03:44:15.491+0000] {dag.py:3239} INFO - Sync 1 DAGs
[2026-08-13T03:44:15.507+0000] {processor.py:208} INFO - Processing /opt/airflow/dags/dag_transform_mart.py took 0.045 seconds
[2026-08-13T03:44:45.930+0000] {processor.py:186} INFO - Started process (PID=7113) to work on /opt/airflow/dags/dag_transform_mart.py
[2026-08-13T03:44:45.930+0000] {processor.py:914} INFO - Processing file /opt/airflow/dags/dag_transform_mart.py for tasks to queue
[2026-08-13T03:44:45.932+0000] {logging_mixin.py:190} INFO - [2026-08-13T03:44:45.932+0000] {dagbag.py:588} INFO - Filling up the DagBag from /opt/airflow/dags/dag_transform_mart.py
[2026-08-13T03:44:45.943+0000] {processor.py:925} INFO - DAG(s) 'dag_transform_mart' retrieved from /opt/airflow/dags/dag_transform_mart.py
[2026-08-13T03:44:45.958+0000] {logging_mixin.py:190} INFO - [2026-08-13T03:44:45.958+0000] {dag.py:3239} INFO - Sync 1 DAGs
[2026-08-13T03:44:45.973+0000] {processor.py:208} INFO - Processing /opt/airflow/dags/dag_transform_mart.py took 0.048 seconds
[2026-08-13T03:45:16.410+0000] {processor.py:186} INFO - Started process (PID=7133) to work on /opt/airflow/dags/dag_transform_mart.py
[2026-08-13T03:45:16.410+0000] {processor.py:914} INFO - Processing file /opt/airflow/dags/dag_transform_mart.py for tasks to queue
[2026-08-13T03:45:16.413+0000] {logging_mixin.py:190} INFO - [2026-08-13T03:45:16.412+0000] {dagbag.py:588} INFO - Filling up the DagBag from /opt/airflow/dags/dag_transform_mart.py
[2026-08-13T03:45:16.424+0000] {processor.py:925} INFO - DAG(s) 'dag_transform_mart' retrieved from /opt/airflow/dags/dag_transform_mart.py
[2026-08-13T03:45:16.439+0000] {logging_mixin.py:190} INFO - [2026-08-13T03:45:16.439+0000] {dag.py:3239} INFO - Sync 1 DAGs
[2026-08-13T03:45:16.454+0000] {processor.py:208} INFO - Processing /opt/airflow/dags/dag_transform_mart.py took 0.048 seconds
[2026-08-13T03:45:46.948+0000] {processor.py:186} INFO - Started process (PID=7153) to work on /opt/airflow/dags/dag_transform_mart.py
[2026-08-13T03:45:46.949+0000] {processor.py:914} INFO - Processing file /opt/airflow/dags/dag_transform_mart.py for tasks to queue
[2026-08-13T03:45:46.951+0000] {logging_mixin.py:190} INFO - [2026-08-13T03:45:46.951+0000] {dagbag.py:588} INFO - Filling up the DagBag from /opt/airflow/dags/dag_transform_mart.py
[2026-08-13T03:45:46.957+0000] {processor.py:925} INFO - DAG(s) 'dag_transform_mart' retrieved from /opt/airflow/dags/dag_transform_mart.py
[2026-08-13T03:45:46.973+0000] {logging_mixin.py:190} INFO - [2026-08-13T03:45:46.973+0000] {dag.py:3239} INFO - Sync 1 DAGs
[2026-08-13T03:45:46.989+0000] {processor.py:208} INFO - Processing /opt/airflow/dags/dag_transform_mart.py took 0.046 seconds
[2026-08-13T03:49:47.824+0000] {processor.py:186} INFO - Started process (PID=7173) to work on /opt/airflow/dags/dag_transform_mart.py
[2026-08-13T03:49:47.825+0000] {processor.py:914} INFO - Processing file /opt/airflow/dags/dag_transform_mart.py for tasks to queue
[2026-08-13T03:49:47.826+0000] {logging_mixin.py:190} INFO - [2026-08-13T03:49:47.826+0000] {dagbag.py:588} INFO - Filling up the DagBag from /opt/airflow/dags/dag_transform_mart.py
[2026-08-13T03:49:47.837+0000] {processor.py:925} INFO - DAG(s) 'dag_transform_mart' retrieved from /opt/airflow/dags/dag_transform_mart.py
[2026-08-13T03:49:47.851+0000] {logging_mixin.py:190} INFO - [2026-08-13T03:49:47.851+0000] {dag.py:3239} INFO - Sync 1 DAGs
[2026-08-13T03:49:47.868+0000] {processor.py:208} INFO - Processing /opt/airflow/dags/dag_transform_mart.py took 0.047 seconds
[2026-08-13T03:50:18.305+0000] {processor.py:186} INFO - Started process (PID=7196) to work on /opt/airflow/dags/dag_transform_mart.py
[2026-08-13T03:50:18.306+0000] {processor.py:914} INFO - Processing file /opt/airflow/dags/dag_transform_mart.py for tasks to queue
[2026-08-13T03:50:18.308+0000] {logging_mixin.py:190} INFO - [2026-08-13T03:50:18.308+0000] {dagbag.py:588} INFO - Filling up the DagBag from /opt/airflow/dags/dag_transform_mart.py
[2026-08-13T03:50:18.319+0000] {processor.py:925} INFO - DAG(s) 'dag_transform_mart' retrieved from /opt/airflow/dags/dag_transform_mart.py
[2026-08-13T03:50:18.333+0000] {logging_mixin.py:190} INFO - [2026-08-13T03:50:18.333+0000] {dag.py:3239} INFO - Sync 1 DAGs
[2026-08-13T03:50:18.348+0000] {processor.py:208} INFO - Processing /opt/airflow/dags/dag_transform_mart.py took 0.048 seconds
[2026-08-13T03:56:26.392+0000] {processor.py:186} INFO - Started process (PID=7219) to work on /opt/airflow/dags/dag_transform_mart.py
[2026-08-13T03:56:26.394+0000] {processor.py:914} INFO - Processing file /opt/airflow/dags/dag_transform_mart.py for tasks to queue
[2026-08-13T03:56:26.396+0000] {logging_mixin.py:190} INFO - [2026-08-13T03:56:26.396+0000] {dagbag.py:588} INFO - Filling up the DagBag from /opt/airflow/dags/dag_transform_mart.py
[2026-08-13T03:56:26.417+0000] {processor.py:925} INFO - DAG(s) 'dag_transform_mart' retrieved from /opt/airflow/dags/dag_transform_mart.py
[2026-08-13T03:56:26.454+0000] {logging_mixin.py:190} INFO - [2026-08-13T03:56:26.454+0000] {dag.py:3239} INFO - Sync 1 DAGs
[2026-08-13T03:56:26.502+0000] {processor.py:208} INFO - Processing /opt/airflow/dags/dag_transform_mart.py took 0.117 seconds
[2026-08-13T04:13:27.739+0000] {processor.py:186} INFO - Started process (PID=7239) to work on /opt/airflow/dags/dag_transform_mart.py
[2026-08-13T04:13:27.740+0000] {processor.py:914} INFO - Processing file /opt/airflow/dags/dag_transform_mart.py for tasks to queue
[2026-08-13T04:13:27.742+0000] {logging_mixin.py:190} INFO - [2026-08-13T04:13:27.742+0000] {dagbag.py:588} INFO - Filling up the DagBag from /opt/airflow/dags/dag_transform_mart.py
[2026-08-13T04:13:27.753+0000] {processor.py:925} INFO - DAG(s) 'dag_transform_mart' retrieved from /opt/airflow/dags/dag_transform_mart.py
[2026-08-13T04:13:27.775+0000] {logging_mixin.py:190} INFO - [2026-08-13T04:13:27.775+0000] {dag.py:3239} INFO - Sync 1 DAGs
[2026-08-13T04:13:27.788+0000] {logging_mixin.py:190} INFO - [2026-08-13T04:13:27.787+0000] {dag.py:4180} INFO - Setting next_dagrun for dag_transform_mart to 2026-08-13 03:30:00+00:00, run_after=2026-08-14 03:30:00+00:00
[2026-08-13T04:13:27.799+0000] {processor.py:208} INFO - Processing /opt/airflow/dags/dag_transform_mart.py took 0.064 seconds
[2026-08-13T05:02:17.677+0000] {processor.py:186} INFO - Started process (PID=7265) to work on /opt/airflow/dags/dag_transform_mart.py
[2026-08-13T05:02:17.677+0000] {processor.py:914} INFO - Processing file /opt/airflow/dags/dag_transform_mart.py for tasks to queue
[2026-08-13T05:02:17.678+0000] {logging_mixin.py:190} INFO - [2026-08-13T05:02:17.678+0000] {dagbag.py:588} INFO - Filling up the DagBag from /opt/airflow/dags/dag_transform_mart.py
[2026-08-13T05:02:17.684+0000] {processor.py:925} INFO - DAG(s) 'dag_transform_mart' retrieved from /opt/airflow/dags/dag_transform_mart.py
[2026-08-13T05:02:17.695+0000] {logging_mixin.py:190} INFO - [2026-08-13T05:02:17.695+0000] {dag.py:3239} INFO - Sync 1 DAGs
[2026-08-13T05:02:17.704+0000] {logging_mixin.py:190} INFO - [2026-08-13T05:02:17.704+0000] {dag.py:4180} INFO - Setting next_dagrun for dag_transform_mart to 2026-08-13 03:30:00+00:00, run_after=2026-08-14 03:30:00+00:00
[2026-08-13T05:02:17.710+0000] {processor.py:208} INFO - Processing /opt/airflow/dags/dag_transform_mart.py took 0.036 seconds
[2026-08-13T05:02:48.197+0000] {processor.py:186} INFO - Started process (PID=7285) to work on /opt/airflow/dags/dag_transform_mart.py
[2026-08-13T05:02:48.198+0000] {processor.py:914} INFO - Processing file /opt/airflow/dags/dag_transform_mart.py for tasks to queue
[2026-08-13T05:02:48.199+0000] {logging_mixin.py:190} INFO - [2026-08-13T05:02:48.199+0000] {dagbag.py:588} INFO - Filling up the DagBag from /opt/airflow/dags/dag_transform_mart.py
[2026-08-13T05:02:48.206+0000] {processor.py:925} INFO - DAG(s) 'dag_transform_mart' retrieved from /opt/airflow/dags/dag_transform_mart.py
[2026-08-13T05:02:48.219+0000] {logging_mixin.py:190} INFO - [2026-08-13T05:02:48.219+0000] {dag.py:3239} INFO - Sync 1 DAGs
[2026-08-13T05:02:48.229+0000] {logging_mixin.py:190} INFO - [2026-08-13T05:02:48.229+0000] {dag.py:4180} INFO - Setting next_dagrun for dag_transform_mart to 2026-08-13 03:30:00+00:00, run_after=2026-08-14 03:30:00+00:00
[2026-08-13T05:02:48.235+0000] {processor.py:208} INFO - Processing /opt/airflow/dags/dag_transform_mart.py took 0.042 seconds
[2026-08-13T06:03:15.065+0000] {processor.py:186} INFO - Started process (PID=7306) to work on /opt/airflow/dags/dag_transform_mart.py
[2026-08-13T06:03:15.066+0000] {processor.py:914} INFO - Processing file /opt/airflow/dags/dag_transform_mart.py for tasks to queue
[2026-08-13T06:03:15.068+0000] {logging_mixin.py:190} INFO - [2026-08-13T06:03:15.068+0000] {dagbag.py:588} INFO - Filling up the DagBag from /opt/airflow/dags/dag_transform_mart.py
[2026-08-13T06:03:15.080+0000] {processor.py:925} INFO - DAG(s) 'dag_transform_mart' retrieved from /opt/airflow/dags/dag_transform_mart.py
[2026-08-13T06:03:15.095+0000] {logging_mixin.py:190} INFO - [2026-08-13T06:03:15.095+0000] {dag.py:3239} INFO - Sync 1 DAGs
[2026-08-13T06:03:15.105+0000] {logging_mixin.py:190} INFO - [2026-08-13T06:03:15.105+0000] {dag.py:4180} INFO - Setting next_dagrun for dag_transform_mart to 2026-08-13 03:30:00+00:00, run_after=2026-08-14 03:30:00+00:00
[2026-08-13T06:03:15.115+0000] {processor.py:208} INFO - Processing /opt/airflow/dags/dag_transform_mart.py took 0.054 seconds
[2026-08-13T06:03:45.476+0000] {processor.py:186} INFO - Started process (PID=7328) to work on /opt/airflow/dags/dag_transform_mart.py
[2026-08-13T06:03:45.477+0000] {processor.py:914} INFO - Processing file /opt/airflow/dags/dag_transform_mart.py for tasks to queue
[2026-08-13T06:03:45.479+0000] {logging_mixin.py:190} INFO - [2026-08-13T06:03:45.479+0000] {dagbag.py:588} INFO - Filling up the DagBag from /opt/airflow/dags/dag_transform_mart.py
[2026-08-13T06:03:45.488+0000] {processor.py:925} INFO - DAG(s) 'dag_transform_mart' retrieved from /opt/airflow/dags/dag_transform_mart.py
[2026-08-13T06:03:45.500+0000] {logging_mixin.py:190} INFO - [2026-08-13T06:03:45.500+0000] {dag.py:3239} INFO - Sync 1 DAGs
[2026-08-13T06:03:45.508+0000] {logging_mixin.py:190} INFO - [2026-08-13T06:03:45.508+0000] {dag.py:4180} INFO - Setting next_dagrun for dag_transform_mart to 2026-08-13 03:30:00+00:00, run_after=2026-08-14 03:30:00+00:00
[2026-08-13T06:03:45.514+0000] {processor.py:208} INFO - Processing /opt/airflow/dags/dag_transform_mart.py took 0.041 seconds
[2026-08-13T07:04:12.439+0000] {processor.py:186} INFO - Started process (PID=7354) to work on /opt/airflow/dags/dag_transform_mart.py
[2026-08-13T07:04:12.439+0000] {processor.py:914} INFO - Processing file /opt/airflow/dags/dag_transform_mart.py for tasks to queue
[2026-08-13T07:04:12.440+0000] {logging_mixin.py:190} INFO - [2026-08-13T07:04:12.440+0000] {dagbag.py:588} INFO - Filling up the DagBag from /opt/airflow/dags/dag_transform_mart.py
[2026-08-13T07:04:12.445+0000] {processor.py:925} INFO - DAG(s) 'dag_transform_mart' retrieved from /opt/airflow/dags/dag_transform_mart.py
[2026-08-13T07:04:12.456+0000] {logging_mixin.py:190} INFO - [2026-08-13T07:04:12.456+0000] {dag.py:3239} INFO - Sync 1 DAGs
[2026-08-13T07:04:12.465+0000] {logging_mixin.py:190} INFO - [2026-08-13T07:04:12.465+0000] {dag.py:4180} INFO - Setting next_dagrun for dag_transform_mart to 2026-08-13 03:30:00+00:00, run_after=2026-08-14 03:30:00+00:00
[2026-08-13T07:04:12.470+0000] {processor.py:208} INFO - Processing /opt/airflow/dags/dag_transform_mart.py took 0.035 seconds
[2026-08-13T07:04:42.937+0000] {processor.py:186} INFO - Started process (PID=7374) to work on /opt/airflow/dags/dag_transform_mart.py
[2026-08-13T07:04:42.938+0000] {processor.py:914} INFO - Processing file /opt/airflow/dags/dag_transform_mart.py for tasks to queue
[2026-08-13T07:04:42.940+0000] {logging_mixin.py:190} INFO - [2026-08-13T07:04:42.939+0000] {dagbag.py:588} INFO - Filling up the DagBag from /opt/airflow/dags/dag_transform_mart.py
[2026-08-13T07:04:42.946+0000] {processor.py:925} INFO - DAG(s) 'dag_transform_mart' retrieved from /opt/airflow/dags/dag_transform_mart.py
[2026-08-13T07:04:42.958+0000] {logging_mixin.py:190} INFO - [2026-08-13T07:04:42.958+0000] {dag.py:3239} INFO - Sync 1 DAGs
[2026-08-13T07:04:42.967+0000] {logging_mixin.py:190} INFO - [2026-08-13T07:04:42.967+0000] {dag.py:4180} INFO - Setting next_dagrun for dag_transform_mart to 2026-08-13 03:30:00+00:00, run_after=2026-08-14 03:30:00+00:00
[2026-08-13T07:04:42.973+0000] {processor.py:208} INFO - Processing /opt/airflow/dags/dag_transform_mart.py took 0.041 seconds
[2026-08-13T07:40:10.115+0000] {processor.py:186} INFO - Started process (PID=7396) to work on /opt/airflow/dags/dag_transform_mart.py
[2026-08-13T07:40:10.116+0000] {processor.py:914} INFO - Processing file /opt/airflow/dags/dag_transform_mart.py for tasks to queue
[2026-08-13T07:40:10.117+0000] {logging_mixin.py:190} INFO - [2026-08-13T07:40:10.117+0000] {dagbag.py:588} INFO - Filling up the DagBag from /opt/airflow/dags/dag_transform_mart.py
[2026-08-13T07:40:10.123+0000] {processor.py:925} INFO - DAG(s) 'dag_transform_mart' retrieved from /opt/airflow/dags/dag_transform_mart.py
[2026-08-13T07:40:10.136+0000] {logging_mixin.py:190} INFO - [2026-08-13T07:40:10.136+0000] {dag.py:3239} INFO - Sync 1 DAGs
[2026-08-13T07:40:10.144+0000] {logging_mixin.py:190} INFO - [2026-08-13T07:40:10.144+0000] {dag.py:4180} INFO - Setting next_dagrun for dag_transform_mart to 2026-08-13 03:30:00+00:00, run_after=2026-08-14 03:30:00+00:00
[2026-08-13T07:40:10.150+0000] {processor.py:208} INFO - Processing /opt/airflow/dags/dag_transform_mart.py took 0.038 seconds
[2026-08-13T07:40:40.464+0000] {processor.py:186} INFO - Started process (PID=7414) to work on /opt/airflow/dags/dag_transform_mart.py
[2026-08-13T07:40:40.466+0000] {processor.py:914} INFO - Processing file /opt/airflow/dags/dag_transform_mart.py for tasks to queue
[2026-08-13T07:40:40.468+0000] {logging_mixin.py:190} INFO - [2026-08-13T07:40:40.468+0000] {dagbag.py:588} INFO - Filling up the DagBag from /opt/airflow/dags/dag_transform_mart.py
[2026-08-13T07:40:40.479+0000] {processor.py:925} INFO - DAG(s) 'dag_transform_mart' retrieved from /opt/airflow/dags/dag_transform_mart.py
[2026-08-13T07:40:40.495+0000] {logging_mixin.py:190} INFO - [2026-08-13T07:40:40.495+0000] {dag.py:3239} INFO - Sync 1 DAGs
[2026-08-13T07:40:40.506+0000] {logging_mixin.py:190} INFO - [2026-08-13T07:40:40.506+0000] {dag.py:4180} INFO - Setting next_dagrun for dag_transform_mart to 2026-08-13 03:30:00+00:00, run_after=2026-08-14 03:30:00+00:00
[2026-08-13T07:40:40.681+0000] {processor.py:208} INFO - Processing /opt/airflow/dags/dag_transform_mart.py took 0.222 seconds
[2026-08-13T07:41:11.064+0000] {processor.py:186} INFO - Started process (PID=7434) to work on /opt/airflow/dags/dag_transform_mart.py
[2026-08-13T07:41:11.065+0000] {processor.py:914} INFO - Processing file /opt/airflow/dags/dag_transform_mart.py for tasks to queue
[2026-08-13T07:41:11.067+0000] {logging_mixin.py:190} INFO - [2026-08-13T07:41:11.067+0000] {dagbag.py:588} INFO - Filling up the DagBag from /opt/airflow/dags/dag_transform_mart.py
[2026-08-13T07:41:11.080+0000] {processor.py:925} INFO - DAG(s) 'dag_transform_mart' retrieved from /opt/airflow/dags/dag_transform_mart.py
[2026-08-13T07:41:11.099+0000] {logging_mixin.py:190} INFO - [2026-08-13T07:41:11.099+0000] {dag.py:3239} INFO - Sync 1 DAGs
[2026-08-13T07:41:11.110+0000] {logging_mixin.py:190} INFO - [2026-08-13T07:41:11.110+0000] {dag.py:4180} INFO - Setting next_dagrun for dag_transform_mart to 2026-08-13 03:30:00+00:00, run_after=2026-08-14 03:30:00+00:00
[2026-08-13T07:41:11.118+0000] {processor.py:208} INFO - Processing /opt/airflow/dags/dag_transform_mart.py took 0.058 seconds
[2026-08-13T07:41:41.465+0000] {processor.py:186} INFO - Started process (PID=7454) to work on /opt/airflow/dags/dag_transform_mart.py
[2026-08-13T07:41:41.467+0000] {processor.py:914} INFO - Processing file /opt/airflow/dags/dag_transform_mart.py for tasks to queue
[2026-08-13T07:41:41.471+0000] {logging_mixin.py:190} INFO - [2026-08-13T07:41:41.471+0000] {dagbag.py:588} INFO - Filling up the DagBag from /opt/airflow/dags/dag_transform_mart.py
[2026-08-13T07:41:41.480+0000] {processor.py:925} INFO - DAG(s) 'dag_transform_mart' retrieved from /opt/airflow/dags/dag_transform_mart.py
[2026-08-13T07:41:41.504+0000] {logging_mixin.py:190} INFO - [2026-08-13T07:41:41.504+0000] {dag.py:3239} INFO - Sync 1 DAGs
[2026-08-13T07:41:41.517+0000] {logging_mixin.py:190} INFO - [2026-08-13T07:41:41.517+0000] {dag.py:4180} INFO - Setting next_dagrun for dag_transform_mart to 2026-08-13 03:30:00+00:00, run_after=2026-08-14 03:30:00+00:00
[2026-08-13T07:41:41.526+0000] {processor.py:208} INFO - Processing /opt/airflow/dags/dag_transform_mart.py took 0.067 seconds
[2026-08-13T07:42:11.955+0000] {processor.py:186} INFO - Started process (PID=7474) to work on /opt/airflow/dags/dag_transform_mart.py
[2026-08-13T07:42:11.956+0000] {processor.py:914} INFO - Processing file /opt/airflow/dags/dag_transform_mart.py for tasks to queue
[2026-08-13T07:42:11.957+0000] {logging_mixin.py:190} INFO - [2026-08-13T07:42:11.957+0000] {dagbag.py:588} INFO - Filling up the DagBag from /opt/airflow/dags/dag_transform_mart.py
[2026-08-13T07:42:11.967+0000] {processor.py:925} INFO - DAG(s) 'dag_transform_mart' retrieved from /opt/airflow/dags/dag_transform_mart.py
[2026-08-13T07:42:11.982+0000] {logging_mixin.py:190} INFO - [2026-08-13T07:42:11.982+0000] {dag.py:3239} INFO - Sync 1 DAGs
[2026-08-13T07:42:11.994+0000] {logging_mixin.py:190} INFO - [2026-08-13T07:42:11.994+0000] {dag.py:4180} INFO - Setting next_dagrun for dag_transform_mart to 2026-08-13 03:30:00+00:00, run_after=2026-08-14 03:30:00+00:00
[2026-08-13T07:42:12.105+0000] {processor.py:208} INFO - Processing /opt/airflow/dags/dag_transform_mart.py took 0.157 seconds
[2026-08-13T07:42:42.552+0000] {processor.py:186} INFO - Started process (PID=7494) to work on /opt/airflow/dags/dag_transform_mart.py
[2026-08-13T07:42:42.553+0000] {processor.py:914} INFO - Processing file /opt/airflow/dags/dag_transform_mart.py for tasks to queue
[2026-08-13T07:42:42.555+0000] {logging_mixin.py:190} INFO - [2026-08-13T07:42:42.555+0000] {dagbag.py:588} INFO - Filling up the DagBag from /opt/airflow/dags/dag_transform_mart.py
[2026-08-13T07:42:42.567+0000] {processor.py:925} INFO - DAG(s) 'dag_transform_mart' retrieved from /opt/airflow/dags/dag_transform_mart.py
[2026-08-13T07:42:42.587+0000] {logging_mixin.py:190} INFO - [2026-08-13T07:42:42.587+0000] {dag.py:3239} INFO - Sync 1 DAGs
[2026-08-13T07:42:42.599+0000] {logging_mixin.py:190} INFO - [2026-08-13T07:42:42.599+0000] {dag.py:4180} INFO - Setting next_dagrun for dag_transform_mart to 2026-08-13 03:30:00+00:00, run_after=2026-08-14 03:30:00+00:00
[2026-08-13T07:42:42.607+0000] {processor.py:208} INFO - Processing /opt/airflow/dags/dag_transform_mart.py took 0.060 seconds
[2026-08-13T07:43:13.000+0000] {processor.py:186} INFO - Started process (PID=7514) to work on /opt/airflow/dags/dag_transform_mart.py
[2026-08-13T07:43:13.001+0000] {processor.py:914} INFO - Processing file /opt/airflow/dags/dag_transform_mart.py for tasks to queue
[2026-08-13T07:43:13.003+0000] {logging_mixin.py:190} INFO - [2026-08-13T07:43:13.002+0000] {dagbag.py:588} INFO - Filling up the DagBag from /opt/airflow/dags/dag_transform_mart.py
[2026-08-13T07:43:13.016+0000] {processor.py:925} INFO - DAG(s) 'dag_transform_mart' retrieved from /opt/airflow/dags/dag_transform_mart.py
[2026-08-13T07:43:13.035+0000] {logging_mixin.py:190} INFO - [2026-08-13T07:43:13.035+0000] {dag.py:3239} INFO - Sync 1 DAGs
[2026-08-13T07:43:13.182+0000] {logging_mixin.py:190} INFO - [2026-08-13T07:43:13.182+0000] {dag.py:4180} INFO - Setting next_dagrun for dag_transform_mart to 2026-08-13 03:30:00+00:00, run_after=2026-08-14 03:30:00+00:00
[2026-08-13T07:43:13.190+0000] {processor.py:208} INFO - Processing /opt/airflow/dags/dag_transform_mart.py took 0.196 seconds
[2026-08-13T07:43:43.525+0000] {processor.py:186} INFO - Started process (PID=7534) to work on /opt/airflow/dags/dag_transform_mart.py
[2026-08-13T07:43:43.526+0000] {processor.py:914} INFO - Processing file /opt/airflow/dags/dag_transform_mart.py for tasks to queue
[2026-08-13T07:43:43.528+0000] {logging_mixin.py:190} INFO - [2026-08-13T07:43:43.528+0000] {dagbag.py:588} INFO - Filling up the DagBag from /opt/airflow/dags/dag_transform_mart.py
[2026-08-13T07:43:43.536+0000] {processor.py:925} INFO - DAG(s) 'dag_transform_mart' retrieved from /opt/airflow/dags/dag_transform_mart.py
[2026-08-13T07:43:43.553+0000] {logging_mixin.py:190} INFO - [2026-08-13T07:43:43.552+0000] {dag.py:3239} INFO - Sync 1 DAGs
[2026-08-13T07:43:43.566+0000] {logging_mixin.py:190} INFO - [2026-08-13T07:43:43.566+0000] {dag.py:4180} INFO - Setting next_dagrun for dag_transform_mart to 2026-08-13 03:30:00+00:00, run_after=2026-08-14 03:30:00+00:00
[2026-08-13T07:43:43.662+0000] {processor.py:208} INFO - Processing /opt/airflow/dags/dag_transform_mart.py took 0.141 seconds
[2026-08-13T07:44:14.138+0000] {processor.py:186} INFO - Started process (PID=7554) to work on /opt/airflow/dags/dag_transform_mart.py
[2026-08-13T07:44:14.139+0000] {processor.py:914} INFO - Processing file /opt/airflow/dags/dag_transform_mart.py for tasks to queue
[2026-08-13T07:44:14.146+0000] {logging_mixin.py:190} INFO - [2026-08-13T07:44:14.145+0000] {dagbag.py:588} INFO - Filling up the DagBag from /opt/airflow/dags/dag_transform_mart.py
[2026-08-13T07:44:14.158+0000] {processor.py:925} INFO - DAG(s) 'dag_transform_mart' retrieved from /opt/airflow/dags/dag_transform_mart.py
[2026-08-13T07:44:14.180+0000] {logging_mixin.py:190} INFO - [2026-08-13T07:44:14.180+0000] {dag.py:3239} INFO - Sync 1 DAGs
[2026-08-13T07:44:14.192+0000] {logging_mixin.py:190} INFO - [2026-08-13T07:44:14.192+0000] {dag.py:4180} INFO - Setting next_dagrun for dag_transform_mart to 2026-08-13 03:30:00+00:00, run_after=2026-08-14 03:30:00+00:00
[2026-08-13T07:44:14.202+0000] {processor.py:208} INFO - Processing /opt/airflow/dags/dag_transform_mart.py took 0.072 seconds
[2026-08-13T07:44:44.591+0000] {processor.py:186} INFO - Started process (PID=7574) to work on /opt/airflow/dags/dag_transform_mart.py
[2026-08-13T07:44:44.593+0000] {processor.py:914} INFO - Processing file /opt/airflow/dags/dag_transform_mart.py for tasks to queue
[2026-08-13T07:44:44.595+0000] {logging_mixin.py:190} INFO - [2026-08-13T07:44:44.595+0000] {dagbag.py:588} INFO - Filling up the DagBag from /opt/airflow/dags/dag_transform_mart.py
[2026-08-13T07:44:44.610+0000] {processor.py:925} INFO - DAG(s) 'dag_transform_mart' retrieved from /opt/airflow/dags/dag_transform_mart.py
[2026-08-13T07:44:44.628+0000] {logging_mixin.py:190} INFO - [2026-08-13T07:44:44.628+0000] {dag.py:3239} INFO - Sync 1 DAGs
[2026-08-13T07:44:44.723+0000] {logging_mixin.py:190} INFO - [2026-08-13T07:44:44.723+0000] {dag.py:4180} INFO - Setting next_dagrun for dag_transform_mart to 2026-08-13 03:30:00+00:00, run_after=2026-08-14 03:30:00+00:00
[2026-08-13T07:44:44.730+0000] {processor.py:208} INFO - Processing /opt/airflow/dags/dag_transform_mart.py took 0.146 seconds
[2026-08-13T07:45:15.266+0000] {processor.py:186} INFO - Started process (PID=7594) to work on /opt/airflow/dags/dag_transform_mart.py
[2026-08-13T07:45:15.267+0000] {processor.py:914} INFO - Processing file /opt/airflow/dags/dag_transform_mart.py for tasks to queue
[2026-08-13T07:45:15.270+0000] {logging_mixin.py:190} INFO - [2026-08-13T07:45:15.270+0000] {dagbag.py:588} INFO - Filling up the DagBag from /opt/airflow/dags/dag_transform_mart.py
[2026-08-13T07:45:15.284+0000] {processor.py:925} INFO - DAG(s) 'dag_transform_mart' retrieved from /opt/airflow/dags/dag_transform_mart.py
[2026-08-13T07:45:15.300+0000] {logging_mixin.py:190} INFO - [2026-08-13T07:45:15.300+0000] {dag.py:3239} INFO - Sync 1 DAGs
[2026-08-13T07:45:15.312+0000] {logging_mixin.py:190} INFO - [2026-08-13T07:45:15.312+0000] {dag.py:4180} INFO - Setting next_dagrun for dag_transform_mart to 2026-08-13 03:30:00+00:00, run_after=2026-08-14 03:30:00+00:00
[2026-08-13T07:45:15.319+0000] {processor.py:208} INFO - Processing /opt/airflow/dags/dag_transform_mart.py took 0.059 seconds
[2026-08-13T07:45:45.709+0000] {processor.py:186} INFO - Started process (PID=7614) to work on /opt/airflow/dags/dag_transform_mart.py
[2026-08-13T07:45:45.711+0000] {processor.py:914} INFO - Processing file /opt/airflow/dags/dag_transform_mart.py for tasks to queue
[2026-08-13T07:45:45.714+0000] {logging_mixin.py:190} INFO - [2026-08-13T07:45:45.713+0000] {dagbag.py:588} INFO - Filling up the DagBag from /opt/airflow/dags/dag_transform_mart.py
[2026-08-13T07:45:45.727+0000] {processor.py:925} INFO - DAG(s) 'dag_transform_mart' retrieved from /opt/airflow/dags/dag_transform_mart.py
[2026-08-13T07:45:45.745+0000] {logging_mixin.py:190} INFO - [2026-08-13T07:45:45.745+0000] {dag.py:3239} INFO - Sync 1 DAGs
[2026-08-13T07:45:45.756+0000] {logging_mixin.py:190} INFO - [2026-08-13T07:45:45.756+0000] {dag.py:4180} INFO - Setting next_dagrun for dag_transform_mart to 2026-08-13 03:30:00+00:00, run_after=2026-08-14 03:30:00+00:00
[2026-08-13T07:45:45.764+0000] {processor.py:208} INFO - Processing /opt/airflow/dags/dag_transform_mart.py took 0.063 seconds
[2026-08-13T07:46:16.144+0000] {processor.py:186} INFO - Started process (PID=7634) to work on /opt/airflow/dags/dag_transform_mart.py
[2026-08-13T07:46:16.145+0000] {processor.py:914} INFO - Processing file /opt/airflow/dags/dag_transform_mart.py for tasks to queue
[2026-08-13T07:46:16.147+0000] {logging_mixin.py:190} INFO - [2026-08-13T07:46:16.147+0000] {dagbag.py:588} INFO - Filling up the DagBag from /opt/airflow/dags/dag_transform_mart.py
[2026-08-13T07:46:16.159+0000] {processor.py:925} INFO - DAG(s) 'dag_transform_mart' retrieved from /opt/airflow/dags/dag_transform_mart.py
[2026-08-13T07:46:16.176+0000] {logging_mixin.py:190} INFO - [2026-08-13T07:46:16.176+0000] {dag.py:3239} INFO - Sync 1 DAGs
[2026-08-13T07:46:16.187+0000] {logging_mixin.py:190} INFO - [2026-08-13T07:46:16.187+0000] {dag.py:4180} INFO - Setting next_dagrun for dag_transform_mart to 2026-08-13 03:30:00+00:00, run_after=2026-08-14 03:30:00+00:00
[2026-08-13T07:46:16.194+0000] {processor.py:208} INFO - Processing /opt/airflow/dags/dag_transform_mart.py took 0.056 seconds
[2026-08-13T07:46:46.554+0000] {processor.py:186} INFO - Started process (PID=7654) to work on /opt/airflow/dags/dag_transform_mart.py
[2026-08-13T07:46:46.555+0000] {processor.py:914} INFO - Processing file /opt/airflow/dags/dag_transform_mart.py for tasks to queue
[2026-08-13T07:46:46.557+0000] {logging_mixin.py:190} INFO - [2026-08-13T07:46:46.556+0000] {dagbag.py:588} INFO - Filling up the DagBag from /opt/airflow/dags/dag_transform_mart.py
[2026-08-13T07:46:46.565+0000] {processor.py:925} INFO - DAG(s) 'dag_transform_mart' retrieved from /opt/airflow/dags/dag_transform_mart.py
[2026-08-13T07:46:46.581+0000] {logging_mixin.py:190} INFO - [2026-08-13T07:46:46.581+0000] {dag.py:3239} INFO - Sync 1 DAGs
[2026-08-13T07:46:46.593+0000] {logging_mixin.py:190} INFO - [2026-08-13T07:46:46.593+0000] {dag.py:4180} INFO - Setting next_dagrun for dag_transform_mart to 2026-08-13 03:30:00+00:00, run_after=2026-08-14 03:30:00+00:00
[2026-08-13T07:46:46.600+0000] {processor.py:208} INFO - Processing /opt/airflow/dags/dag_transform_mart.py took 0.050 seconds
[2026-08-13T07:47:16.939+0000] {processor.py:186} INFO - Started process (PID=7674) to work on /opt/airflow/dags/dag_transform_mart.py
[2026-08-13T07:47:16.941+0000] {processor.py:914} INFO - Processing file /opt/airflow/dags/dag_transform_mart.py for tasks to queue
[2026-08-13T07:47:16.942+0000] {logging_mixin.py:190} INFO - [2026-08-13T07:47:16.942+0000] {dagbag.py:588} INFO - Filling up the DagBag from /opt/airflow/dags/dag_transform_mart.py
[2026-08-13T07:47:16.954+0000] {processor.py:925} INFO - DAG(s) 'dag_transform_mart' retrieved from /opt/airflow/dags/dag_transform_mart.py
[2026-08-13T07:47:16.971+0000] {logging_mixin.py:190} INFO - [2026-08-13T07:47:16.971+0000] {dag.py:3239} INFO - Sync 1 DAGs
[2026-08-13T07:47:16.981+0000] {logging_mixin.py:190} INFO - [2026-08-13T07:47:16.981+0000] {dag.py:4180} INFO - Setting next_dagrun for dag_transform_mart to 2026-08-13 03:30:00+00:00, run_after=2026-08-14 03:30:00+00:00
[2026-08-13T07:47:16.992+0000] {processor.py:208} INFO - Processing /opt/airflow/dags/dag_transform_mart.py took 0.057 seconds
[2026-08-13T07:47:47.389+0000] {processor.py:186} INFO - Started process (PID=7694) to work on /opt/airflow/dags/dag_transform_mart.py
[2026-08-13T07:47:47.390+0000] {processor.py:914} INFO - Processing file /opt/airflow/dags/dag_transform_mart.py for tasks to queue
[2026-08-13T07:47:47.391+0000] {logging_mixin.py:190} INFO - [2026-08-13T07:47:47.391+0000] {dagbag.py:588} INFO - Filling up the DagBag from /opt/airflow/dags/dag_transform_mart.py
[2026-08-13T07:47:47.399+0000] {processor.py:925} INFO - DAG(s) 'dag_transform_mart' retrieved from /opt/airflow/dags/dag_transform_mart.py
[2026-08-13T07:47:47.417+0000] {logging_mixin.py:190} INFO - [2026-08-13T07:47:47.417+0000] {dag.py:3239} INFO - Sync 1 DAGs
[2026-08-13T07:47:47.427+0000] {logging_mixin.py:190} INFO - [2026-08-13T07:47:47.427+0000] {dag.py:4180} INFO - Setting next_dagrun for dag_transform_mart to 2026-08-13 03:30:00+00:00, run_after=2026-08-14 03:30:00+00:00
[2026-08-13T07:47:47.438+0000] {processor.py:208} INFO - Processing /opt/airflow/dags/dag_transform_mart.py took 0.052 seconds
[2026-08-13T07:48:17.828+0000] {processor.py:186} INFO - Started process (PID=7714) to work on /opt/airflow/dags/dag_transform_mart.py
[2026-08-13T07:48:17.829+0000] {processor.py:914} INFO - Processing file /opt/airflow/dags/dag_transform_mart.py for tasks to queue
[2026-08-13T07:48:17.832+0000] {logging_mixin.py:190} INFO - [2026-08-13T07:48:17.832+0000] {dagbag.py:588} INFO - Filling up the DagBag from /opt/airflow/dags/dag_transform_mart.py
[2026-08-13T07:48:17.845+0000] {processor.py:925} INFO - DAG(s) 'dag_transform_mart' retrieved from /opt/airflow/dags/dag_transform_mart.py
[2026-08-13T07:48:17.860+0000] {logging_mixin.py:190} INFO - [2026-08-13T07:48:17.860+0000] {dag.py:3239} INFO - Sync 1 DAGs
[2026-08-13T07:48:17.873+0000] {logging_mixin.py:190} INFO - [2026-08-13T07:48:17.873+0000] {dag.py:4180} INFO - Setting next_dagrun for dag_transform_mart to 2026-08-13 03:30:00+00:00, run_after=2026-08-14 03:30:00+00:00
[2026-08-13T07:48:17.880+0000] {processor.py:208} INFO - Processing /opt/airflow/dags/dag_transform_mart.py took 0.056 seconds
[2026-08-13T07:48:48.280+0000] {processor.py:186} INFO - Started process (PID=7734) to work on /opt/airflow/dags/dag_transform_mart.py
[2026-08-13T07:48:48.281+0000] {processor.py:914} INFO - Processing file /opt/airflow/dags/dag_transform_mart.py for tasks to queue
[2026-08-13T07:48:48.283+0000] {logging_mixin.py:190} INFO - [2026-08-13T07:48:48.283+0000] {dagbag.py:588} INFO - Filling up the DagBag from /opt/airflow/dags/dag_transform_mart.py
[2026-08-13T07:48:48.294+0000] {processor.py:925} INFO - DAG(s) 'dag_transform_mart' retrieved from /opt/airflow/dags/dag_transform_mart.py
[2026-08-13T07:48:48.308+0000] {logging_mixin.py:190} INFO - [2026-08-13T07:48:48.308+0000] {dag.py:3239} INFO - Sync 1 DAGs
[2026-08-13T07:48:48.318+0000] {logging_mixin.py:190} INFO - [2026-08-13T07:48:48.318+0000] {dag.py:4180} INFO - Setting next_dagrun for dag_transform_mart to 2026-08-13 03:30:00+00:00, run_after=2026-08-14 03:30:00+00:00
[2026-08-13T07:48:48.326+0000] {processor.py:208} INFO - Processing /opt/airflow/dags/dag_transform_mart.py took 0.051 seconds
