[2026-08-13T00:06:25.696+0000] {processor.py:186} INFO - Started process (PID=6222) to work on /opt/airflow/dags/dag_extract_dvizhenie.py
[2026-08-13T00:06:25.697+0000] {processor.py:914} INFO - Processing file /opt/airflow/dags/dag_extract_dvizhenie.py for tasks to queue
[2026-08-13T00:06:25.699+0000] {logging_mixin.py:190} INFO - [2026-08-13T00:06:25.699+0000] {dagbag.py:588} INFO - Filling up the DagBag from /opt/airflow/dags/dag_extract_dvizhenie.py
[2026-08-13T00:06:25.707+0000] {processor.py:925} INFO - DAG(s) 'dag_extract_dvizhenie' retrieved from /opt/airflow/dags/dag_extract_dvizhenie.py
[2026-08-13T00:06:25.724+0000] {logging_mixin.py:190} INFO - [2026-08-13T00:06:25.724+0000] {dag.py:3239} INFO - Sync 1 DAGs
[2026-08-13T00:06:25.740+0000] {processor.py:208} INFO - Processing /opt/airflow/dags/dag_extract_dvizhenie.py took 0.048 seconds
[2026-08-13T00:58:10.765+0000] {processor.py:186} INFO - Started process (PID=6244) to work on /opt/airflow/dags/dag_extract_dvizhenie.py
[2026-08-13T00:58:10.766+0000] {processor.py:914} INFO - Processing file /opt/airflow/dags/dag_extract_dvizhenie.py for tasks to queue
[2026-08-13T00:58:10.768+0000] {logging_mixin.py:190} INFO - [2026-08-13T00:58:10.767+0000] {dagbag.py:588} INFO - Filling up the DagBag from /opt/airflow/dags/dag_extract_dvizhenie.py
[2026-08-13T00:58:10.776+0000] {processor.py:925} INFO - DAG(s) 'dag_extract_dvizhenie' retrieved from /opt/airflow/dags/dag_extract_dvizhenie.py
[2026-08-13T00:58:10.792+0000] {logging_mixin.py:190} INFO - [2026-08-13T00:58:10.792+0000] {dag.py:3239} INFO - Sync 1 DAGs
[2026-08-13T00:58:10.808+0000] {processor.py:208} INFO - Processing /opt/airflow/dags/dag_extract_dvizhenie.py took 0.047 seconds
[2026-08-13T00:58:41.201+0000] {processor.py:186} INFO - Started process (PID=6264) to work on /opt/airflow/dags/dag_extract_dvizhenie.py
[2026-08-13T00:58:41.202+0000] {processor.py:914} INFO - Processing file /opt/airflow/dags/dag_extract_dvizhenie.py for tasks to queue
[2026-08-13T00:58:41.203+0000] {logging_mixin.py:190} INFO - [2026-08-13T00:58:41.203+0000] {dagbag.py:588} INFO - Filling up the DagBag from /opt/airflow/dags/dag_extract_dvizhenie.py
[2026-08-13T00:58:41.211+0000] {processor.py:925} INFO - DAG(s) 'dag_extract_dvizhenie' retrieved from /opt/airflow/dags/dag_extract_dvizhenie.py
[2026-08-13T00:58:41.224+0000] {logging_mixin.py:190} INFO - [2026-08-13T00:58:41.224+0000] {dag.py:3239} INFO - Sync 1 DAGs
[2026-08-13T00:58:41.240+0000] {processor.py:208} INFO - Processing /opt/airflow/dags/dag_extract_dvizhenie.py took 0.043 seconds
[2026-08-13T00:59:13.476+0000] {processor.py:186} INFO - Started process (PID=6284) to work on /opt/airflow/dags/dag_extract_dvizhenie.py
[2026-08-13T00:59:13.477+0000] {processor.py:914} INFO - Processing file /opt/airflow/dags/dag_extract_dvizhenie.py for tasks to queue
[2026-08-13T00:59:13.479+0000] {logging_mixin.py:190} INFO - [2026-08-13T00:59:13.479+0000] {dagbag.py:588} INFO - Filling up the DagBag from /opt/airflow/dags/dag_extract_dvizhenie.py
[2026-08-13T00:59:13.486+0000] {processor.py:925} INFO - DAG(s) 'dag_extract_dvizhenie' retrieved from /opt/airflow/dags/dag_extract_dvizhenie.py
[2026-08-13T00:59:13.501+0000] {logging_mixin.py:190} INFO - [2026-08-13T00:59:13.501+0000] {dag.py:3239} INFO - Sync 1 DAGs
[2026-08-13T00:59:13.515+0000] {processor.py:208} INFO - Processing /opt/airflow/dags/dag_extract_dvizhenie.py took 0.046 seconds
[2026-08-13T00:59:50.612+0000] {processor.py:186} INFO - Started process (PID=6304) to work on /opt/airflow/dags/dag_extract_dvizhenie.py
[2026-08-13T00:59:50.613+0000] {processor.py:914} INFO - Processing file /opt/airflow/dags/dag_extract_dvizhenie.py for tasks to queue
[2026-08-13T00:59:50.615+0000] {logging_mixin.py:190} INFO - [2026-08-13T00:59:50.615+0000] {dagbag.py:588} INFO - Filling up the DagBag from /opt/airflow/dags/dag_extract_dvizhenie.py
[2026-08-13T00:59:50.624+0000] {processor.py:925} INFO - DAG(s) 'dag_extract_dvizhenie' retrieved from /opt/airflow/dags/dag_extract_dvizhenie.py
[2026-08-13T00:59:50.638+0000] {logging_mixin.py:190} INFO - [2026-08-13T00:59:50.638+0000] {dag.py:3239} INFO - Sync 1 DAGs
[2026-08-13T00:59:50.653+0000] {processor.py:208} INFO - Processing /opt/airflow/dags/dag_extract_dvizhenie.py took 0.047 seconds
[2026-08-13T01:00:21.105+0000] {processor.py:186} INFO - Started process (PID=6336) to work on /opt/airflow/dags/dag_extract_dvizhenie.py
[2026-08-13T01:00:21.106+0000] {processor.py:914} INFO - Processing file /opt/airflow/dags/dag_extract_dvizhenie.py for tasks to queue
[2026-08-13T01:00:21.108+0000] {logging_mixin.py:190} INFO - [2026-08-13T01:00:21.108+0000] {dagbag.py:588} INFO - Filling up the DagBag from /opt/airflow/dags/dag_extract_dvizhenie.py
[2026-08-13T01:00:21.122+0000] {processor.py:925} INFO - DAG(s) 'dag_extract_dvizhenie' retrieved from /opt/airflow/dags/dag_extract_dvizhenie.py
[2026-08-13T01:00:21.139+0000] {logging_mixin.py:190} INFO - [2026-08-13T01:00:21.139+0000] {dag.py:3239} INFO - Sync 1 DAGs
[2026-08-13T01:00:21.153+0000] {processor.py:208} INFO - Processing /opt/airflow/dags/dag_extract_dvizhenie.py took 0.055 seconds
[2026-08-13T01:00:56.579+0000] {processor.py:186} INFO - Started process (PID=6356) to work on /opt/airflow/dags/dag_extract_dvizhenie.py
[2026-08-13T01:00:56.580+0000] {processor.py:914} INFO - Processing file /opt/airflow/dags/dag_extract_dvizhenie.py for tasks to queue
[2026-08-13T01:00:56.582+0000] {logging_mixin.py:190} INFO - [2026-08-13T01:00:56.581+0000] {dagbag.py:588} INFO - Filling up the DagBag from /opt/airflow/dags/dag_extract_dvizhenie.py
[2026-08-13T01:00:56.590+0000] {processor.py:925} INFO - DAG(s) 'dag_extract_dvizhenie' retrieved from /opt/airflow/dags/dag_extract_dvizhenie.py
[2026-08-13T01:00:56.608+0000] {logging_mixin.py:190} INFO - [2026-08-13T01:00:56.608+0000] {dag.py:3239} INFO - Sync 1 DAGs
[2026-08-13T01:00:56.625+0000] {processor.py:208} INFO - Processing /opt/airflow/dags/dag_extract_dvizhenie.py took 0.052 seconds
[2026-08-13T01:01:32.981+0000] {processor.py:186} INFO - Started process (PID=6376) to work on /opt/airflow/dags/dag_extract_dvizhenie.py
[2026-08-13T01:01:32.983+0000] {processor.py:914} INFO - Processing file /opt/airflow/dags/dag_extract_dvizhenie.py for tasks to queue
[2026-08-13T01:01:32.984+0000] {logging_mixin.py:190} INFO - [2026-08-13T01:01:32.984+0000] {dagbag.py:588} INFO - Filling up the DagBag from /opt/airflow/dags/dag_extract_dvizhenie.py
[2026-08-13T01:01:32.992+0000] {processor.py:925} INFO - DAG(s) 'dag_extract_dvizhenie' retrieved from /opt/airflow/dags/dag_extract_dvizhenie.py
[2026-08-13T01:01:33.009+0000] {logging_mixin.py:190} INFO - [2026-08-13T01:01:33.009+0000] {dag.py:3239} INFO - Sync 1 DAGs
[2026-08-13T01:01:33.028+0000] {processor.py:208} INFO - Processing /opt/airflow/dags/dag_extract_dvizhenie.py took 0.054 seconds
[2026-08-13T01:02:03.464+0000] {processor.py:186} INFO - Started process (PID=6396) to work on /opt/airflow/dags/dag_extract_dvizhenie.py
[2026-08-13T01:02:03.466+0000] {processor.py:914} INFO - Processing file /opt/airflow/dags/dag_extract_dvizhenie.py for tasks to queue
[2026-08-13T01:02:03.468+0000] {logging_mixin.py:190} INFO - [2026-08-13T01:02:03.468+0000] {dagbag.py:588} INFO - Filling up the DagBag from /opt/airflow/dags/dag_extract_dvizhenie.py
[2026-08-13T01:02:03.482+0000] {processor.py:925} INFO - DAG(s) 'dag_extract_dvizhenie' retrieved from /opt/airflow/dags/dag_extract_dvizhenie.py
[2026-08-13T01:02:03.496+0000] {logging_mixin.py:190} INFO - [2026-08-13T01:02:03.496+0000] {dag.py:3239} INFO - Sync 1 DAGs
[2026-08-13T01:02:03.514+0000] {processor.py:208} INFO - Processing /opt/airflow/dags/dag_extract_dvizhenie.py took 0.056 seconds
[2026-08-13T01:02:39.964+0000] {processor.py:186} INFO - Started process (PID=6416) to work on /opt/airflow/dags/dag_extract_dvizhenie.py
[2026-08-13T01:02:39.965+0000] {processor.py:914} INFO - Processing file /opt/airflow/dags/dag_extract_dvizhenie.py for tasks to queue
[2026-08-13T01:02:39.968+0000] {logging_mixin.py:190} INFO - [2026-08-13T01:02:39.967+0000] {dagbag.py:588} INFO - Filling up the DagBag from /opt/airflow/dags/dag_extract_dvizhenie.py
[2026-08-13T01:02:39.979+0000] {processor.py:925} INFO - DAG(s) 'dag_extract_dvizhenie' retrieved from /opt/airflow/dags/dag_extract_dvizhenie.py
[2026-08-13T01:02:40.001+0000] {logging_mixin.py:190} INFO - [2026-08-13T01:02:40.001+0000] {dag.py:3239} INFO - Sync 1 DAGs
[2026-08-13T01:02:40.018+0000] {processor.py:208} INFO - Processing /opt/airflow/dags/dag_extract_dvizhenie.py took 0.063 seconds
[2026-08-13T01:03:17.470+0000] {processor.py:186} INFO - Started process (PID=6436) to work on /opt/airflow/dags/dag_extract_dvizhenie.py
[2026-08-13T01:03:17.471+0000] {processor.py:914} INFO - Processing file /opt/airflow/dags/dag_extract_dvizhenie.py for tasks to queue
[2026-08-13T01:03:17.472+0000] {logging_mixin.py:190} INFO - [2026-08-13T01:03:17.472+0000] {dagbag.py:588} INFO - Filling up the DagBag from /opt/airflow/dags/dag_extract_dvizhenie.py
[2026-08-13T01:03:17.481+0000] {processor.py:925} INFO - DAG(s) 'dag_extract_dvizhenie' retrieved from /opt/airflow/dags/dag_extract_dvizhenie.py
[2026-08-13T01:03:17.496+0000] {logging_mixin.py:190} INFO - [2026-08-13T01:03:17.496+0000] {dag.py:3239} INFO - Sync 1 DAGs
[2026-08-13T01:03:17.511+0000] {processor.py:208} INFO - Processing /opt/airflow/dags/dag_extract_dvizhenie.py took 0.047 seconds
[2026-08-13T01:03:47.913+0000] {processor.py:186} INFO - Started process (PID=6456) to work on /opt/airflow/dags/dag_extract_dvizhenie.py
[2026-08-13T01:03:47.914+0000] {processor.py:914} INFO - Processing file /opt/airflow/dags/dag_extract_dvizhenie.py for tasks to queue
[2026-08-13T01:03:47.915+0000] {logging_mixin.py:190} INFO - [2026-08-13T01:03:47.915+0000] {dagbag.py:588} INFO - Filling up the DagBag from /opt/airflow/dags/dag_extract_dvizhenie.py
[2026-08-13T01:03:47.921+0000] {processor.py:925} INFO - DAG(s) 'dag_extract_dvizhenie' retrieved from /opt/airflow/dags/dag_extract_dvizhenie.py
[2026-08-13T01:03:47.933+0000] {logging_mixin.py:190} INFO - [2026-08-13T01:03:47.933+0000] {dag.py:3239} INFO - Sync 1 DAGs
[2026-08-13T01:03:47.947+0000] {processor.py:208} INFO - Processing /opt/airflow/dags/dag_extract_dvizhenie.py took 0.037 seconds
[2026-08-13T01:04:24.455+0000] {processor.py:186} INFO - Started process (PID=6476) to work on /opt/airflow/dags/dag_extract_dvizhenie.py
[2026-08-13T01:04:24.456+0000] {processor.py:914} INFO - Processing file /opt/airflow/dags/dag_extract_dvizhenie.py for tasks to queue
[2026-08-13T01:04:24.458+0000] {logging_mixin.py:190} INFO - [2026-08-13T01:04:24.458+0000] {dagbag.py:588} INFO - Filling up the DagBag from /opt/airflow/dags/dag_extract_dvizhenie.py
[2026-08-13T01:04:24.468+0000] {processor.py:925} INFO - DAG(s) 'dag_extract_dvizhenie' retrieved from /opt/airflow/dags/dag_extract_dvizhenie.py
[2026-08-13T01:04:24.486+0000] {logging_mixin.py:190} INFO - [2026-08-13T01:04:24.486+0000] {dag.py:3239} INFO - Sync 1 DAGs
[2026-08-13T01:04:24.503+0000] {processor.py:208} INFO - Processing /opt/airflow/dags/dag_extract_dvizhenie.py took 0.054 seconds
[2026-08-13T01:04:54.968+0000] {processor.py:186} INFO - Started process (PID=6496) to work on /opt/airflow/dags/dag_extract_dvizhenie.py
[2026-08-13T01:04:54.970+0000] {processor.py:914} INFO - Processing file /opt/airflow/dags/dag_extract_dvizhenie.py for tasks to queue
[2026-08-13T01:04:54.971+0000] {logging_mixin.py:190} INFO - [2026-08-13T01:04:54.971+0000] {dagbag.py:588} INFO - Filling up the DagBag from /opt/airflow/dags/dag_extract_dvizhenie.py
[2026-08-13T01:04:54.981+0000] {processor.py:925} INFO - DAG(s) 'dag_extract_dvizhenie' retrieved from /opt/airflow/dags/dag_extract_dvizhenie.py
[2026-08-13T01:04:54.997+0000] {logging_mixin.py:190} INFO - [2026-08-13T01:04:54.997+0000] {dag.py:3239} INFO - Sync 1 DAGs
[2026-08-13T01:04:55.016+0000] {processor.py:208} INFO - Processing /opt/airflow/dags/dag_extract_dvizhenie.py took 0.054 seconds
[2026-08-13T01:47:59.416+0000] {processor.py:186} INFO - Started process (PID=6525) to work on /opt/airflow/dags/dag_extract_dvizhenie.py
[2026-08-13T01:47:59.417+0000] {processor.py:914} INFO - Processing file /opt/airflow/dags/dag_extract_dvizhenie.py for tasks to queue
[2026-08-13T01:47:59.419+0000] {logging_mixin.py:190} INFO - [2026-08-13T01:47:59.419+0000] {dagbag.py:588} INFO - Filling up the DagBag from /opt/airflow/dags/dag_extract_dvizhenie.py
[2026-08-13T01:47:59.427+0000] {processor.py:925} INFO - DAG(s) 'dag_extract_dvizhenie' retrieved from /opt/airflow/dags/dag_extract_dvizhenie.py
[2026-08-13T01:47:59.441+0000] {logging_mixin.py:190} INFO - [2026-08-13T01:47:59.441+0000] {dag.py:3239} INFO - Sync 1 DAGs
[2026-08-13T01:47:59.457+0000] {processor.py:208} INFO - Processing /opt/airflow/dags/dag_extract_dvizhenie.py took 0.046 seconds
[2026-08-13T01:48:29.920+0000] {processor.py:186} INFO - Started process (PID=6554) to work on /opt/airflow/dags/dag_extract_dvizhenie.py
[2026-08-13T01:48:29.922+0000] {processor.py:914} INFO - Processing file /opt/airflow/dags/dag_extract_dvizhenie.py for tasks to queue
[2026-08-13T01:48:29.926+0000] {logging_mixin.py:190} INFO - [2026-08-13T01:48:29.926+0000] {dagbag.py:588} INFO - Filling up the DagBag from /opt/airflow/dags/dag_extract_dvizhenie.py
[2026-08-13T01:48:29.943+0000] {processor.py:925} INFO - DAG(s) 'dag_extract_dvizhenie' retrieved from /opt/airflow/dags/dag_extract_dvizhenie.py
[2026-08-13T01:48:29.960+0000] {logging_mixin.py:190} INFO - [2026-08-13T01:48:29.960+0000] {dag.py:3239} INFO - Sync 1 DAGs
[2026-08-13T01:48:29.973+0000] {logging_mixin.py:190} INFO - [2026-08-13T01:48:29.973+0000] {dag.py:4180} INFO - Setting next_dagrun for dag_extract_dvizhenie to 2026-08-13 00:00:00+00:00, run_after=2026-08-13 02:00:00+00:00
[2026-08-13T01:48:29.985+0000] {processor.py:208} INFO - Processing /opt/airflow/dags/dag_extract_dvizhenie.py took 0.073 seconds
[2026-08-13T02:20:25.903+0000] {processor.py:186} INFO - Started process (PID=6574) to work on /opt/airflow/dags/dag_extract_dvizhenie.py
[2026-08-13T02:20:25.904+0000] {processor.py:914} INFO - Processing file /opt/airflow/dags/dag_extract_dvizhenie.py for tasks to queue
[2026-08-13T02:20:25.906+0000] {logging_mixin.py:190} INFO - [2026-08-13T02:20:25.905+0000] {dagbag.py:588} INFO - Filling up the DagBag from /opt/airflow/dags/dag_extract_dvizhenie.py
[2026-08-13T02:20:25.920+0000] {processor.py:925} INFO - DAG(s) 'dag_extract_dvizhenie' retrieved from /opt/airflow/dags/dag_extract_dvizhenie.py
[2026-08-13T02:20:25.938+0000] {logging_mixin.py:190} INFO - [2026-08-13T02:20:25.938+0000] {dag.py:3239} INFO - Sync 1 DAGs
[2026-08-13T02:20:25.951+0000] {logging_mixin.py:190} INFO - [2026-08-13T02:20:25.951+0000] {dag.py:4180} INFO - Setting next_dagrun for dag_extract_dvizhenie to 2026-08-13 00:00:00+00:00, run_after=2026-08-13 02:00:00+00:00
[2026-08-13T02:20:25.959+0000] {processor.py:208} INFO - Processing /opt/airflow/dags/dag_extract_dvizhenie.py took 0.061 seconds
[2026-08-13T02:38:43.276+0000] {processor.py:186} INFO - Started process (PID=6618) to work on /opt/airflow/dags/dag_extract_dvizhenie.py
[2026-08-13T02:38:43.277+0000] {processor.py:914} INFO - Processing file /opt/airflow/dags/dag_extract_dvizhenie.py for tasks to queue
[2026-08-13T02:38:43.278+0000] {logging_mixin.py:190} INFO - [2026-08-13T02:38:43.278+0000] {dagbag.py:588} INFO - Filling up the DagBag from /opt/airflow/dags/dag_extract_dvizhenie.py
[2026-08-13T02:38:43.287+0000] {processor.py:925} INFO - DAG(s) 'dag_extract_dvizhenie' retrieved from /opt/airflow/dags/dag_extract_dvizhenie.py
[2026-08-13T02:38:43.302+0000] {logging_mixin.py:190} INFO - [2026-08-13T02:38:43.302+0000] {dag.py:3239} INFO - Sync 1 DAGs
[2026-08-13T02:38:43.312+0000] {logging_mixin.py:190} INFO - [2026-08-13T02:38:43.311+0000] {dag.py:4180} INFO - Setting next_dagrun for dag_extract_dvizhenie to 2026-08-13 02:00:00+00:00, run_after=2026-08-13 04:00:00+00:00
[2026-08-13T02:38:43.319+0000] {processor.py:208} INFO - Processing /opt/airflow/dags/dag_extract_dvizhenie.py took 0.049 seconds
[2026-08-13T02:55:09.039+0000] {processor.py:186} INFO - Started process (PID=6638) to work on /opt/airflow/dags/dag_extract_dvizhenie.py
[2026-08-13T02:55:09.040+0000] {processor.py:914} INFO - Processing file /opt/airflow/dags/dag_extract_dvizhenie.py for tasks to queue
[2026-08-13T02:55:09.042+0000] {logging_mixin.py:190} INFO - [2026-08-13T02:55:09.041+0000] {dagbag.py:588} INFO - Filling up the DagBag from /opt/airflow/dags/dag_extract_dvizhenie.py
[2026-08-13T02:55:09.051+0000] {processor.py:925} INFO - DAG(s) 'dag_extract_dvizhenie' retrieved from /opt/airflow/dags/dag_extract_dvizhenie.py
[2026-08-13T02:55:09.067+0000] {logging_mixin.py:190} INFO - [2026-08-13T02:55:09.066+0000] {dag.py:3239} INFO - Sync 1 DAGs
[2026-08-13T02:55:09.078+0000] {logging_mixin.py:190} INFO - [2026-08-13T02:55:09.078+0000] {dag.py:4180} INFO - Setting next_dagrun for dag_extract_dvizhenie to 2026-08-13 02:00:00+00:00, run_after=2026-08-13 04:00:00+00:00
[2026-08-13T02:55:09.086+0000] {processor.py:208} INFO - Processing /opt/airflow/dags/dag_extract_dvizhenie.py took 0.053 seconds
[2026-08-13T02:55:45.938+0000] {processor.py:186} INFO - Started process (PID=6661) to work on /opt/airflow/dags/dag_extract_dvizhenie.py
[2026-08-13T02:55:45.940+0000] {processor.py:914} INFO - Processing file /opt/airflow/dags/dag_extract_dvizhenie.py for tasks to queue
[2026-08-13T02:55:45.942+0000] {logging_mixin.py:190} INFO - [2026-08-13T02:55:45.942+0000] {dagbag.py:588} INFO - Filling up the DagBag from /opt/airflow/dags/dag_extract_dvizhenie.py
[2026-08-13T02:55:45.954+0000] {processor.py:925} INFO - DAG(s) 'dag_extract_dvizhenie' retrieved from /opt/airflow/dags/dag_extract_dvizhenie.py
[2026-08-13T02:55:45.972+0000] {logging_mixin.py:190} INFO - [2026-08-13T02:55:45.972+0000] {dag.py:3239} INFO - Sync 1 DAGs
[2026-08-13T02:55:45.984+0000] {logging_mixin.py:190} INFO - [2026-08-13T02:55:45.984+0000] {dag.py:4180} INFO - Setting next_dagrun for dag_extract_dvizhenie to 2026-08-13 02:00:00+00:00, run_after=2026-08-13 04:00:00+00:00
[2026-08-13T02:55:45.992+0000] {processor.py:208} INFO - Processing /opt/airflow/dags/dag_extract_dvizhenie.py took 0.063 seconds
[2026-08-13T02:56:16.386+0000] {processor.py:186} INFO - Started process (PID=6681) to work on /opt/airflow/dags/dag_extract_dvizhenie.py
[2026-08-13T02:56:16.387+0000] {processor.py:914} INFO - Processing file /opt/airflow/dags/dag_extract_dvizhenie.py for tasks to queue
[2026-08-13T02:56:16.389+0000] {logging_mixin.py:190} INFO - [2026-08-13T02:56:16.389+0000] {dagbag.py:588} INFO - Filling up the DagBag from /opt/airflow/dags/dag_extract_dvizhenie.py
[2026-08-13T02:56:16.400+0000] {processor.py:925} INFO - DAG(s) 'dag_extract_dvizhenie' retrieved from /opt/airflow/dags/dag_extract_dvizhenie.py
[2026-08-13T02:56:16.416+0000] {logging_mixin.py:190} INFO - [2026-08-13T02:56:16.416+0000] {dag.py:3239} INFO - Sync 1 DAGs
[2026-08-13T02:56:16.426+0000] {logging_mixin.py:190} INFO - [2026-08-13T02:56:16.425+0000] {dag.py:4180} INFO - Setting next_dagrun for dag_extract_dvizhenie to 2026-08-13 02:00:00+00:00, run_after=2026-08-13 04:00:00+00:00
[2026-08-13T02:56:16.434+0000] {processor.py:208} INFO - Processing /opt/airflow/dags/dag_extract_dvizhenie.py took 0.056 seconds
[2026-08-13T03:01:15.467+0000] {processor.py:186} INFO - Started process (PID=6701) to work on /opt/airflow/dags/dag_extract_dvizhenie.py
[2026-08-13T03:01:15.469+0000] {processor.py:914} INFO - Processing file /opt/airflow/dags/dag_extract_dvizhenie.py for tasks to queue
[2026-08-13T03:01:15.472+0000] {logging_mixin.py:190} INFO - [2026-08-13T03:01:15.472+0000] {dagbag.py:588} INFO - Filling up the DagBag from /opt/airflow/dags/dag_extract_dvizhenie.py
[2026-08-13T03:01:15.494+0000] {processor.py:925} INFO - DAG(s) 'dag_extract_dvizhenie' retrieved from /opt/airflow/dags/dag_extract_dvizhenie.py
[2026-08-13T03:01:15.521+0000] {logging_mixin.py:190} INFO - [2026-08-13T03:01:15.521+0000] {dag.py:3239} INFO - Sync 1 DAGs
[2026-08-13T03:01:15.535+0000] {logging_mixin.py:190} INFO - [2026-08-13T03:01:15.535+0000] {dag.py:4180} INFO - Setting next_dagrun for dag_extract_dvizhenie to 2026-08-13 02:00:00+00:00, run_after=2026-08-13 04:00:00+00:00
[2026-08-13T03:01:15.546+0000] {processor.py:208} INFO - Processing /opt/airflow/dags/dag_extract_dvizhenie.py took 0.086 seconds
[2026-08-13T03:01:46.009+0000] {processor.py:186} INFO - Started process (PID=6721) to work on /opt/airflow/dags/dag_extract_dvizhenie.py
[2026-08-13T03:01:46.012+0000] {processor.py:914} INFO - Processing file /opt/airflow/dags/dag_extract_dvizhenie.py for tasks to queue
[2026-08-13T03:01:46.014+0000] {logging_mixin.py:190} INFO - [2026-08-13T03:01:46.014+0000] {dagbag.py:588} INFO - Filling up the DagBag from /opt/airflow/dags/dag_extract_dvizhenie.py
[2026-08-13T03:01:46.028+0000] {processor.py:925} INFO - DAG(s) 'dag_extract_dvizhenie' retrieved from /opt/airflow/dags/dag_extract_dvizhenie.py
[2026-08-13T03:01:46.048+0000] {logging_mixin.py:190} INFO - [2026-08-13T03:01:46.048+0000] {dag.py:3239} INFO - Sync 1 DAGs
[2026-08-13T03:01:46.062+0000] {logging_mixin.py:190} INFO - [2026-08-13T03:01:46.062+0000] {dag.py:4180} INFO - Setting next_dagrun for dag_extract_dvizhenie to 2026-08-13 02:00:00+00:00, run_after=2026-08-13 04:00:00+00:00
[2026-08-13T03:01:46.073+0000] {processor.py:208} INFO - Processing /opt/airflow/dags/dag_extract_dvizhenie.py took 0.072 seconds
[2026-08-13T03:02:16.454+0000] {processor.py:186} INFO - Started process (PID=6741) to work on /opt/airflow/dags/dag_extract_dvizhenie.py
[2026-08-13T03:02:16.455+0000] {processor.py:914} INFO - Processing file /opt/airflow/dags/dag_extract_dvizhenie.py for tasks to queue
[2026-08-13T03:02:16.456+0000] {logging_mixin.py:190} INFO - [2026-08-13T03:02:16.456+0000] {dagbag.py:588} INFO - Filling up the DagBag from /opt/airflow/dags/dag_extract_dvizhenie.py
[2026-08-13T03:02:16.466+0000] {processor.py:925} INFO - DAG(s) 'dag_extract_dvizhenie' retrieved from /opt/airflow/dags/dag_extract_dvizhenie.py
[2026-08-13T03:02:16.480+0000] {logging_mixin.py:190} INFO - [2026-08-13T03:02:16.480+0000] {dag.py:3239} INFO - Sync 1 DAGs
[2026-08-13T03:02:16.491+0000] {logging_mixin.py:190} INFO - [2026-08-13T03:02:16.490+0000] {dag.py:4180} INFO - Setting next_dagrun for dag_extract_dvizhenie to 2026-08-13 02:00:00+00:00, run_after=2026-08-13 04:00:00+00:00
[2026-08-13T03:02:16.500+0000] {processor.py:208} INFO - Processing /opt/airflow/dags/dag_extract_dvizhenie.py took 0.051 seconds
[2026-08-13T03:09:48.211+0000] {processor.py:186} INFO - Started process (PID=6761) to work on /opt/airflow/dags/dag_extract_dvizhenie.py
[2026-08-13T03:09:48.212+0000] {processor.py:914} INFO - Processing file /opt/airflow/dags/dag_extract_dvizhenie.py for tasks to queue
[2026-08-13T03:09:48.213+0000] {logging_mixin.py:190} INFO - [2026-08-13T03:09:48.213+0000] {dagbag.py:588} INFO - Filling up the DagBag from /opt/airflow/dags/dag_extract_dvizhenie.py
[2026-08-13T03:09:48.224+0000] {processor.py:925} INFO - DAG(s) 'dag_extract_dvizhenie' retrieved from /opt/airflow/dags/dag_extract_dvizhenie.py
[2026-08-13T03:09:48.239+0000] {logging_mixin.py:190} INFO - [2026-08-13T03:09:48.239+0000] {dag.py:3239} INFO - Sync 1 DAGs
[2026-08-13T03:09:48.249+0000] {logging_mixin.py:190} INFO - [2026-08-13T03:09:48.249+0000] {dag.py:4180} INFO - Setting next_dagrun for dag_extract_dvizhenie to 2026-08-13 02:00:00+00:00, run_after=2026-08-13 04:00:00+00:00
[2026-08-13T03:09:48.257+0000] {processor.py:208} INFO - Processing /opt/airflow/dags/dag_extract_dvizhenie.py took 0.052 seconds
[2026-08-13T03:10:18.688+0000] {processor.py:186} INFO - Started process (PID=6781) to work on /opt/airflow/dags/dag_extract_dvizhenie.py
[2026-08-13T03:10:18.690+0000] {processor.py:914} INFO - Processing file /opt/airflow/dags/dag_extract_dvizhenie.py for tasks to queue
[2026-08-13T03:10:18.692+0000] {logging_mixin.py:190} INFO - [2026-08-13T03:10:18.692+0000] {dagbag.py:588} INFO - Filling up the DagBag from /opt/airflow/dags/dag_extract_dvizhenie.py
[2026-08-13T03:10:18.703+0000] {processor.py:925} INFO - DAG(s) 'dag_extract_dvizhenie' retrieved from /opt/airflow/dags/dag_extract_dvizhenie.py
[2026-08-13T03:10:18.717+0000] {logging_mixin.py:190} INFO - [2026-08-13T03:10:18.716+0000] {dag.py:3239} INFO - Sync 1 DAGs
[2026-08-13T03:10:18.729+0000] {logging_mixin.py:190} INFO - [2026-08-13T03:10:18.729+0000] {dag.py:4180} INFO - Setting next_dagrun for dag_extract_dvizhenie to 2026-08-13 02:00:00+00:00, run_after=2026-08-13 04:00:00+00:00
[2026-08-13T03:10:18.738+0000] {processor.py:208} INFO - Processing /opt/airflow/dags/dag_extract_dvizhenie.py took 0.056 seconds
[2026-08-13T03:24:40.651+0000] {processor.py:186} INFO - Started process (PID=6801) to work on /opt/airflow/dags/dag_extract_dvizhenie.py
[2026-08-13T03:24:40.654+0000] {processor.py:914} INFO - Processing file /opt/airflow/dags/dag_extract_dvizhenie.py for tasks to queue
[2026-08-13T03:24:40.655+0000] {logging_mixin.py:190} INFO - [2026-08-13T03:24:40.655+0000] {dagbag.py:588} INFO - Filling up the DagBag from /opt/airflow/dags/dag_extract_dvizhenie.py
[2026-08-13T03:24:40.662+0000] {processor.py:925} INFO - DAG(s) 'dag_extract_dvizhenie' retrieved from /opt/airflow/dags/dag_extract_dvizhenie.py
[2026-08-13T03:24:40.679+0000] {logging_mixin.py:190} INFO - [2026-08-13T03:24:40.679+0000] {dag.py:3239} INFO - Sync 1 DAGs
[2026-08-13T03:24:40.689+0000] {logging_mixin.py:190} INFO - [2026-08-13T03:24:40.689+0000] {dag.py:4180} INFO - Setting next_dagrun for dag_extract_dvizhenie to 2026-08-13 02:00:00+00:00, run_after=2026-08-13 04:00:00+00:00
[2026-08-13T03:24:40.702+0000] {processor.py:208} INFO - Processing /opt/airflow/dags/dag_extract_dvizhenie.py took 0.056 seconds
[2026-08-13T03:25:11.122+0000] {processor.py:186} INFO - Started process (PID=6821) to work on /opt/airflow/dags/dag_extract_dvizhenie.py
[2026-08-13T03:25:11.126+0000] {processor.py:914} INFO - Processing file /opt/airflow/dags/dag_extract_dvizhenie.py for tasks to queue
[2026-08-13T03:25:11.128+0000] {logging_mixin.py:190} INFO - [2026-08-13T03:25:11.128+0000] {dagbag.py:588} INFO - Filling up the DagBag from /opt/airflow/dags/dag_extract_dvizhenie.py
[2026-08-13T03:25:11.138+0000] {processor.py:925} INFO - DAG(s) 'dag_extract_dvizhenie' retrieved from /opt/airflow/dags/dag_extract_dvizhenie.py
[2026-08-13T03:25:11.156+0000] {logging_mixin.py:190} INFO - [2026-08-13T03:25:11.156+0000] {dag.py:3239} INFO - Sync 1 DAGs
[2026-08-13T03:25:11.166+0000] {logging_mixin.py:190} INFO - [2026-08-13T03:25:11.166+0000] {dag.py:4180} INFO - Setting next_dagrun for dag_extract_dvizhenie to 2026-08-13 02:00:00+00:00, run_after=2026-08-13 04:00:00+00:00
[2026-08-13T03:25:11.176+0000] {processor.py:208} INFO - Processing /opt/airflow/dags/dag_extract_dvizhenie.py took 0.061 seconds
[2026-08-13T03:25:41.549+0000] {processor.py:186} INFO - Started process (PID=6841) to work on /opt/airflow/dags/dag_extract_dvizhenie.py
[2026-08-13T03:25:41.550+0000] {processor.py:914} INFO - Processing file /opt/airflow/dags/dag_extract_dvizhenie.py for tasks to queue
[2026-08-13T03:25:41.553+0000] {logging_mixin.py:190} INFO - [2026-08-13T03:25:41.553+0000] {dagbag.py:588} INFO - Filling up the DagBag from /opt/airflow/dags/dag_extract_dvizhenie.py
[2026-08-13T03:25:41.567+0000] {processor.py:925} INFO - DAG(s) 'dag_extract_dvizhenie' retrieved from /opt/airflow/dags/dag_extract_dvizhenie.py
[2026-08-13T03:25:41.584+0000] {logging_mixin.py:190} INFO - [2026-08-13T03:25:41.584+0000] {dag.py:3239} INFO - Sync 1 DAGs
[2026-08-13T03:25:41.595+0000] {logging_mixin.py:190} INFO - [2026-08-13T03:25:41.594+0000] {dag.py:4180} INFO - Setting next_dagrun for dag_extract_dvizhenie to 2026-08-13 02:00:00+00:00, run_after=2026-08-13 04:00:00+00:00
[2026-08-13T03:25:41.603+0000] {processor.py:208} INFO - Processing /opt/airflow/dags/dag_extract_dvizhenie.py took 0.060 seconds
[2026-08-13T03:26:12.059+0000] {processor.py:186} INFO - Started process (PID=6861) to work on /opt/airflow/dags/dag_extract_dvizhenie.py
[2026-08-13T03:26:12.061+0000] {processor.py:914} INFO - Processing file /opt/airflow/dags/dag_extract_dvizhenie.py for tasks to queue
[2026-08-13T03:26:12.063+0000] {logging_mixin.py:190} INFO - [2026-08-13T03:26:12.063+0000] {dagbag.py:588} INFO - Filling up the DagBag from /opt/airflow/dags/dag_extract_dvizhenie.py
[2026-08-13T03:26:12.076+0000] {processor.py:925} INFO - DAG(s) 'dag_extract_dvizhenie' retrieved from /opt/airflow/dags/dag_extract_dvizhenie.py
[2026-08-13T03:26:12.092+0000] {logging_mixin.py:190} INFO - [2026-08-13T03:26:12.092+0000] {dag.py:3239} INFO - Sync 1 DAGs
[2026-08-13T03:26:12.102+0000] {logging_mixin.py:190} INFO - [2026-08-13T03:26:12.102+0000] {dag.py:4180} INFO - Setting next_dagrun for dag_extract_dvizhenie to 2026-08-13 02:00:00+00:00, run_after=2026-08-13 04:00:00+00:00
[2026-08-13T03:26:12.109+0000] {processor.py:208} INFO - Processing /opt/airflow/dags/dag_extract_dvizhenie.py took 0.055 seconds
[2026-08-13T03:26:42.554+0000] {processor.py:186} INFO - Started process (PID=6881) to work on /opt/airflow/dags/dag_extract_dvizhenie.py
[2026-08-13T03:26:42.555+0000] {processor.py:914} INFO - Processing file /opt/airflow/dags/dag_extract_dvizhenie.py for tasks to queue
[2026-08-13T03:26:42.557+0000] {logging_mixin.py:190} INFO - [2026-08-13T03:26:42.557+0000] {dagbag.py:588} INFO - Filling up the DagBag from /opt/airflow/dags/dag_extract_dvizhenie.py
[2026-08-13T03:26:42.566+0000] {processor.py:925} INFO - DAG(s) 'dag_extract_dvizhenie' retrieved from /opt/airflow/dags/dag_extract_dvizhenie.py
[2026-08-13T03:26:42.582+0000] {logging_mixin.py:190} INFO - [2026-08-13T03:26:42.582+0000] {dag.py:3239} INFO - Sync 1 DAGs
[2026-08-13T03:26:42.591+0000] {logging_mixin.py:190} INFO - [2026-08-13T03:26:42.591+0000] {dag.py:4180} INFO - Setting next_dagrun for dag_extract_dvizhenie to 2026-08-13 02:00:00+00:00, run_after=2026-08-13 04:00:00+00:00
[2026-08-13T03:26:42.600+0000] {processor.py:208} INFO - Processing /opt/airflow/dags/dag_extract_dvizhenie.py took 0.053 seconds
[2026-08-13T03:27:13.025+0000] {processor.py:186} INFO - Started process (PID=6901) to work on /opt/airflow/dags/dag_extract_dvizhenie.py
[2026-08-13T03:27:13.026+0000] {processor.py:914} INFO - Processing file /opt/airflow/dags/dag_extract_dvizhenie.py for tasks to queue
[2026-08-13T03:27:13.028+0000] {logging_mixin.py:190} INFO - [2026-08-13T03:27:13.027+0000] {dagbag.py:588} INFO - Filling up the DagBag from /opt/airflow/dags/dag_extract_dvizhenie.py
[2026-08-13T03:27:13.036+0000] {processor.py:925} INFO - DAG(s) 'dag_extract_dvizhenie' retrieved from /opt/airflow/dags/dag_extract_dvizhenie.py
[2026-08-13T03:27:13.051+0000] {logging_mixin.py:190} INFO - [2026-08-13T03:27:13.051+0000] {dag.py:3239} INFO - Sync 1 DAGs
[2026-08-13T03:27:13.062+0000] {logging_mixin.py:190} INFO - [2026-08-13T03:27:13.062+0000] {dag.py:4180} INFO - Setting next_dagrun for dag_extract_dvizhenie to 2026-08-13 02:00:00+00:00, run_after=2026-08-13 04:00:00+00:00
[2026-08-13T03:27:13.070+0000] {processor.py:208} INFO - Processing /opt/airflow/dags/dag_extract_dvizhenie.py took 0.051 seconds
[2026-08-13T03:27:43.552+0000] {processor.py:186} INFO - Started process (PID=6921) to work on /opt/airflow/dags/dag_extract_dvizhenie.py
[2026-08-13T03:27:43.553+0000] {processor.py:914} INFO - Processing file /opt/airflow/dags/dag_extract_dvizhenie.py for tasks to queue
[2026-08-13T03:27:43.555+0000] {logging_mixin.py:190} INFO - [2026-08-13T03:27:43.555+0000] {dagbag.py:588} INFO - Filling up the DagBag from /opt/airflow/dags/dag_extract_dvizhenie.py
[2026-08-13T03:27:43.563+0000] {processor.py:925} INFO - DAG(s) 'dag_extract_dvizhenie' retrieved from /opt/airflow/dags/dag_extract_dvizhenie.py
[2026-08-13T03:27:43.578+0000] {logging_mixin.py:190} INFO - [2026-08-13T03:27:43.577+0000] {dag.py:3239} INFO - Sync 1 DAGs
[2026-08-13T03:27:43.588+0000] {logging_mixin.py:190} INFO - [2026-08-13T03:27:43.588+0000] {dag.py:4180} INFO - Setting next_dagrun for dag_extract_dvizhenie to 2026-08-13 02:00:00+00:00, run_after=2026-08-13 04:00:00+00:00
[2026-08-13T03:27:43.596+0000] {processor.py:208} INFO - Processing /opt/airflow/dags/dag_extract_dvizhenie.py took 0.050 seconds
[2026-08-13T03:28:14.126+0000] {processor.py:186} INFO - Started process (PID=6941) to work on /opt/airflow/dags/dag_extract_dvizhenie.py
[2026-08-13T03:28:14.127+0000] {processor.py:914} INFO - Processing file /opt/airflow/dags/dag_extract_dvizhenie.py for tasks to queue
[2026-08-13T03:28:14.129+0000] {logging_mixin.py:190} INFO - [2026-08-13T03:28:14.129+0000] {dagbag.py:588} INFO - Filling up the DagBag from /opt/airflow/dags/dag_extract_dvizhenie.py
[2026-08-13T03:28:14.143+0000] {processor.py:925} INFO - DAG(s) 'dag_extract_dvizhenie' retrieved from /opt/airflow/dags/dag_extract_dvizhenie.py
[2026-08-13T03:28:14.161+0000] {logging_mixin.py:190} INFO - [2026-08-13T03:28:14.161+0000] {dag.py:3239} INFO - Sync 1 DAGs
[2026-08-13T03:28:14.173+0000] {logging_mixin.py:190} INFO - [2026-08-13T03:28:14.172+0000] {dag.py:4180} INFO - Setting next_dagrun for dag_extract_dvizhenie to 2026-08-13 02:00:00+00:00, run_after=2026-08-13 04:00:00+00:00
[2026-08-13T03:28:14.180+0000] {processor.py:208} INFO - Processing /opt/airflow/dags/dag_extract_dvizhenie.py took 0.060 seconds
[2026-08-13T03:28:44.685+0000] {processor.py:186} INFO - Started process (PID=6961) to work on /opt/airflow/dags/dag_extract_dvizhenie.py
[2026-08-13T03:28:44.686+0000] {processor.py:914} INFO - Processing file /opt/airflow/dags/dag_extract_dvizhenie.py for tasks to queue
[2026-08-13T03:28:44.689+0000] {logging_mixin.py:190} INFO - [2026-08-13T03:28:44.688+0000] {dagbag.py:588} INFO - Filling up the DagBag from /opt/airflow/dags/dag_extract_dvizhenie.py
[2026-08-13T03:28:44.701+0000] {processor.py:925} INFO - DAG(s) 'dag_extract_dvizhenie' retrieved from /opt/airflow/dags/dag_extract_dvizhenie.py
[2026-08-13T03:28:44.722+0000] {logging_mixin.py:190} INFO - [2026-08-13T03:28:44.722+0000] {dag.py:3239} INFO - Sync 1 DAGs
[2026-08-13T03:28:44.735+0000] {logging_mixin.py:190} INFO - [2026-08-13T03:28:44.735+0000] {dag.py:4180} INFO - Setting next_dagrun for dag_extract_dvizhenie to 2026-08-13 02:00:00+00:00, run_after=2026-08-13 04:00:00+00:00
[2026-08-13T03:28:44.742+0000] {processor.py:208} INFO - Processing /opt/airflow/dags/dag_extract_dvizhenie.py took 0.065 seconds
[2026-08-13T03:29:15.166+0000] {processor.py:186} INFO - Started process (PID=6981) to work on /opt/airflow/dags/dag_extract_dvizhenie.py
[2026-08-13T03:29:15.168+0000] {processor.py:914} INFO - Processing file /opt/airflow/dags/dag_extract_dvizhenie.py for tasks to queue
[2026-08-13T03:29:15.170+0000] {logging_mixin.py:190} INFO - [2026-08-13T03:29:15.170+0000] {dagbag.py:588} INFO - Filling up the DagBag from /opt/airflow/dags/dag_extract_dvizhenie.py
[2026-08-13T03:29:15.179+0000] {processor.py:925} INFO - DAG(s) 'dag_extract_dvizhenie' retrieved from /opt/airflow/dags/dag_extract_dvizhenie.py
[2026-08-13T03:29:15.198+0000] {logging_mixin.py:190} INFO - [2026-08-13T03:29:15.198+0000] {dag.py:3239} INFO - Sync 1 DAGs
[2026-08-13T03:29:15.209+0000] {logging_mixin.py:190} INFO - [2026-08-13T03:29:15.208+0000] {dag.py:4180} INFO - Setting next_dagrun for dag_extract_dvizhenie to 2026-08-13 02:00:00+00:00, run_after=2026-08-13 04:00:00+00:00
[2026-08-13T03:29:15.216+0000] {processor.py:208} INFO - Processing /opt/airflow/dags/dag_extract_dvizhenie.py took 0.056 seconds
[2026-08-13T03:42:13.497+0000] {processor.py:186} INFO - Started process (PID=7010) to work on /opt/airflow/dags/dag_extract_dvizhenie.py
[2026-08-13T03:42:13.498+0000] {processor.py:914} INFO - Processing file /opt/airflow/dags/dag_extract_dvizhenie.py for tasks to queue
[2026-08-13T03:42:13.500+0000] {logging_mixin.py:190} INFO - [2026-08-13T03:42:13.499+0000] {dagbag.py:588} INFO - Filling up the DagBag from /opt/airflow/dags/dag_extract_dvizhenie.py
[2026-08-13T03:42:13.509+0000] {processor.py:925} INFO - DAG(s) 'dag_extract_dvizhenie' retrieved from /opt/airflow/dags/dag_extract_dvizhenie.py
[2026-08-13T03:42:13.527+0000] {logging_mixin.py:190} INFO - [2026-08-13T03:42:13.527+0000] {dag.py:3239} INFO - Sync 1 DAGs
[2026-08-13T03:42:13.540+0000] {logging_mixin.py:190} INFO - [2026-08-13T03:42:13.540+0000] {dag.py:4180} INFO - Setting next_dagrun for dag_extract_dvizhenie to 2026-08-13 02:00:00+00:00, run_after=2026-08-13 04:00:00+00:00
[2026-08-13T03:42:13.547+0000] {processor.py:208} INFO - Processing /opt/airflow/dags/dag_extract_dvizhenie.py took 0.055 seconds
[2026-08-13T03:42:44.014+0000] {processor.py:186} INFO - Started process (PID=7030) to work on /opt/airflow/dags/dag_extract_dvizhenie.py
[2026-08-13T03:42:44.016+0000] {processor.py:914} INFO - Processing file /opt/airflow/dags/dag_extract_dvizhenie.py for tasks to queue
[2026-08-13T03:42:44.018+0000] {logging_mixin.py:190} INFO - [2026-08-13T03:42:44.018+0000] {dagbag.py:588} INFO - Filling up the DagBag from /opt/airflow/dags/dag_extract_dvizhenie.py
[2026-08-13T03:42:44.030+0000] {processor.py:925} INFO - DAG(s) 'dag_extract_dvizhenie' retrieved from /opt/airflow/dags/dag_extract_dvizhenie.py
[2026-08-13T03:42:44.048+0000] {logging_mixin.py:190} INFO - [2026-08-13T03:42:44.047+0000] {dag.py:3239} INFO - Sync 1 DAGs
[2026-08-13T03:42:44.058+0000] {logging_mixin.py:190} INFO - [2026-08-13T03:42:44.058+0000] {dag.py:4180} INFO - Setting next_dagrun for dag_extract_dvizhenie to 2026-08-13 02:00:00+00:00, run_after=2026-08-13 04:00:00+00:00
[2026-08-13T03:42:44.065+0000] {processor.py:208} INFO - Processing /opt/airflow/dags/dag_extract_dvizhenie.py took 0.057 seconds
[2026-08-13T03:43:14.543+0000] {processor.py:186} INFO - Started process (PID=7050) to work on /opt/airflow/dags/dag_extract_dvizhenie.py
[2026-08-13T03:43:14.544+0000] {processor.py:914} INFO - Processing file /opt/airflow/dags/dag_extract_dvizhenie.py for tasks to queue
[2026-08-13T03:43:14.548+0000] {logging_mixin.py:190} INFO - [2026-08-13T03:43:14.548+0000] {dagbag.py:588} INFO - Filling up the DagBag from /opt/airflow/dags/dag_extract_dvizhenie.py
[2026-08-13T03:43:14.560+0000] {processor.py:925} INFO - DAG(s) 'dag_extract_dvizhenie' retrieved from /opt/airflow/dags/dag_extract_dvizhenie.py
[2026-08-13T03:43:14.580+0000] {logging_mixin.py:190} INFO - [2026-08-13T03:43:14.580+0000] {dag.py:3239} INFO - Sync 1 DAGs
[2026-08-13T03:43:14.593+0000] {logging_mixin.py:190} INFO - [2026-08-13T03:43:14.593+0000] {dag.py:4180} INFO - Setting next_dagrun for dag_extract_dvizhenie to 2026-08-13 02:00:00+00:00, run_after=2026-08-13 04:00:00+00:00
[2026-08-13T03:43:14.600+0000] {processor.py:208} INFO - Processing /opt/airflow/dags/dag_extract_dvizhenie.py took 0.067 seconds
[2026-08-13T03:43:45.025+0000] {processor.py:186} INFO - Started process (PID=7070) to work on /opt/airflow/dags/dag_extract_dvizhenie.py
[2026-08-13T03:43:45.027+0000] {processor.py:914} INFO - Processing file /opt/airflow/dags/dag_extract_dvizhenie.py for tasks to queue
[2026-08-13T03:43:45.029+0000] {logging_mixin.py:190} INFO - [2026-08-13T03:43:45.028+0000] {dagbag.py:588} INFO - Filling up the DagBag from /opt/airflow/dags/dag_extract_dvizhenie.py
[2026-08-13T03:43:45.041+0000] {processor.py:925} INFO - DAG(s) 'dag_extract_dvizhenie' retrieved from /opt/airflow/dags/dag_extract_dvizhenie.py
[2026-08-13T03:43:45.056+0000] {logging_mixin.py:190} INFO - [2026-08-13T03:43:45.056+0000] {dag.py:3239} INFO - Sync 1 DAGs
[2026-08-13T03:43:45.066+0000] {logging_mixin.py:190} INFO - [2026-08-13T03:43:45.065+0000] {dag.py:4180} INFO - Setting next_dagrun for dag_extract_dvizhenie to 2026-08-13 02:00:00+00:00, run_after=2026-08-13 04:00:00+00:00
[2026-08-13T03:43:45.071+0000] {processor.py:208} INFO - Processing /opt/airflow/dags/dag_extract_dvizhenie.py took 0.053 seconds
[2026-08-13T03:44:15.460+0000] {processor.py:186} INFO - Started process (PID=7090) to work on /opt/airflow/dags/dag_extract_dvizhenie.py
[2026-08-13T03:44:15.461+0000] {processor.py:914} INFO - Processing file /opt/airflow/dags/dag_extract_dvizhenie.py for tasks to queue
[2026-08-13T03:44:15.463+0000] {logging_mixin.py:190} INFO - [2026-08-13T03:44:15.463+0000] {dagbag.py:588} INFO - Filling up the DagBag from /opt/airflow/dags/dag_extract_dvizhenie.py
[2026-08-13T03:44:15.471+0000] {processor.py:925} INFO - DAG(s) 'dag_extract_dvizhenie' retrieved from /opt/airflow/dags/dag_extract_dvizhenie.py
[2026-08-13T03:44:15.488+0000] {logging_mixin.py:190} INFO - [2026-08-13T03:44:15.487+0000] {dag.py:3239} INFO - Sync 1 DAGs
[2026-08-13T03:44:15.498+0000] {logging_mixin.py:190} INFO - [2026-08-13T03:44:15.498+0000] {dag.py:4180} INFO - Setting next_dagrun for dag_extract_dvizhenie to 2026-08-13 02:00:00+00:00, run_after=2026-08-13 04:00:00+00:00
[2026-08-13T03:44:15.504+0000] {processor.py:208} INFO - Processing /opt/airflow/dags/dag_extract_dvizhenie.py took 0.050 seconds
[2026-08-13T03:44:45.926+0000] {processor.py:186} INFO - Started process (PID=7110) to work on /opt/airflow/dags/dag_extract_dvizhenie.py
[2026-08-13T03:44:45.927+0000] {processor.py:914} INFO - Processing file /opt/airflow/dags/dag_extract_dvizhenie.py for tasks to queue
[2026-08-13T03:44:45.929+0000] {logging_mixin.py:190} INFO - [2026-08-13T03:44:45.928+0000] {dagbag.py:588} INFO - Filling up the DagBag from /opt/airflow/dags/dag_extract_dvizhenie.py
[2026-08-13T03:44:45.940+0000] {processor.py:925} INFO - DAG(s) 'dag_extract_dvizhenie' retrieved from /opt/airflow/dags/dag_extract_dvizhenie.py
[2026-08-13T03:44:45.954+0000] {logging_mixin.py:190} INFO - [2026-08-13T03:44:45.954+0000] {dag.py:3239} INFO - Sync 1 DAGs
[2026-08-13T03:44:45.964+0000] {logging_mixin.py:190} INFO - [2026-08-13T03:44:45.964+0000] {dag.py:4180} INFO - Setting next_dagrun for dag_extract_dvizhenie to 2026-08-13 02:00:00+00:00, run_after=2026-08-13 04:00:00+00:00
[2026-08-13T03:44:45.972+0000] {processor.py:208} INFO - Processing /opt/airflow/dags/dag_extract_dvizhenie.py took 0.053 seconds
[2026-08-13T03:45:16.406+0000] {processor.py:186} INFO - Started process (PID=7130) to work on /opt/airflow/dags/dag_extract_dvizhenie.py
[2026-08-13T03:45:16.407+0000] {processor.py:914} INFO - Processing file /opt/airflow/dags/dag_extract_dvizhenie.py for tasks to queue
[2026-08-13T03:45:16.409+0000] {logging_mixin.py:190} INFO - [2026-08-13T03:45:16.408+0000] {dagbag.py:588} INFO - Filling up the DagBag from /opt/airflow/dags/dag_extract_dvizhenie.py
[2026-08-13T03:45:16.417+0000] {processor.py:925} INFO - DAG(s) 'dag_extract_dvizhenie' retrieved from /opt/airflow/dags/dag_extract_dvizhenie.py
[2026-08-13T03:45:16.432+0000] {logging_mixin.py:190} INFO - [2026-08-13T03:45:16.432+0000] {dag.py:3239} INFO - Sync 1 DAGs
[2026-08-13T03:45:16.442+0000] {logging_mixin.py:190} INFO - [2026-08-13T03:45:16.442+0000] {dag.py:4180} INFO - Setting next_dagrun for dag_extract_dvizhenie to 2026-08-13 02:00:00+00:00, run_after=2026-08-13 04:00:00+00:00
[2026-08-13T03:45:16.450+0000] {processor.py:208} INFO - Processing /opt/airflow/dags/dag_extract_dvizhenie.py took 0.051 seconds
[2026-08-13T03:45:46.944+0000] {processor.py:186} INFO - Started process (PID=7150) to work on /opt/airflow/dags/dag_extract_dvizhenie.py
[2026-08-13T03:45:46.945+0000] {processor.py:914} INFO - Processing file /opt/airflow/dags/dag_extract_dvizhenie.py for tasks to queue
[2026-08-13T03:45:46.947+0000] {logging_mixin.py:190} INFO - [2026-08-13T03:45:46.947+0000] {dagbag.py:588} INFO - Filling up the DagBag from /opt/airflow/dags/dag_extract_dvizhenie.py
[2026-08-13T03:45:46.957+0000] {processor.py:925} INFO - DAG(s) 'dag_extract_dvizhenie' retrieved from /opt/airflow/dags/dag_extract_dvizhenie.py
[2026-08-13T03:45:46.973+0000] {logging_mixin.py:190} INFO - [2026-08-13T03:45:46.973+0000] {dag.py:3239} INFO - Sync 1 DAGs
[2026-08-13T03:45:46.983+0000] {logging_mixin.py:190} INFO - [2026-08-13T03:45:46.983+0000] {dag.py:4180} INFO - Setting next_dagrun for dag_extract_dvizhenie to 2026-08-13 02:00:00+00:00, run_after=2026-08-13 04:00:00+00:00
[2026-08-13T03:45:46.992+0000] {processor.py:208} INFO - Processing /opt/airflow/dags/dag_extract_dvizhenie.py took 0.055 seconds
[2026-08-13T03:49:47.822+0000] {processor.py:186} INFO - Started process (PID=7170) to work on /opt/airflow/dags/dag_extract_dvizhenie.py
[2026-08-13T03:49:47.823+0000] {processor.py:914} INFO - Processing file /opt/airflow/dags/dag_extract_dvizhenie.py for tasks to queue
[2026-08-13T03:49:47.824+0000] {logging_mixin.py:190} INFO - [2026-08-13T03:49:47.824+0000] {dagbag.py:588} INFO - Filling up the DagBag from /opt/airflow/dags/dag_extract_dvizhenie.py
[2026-08-13T03:49:47.832+0000] {processor.py:925} INFO - DAG(s) 'dag_extract_dvizhenie' retrieved from /opt/airflow/dags/dag_extract_dvizhenie.py
[2026-08-13T03:49:47.850+0000] {logging_mixin.py:190} INFO - [2026-08-13T03:49:47.850+0000] {dag.py:3239} INFO - Sync 1 DAGs
[2026-08-13T03:49:47.861+0000] {logging_mixin.py:190} INFO - [2026-08-13T03:49:47.861+0000] {dag.py:4180} INFO - Setting next_dagrun for dag_extract_dvizhenie to 2026-08-13 02:00:00+00:00, run_after=2026-08-13 04:00:00+00:00
[2026-08-13T03:49:47.868+0000] {processor.py:208} INFO - Processing /opt/airflow/dags/dag_extract_dvizhenie.py took 0.052 seconds
[2026-08-13T03:50:18.300+0000] {processor.py:186} INFO - Started process (PID=7193) to work on /opt/airflow/dags/dag_extract_dvizhenie.py
[2026-08-13T03:50:18.301+0000] {processor.py:914} INFO - Processing file /opt/airflow/dags/dag_extract_dvizhenie.py for tasks to queue
[2026-08-13T03:50:18.303+0000] {logging_mixin.py:190} INFO - [2026-08-13T03:50:18.303+0000] {dagbag.py:588} INFO - Filling up the DagBag from /opt/airflow/dags/dag_extract_dvizhenie.py
[2026-08-13T03:50:18.317+0000] {processor.py:925} INFO - DAG(s) 'dag_extract_dvizhenie' retrieved from /opt/airflow/dags/dag_extract_dvizhenie.py
[2026-08-13T03:50:18.333+0000] {logging_mixin.py:190} INFO - [2026-08-13T03:50:18.333+0000] {dag.py:3239} INFO - Sync 1 DAGs
[2026-08-13T03:50:18.343+0000] {logging_mixin.py:190} INFO - [2026-08-13T03:50:18.343+0000] {dag.py:4180} INFO - Setting next_dagrun for dag_extract_dvizhenie to 2026-08-13 02:00:00+00:00, run_after=2026-08-13 04:00:00+00:00
[2026-08-13T03:50:18.352+0000] {processor.py:208} INFO - Processing /opt/airflow/dags/dag_extract_dvizhenie.py took 0.058 seconds
[2026-08-13T03:56:26.386+0000] {processor.py:186} INFO - Started process (PID=7216) to work on /opt/airflow/dags/dag_extract_dvizhenie.py
[2026-08-13T03:56:26.388+0000] {processor.py:914} INFO - Processing file /opt/airflow/dags/dag_extract_dvizhenie.py for tasks to queue
[2026-08-13T03:56:26.392+0000] {logging_mixin.py:190} INFO - [2026-08-13T03:56:26.391+0000] {dagbag.py:588} INFO - Filling up the DagBag from /opt/airflow/dags/dag_extract_dvizhenie.py
[2026-08-13T03:56:26.417+0000] {processor.py:925} INFO - DAG(s) 'dag_extract_dvizhenie' retrieved from /opt/airflow/dags/dag_extract_dvizhenie.py
[2026-08-13T03:56:26.454+0000] {logging_mixin.py:190} INFO - [2026-08-13T03:56:26.454+0000] {dag.py:3239} INFO - Sync 1 DAGs
[2026-08-13T03:56:26.484+0000] {logging_mixin.py:190} INFO - [2026-08-13T03:56:26.484+0000] {dag.py:4180} INFO - Setting next_dagrun for dag_extract_dvizhenie to 2026-08-13 02:00:00+00:00, run_after=2026-08-13 04:00:00+00:00
[2026-08-13T03:56:26.503+0000] {processor.py:208} INFO - Processing /opt/airflow/dags/dag_extract_dvizhenie.py took 0.128 seconds
[2026-08-13T04:13:27.739+0000] {processor.py:186} INFO - Started process (PID=7236) to work on /opt/airflow/dags/dag_extract_dvizhenie.py
[2026-08-13T04:13:27.740+0000] {processor.py:914} INFO - Processing file /opt/airflow/dags/dag_extract_dvizhenie.py for tasks to queue
[2026-08-13T04:13:27.742+0000] {logging_mixin.py:190} INFO - [2026-08-13T04:13:27.742+0000] {dagbag.py:588} INFO - Filling up the DagBag from /opt/airflow/dags/dag_extract_dvizhenie.py
[2026-08-13T04:13:27.753+0000] {processor.py:925} INFO - DAG(s) 'dag_extract_dvizhenie' retrieved from /opt/airflow/dags/dag_extract_dvizhenie.py
[2026-08-13T04:13:27.775+0000] {logging_mixin.py:190} INFO - [2026-08-13T04:13:27.775+0000] {dag.py:3239} INFO - Sync 1 DAGs
[2026-08-13T04:13:27.797+0000] {processor.py:208} INFO - Processing /opt/airflow/dags/dag_extract_dvizhenie.py took 0.063 seconds
[2026-08-13T05:02:17.674+0000] {processor.py:186} INFO - Started process (PID=7262) to work on /opt/airflow/dags/dag_extract_dvizhenie.py
[2026-08-13T05:02:17.675+0000] {processor.py:914} INFO - Processing file /opt/airflow/dags/dag_extract_dvizhenie.py for tasks to queue
[2026-08-13T05:02:17.676+0000] {logging_mixin.py:190} INFO - [2026-08-13T05:02:17.676+0000] {dagbag.py:588} INFO - Filling up the DagBag from /opt/airflow/dags/dag_extract_dvizhenie.py
[2026-08-13T05:02:17.683+0000] {processor.py:925} INFO - DAG(s) 'dag_extract_dvizhenie' retrieved from /opt/airflow/dags/dag_extract_dvizhenie.py
[2026-08-13T05:02:17.695+0000] {logging_mixin.py:190} INFO - [2026-08-13T05:02:17.695+0000] {dag.py:3239} INFO - Sync 1 DAGs
[2026-08-13T05:02:17.709+0000] {processor.py:208} INFO - Processing /opt/airflow/dags/dag_extract_dvizhenie.py took 0.040 seconds
[2026-08-13T05:02:48.193+0000] {processor.py:186} INFO - Started process (PID=7282) to work on /opt/airflow/dags/dag_extract_dvizhenie.py
[2026-08-13T05:02:48.194+0000] {processor.py:914} INFO - Processing file /opt/airflow/dags/dag_extract_dvizhenie.py for tasks to queue
[2026-08-13T05:02:48.196+0000] {logging_mixin.py:190} INFO - [2026-08-13T05:02:48.196+0000] {dagbag.py:588} INFO - Filling up the DagBag from /opt/airflow/dags/dag_extract_dvizhenie.py
[2026-08-13T05:02:48.206+0000] {processor.py:925} INFO - DAG(s) 'dag_extract_dvizhenie' retrieved from /opt/airflow/dags/dag_extract_dvizhenie.py
[2026-08-13T05:02:48.219+0000] {logging_mixin.py:190} INFO - [2026-08-13T05:02:48.219+0000] {dag.py:3239} INFO - Sync 1 DAGs
[2026-08-13T05:02:48.234+0000] {processor.py:208} INFO - Processing /opt/airflow/dags/dag_extract_dvizhenie.py took 0.048 seconds
[2026-08-13T06:03:15.061+0000] {processor.py:186} INFO - Started process (PID=7303) to work on /opt/airflow/dags/dag_extract_dvizhenie.py
[2026-08-13T06:03:15.062+0000] {processor.py:914} INFO - Processing file /opt/airflow/dags/dag_extract_dvizhenie.py for tasks to queue
[2026-08-13T06:03:15.064+0000] {logging_mixin.py:190} INFO - [2026-08-13T06:03:15.064+0000] {dagbag.py:588} INFO - Filling up the DagBag from /opt/airflow/dags/dag_extract_dvizhenie.py
[2026-08-13T06:03:15.074+0000] {processor.py:925} INFO - DAG(s) 'dag_extract_dvizhenie' retrieved from /opt/airflow/dags/dag_extract_dvizhenie.py
[2026-08-13T06:03:15.092+0000] {logging_mixin.py:190} INFO - [2026-08-13T06:03:15.092+0000] {dag.py:3239} INFO - Sync 1 DAGs
[2026-08-13T06:03:15.110+0000] {processor.py:208} INFO - Processing /opt/airflow/dags/dag_extract_dvizhenie.py took 0.052 seconds
[2026-08-13T06:03:45.471+0000] {processor.py:186} INFO - Started process (PID=7325) to work on /opt/airflow/dags/dag_extract_dvizhenie.py
[2026-08-13T06:03:45.472+0000] {processor.py:914} INFO - Processing file /opt/airflow/dags/dag_extract_dvizhenie.py for tasks to queue
[2026-08-13T06:03:45.474+0000] {logging_mixin.py:190} INFO - [2026-08-13T06:03:45.473+0000] {dagbag.py:588} INFO - Filling up the DagBag from /opt/airflow/dags/dag_extract_dvizhenie.py
[2026-08-13T06:03:45.481+0000] {processor.py:925} INFO - DAG(s) 'dag_extract_dvizhenie' retrieved from /opt/airflow/dags/dag_extract_dvizhenie.py
[2026-08-13T06:03:45.496+0000] {logging_mixin.py:190} INFO - [2026-08-13T06:03:45.496+0000] {dag.py:3239} INFO - Sync 1 DAGs
[2026-08-13T06:03:45.512+0000] {processor.py:208} INFO - Processing /opt/airflow/dags/dag_extract_dvizhenie.py took 0.047 seconds
[2026-08-13T07:04:12.436+0000] {processor.py:186} INFO - Started process (PID=7351) to work on /opt/airflow/dags/dag_extract_dvizhenie.py
[2026-08-13T07:04:12.437+0000] {processor.py:914} INFO - Processing file /opt/airflow/dags/dag_extract_dvizhenie.py for tasks to queue
[2026-08-13T07:04:12.438+0000] {logging_mixin.py:190} INFO - [2026-08-13T07:04:12.438+0000] {dagbag.py:588} INFO - Filling up the DagBag from /opt/airflow/dags/dag_extract_dvizhenie.py
[2026-08-13T07:04:12.445+0000] {processor.py:925} INFO - DAG(s) 'dag_extract_dvizhenie' retrieved from /opt/airflow/dags/dag_extract_dvizhenie.py
[2026-08-13T07:04:12.456+0000] {logging_mixin.py:190} INFO - [2026-08-13T07:04:12.456+0000] {dag.py:3239} INFO - Sync 1 DAGs
[2026-08-13T07:04:12.470+0000] {processor.py:208} INFO - Processing /opt/airflow/dags/dag_extract_dvizhenie.py took 0.038 seconds
[2026-08-13T07:04:42.932+0000] {processor.py:186} INFO - Started process (PID=7371) to work on /opt/airflow/dags/dag_extract_dvizhenie.py
[2026-08-13T07:04:42.933+0000] {processor.py:914} INFO - Processing file /opt/airflow/dags/dag_extract_dvizhenie.py for tasks to queue
[2026-08-13T07:04:42.936+0000] {logging_mixin.py:190} INFO - [2026-08-13T07:04:42.936+0000] {dagbag.py:588} INFO - Filling up the DagBag from /opt/airflow/dags/dag_extract_dvizhenie.py
[2026-08-13T07:04:42.945+0000] {processor.py:925} INFO - DAG(s) 'dag_extract_dvizhenie' retrieved from /opt/airflow/dags/dag_extract_dvizhenie.py
[2026-08-13T07:04:42.958+0000] {logging_mixin.py:190} INFO - [2026-08-13T07:04:42.958+0000] {dag.py:3239} INFO - Sync 1 DAGs
[2026-08-13T07:04:42.972+0000] {processor.py:208} INFO - Processing /opt/airflow/dags/dag_extract_dvizhenie.py took 0.047 seconds
[2026-08-13T07:40:10.045+0000] {processor.py:186} INFO - Started process (PID=7391) to work on /opt/airflow/dags/dag_extract_dvizhenie.py
[2026-08-13T07:40:10.046+0000] {processor.py:914} INFO - Processing file /opt/airflow/dags/dag_extract_dvizhenie.py for tasks to queue
[2026-08-13T07:40:10.048+0000] {logging_mixin.py:190} INFO - [2026-08-13T07:40:10.048+0000] {dagbag.py:588} INFO - Filling up the DagBag from /opt/airflow/dags/dag_extract_dvizhenie.py
[2026-08-13T07:40:10.057+0000] {processor.py:925} INFO - DAG(s) 'dag_extract_dvizhenie' retrieved from /opt/airflow/dags/dag_extract_dvizhenie.py
[2026-08-13T07:40:10.067+0000] {logging_mixin.py:190} INFO - [2026-08-13T07:40:10.067+0000] {taskinstance.py:3313} ERROR - {'DAG Id': 'dag_extract_dvizhenie', 'Task Id': 'extract_dvizhenie', 'Run Id': 'scheduled__2026-08-13T04:00:00+00:00', 'Hostname': 'ce016640a6d7'}
[2026-08-13T07:40:10.078+0000] {logging_mixin.py:190} INFO - [2026-08-13T07:40:10.078+0000] {taskinstance.py:1225} INFO - Marking task as UP_FOR_RETRY. dag_id=dag_extract_dvizhenie, task_id=extract_dvizhenie, run_id=scheduled__2026-08-13T04:00:00+00:00, execution_date=20260813T040000, start_date=20260813T070412, end_date=20260813T074010
[2026-08-13T07:40:10.083+0000] {logging_mixin.py:190} INFO - [2026-08-13T07:40:10.083+0000] {processor.py:876} INFO - Executed callback for <TaskInstance: dag_extract_dvizhenie.extract_dvizhenie scheduled__2026-08-13T04:00:00+00:00 [up_for_retry]> in state up_for_retry
[2026-08-13T07:40:10.091+0000] {logging_mixin.py:190} INFO - [2026-08-13T07:40:10.091+0000] {dag.py:3239} INFO - Sync 1 DAGs
[2026-08-13T07:40:10.102+0000] {processor.py:208} INFO - Processing /opt/airflow/dags/dag_extract_dvizhenie.py took 0.061 seconds
[2026-08-13T07:40:40.458+0000] {processor.py:186} INFO - Started process (PID=7411) to work on /opt/airflow/dags/dag_extract_dvizhenie.py
[2026-08-13T07:40:40.460+0000] {processor.py:914} INFO - Processing file /opt/airflow/dags/dag_extract_dvizhenie.py for tasks to queue
[2026-08-13T07:40:40.462+0000] {logging_mixin.py:190} INFO - [2026-08-13T07:40:40.462+0000] {dagbag.py:588} INFO - Filling up the DagBag from /opt/airflow/dags/dag_extract_dvizhenie.py
[2026-08-13T07:40:40.476+0000] {processor.py:925} INFO - DAG(s) 'dag_extract_dvizhenie' retrieved from /opt/airflow/dags/dag_extract_dvizhenie.py
[2026-08-13T07:40:40.494+0000] {logging_mixin.py:190} INFO - [2026-08-13T07:40:40.493+0000] {dag.py:3239} INFO - Sync 1 DAGs
[2026-08-13T07:40:40.682+0000] {processor.py:208} INFO - Processing /opt/airflow/dags/dag_extract_dvizhenie.py took 0.231 seconds
[2026-08-13T07:41:11.063+0000] {processor.py:186} INFO - Started process (PID=7431) to work on /opt/airflow/dags/dag_extract_dvizhenie.py
[2026-08-13T07:41:11.065+0000] {processor.py:914} INFO - Processing file /opt/airflow/dags/dag_extract_dvizhenie.py for tasks to queue
[2026-08-13T07:41:11.067+0000] {logging_mixin.py:190} INFO - [2026-08-13T07:41:11.067+0000] {dagbag.py:588} INFO - Filling up the DagBag from /opt/airflow/dags/dag_extract_dvizhenie.py
[2026-08-13T07:41:11.082+0000] {processor.py:925} INFO - DAG(s) 'dag_extract_dvizhenie' retrieved from /opt/airflow/dags/dag_extract_dvizhenie.py
[2026-08-13T07:41:11.099+0000] {logging_mixin.py:190} INFO - [2026-08-13T07:41:11.099+0000] {dag.py:3239} INFO - Sync 1 DAGs
[2026-08-13T07:41:11.118+0000] {processor.py:208} INFO - Processing /opt/airflow/dags/dag_extract_dvizhenie.py took 0.063 seconds
[2026-08-13T07:41:41.460+0000] {processor.py:186} INFO - Started process (PID=7451) to work on /opt/airflow/dags/dag_extract_dvizhenie.py
[2026-08-13T07:41:41.461+0000] {processor.py:914} INFO - Processing file /opt/airflow/dags/dag_extract_dvizhenie.py for tasks to queue
[2026-08-13T07:41:41.464+0000] {logging_mixin.py:190} INFO - [2026-08-13T07:41:41.463+0000] {dagbag.py:588} INFO - Filling up the DagBag from /opt/airflow/dags/dag_extract_dvizhenie.py
[2026-08-13T07:41:41.480+0000] {processor.py:925} INFO - DAG(s) 'dag_extract_dvizhenie' retrieved from /opt/airflow/dags/dag_extract_dvizhenie.py
[2026-08-13T07:41:41.504+0000] {logging_mixin.py:190} INFO - [2026-08-13T07:41:41.504+0000] {dag.py:3239} INFO - Sync 1 DAGs
[2026-08-13T07:41:41.526+0000] {processor.py:208} INFO - Processing /opt/airflow/dags/dag_extract_dvizhenie.py took 0.072 seconds
[2026-08-13T07:42:11.949+0000] {processor.py:186} INFO - Started process (PID=7471) to work on /opt/airflow/dags/dag_extract_dvizhenie.py
[2026-08-13T07:42:11.950+0000] {processor.py:914} INFO - Processing file /opt/airflow/dags/dag_extract_dvizhenie.py for tasks to queue
[2026-08-13T07:42:11.952+0000] {logging_mixin.py:190} INFO - [2026-08-13T07:42:11.952+0000] {dagbag.py:588} INFO - Filling up the DagBag from /opt/airflow/dags/dag_extract_dvizhenie.py
[2026-08-13T07:42:11.960+0000] {processor.py:925} INFO - DAG(s) 'dag_extract_dvizhenie' retrieved from /opt/airflow/dags/dag_extract_dvizhenie.py
[2026-08-13T07:42:11.979+0000] {logging_mixin.py:190} INFO - [2026-08-13T07:42:11.979+0000] {dag.py:3239} INFO - Sync 1 DAGs
[2026-08-13T07:42:12.105+0000] {processor.py:208} INFO - Processing /opt/airflow/dags/dag_extract_dvizhenie.py took 0.164 seconds
[2026-08-13T07:42:42.551+0000] {processor.py:186} INFO - Started process (PID=7491) to work on /opt/airflow/dags/dag_extract_dvizhenie.py
[2026-08-13T07:42:42.552+0000] {processor.py:914} INFO - Processing file /opt/airflow/dags/dag_extract_dvizhenie.py for tasks to queue
[2026-08-13T07:42:42.555+0000] {logging_mixin.py:190} INFO - [2026-08-13T07:42:42.554+0000] {dagbag.py:588} INFO - Filling up the DagBag from /opt/airflow/dags/dag_extract_dvizhenie.py
[2026-08-13T07:42:42.568+0000] {processor.py:925} INFO - DAG(s) 'dag_extract_dvizhenie' retrieved from /opt/airflow/dags/dag_extract_dvizhenie.py
[2026-08-13T07:42:42.587+0000] {logging_mixin.py:190} INFO - [2026-08-13T07:42:42.587+0000] {dag.py:3239} INFO - Sync 1 DAGs
[2026-08-13T07:42:42.607+0000] {processor.py:208} INFO - Processing /opt/airflow/dags/dag_extract_dvizhenie.py took 0.063 seconds
[2026-08-13T07:43:12.991+0000] {processor.py:186} INFO - Started process (PID=7511) to work on /opt/airflow/dags/dag_extract_dvizhenie.py
[2026-08-13T07:43:12.992+0000] {processor.py:914} INFO - Processing file /opt/airflow/dags/dag_extract_dvizhenie.py for tasks to queue
[2026-08-13T07:43:12.994+0000] {logging_mixin.py:190} INFO - [2026-08-13T07:43:12.994+0000] {dagbag.py:588} INFO - Filling up the DagBag from /opt/airflow/dags/dag_extract_dvizhenie.py
[2026-08-13T07:43:13.005+0000] {processor.py:925} INFO - DAG(s) 'dag_extract_dvizhenie' retrieved from /opt/airflow/dags/dag_extract_dvizhenie.py
[2026-08-13T07:43:13.027+0000] {logging_mixin.py:190} INFO - [2026-08-13T07:43:13.027+0000] {dag.py:3239} INFO - Sync 1 DAGs
[2026-08-13T07:43:13.188+0000] {processor.py:208} INFO - Processing /opt/airflow/dags/dag_extract_dvizhenie.py took 0.204 seconds
[2026-08-13T07:43:43.520+0000] {processor.py:186} INFO - Started process (PID=7531) to work on /opt/airflow/dags/dag_extract_dvizhenie.py
[2026-08-13T07:43:43.522+0000] {processor.py:914} INFO - Processing file /opt/airflow/dags/dag_extract_dvizhenie.py for tasks to queue
[2026-08-13T07:43:43.524+0000] {logging_mixin.py:190} INFO - [2026-08-13T07:43:43.524+0000] {dagbag.py:588} INFO - Filling up the DagBag from /opt/airflow/dags/dag_extract_dvizhenie.py
[2026-08-13T07:43:43.535+0000] {processor.py:925} INFO - DAG(s) 'dag_extract_dvizhenie' retrieved from /opt/airflow/dags/dag_extract_dvizhenie.py
[2026-08-13T07:43:43.553+0000] {logging_mixin.py:190} INFO - [2026-08-13T07:43:43.553+0000] {dag.py:3239} INFO - Sync 1 DAGs
[2026-08-13T07:43:43.661+0000] {processor.py:208} INFO - Processing /opt/airflow/dags/dag_extract_dvizhenie.py took 0.146 seconds
[2026-08-13T07:44:14.136+0000] {processor.py:186} INFO - Started process (PID=7551) to work on /opt/airflow/dags/dag_extract_dvizhenie.py
[2026-08-13T07:44:14.138+0000] {processor.py:914} INFO - Processing file /opt/airflow/dags/dag_extract_dvizhenie.py for tasks to queue
[2026-08-13T07:44:14.146+0000] {logging_mixin.py:190} INFO - [2026-08-13T07:44:14.145+0000] {dagbag.py:588} INFO - Filling up the DagBag from /opt/airflow/dags/dag_extract_dvizhenie.py
[2026-08-13T07:44:14.158+0000] {processor.py:925} INFO - DAG(s) 'dag_extract_dvizhenie' retrieved from /opt/airflow/dags/dag_extract_dvizhenie.py
[2026-08-13T07:44:14.180+0000] {logging_mixin.py:190} INFO - [2026-08-13T07:44:14.180+0000] {dag.py:3239} INFO - Sync 1 DAGs
[2026-08-13T07:44:14.202+0000] {processor.py:208} INFO - Processing /opt/airflow/dags/dag_extract_dvizhenie.py took 0.077 seconds
[2026-08-13T07:44:44.585+0000] {processor.py:186} INFO - Started process (PID=7571) to work on /opt/airflow/dags/dag_extract_dvizhenie.py
[2026-08-13T07:44:44.587+0000] {processor.py:914} INFO - Processing file /opt/airflow/dags/dag_extract_dvizhenie.py for tasks to queue
[2026-08-13T07:44:44.590+0000] {logging_mixin.py:190} INFO - [2026-08-13T07:44:44.590+0000] {dagbag.py:588} INFO - Filling up the DagBag from /opt/airflow/dags/dag_extract_dvizhenie.py
[2026-08-13T07:44:44.607+0000] {processor.py:925} INFO - DAG(s) 'dag_extract_dvizhenie' retrieved from /opt/airflow/dags/dag_extract_dvizhenie.py
[2026-08-13T07:44:44.629+0000] {logging_mixin.py:190} INFO - [2026-08-13T07:44:44.628+0000] {dag.py:3239} INFO - Sync 1 DAGs
[2026-08-13T07:44:44.730+0000] {processor.py:208} INFO - Processing /opt/airflow/dags/dag_extract_dvizhenie.py took 0.151 seconds
[2026-08-13T07:45:15.261+0000] {processor.py:186} INFO - Started process (PID=7591) to work on /opt/airflow/dags/dag_extract_dvizhenie.py
[2026-08-13T07:45:15.263+0000] {processor.py:914} INFO - Processing file /opt/airflow/dags/dag_extract_dvizhenie.py for tasks to queue
[2026-08-13T07:45:15.266+0000] {logging_mixin.py:190} INFO - [2026-08-13T07:45:15.266+0000] {dagbag.py:588} INFO - Filling up the DagBag from /opt/airflow/dags/dag_extract_dvizhenie.py
[2026-08-13T07:45:15.282+0000] {processor.py:925} INFO - DAG(s) 'dag_extract_dvizhenie' retrieved from /opt/airflow/dags/dag_extract_dvizhenie.py
[2026-08-13T07:45:15.300+0000] {logging_mixin.py:190} INFO - [2026-08-13T07:45:15.300+0000] {dag.py:3239} INFO - Sync 1 DAGs
[2026-08-13T07:45:15.318+0000] {processor.py:208} INFO - Processing /opt/airflow/dags/dag_extract_dvizhenie.py took 0.066 seconds
[2026-08-13T07:45:45.702+0000] {processor.py:186} INFO - Started process (PID=7611) to work on /opt/airflow/dags/dag_extract_dvizhenie.py
[2026-08-13T07:45:45.704+0000] {processor.py:914} INFO - Processing file /opt/airflow/dags/dag_extract_dvizhenie.py for tasks to queue
[2026-08-13T07:45:45.707+0000] {logging_mixin.py:190} INFO - [2026-08-13T07:45:45.707+0000] {dagbag.py:588} INFO - Filling up the DagBag from /opt/airflow/dags/dag_extract_dvizhenie.py
[2026-08-13T07:45:45.723+0000] {processor.py:925} INFO - DAG(s) 'dag_extract_dvizhenie' retrieved from /opt/airflow/dags/dag_extract_dvizhenie.py
[2026-08-13T07:45:45.743+0000] {logging_mixin.py:190} INFO - [2026-08-13T07:45:45.743+0000] {dag.py:3239} INFO - Sync 1 DAGs
[2026-08-13T07:45:45.761+0000] {processor.py:208} INFO - Processing /opt/airflow/dags/dag_extract_dvizhenie.py took 0.068 seconds
[2026-08-13T07:46:16.141+0000] {processor.py:186} INFO - Started process (PID=7631) to work on /opt/airflow/dags/dag_extract_dvizhenie.py
[2026-08-13T07:46:16.142+0000] {processor.py:914} INFO - Processing file /opt/airflow/dags/dag_extract_dvizhenie.py for tasks to queue
[2026-08-13T07:46:16.145+0000] {logging_mixin.py:190} INFO - [2026-08-13T07:46:16.144+0000] {dagbag.py:588} INFO - Filling up the DagBag from /opt/airflow/dags/dag_extract_dvizhenie.py
[2026-08-13T07:46:16.158+0000] {processor.py:925} INFO - DAG(s) 'dag_extract_dvizhenie' retrieved from /opt/airflow/dags/dag_extract_dvizhenie.py
[2026-08-13T07:46:16.176+0000] {logging_mixin.py:190} INFO - [2026-08-13T07:46:16.176+0000] {dag.py:3239} INFO - Sync 1 DAGs
[2026-08-13T07:46:16.194+0000] {processor.py:208} INFO - Processing /opt/airflow/dags/dag_extract_dvizhenie.py took 0.062 seconds
[2026-08-13T07:46:46.550+0000] {processor.py:186} INFO - Started process (PID=7651) to work on /opt/airflow/dags/dag_extract_dvizhenie.py
[2026-08-13T07:46:46.552+0000] {processor.py:914} INFO - Processing file /opt/airflow/dags/dag_extract_dvizhenie.py for tasks to queue
[2026-08-13T07:46:46.554+0000] {logging_mixin.py:190} INFO - [2026-08-13T07:46:46.553+0000] {dagbag.py:588} INFO - Filling up the DagBag from /opt/airflow/dags/dag_extract_dvizhenie.py
[2026-08-13T07:46:46.564+0000] {processor.py:925} INFO - DAG(s) 'dag_extract_dvizhenie' retrieved from /opt/airflow/dags/dag_extract_dvizhenie.py
[2026-08-13T07:46:46.579+0000] {logging_mixin.py:190} INFO - [2026-08-13T07:46:46.579+0000] {dag.py:3239} INFO - Sync 1 DAGs
[2026-08-13T07:46:46.598+0000] {processor.py:208} INFO - Processing /opt/airflow/dags/dag_extract_dvizhenie.py took 0.055 seconds
[2026-08-13T07:47:16.933+0000] {processor.py:186} INFO - Started process (PID=7671) to work on /opt/airflow/dags/dag_extract_dvizhenie.py
[2026-08-13T07:47:16.935+0000] {processor.py:914} INFO - Processing file /opt/airflow/dags/dag_extract_dvizhenie.py for tasks to queue
[2026-08-13T07:47:16.937+0000] {logging_mixin.py:190} INFO - [2026-08-13T07:47:16.937+0000] {dagbag.py:588} INFO - Filling up the DagBag from /opt/airflow/dags/dag_extract_dvizhenie.py
[2026-08-13T07:47:16.945+0000] {processor.py:925} INFO - DAG(s) 'dag_extract_dvizhenie' retrieved from /opt/airflow/dags/dag_extract_dvizhenie.py
[2026-08-13T07:47:16.967+0000] {logging_mixin.py:190} INFO - [2026-08-13T07:47:16.967+0000] {dag.py:3239} INFO - Sync 1 DAGs
[2026-08-13T07:47:16.988+0000] {processor.py:208} INFO - Processing /opt/airflow/dags/dag_extract_dvizhenie.py took 0.062 seconds
[2026-08-13T07:47:47.386+0000] {processor.py:186} INFO - Started process (PID=7691) to work on /opt/airflow/dags/dag_extract_dvizhenie.py
[2026-08-13T07:47:47.387+0000] {processor.py:914} INFO - Processing file /opt/airflow/dags/dag_extract_dvizhenie.py for tasks to queue
[2026-08-13T07:47:47.388+0000] {logging_mixin.py:190} INFO - [2026-08-13T07:47:47.388+0000] {dagbag.py:588} INFO - Filling up the DagBag from /opt/airflow/dags/dag_extract_dvizhenie.py
[2026-08-13T07:47:47.393+0000] {processor.py:925} INFO - DAG(s) 'dag_extract_dvizhenie' retrieved from /opt/airflow/dags/dag_extract_dvizhenie.py
[2026-08-13T07:47:47.410+0000] {logging_mixin.py:190} INFO - [2026-08-13T07:47:47.410+0000] {dag.py:3239} INFO - Sync 1 DAGs
[2026-08-13T07:47:47.427+0000] {processor.py:208} INFO - Processing /opt/airflow/dags/dag_extract_dvizhenie.py took 0.046 seconds
[2026-08-13T07:48:17.824+0000] {processor.py:186} INFO - Started process (PID=7711) to work on /opt/airflow/dags/dag_extract_dvizhenie.py
[2026-08-13T07:48:17.825+0000] {processor.py:914} INFO - Processing file /opt/airflow/dags/dag_extract_dvizhenie.py for tasks to queue
[2026-08-13T07:48:17.827+0000] {logging_mixin.py:190} INFO - [2026-08-13T07:48:17.827+0000] {dagbag.py:588} INFO - Filling up the DagBag from /opt/airflow/dags/dag_extract_dvizhenie.py
[2026-08-13T07:48:17.840+0000] {processor.py:925} INFO - DAG(s) 'dag_extract_dvizhenie' retrieved from /opt/airflow/dags/dag_extract_dvizhenie.py
[2026-08-13T07:48:17.860+0000] {logging_mixin.py:190} INFO - [2026-08-13T07:48:17.859+0000] {dag.py:3239} INFO - Sync 1 DAGs
[2026-08-13T07:48:17.880+0000] {processor.py:208} INFO - Processing /opt/airflow/dags/dag_extract_dvizhenie.py took 0.061 seconds
[2026-08-13T07:48:48.274+0000] {processor.py:186} INFO - Started process (PID=7731) to work on /opt/airflow/dags/dag_extract_dvizhenie.py
[2026-08-13T07:48:48.276+0000] {processor.py:914} INFO - Processing file /opt/airflow/dags/dag_extract_dvizhenie.py for tasks to queue
[2026-08-13T07:48:48.277+0000] {logging_mixin.py:190} INFO - [2026-08-13T07:48:48.277+0000] {dagbag.py:588} INFO - Filling up the DagBag from /opt/airflow/dags/dag_extract_dvizhenie.py
[2026-08-13T07:48:48.287+0000] {processor.py:925} INFO - DAG(s) 'dag_extract_dvizhenie' retrieved from /opt/airflow/dags/dag_extract_dvizhenie.py
[2026-08-13T07:48:48.305+0000] {logging_mixin.py:190} INFO - [2026-08-13T07:48:48.305+0000] {dag.py:3239} INFO - Sync 1 DAGs
[2026-08-13T07:48:48.322+0000] {processor.py:208} INFO - Processing /opt/airflow/dags/dag_extract_dvizhenie.py took 0.055 seconds
