[2026-07-29T11:54:48.058+0000] {local_task_job_runner.py:123} INFO - ::group::Pre task execution logs
[2026-07-29T11:54:48.068+0000] {taskinstance.py:2613} INFO - Dependencies all met for dep_context=non-requeueable deps ti=<TaskInstance: dag_extract_dvizhenie.extract_dvizhenie scheduled__2026-07-29T08:00:00+00:00 [queued]>
[2026-07-29T11:54:48.071+0000] {taskinstance.py:2613} INFO - Dependencies all met for dep_context=requeueable deps ti=<TaskInstance: dag_extract_dvizhenie.extract_dvizhenie scheduled__2026-07-29T08:00:00+00:00 [queued]>
[2026-07-29T11:54:48.071+0000] {taskinstance.py:2866} INFO - Starting attempt 2 of 3
[2026-07-29T11:54:48.076+0000] {taskinstance.py:2889} INFO - Executing <Task(PythonOperator): extract_dvizhenie> on 2026-07-29 08:00:00+00:00
[2026-07-29T11:54:48.079+0000] {standard_task_runner.py:72} INFO - Started process 82776 to run task
[2026-07-29T11:54:48.081+0000] {standard_task_runner.py:104} INFO - Running: ['***', 'tasks', 'run', 'dag_extract_dvizhenie', 'extract_dvizhenie', 'scheduled__2026-07-29T08:00:00+00:00', '--job-id', '1821', '--raw', '--subdir', 'DAGS_FOLDER/dag_extract_dvizhenie.py', '--cfg-path', '/tmp/tmpm0g9ywv2']
[2026-07-29T11:54:48.083+0000] {standard_task_runner.py:105} INFO - Job 1821: Subtask extract_dvizhenie
[2026-07-29T11:54:48.108+0000] {task_command.py:467} INFO - Running <TaskInstance: dag_extract_dvizhenie.extract_dvizhenie scheduled__2026-07-29T08:00:00+00:00 [running]> on host ce016640a6d7
[2026-07-29T11:54:48.150+0000] {taskinstance.py:3132} INFO - Exporting env vars: AIRFLOW_CTX_DAG_OWNER='bi' AIRFLOW_CTX_DAG_ID='dag_extract_dvizhenie' AIRFLOW_CTX_TASK_ID='extract_dvizhenie' AIRFLOW_CTX_EXECUTION_DATE='2026-07-29T08:00:00+00:00' AIRFLOW_CTX_TRY_NUMBER='2' AIRFLOW_CTX_DAG_RUN_ID='scheduled__2026-07-29T08:00:00+00:00'
[2026-07-29T11:54:48.151+0000] {taskinstance.py:731} INFO - ::endgroup::
[2026-07-29T11:54:48.568+0000] {taskinstance.py:3311} ERROR - Task failed with exception
Traceback (most recent call last):
  File "/home/airflow/.local/lib/python3.11/site-packages/airflow/models/taskinstance.py", line 767, in _execute_task
    result = _execute_callable(context=context, **execute_callable_kwargs)
             ^^^^^^^^^^^^^^^^^^^^^^^^^^^^^^^^^^^^^^^^^^^^^^^^^^^^^^^^^^^^^
  File "/home/airflow/.local/lib/python3.11/site-packages/airflow/models/taskinstance.py", line 733, in _execute_callable
    return ExecutionCallableRunner(
           ^^^^^^^^^^^^^^^^^^^^^^^^
  File "/home/airflow/.local/lib/python3.11/site-packages/airflow/utils/operator_helpers.py", line 252, in run
    return self.func(*args, **kwargs)
           ^^^^^^^^^^^^^^^^^^^^^^^^^^
  File "/home/airflow/.local/lib/python3.11/site-packages/airflow/models/baseoperator.py", line 417, in wrapper
    return func(self, *args, **kwargs)
           ^^^^^^^^^^^^^^^^^^^^^^^^^^^
  File "/home/airflow/.local/lib/python3.11/site-packages/airflow/operators/python.py", line 238, in execute
    return_value = self.execute_callable()
                   ^^^^^^^^^^^^^^^^^^^^^^^
  File "/home/airflow/.local/lib/python3.11/site-packages/airflow/operators/python.py", line 256, in execute_callable
    return runner.run(*self.op_args, **self.op_kwargs)
           ^^^^^^^^^^^^^^^^^^^^^^^^^^^^^^^^^^^^^^^^^^^
  File "/home/airflow/.local/lib/python3.11/site-packages/airflow/utils/operator_helpers.py", line 252, in run
    return self.func(*args, **kwargs)
           ^^^^^^^^^^^^^^^^^^^^^^^^^^
  File "/opt/airflow/dags/dag_extract_dvizhenie.py", line 70, in _extract_docs
    resp.raise_for_status()
  File "/home/airflow/.local/lib/python3.11/site-packages/requests/models.py", line 1024, in raise_for_status
    raise HTTPError(http_error_msg, response=self)
requests.exceptions.HTTPError: 400 Client Error: Bad request for url: http://10.50.254.22/ld_erp_ibiOdata/odata/standard.odata/Document_%D0%94%D0%B2%D0%B8%D0%B6%D0%B5%D0%BD%D0%B8%D0%B5%D0%9F%D1%80%D0%BE%D0%B4%D1%83%D0%BA%D1%86%D0%B8%D0%B8%D0%98%D0%9C%D0%B0%D1%82%D0%B5%D1%80%D0%B8%D0%B0%D0%BB%D0%BE%D0%B2?$format=json&$filter=Date%20ge%20datetime'2026-07-27T11:54:48'&$select=Ref_Key,DeletionMark,Posted,Number,Date,%D0%9E%D0%BF%D0%B5%D1%80%D0%B0%D1%86%D0%B8%D1%8F,%D0%A1%D0%BA%D0%BB%D0%B0%D0%B4_Key,%D0%9A%D0%BE%D0%BD%D1%82%D1%80%D0%B0%D0%B3%D0%B5%D0%BD%D1%82_Key,%D0%9A%D0%BE%D0%BC%D0%BC%D0%B5%D0%BD%D1%82%D0%B0%D1%80%D0%B8%D0%B9&$expand=%D0%A2%D0%BE%D0%B2%D0%B0%D1%80%D1%8B%D0%A2%D0%B0%D0%B1%D0%BB%D0%B8%D1%87%D0%BD%D0%B0%D1%8F%D0%A7%D0%B0%D1%81%D1%82%D1%8C&$top=500&$skip=0
[2026-07-29T11:54:48.584+0000] {taskinstance.py:1225} INFO - Marking task as UP_FOR_RETRY. dag_id=dag_extract_dvizhenie, task_id=extract_dvizhenie, run_id=scheduled__2026-07-29T08:00:00+00:00, execution_date=20260729T080000, start_date=20260729T115448, end_date=20260729T115448
[2026-07-29T11:54:48.595+0000] {taskinstance.py:340} INFO - ::group::Post task execution logs
[2026-07-29T11:54:48.596+0000] {standard_task_runner.py:124} ERROR - Failed to execute job 1821 for task extract_dvizhenie (400 Client Error: Bad request for url: http://10.50.254.22/ld_erp_ibiOdata/odata/standard.odata/Document_%D0%94%D0%B2%D0%B8%D0%B6%D0%B5%D0%BD%D0%B8%D0%B5%D0%9F%D1%80%D0%BE%D0%B4%D1%83%D0%BA%D1%86%D0%B8%D0%B8%D0%98%D0%9C%D0%B0%D1%82%D0%B5%D1%80%D0%B8%D0%B0%D0%BB%D0%BE%D0%B2?$format=json&$filter=Date%20ge%20datetime'2026-07-27T11:54:48'&$select=Ref_Key,DeletionMark,Posted,Number,Date,%D0%9E%D0%BF%D0%B5%D1%80%D0%B0%D1%86%D0%B8%D1%8F,%D0%A1%D0%BA%D0%BB%D0%B0%D0%B4_Key,%D0%9A%D0%BE%D0%BD%D1%82%D1%80%D0%B0%D0%B3%D0%B5%D0%BD%D1%82_Key,%D0%9A%D0%BE%D0%BC%D0%BC%D0%B5%D0%BD%D1%82%D0%B0%D1%80%D0%B8%D0%B9&$expand=%D0%A2%D0%BE%D0%B2%D0%B0%D1%80%D1%8B%D0%A2%D0%B0%D0%B1%D0%BB%D0%B8%D1%87%D0%BD%D0%B0%D1%8F%D0%A7%D0%B0%D1%81%D1%82%D1%8C&$top=500&$skip=0; 82776)
Traceback (most recent call last):
  File "/home/airflow/.local/lib/python3.11/site-packages/airflow/task/task_runner/standard_task_runner.py", line 117, in _start_by_fork
    ret = args.func(args, dag=self.dag)
          ^^^^^^^^^^^^^^^^^^^^^^^^^^^^^
  File "/home/airflow/.local/lib/python3.11/site-packages/airflow/cli/cli_config.py", line 49, in command
    return func(*args, **kwargs)
           ^^^^^^^^^^^^^^^^^^^^^
  File "/home/airflow/.local/lib/python3.11/site-packages/airflow/utils/cli.py", line 116, in wrapper
    return f(*args, **kwargs)
           ^^^^^^^^^^^^^^^^^^
  File "/home/airflow/.local/lib/python3.11/site-packages/airflow/cli/commands/task_command.py", line 483, in task_run
    task_return_code = _run_task_by_selected_method(args, _dag, ti)
                       ^^^^^^^^^^^^^^^^^^^^^^^^^^^^^^^^^^^^^^^^^^^^
  File "/home/airflow/.local/lib/python3.11/site-packages/airflow/cli/commands/task_command.py", line 256, in _run_task_by_selected_method
    return _run_raw_task(args, ti)
           ^^^^^^^^^^^^^^^^^^^^^^^
  File "/home/airflow/.local/lib/python3.11/site-packages/airflow/cli/commands/task_command.py", line 341, in _run_raw_task
    return ti._run_raw_task(
           ^^^^^^^^^^^^^^^^^
  File "/home/airflow/.local/lib/python3.11/site-packages/airflow/utils/session.py", line 97, in wrapper
    return func(*args, session=session, **kwargs)
           ^^^^^^^^^^^^^^^^^^^^^^^^^^^^^^^^^^^^^^
  File "/home/airflow/.local/lib/python3.11/site-packages/airflow/models/taskinstance.py", line 3005, in _run_raw_task
    return _run_raw_task(
           ^^^^^^^^^^^^^^
  File "/home/airflow/.local/lib/python3.11/site-packages/airflow/models/taskinstance.py", line 273, in _run_raw_task
    TaskInstance._execute_task_with_callbacks(
  File "/home/airflow/.local/lib/python3.11/site-packages/airflow/models/taskinstance.py", line 3159, in _execute_task_with_callbacks
    result = self._execute_task(context, task_orig)
             ^^^^^^^^^^^^^^^^^^^^^^^^^^^^^^^^^^^^^^
  File "/home/airflow/.local/lib/python3.11/site-packages/airflow/models/taskinstance.py", line 3183, in _execute_task
    return _execute_task(self, context, task_orig)
           ^^^^^^^^^^^^^^^^^^^^^^^^^^^^^^^^^^^^^^^
  File "/home/airflow/.local/lib/python3.11/site-packages/airflow/models/taskinstance.py", line 767, in _execute_task
    result = _execute_callable(context=context, **execute_callable_kwargs)
             ^^^^^^^^^^^^^^^^^^^^^^^^^^^^^^^^^^^^^^^^^^^^^^^^^^^^^^^^^^^^^
  File "/home/airflow/.local/lib/python3.11/site-packages/airflow/models/taskinstance.py", line 733, in _execute_callable
    return ExecutionCallableRunner(
           ^^^^^^^^^^^^^^^^^^^^^^^^
  File "/home/airflow/.local/lib/python3.11/site-packages/airflow/utils/operator_helpers.py", line 252, in run
    return self.func(*args, **kwargs)
           ^^^^^^^^^^^^^^^^^^^^^^^^^^
  File "/home/airflow/.local/lib/python3.11/site-packages/airflow/models/baseoperator.py", line 417, in wrapper
    return func(self, *args, **kwargs)
           ^^^^^^^^^^^^^^^^^^^^^^^^^^^
  File "/home/airflow/.local/lib/python3.11/site-packages/airflow/operators/python.py", line 238, in execute
    return_value = self.execute_callable()
                   ^^^^^^^^^^^^^^^^^^^^^^^
  File "/home/airflow/.local/lib/python3.11/site-packages/airflow/operators/python.py", line 256, in execute_callable
    return runner.run(*self.op_args, **self.op_kwargs)
           ^^^^^^^^^^^^^^^^^^^^^^^^^^^^^^^^^^^^^^^^^^^
  File "/home/airflow/.local/lib/python3.11/site-packages/airflow/utils/operator_helpers.py", line 252, in run
    return self.func(*args, **kwargs)
           ^^^^^^^^^^^^^^^^^^^^^^^^^^
  File "/opt/airflow/dags/dag_extract_dvizhenie.py", line 70, in _extract_docs
    resp.raise_for_status()
  File "/home/airflow/.local/lib/python3.11/site-packages/requests/models.py", line 1024, in raise_for_status
    raise HTTPError(http_error_msg, response=self)
requests.exceptions.HTTPError: 400 Client Error: Bad request for url: http://10.50.254.22/ld_erp_ibiOdata/odata/standard.odata/Document_%D0%94%D0%B2%D0%B8%D0%B6%D0%B5%D0%BD%D0%B8%D0%B5%D0%9F%D1%80%D0%BE%D0%B4%D1%83%D0%BA%D1%86%D0%B8%D0%B8%D0%98%D0%9C%D0%B0%D1%82%D0%B5%D1%80%D0%B8%D0%B0%D0%BB%D0%BE%D0%B2?$format=json&$filter=Date%20ge%20datetime'2026-07-27T11:54:48'&$select=Ref_Key,DeletionMark,Posted,Number,Date,%D0%9E%D0%BF%D0%B5%D1%80%D0%B0%D1%86%D0%B8%D1%8F,%D0%A1%D0%BA%D0%BB%D0%B0%D0%B4_Key,%D0%9A%D0%BE%D0%BD%D1%82%D1%80%D0%B0%D0%B3%D0%B5%D0%BD%D1%82_Key,%D0%9A%D0%BE%D0%BC%D0%BC%D0%B5%D0%BD%D1%82%D0%B0%D1%80%D0%B8%D0%B9&$expand=%D0%A2%D0%BE%D0%B2%D0%B0%D1%80%D1%8B%D0%A2%D0%B0%D0%B1%D0%BB%D0%B8%D1%87%D0%BD%D0%B0%D1%8F%D0%A7%D0%B0%D1%81%D1%82%D1%8C&$top=500&$skip=0
[2026-07-29T11:54:48.624+0000] {local_task_job_runner.py:266} INFO - Task exited with return code 1
[2026-07-29T11:54:48.640+0000] {taskinstance.py:3895} INFO - 0 downstream tasks scheduled from follow-on schedule check
[2026-07-29T11:54:48.641+0000] {local_task_job_runner.py:245} INFO - ::endgroup::
