[2026-07-13T18:20:31.324+0000] {local_task_job_runner.py:123} INFO - ::group::Pre task execution logs
[2026-07-13T18:20:31.331+0000] {taskinstance.py:2613} INFO - Dependencies all met for dep_context=non-requeueable deps ti=<TaskInstance: dag_extract_putevoy_list.extract_putevoy_list manual__2026-07-13T18:07:53+00:00 [queued]>
[2026-07-13T18:20:31.333+0000] {taskinstance.py:2613} INFO - Dependencies all met for dep_context=requeueable deps ti=<TaskInstance: dag_extract_putevoy_list.extract_putevoy_list manual__2026-07-13T18:07:53+00:00 [queued]>
[2026-07-13T18:20:31.333+0000] {taskinstance.py:2866} INFO - Starting attempt 1 of 3
[2026-07-13T18:20:31.336+0000] {taskinstance.py:2889} INFO - Executing <Task(PythonOperator): extract_putevoy_list> on 2026-07-13 18:07:53+00:00
[2026-07-13T18:20:31.338+0000] {standard_task_runner.py:72} INFO - Started process 66285 to run task
[2026-07-13T18:20:31.339+0000] {standard_task_runner.py:104} INFO - Running: ['***', 'tasks', 'run', 'dag_extract_putevoy_list', 'extract_putevoy_list', 'manual__2026-07-13T18:07:53+00:00', '--job-id', '637', '--raw', '--subdir', 'DAGS_FOLDER/dag_extract_putevoy_list.py', '--cfg-path', '/tmp/tmphguwi7h5']
[2026-07-13T18:20:31.340+0000] {standard_task_runner.py:105} INFO - Job 637: Subtask extract_putevoy_list
[2026-07-13T18:20:31.356+0000] {task_command.py:467} INFO - Running <TaskInstance: dag_extract_putevoy_list.extract_putevoy_list manual__2026-07-13T18:07:53+00:00 [running]> on host ce016640a6d7
[2026-07-13T18:20:31.381+0000] {taskinstance.py:3132} INFO - Exporting env vars: AIRFLOW_CTX_DAG_OWNER='bi' AIRFLOW_CTX_DAG_ID='dag_extract_putevoy_list' AIRFLOW_CTX_TASK_ID='extract_putevoy_list' AIRFLOW_CTX_EXECUTION_DATE='2026-07-13T18:07:53+00:00' AIRFLOW_CTX_TRY_NUMBER='1' AIRFLOW_CTX_DAG_RUN_ID='manual__2026-07-13T18:07:53+00:00'
[2026-07-13T18:20:31.381+0000] {taskinstance.py:731} INFO - ::endgroup::
[2026-07-13T18:20:31.442+0000] {taskinstance.py:3311} ERROR - Task failed with exception
Traceback (most recent call last):
  File "/home/airflow/.local/lib/python3.11/site-packages/airflow/models/taskinstance.py", line 767, in _execute_task
    result = _execute_callable(context=context, **execute_callable_kwargs)
             ^^^^^^^^^^^^^^^^^^^^^^^^^^^^^^^^^^^^^^^^^^^^^^^^^^^^^^^^^^^^^
  File "/home/airflow/.local/lib/python3.11/site-packages/airflow/models/taskinstance.py", line 733, in _execute_callable
    return ExecutionCallableRunner(
           ^^^^^^^^^^^^^^^^^^^^^^^^
  File "/home/airflow/.local/lib/python3.11/site-packages/airflow/utils/operator_helpers.py", line 252, in run
    return self.func(*args, **kwargs)
           ^^^^^^^^^^^^^^^^^^^^^^^^^^
  File "/home/airflow/.local/lib/python3.11/site-packages/airflow/models/baseoperator.py", line 417, in wrapper
    return func(self, *args, **kwargs)
           ^^^^^^^^^^^^^^^^^^^^^^^^^^^
  File "/home/airflow/.local/lib/python3.11/site-packages/airflow/operators/python.py", line 238, in execute
    return_value = self.execute_callable()
                   ^^^^^^^^^^^^^^^^^^^^^^^
  File "/home/airflow/.local/lib/python3.11/site-packages/airflow/operators/python.py", line 256, in execute_callable
    return runner.run(*self.op_args, **self.op_kwargs)
           ^^^^^^^^^^^^^^^^^^^^^^^^^^^^^^^^^^^^^^^^^^^
  File "/home/airflow/.local/lib/python3.11/site-packages/airflow/utils/operator_helpers.py", line 252, in run
    return self.func(*args, **kwargs)
           ^^^^^^^^^^^^^^^^^^^^^^^^^^
  File "/opt/airflow/dags/dag_extract_putevoy_list.py", line 63, in _extract_docs
    resp.raise_for_status()
  File "/home/airflow/.local/lib/python3.11/site-packages/requests/models.py", line 1024, in raise_for_status
    raise HTTPError(http_error_msg, response=self)
requests.exceptions.HTTPError: 404 Client Error: Not Found for url: http://10.50.254.22/ld_erp_ibOdata/odata/standard.odata/Document_%D0%90%D0%BF%D0%BA%D0%9F%D1%83%D1%82%D0%B5%D0%B2%D0%BE%D0%B9%D0%9B%D0%B8%D1%81%D1%82%D0%A2%D1%80%D0%B0%D0%BA%D1%82%D0%BE%D1%80%D0%B8%D1%81%D1%82%D0%B0?$format=json&$filter=Date%20ge%20datetime'2026-07-11T18:20:31'&$select=Ref_Key,DeletionMark,Posted,Number,Date,%D0%94%D0%B0%D1%82%D0%B0%D0%9D%D0%B0%D1%87%D0%B0%D0%BB%D0%B0,%D0%94%D0%B0%D1%82%D0%B0%D0%9E%D0%BA%D0%BE%D0%BD%D1%87%D0%B0%D0%BD%D0%B8%D1%8F,%D0%A2%D0%B5%D1%85%D0%BD%D0%B8%D0%BA%D0%B0_Key,%D0%9C%D0%BE%D0%B4%D0%B5%D0%BB%D1%8C%D0%A2%D0%B5%D1%85%D0%BD%D0%B8%D0%BA%D0%B8_Key,%D0%92%D0%BE%D0%B4%D0%B8%D1%82%D0%B5%D0%BB%D1%8C_Key,%D0%9D%D0%B0%D1%80%D0%B0%D0%B1%D0%BE%D1%82%D0%BA%D0%B0%D0%9C%D0%BE%D1%82%D0%BE%D0%A7%D0%B0%D1%81%D1%8B,%D0%9F%D1%80%D0%BE%D0%B1%D0%B5%D0%B3%D0%9A%D0%BC,%D0%A2%D0%BE%D0%BF%D0%BB%D0%B8%D0%B2%D0%BE%D0%92%D1%8B%D0%B4%D0%B0%D0%BD%D0%BE,%D0%A2%D0%BE%D0%BF%D0%BB%D0%B8%D0%B2%D0%BE%D0%92%D0%BE%D0%B7%D0%B2%D1%80%D0%B0%D1%82,%D0%9A%D0%BE%D0%BC%D0%BC%D0%B5%D0%BD%D1%82%D0%B0%D1%80%D0%B8%D0%B9&$expand=%D0%A0%D0%B0%D0%B1%D0%BE%D1%82%D1%8B%D0%A2%D0%B0%D0%B1%D0%BB%D0%B8%D1%87%D0%BD%D0%B0%D1%8F%D0%A7%D0%B0%D1%81%D1%82%D1%8C&$top=500&$skip=0
[2026-07-13T18:20:31.447+0000] {taskinstance.py:1225} INFO - Marking task as UP_FOR_RETRY. dag_id=dag_extract_putevoy_list, task_id=extract_putevoy_list, run_id=manual__2026-07-13T18:07:53+00:00, execution_date=20260713T180753, start_date=20260713T182031, end_date=20260713T182031
[2026-07-13T18:20:31.451+0000] {taskinstance.py:340} INFO - ::group::Post task execution logs
[2026-07-13T18:20:31.451+0000] {standard_task_runner.py:124} ERROR - Failed to execute job 637 for task extract_putevoy_list (404 Client Error: Not Found for url: http://10.50.254.22/ld_erp_ibOdata/odata/standard.odata/Document_%D0%90%D0%BF%D0%BA%D0%9F%D1%83%D1%82%D0%B5%D0%B2%D0%BE%D0%B9%D0%9B%D0%B8%D1%81%D1%82%D0%A2%D1%80%D0%B0%D0%BA%D1%82%D0%BE%D1%80%D0%B8%D1%81%D1%82%D0%B0?$format=json&$filter=Date%20ge%20datetime'2026-07-11T18:20:31'&$select=Ref_Key,DeletionMark,Posted,Number,Date,%D0%94%D0%B0%D1%82%D0%B0%D0%9D%D0%B0%D1%87%D0%B0%D0%BB%D0%B0,%D0%94%D0%B0%D1%82%D0%B0%D0%9E%D0%BA%D0%BE%D0%BD%D1%87%D0%B0%D0%BD%D0%B8%D1%8F,%D0%A2%D0%B5%D1%85%D0%BD%D0%B8%D0%BA%D0%B0_Key,%D0%9C%D0%BE%D0%B4%D0%B5%D0%BB%D1%8C%D0%A2%D0%B5%D1%85%D0%BD%D0%B8%D0%BA%D0%B8_Key,%D0%92%D0%BE%D0%B4%D0%B8%D1%82%D0%B5%D0%BB%D1%8C_Key,%D0%9D%D0%B0%D1%80%D0%B0%D0%B1%D0%BE%D1%82%D0%BA%D0%B0%D0%9C%D0%BE%D1%82%D0%BE%D0%A7%D0%B0%D1%81%D1%8B,%D0%9F%D1%80%D0%BE%D0%B1%D0%B5%D0%B3%D0%9A%D0%BC,%D0%A2%D0%BE%D0%BF%D0%BB%D0%B8%D0%B2%D0%BE%D0%92%D1%8B%D0%B4%D0%B0%D0%BD%D0%BE,%D0%A2%D0%BE%D0%BF%D0%BB%D0%B8%D0%B2%D0%BE%D0%92%D0%BE%D0%B7%D0%B2%D1%80%D0%B0%D1%82,%D0%9A%D0%BE%D0%BC%D0%BC%D0%B5%D0%BD%D1%82%D0%B0%D1%80%D0%B8%D0%B9&$expand=%D0%A0%D0%B0%D0%B1%D0%BE%D1%82%D1%8B%D0%A2%D0%B0%D0%B1%D0%BB%D0%B8%D1%87%D0%BD%D0%B0%D1%8F%D0%A7%D0%B0%D1%81%D1%82%D1%8C&$top=500&$skip=0; 66285)
Traceback (most recent call last):
  File "/home/airflow/.local/lib/python3.11/site-packages/airflow/task/task_runner/standard_task_runner.py", line 117, in _start_by_fork
    ret = args.func(args, dag=self.dag)
          ^^^^^^^^^^^^^^^^^^^^^^^^^^^^^
  File "/home/airflow/.local/lib/python3.11/site-packages/airflow/cli/cli_config.py", line 49, in command
    return func(*args, **kwargs)
           ^^^^^^^^^^^^^^^^^^^^^
  File "/home/airflow/.local/lib/python3.11/site-packages/airflow/utils/cli.py", line 116, in wrapper
    return f(*args, **kwargs)
           ^^^^^^^^^^^^^^^^^^
  File "/home/airflow/.local/lib/python3.11/site-packages/airflow/cli/commands/task_command.py", line 483, in task_run
    task_return_code = _run_task_by_selected_method(args, _dag, ti)
                       ^^^^^^^^^^^^^^^^^^^^^^^^^^^^^^^^^^^^^^^^^^^^
  File "/home/airflow/.local/lib/python3.11/site-packages/airflow/cli/commands/task_command.py", line 256, in _run_task_by_selected_method
    return _run_raw_task(args, ti)
           ^^^^^^^^^^^^^^^^^^^^^^^
  File "/home/airflow/.local/lib/python3.11/site-packages/airflow/cli/commands/task_command.py", line 341, in _run_raw_task
    return ti._run_raw_task(
           ^^^^^^^^^^^^^^^^^
  File "/home/airflow/.local/lib/python3.11/site-packages/airflow/utils/session.py", line 97, in wrapper
    return func(*args, session=session, **kwargs)
           ^^^^^^^^^^^^^^^^^^^^^^^^^^^^^^^^^^^^^^
  File "/home/airflow/.local/lib/python3.11/site-packages/airflow/models/taskinstance.py", line 3005, in _run_raw_task
    return _run_raw_task(
           ^^^^^^^^^^^^^^
  File "/home/airflow/.local/lib/python3.11/site-packages/airflow/models/taskinstance.py", line 273, in _run_raw_task
    TaskInstance._execute_task_with_callbacks(
  File "/home/airflow/.local/lib/python3.11/site-packages/airflow/models/taskinstance.py", line 3159, in _execute_task_with_callbacks
    result = self._execute_task(context, task_orig)
             ^^^^^^^^^^^^^^^^^^^^^^^^^^^^^^^^^^^^^^
  File "/home/airflow/.local/lib/python3.11/site-packages/airflow/models/taskinstance.py", line 3183, in _execute_task
    return _execute_task(self, context, task_orig)
           ^^^^^^^^^^^^^^^^^^^^^^^^^^^^^^^^^^^^^^^
  File "/home/airflow/.local/lib/python3.11/site-packages/airflow/models/taskinstance.py", line 767, in _execute_task
    result = _execute_callable(context=context, **execute_callable_kwargs)
             ^^^^^^^^^^^^^^^^^^^^^^^^^^^^^^^^^^^^^^^^^^^^^^^^^^^^^^^^^^^^^
  File "/home/airflow/.local/lib/python3.11/site-packages/airflow/models/taskinstance.py", line 733, in _execute_callable
    return ExecutionCallableRunner(
           ^^^^^^^^^^^^^^^^^^^^^^^^
  File "/home/airflow/.local/lib/python3.11/site-packages/airflow/utils/operator_helpers.py", line 252, in run
    return self.func(*args, **kwargs)
           ^^^^^^^^^^^^^^^^^^^^^^^^^^
  File "/home/airflow/.local/lib/python3.11/site-packages/airflow/models/baseoperator.py", line 417, in wrapper
    return func(self, *args, **kwargs)
           ^^^^^^^^^^^^^^^^^^^^^^^^^^^
  File "/home/airflow/.local/lib/python3.11/site-packages/airflow/operators/python.py", line 238, in execute
    return_value = self.execute_callable()
                   ^^^^^^^^^^^^^^^^^^^^^^^
  File "/home/airflow/.local/lib/python3.11/site-packages/airflow/operators/python.py", line 256, in execute_callable
    return runner.run(*self.op_args, **self.op_kwargs)
           ^^^^^^^^^^^^^^^^^^^^^^^^^^^^^^^^^^^^^^^^^^^
  File "/home/airflow/.local/lib/python3.11/site-packages/airflow/utils/operator_helpers.py", line 252, in run
    return self.func(*args, **kwargs)
           ^^^^^^^^^^^^^^^^^^^^^^^^^^
  File "/opt/airflow/dags/dag_extract_putevoy_list.py", line 63, in _extract_docs
    resp.raise_for_status()
  File "/home/airflow/.local/lib/python3.11/site-packages/requests/models.py", line 1024, in raise_for_status
    raise HTTPError(http_error_msg, response=self)
requests.exceptions.HTTPError: 404 Client Error: Not Found for url: http://10.50.254.22/ld_erp_ibOdata/odata/standard.odata/Document_%D0%90%D0%BF%D0%BA%D0%9F%D1%83%D1%82%D0%B5%D0%B2%D0%BE%D0%B9%D0%9B%D0%B8%D1%81%D1%82%D0%A2%D1%80%D0%B0%D0%BA%D1%82%D0%BE%D1%80%D0%B8%D1%81%D1%82%D0%B0?$format=json&$filter=Date%20ge%20datetime'2026-07-11T18:20:31'&$select=Ref_Key,DeletionMark,Posted,Number,Date,%D0%94%D0%B0%D1%82%D0%B0%D0%9D%D0%B0%D1%87%D0%B0%D0%BB%D0%B0,%D0%94%D0%B0%D1%82%D0%B0%D0%9E%D0%BA%D0%BE%D0%BD%D1%87%D0%B0%D0%BD%D0%B8%D1%8F,%D0%A2%D0%B5%D1%85%D0%BD%D0%B8%D0%BA%D0%B0_Key,%D0%9C%D0%BE%D0%B4%D0%B5%D0%BB%D1%8C%D0%A2%D0%B5%D1%85%D0%BD%D0%B8%D0%BA%D0%B8_Key,%D0%92%D0%BE%D0%B4%D0%B8%D1%82%D0%B5%D0%BB%D1%8C_Key,%D0%9D%D0%B0%D1%80%D0%B0%D0%B1%D0%BE%D1%82%D0%BA%D0%B0%D0%9C%D0%BE%D1%82%D0%BE%D0%A7%D0%B0%D1%81%D1%8B,%D0%9F%D1%80%D0%BE%D0%B1%D0%B5%D0%B3%D0%9A%D0%BC,%D0%A2%D0%BE%D0%BF%D0%BB%D0%B8%D0%B2%D0%BE%D0%92%D1%8B%D0%B4%D0%B0%D0%BD%D0%BE,%D0%A2%D0%BE%D0%BF%D0%BB%D0%B8%D0%B2%D0%BE%D0%92%D0%BE%D0%B7%D0%B2%D1%80%D0%B0%D1%82,%D0%9A%D0%BE%D0%BC%D0%BC%D0%B5%D0%BD%D1%82%D0%B0%D1%80%D0%B8%D0%B9&$expand=%D0%A0%D0%B0%D0%B1%D0%BE%D1%82%D1%8B%D0%A2%D0%B0%D0%B1%D0%BB%D0%B8%D1%87%D0%BD%D0%B0%D1%8F%D0%A7%D0%B0%D1%81%D1%82%D1%8C&$top=500&$skip=0
[2026-07-13T18:20:31.483+0000] {local_task_job_runner.py:266} INFO - Task exited with return code 1
[2026-07-13T18:20:31.492+0000] {taskinstance.py:3895} INFO - 0 downstream tasks scheduled from follow-on schedule check
[2026-07-13T18:20:31.492+0000] {local_task_job_runner.py:245} INFO - ::endgroup::
