[2026-07-31T01:18:14.132+0000] {local_task_job_runner.py:123} INFO - ::group::Pre task execution logs
[2026-07-31T01:18:14.138+0000] {taskinstance.py:2613} INFO - Dependencies all met for dep_context=non-requeueable deps ti=<TaskInstance: dag_extract_catalogs.load_upakovki scheduled__2026-07-30T01:00:00+00:00 [queued]>
[2026-07-31T01:18:14.140+0000] {taskinstance.py:2613} INFO - Dependencies all met for dep_context=requeueable deps ti=<TaskInstance: dag_extract_catalogs.load_upakovki scheduled__2026-07-30T01:00:00+00:00 [queued]>
[2026-07-31T01:18:14.140+0000] {taskinstance.py:2866} INFO - Starting attempt 1 of 3
[2026-07-31T01:18:14.143+0000] {taskinstance.py:2889} INFO - Executing <Task(PythonOperator): load_upakovki> on 2026-07-30 01:00:00+00:00
[2026-07-31T01:18:14.145+0000] {standard_task_runner.py:72} INFO - Started process 85862 to run task
[2026-07-31T01:18:14.146+0000] {standard_task_runner.py:104} INFO - Running: ['***', 'tasks', 'run', 'dag_extract_catalogs', 'load_upakovki', 'scheduled__2026-07-30T01:00:00+00:00', '--job-id', '1885', '--raw', '--subdir', 'DAGS_FOLDER/dag_extract_catalogs.py', '--cfg-path', '/tmp/tmp2nv62mwg']
[2026-07-31T01:18:14.147+0000] {standard_task_runner.py:105} INFO - Job 1885: Subtask load_upakovki
[2026-07-31T01:18:14.165+0000] {task_command.py:467} INFO - Running <TaskInstance: dag_extract_catalogs.load_upakovki scheduled__2026-07-30T01:00:00+00:00 [running]> on host ce016640a6d7
[2026-07-31T01:18:14.192+0000] {taskinstance.py:3132} INFO - Exporting env vars: AIRFLOW_CTX_DAG_OWNER='bi' AIRFLOW_CTX_DAG_ID='dag_extract_catalogs' AIRFLOW_CTX_TASK_ID='load_upakovki' AIRFLOW_CTX_EXECUTION_DATE='2026-07-30T01:00:00+00:00' AIRFLOW_CTX_TRY_NUMBER='1' AIRFLOW_CTX_DAG_RUN_ID='scheduled__2026-07-30T01:00:00+00:00'
[2026-07-31T01:18:14.192+0000] {taskinstance.py:731} INFO - ::endgroup::
[2026-07-31T01:18:14.204+0000] {base.py:84} INFO - Retrieving connection 'postgres_dwh'
[2026-07-31T01:18:14.207+0000] {taskinstance.py:3311} ERROR - Task failed with exception
Traceback (most recent call last):
  File "/home/airflow/.local/lib/python3.11/site-packages/airflow/models/taskinstance.py", line 767, in _execute_task
    result = _execute_callable(context=context, **execute_callable_kwargs)
             ^^^^^^^^^^^^^^^^^^^^^^^^^^^^^^^^^^^^^^^^^^^^^^^^^^^^^^^^^^^^^
  File "/home/airflow/.local/lib/python3.11/site-packages/airflow/models/taskinstance.py", line 733, in _execute_callable
    return ExecutionCallableRunner(
           ^^^^^^^^^^^^^^^^^^^^^^^^
  File "/home/airflow/.local/lib/python3.11/site-packages/airflow/utils/operator_helpers.py", line 252, in run
    return self.func(*args, **kwargs)
           ^^^^^^^^^^^^^^^^^^^^^^^^^^
  File "/home/airflow/.local/lib/python3.11/site-packages/airflow/models/baseoperator.py", line 417, in wrapper
    return func(self, *args, **kwargs)
           ^^^^^^^^^^^^^^^^^^^^^^^^^^^
  File "/home/airflow/.local/lib/python3.11/site-packages/airflow/operators/python.py", line 238, in execute
    return_value = self.execute_callable()
                   ^^^^^^^^^^^^^^^^^^^^^^^
  File "/home/airflow/.local/lib/python3.11/site-packages/airflow/operators/python.py", line 256, in execute_callable
    return runner.run(*self.op_args, **self.op_kwargs)
           ^^^^^^^^^^^^^^^^^^^^^^^^^^^^^^^^^^^^^^^^^^^
  File "/home/airflow/.local/lib/python3.11/site-packages/airflow/utils/operator_helpers.py", line 252, in run
    return self.func(*args, **kwargs)
           ^^^^^^^^^^^^^^^^^^^^^^^^^^
  File "/opt/airflow/dags/dag_extract_catalogs.py", line 78, in _load_upakovki
    conn = pg.get_conn(); cur = conn.cursor(); cur.executemany(sql, rows); conn.commit(); cur.close(); conn.close()
                                               ^^^^^^^^^^^^^^^^^^^^^^^^^^
psycopg2.errors.UndefinedTable: relation "raw.r1c_upakovki" does not exist
LINE 1: INSERT INTO raw.r1c_upakovki (_id,_deletionmark,description,...
                    ^

[2026-07-31T01:18:14.212+0000] {taskinstance.py:1225} INFO - Marking task as UP_FOR_RETRY. dag_id=dag_extract_catalogs, task_id=load_upakovki, run_id=scheduled__2026-07-30T01:00:00+00:00, execution_date=20260730T010000, start_date=20260731T011814, end_date=20260731T011814
[2026-07-31T01:18:14.215+0000] {taskinstance.py:340} INFO - ::group::Post task execution logs
[2026-07-31T01:18:14.216+0000] {standard_task_runner.py:124} ERROR - Failed to execute job 1885 for task load_upakovki (relation "raw.r1c_upakovki" does not exist
LINE 1: INSERT INTO raw.r1c_upakovki (_id,_deletionmark,description,...
                    ^
; 85862)
Traceback (most recent call last):
  File "/home/airflow/.local/lib/python3.11/site-packages/airflow/task/task_runner/standard_task_runner.py", line 117, in _start_by_fork
    ret = args.func(args, dag=self.dag)
          ^^^^^^^^^^^^^^^^^^^^^^^^^^^^^
  File "/home/airflow/.local/lib/python3.11/site-packages/airflow/cli/cli_config.py", line 49, in command
    return func(*args, **kwargs)
           ^^^^^^^^^^^^^^^^^^^^^
  File "/home/airflow/.local/lib/python3.11/site-packages/airflow/utils/cli.py", line 116, in wrapper
    return f(*args, **kwargs)
           ^^^^^^^^^^^^^^^^^^
  File "/home/airflow/.local/lib/python3.11/site-packages/airflow/cli/commands/task_command.py", line 483, in task_run
    task_return_code = _run_task_by_selected_method(args, _dag, ti)
                       ^^^^^^^^^^^^^^^^^^^^^^^^^^^^^^^^^^^^^^^^^^^^
  File "/home/airflow/.local/lib/python3.11/site-packages/airflow/cli/commands/task_command.py", line 256, in _run_task_by_selected_method
    return _run_raw_task(args, ti)
           ^^^^^^^^^^^^^^^^^^^^^^^
  File "/home/airflow/.local/lib/python3.11/site-packages/airflow/cli/commands/task_command.py", line 341, in _run_raw_task
    return ti._run_raw_task(
           ^^^^^^^^^^^^^^^^^
  File "/home/airflow/.local/lib/python3.11/site-packages/airflow/utils/session.py", line 97, in wrapper
    return func(*args, session=session, **kwargs)
           ^^^^^^^^^^^^^^^^^^^^^^^^^^^^^^^^^^^^^^
  File "/home/airflow/.local/lib/python3.11/site-packages/airflow/models/taskinstance.py", line 3005, in _run_raw_task
    return _run_raw_task(
           ^^^^^^^^^^^^^^
  File "/home/airflow/.local/lib/python3.11/site-packages/airflow/models/taskinstance.py", line 273, in _run_raw_task
    TaskInstance._execute_task_with_callbacks(
  File "/home/airflow/.local/lib/python3.11/site-packages/airflow/models/taskinstance.py", line 3159, in _execute_task_with_callbacks
    result = self._execute_task(context, task_orig)
             ^^^^^^^^^^^^^^^^^^^^^^^^^^^^^^^^^^^^^^
  File "/home/airflow/.local/lib/python3.11/site-packages/airflow/models/taskinstance.py", line 3183, in _execute_task
    return _execute_task(self, context, task_orig)
           ^^^^^^^^^^^^^^^^^^^^^^^^^^^^^^^^^^^^^^^
  File "/home/airflow/.local/lib/python3.11/site-packages/airflow/models/taskinstance.py", line 767, in _execute_task
    result = _execute_callable(context=context, **execute_callable_kwargs)
             ^^^^^^^^^^^^^^^^^^^^^^^^^^^^^^^^^^^^^^^^^^^^^^^^^^^^^^^^^^^^^
  File "/home/airflow/.local/lib/python3.11/site-packages/airflow/models/taskinstance.py", line 733, in _execute_callable
    return ExecutionCallableRunner(
           ^^^^^^^^^^^^^^^^^^^^^^^^
  File "/home/airflow/.local/lib/python3.11/site-packages/airflow/utils/operator_helpers.py", line 252, in run
    return self.func(*args, **kwargs)
           ^^^^^^^^^^^^^^^^^^^^^^^^^^
  File "/home/airflow/.local/lib/python3.11/site-packages/airflow/models/baseoperator.py", line 417, in wrapper
    return func(self, *args, **kwargs)
           ^^^^^^^^^^^^^^^^^^^^^^^^^^^
  File "/home/airflow/.local/lib/python3.11/site-packages/airflow/operators/python.py", line 238, in execute
    return_value = self.execute_callable()
                   ^^^^^^^^^^^^^^^^^^^^^^^
  File "/home/airflow/.local/lib/python3.11/site-packages/airflow/operators/python.py", line 256, in execute_callable
    return runner.run(*self.op_args, **self.op_kwargs)
           ^^^^^^^^^^^^^^^^^^^^^^^^^^^^^^^^^^^^^^^^^^^
  File "/home/airflow/.local/lib/python3.11/site-packages/airflow/utils/operator_helpers.py", line 252, in run
    return self.func(*args, **kwargs)
           ^^^^^^^^^^^^^^^^^^^^^^^^^^
  File "/opt/airflow/dags/dag_extract_catalogs.py", line 78, in _load_upakovki
    conn = pg.get_conn(); cur = conn.cursor(); cur.executemany(sql, rows); conn.commit(); cur.close(); conn.close()
                                               ^^^^^^^^^^^^^^^^^^^^^^^^^^
psycopg2.errors.UndefinedTable: relation "raw.r1c_upakovki" does not exist
LINE 1: INSERT INTO raw.r1c_upakovki (_id,_deletionmark,description,...
                    ^

[2026-07-31T01:18:14.247+0000] {local_task_job_runner.py:266} INFO - Task exited with return code 1
[2026-07-31T01:18:14.257+0000] {taskinstance.py:3895} INFO - 0 downstream tasks scheduled from follow-on schedule check
[2026-07-31T01:18:14.258+0000] {local_task_job_runner.py:245} INFO - ::endgroup::
