[2026-07-29T02:57:07.222+0000] {local_task_job_runner.py:123} INFO - ::group::Pre task execution logs
[2026-07-29T02:57:07.233+0000] {taskinstance.py:2613} INFO - Dependencies all met for dep_context=non-requeueable deps ti=<TaskInstance: dag_extract_catalogs.extract_sh_tehnika scheduled__2026-07-28T01:00:00+00:00 [queued]>
[2026-07-29T02:57:07.237+0000] {taskinstance.py:2613} INFO - Dependencies all met for dep_context=requeueable deps ti=<TaskInstance: dag_extract_catalogs.extract_sh_tehnika scheduled__2026-07-28T01:00:00+00:00 [queued]>
[2026-07-29T02:57:07.237+0000] {taskinstance.py:2866} INFO - Starting attempt 2 of 3
[2026-07-29T02:57:07.244+0000] {taskinstance.py:2889} INFO - Executing <Task(PythonOperator): extract_sh_tehnika> on 2026-07-28 01:00:00+00:00
[2026-07-29T02:57:07.247+0000] {standard_task_runner.py:72} INFO - Started process 82357 to run task
[2026-07-29T02:57:07.249+0000] {standard_task_runner.py:104} INFO - Running: ['***', 'tasks', 'run', 'dag_extract_catalogs', 'extract_sh_tehnika', 'scheduled__2026-07-28T01:00:00+00:00', '--job-id', '1791', '--raw', '--subdir', 'DAGS_FOLDER/dag_extract_catalogs.py', '--cfg-path', '/tmp/tmp70krlymn']
[2026-07-29T02:57:07.251+0000] {standard_task_runner.py:105} INFO - Job 1791: Subtask extract_sh_tehnika
[2026-07-29T02:57:07.282+0000] {task_command.py:467} INFO - Running <TaskInstance: dag_extract_catalogs.extract_sh_tehnika scheduled__2026-07-28T01:00:00+00:00 [running]> on host ce016640a6d7
[2026-07-29T02:57:07.332+0000] {taskinstance.py:3132} INFO - Exporting env vars: AIRFLOW_CTX_DAG_OWNER='bi' AIRFLOW_CTX_DAG_ID='dag_extract_catalogs' AIRFLOW_CTX_TASK_ID='extract_sh_tehnika' AIRFLOW_CTX_EXECUTION_DATE='2026-07-28T01:00:00+00:00' AIRFLOW_CTX_TRY_NUMBER='2' AIRFLOW_CTX_DAG_RUN_ID='scheduled__2026-07-28T01:00:00+00:00'
[2026-07-29T02:57:07.333+0000] {taskinstance.py:731} INFO - ::endgroup::
[2026-07-29T02:57:14.873+0000] {taskinstance.py:3311} ERROR - Task failed with exception
Traceback (most recent call last):
  File "/home/airflow/.local/lib/python3.11/site-packages/airflow/models/taskinstance.py", line 767, in _execute_task
    result = _execute_callable(context=context, **execute_callable_kwargs)
             ^^^^^^^^^^^^^^^^^^^^^^^^^^^^^^^^^^^^^^^^^^^^^^^^^^^^^^^^^^^^^
  File "/home/airflow/.local/lib/python3.11/site-packages/airflow/models/taskinstance.py", line 733, in _execute_callable
    return ExecutionCallableRunner(
           ^^^^^^^^^^^^^^^^^^^^^^^^
  File "/home/airflow/.local/lib/python3.11/site-packages/airflow/utils/operator_helpers.py", line 252, in run
    return self.func(*args, **kwargs)
           ^^^^^^^^^^^^^^^^^^^^^^^^^^
  File "/home/airflow/.local/lib/python3.11/site-packages/airflow/models/baseoperator.py", line 417, in wrapper
    return func(self, *args, **kwargs)
           ^^^^^^^^^^^^^^^^^^^^^^^^^^^
  File "/home/airflow/.local/lib/python3.11/site-packages/airflow/operators/python.py", line 238, in execute
    return_value = self.execute_callable()
                   ^^^^^^^^^^^^^^^^^^^^^^^
  File "/home/airflow/.local/lib/python3.11/site-packages/airflow/operators/python.py", line 256, in execute_callable
    return runner.run(*self.op_args, **self.op_kwargs)
           ^^^^^^^^^^^^^^^^^^^^^^^^^^^^^^^^^^^^^^^^^^^
  File "/home/airflow/.local/lib/python3.11/site-packages/airflow/utils/operator_helpers.py", line 252, in run
    return self.func(*args, **kwargs)
           ^^^^^^^^^^^^^^^^^^^^^^^^^^
  File "/opt/airflow/dags/dag_extract_catalogs.py", line 60, in _extract_sh_tehnika
    raw = _fetch_all(cfg, "Catalog_АпкМоделиСХТехники", "Ref_Key,DeletionMark,Description,Производитель,КлассТехники,Мощность")
          ^^^^^^^^^^^^^^^^^^^^^^^^^^^^^^^^^^^^^^^^^^^^^^^^^^^^^^^^^^^^^^^^^^^^^^^^^^^^^^^^^^^^^^^^^^^^^^^^^^^^^^^^^^^^^^^^^^^^^
  File "/opt/airflow/dags/dag_extract_catalogs.py", line 42, in _fetch_all
    resp.raise_for_status()
  File "/home/airflow/.local/lib/python3.11/site-packages/requests/models.py", line 1024, in raise_for_status
    raise HTTPError(http_error_msg, response=self)
requests.exceptions.HTTPError: 400 Client Error: Bad request for url: http://10.50.254.22/ld_erp_ibiOdata/odata/standard.odata/Catalog_%D0%90%D0%BF%D0%BA%D0%9C%D0%BE%D0%B4%D0%B5%D0%BB%D0%B8%D0%A1%D0%A5%D0%A2%D0%B5%D1%85%D0%BD%D0%B8%D0%BA%D0%B8?$format=json&$select=Ref_Key,DeletionMark,Description,%D0%9F%D1%80%D0%BE%D0%B8%D0%B7%D0%B2%D0%BE%D0%B4%D0%B8%D1%82%D0%B5%D0%BB%D1%8C,%D0%9A%D0%BB%D0%B0%D1%81%D1%81%D0%A2%D0%B5%D1%85%D0%BD%D0%B8%D0%BA%D0%B8,%D0%9C%D0%BE%D1%89%D0%BD%D0%BE%D1%81%D1%82%D1%8C&$top=500&$skip=0
[2026-07-29T02:57:14.911+0000] {taskinstance.py:1225} INFO - Marking task as UP_FOR_RETRY. dag_id=dag_extract_catalogs, task_id=extract_sh_tehnika, run_id=scheduled__2026-07-28T01:00:00+00:00, execution_date=20260728T010000, start_date=20260729T025707, end_date=20260729T025714
[2026-07-29T02:57:14.932+0000] {taskinstance.py:340} INFO - ::group::Post task execution logs
[2026-07-29T02:57:14.935+0000] {standard_task_runner.py:124} ERROR - Failed to execute job 1791 for task extract_sh_tehnika (400 Client Error: Bad request for url: http://10.50.254.22/ld_erp_ibiOdata/odata/standard.odata/Catalog_%D0%90%D0%BF%D0%BA%D0%9C%D0%BE%D0%B4%D0%B5%D0%BB%D0%B8%D0%A1%D0%A5%D0%A2%D0%B5%D1%85%D0%BD%D0%B8%D0%BA%D0%B8?$format=json&$select=Ref_Key,DeletionMark,Description,%D0%9F%D1%80%D0%BE%D0%B8%D0%B7%D0%B2%D0%BE%D0%B4%D0%B8%D1%82%D0%B5%D0%BB%D1%8C,%D0%9A%D0%BB%D0%B0%D1%81%D1%81%D0%A2%D0%B5%D1%85%D0%BD%D0%B8%D0%BA%D0%B8,%D0%9C%D0%BE%D1%89%D0%BD%D0%BE%D1%81%D1%82%D1%8C&$top=500&$skip=0; 82357)
Traceback (most recent call last):
  File "/home/airflow/.local/lib/python3.11/site-packages/airflow/task/task_runner/standard_task_runner.py", line 117, in _start_by_fork
    ret = args.func(args, dag=self.dag)
          ^^^^^^^^^^^^^^^^^^^^^^^^^^^^^
  File "/home/airflow/.local/lib/python3.11/site-packages/airflow/cli/cli_config.py", line 49, in command
    return func(*args, **kwargs)
           ^^^^^^^^^^^^^^^^^^^^^
  File "/home/airflow/.local/lib/python3.11/site-packages/airflow/utils/cli.py", line 116, in wrapper
    return f(*args, **kwargs)
           ^^^^^^^^^^^^^^^^^^
  File "/home/airflow/.local/lib/python3.11/site-packages/airflow/cli/commands/task_command.py", line 483, in task_run
    task_return_code = _run_task_by_selected_method(args, _dag, ti)
                       ^^^^^^^^^^^^^^^^^^^^^^^^^^^^^^^^^^^^^^^^^^^^
  File "/home/airflow/.local/lib/python3.11/site-packages/airflow/cli/commands/task_command.py", line 256, in _run_task_by_selected_method
    return _run_raw_task(args, ti)
           ^^^^^^^^^^^^^^^^^^^^^^^
  File "/home/airflow/.local/lib/python3.11/site-packages/airflow/cli/commands/task_command.py", line 341, in _run_raw_task
    return ti._run_raw_task(
           ^^^^^^^^^^^^^^^^^
  File "/home/airflow/.local/lib/python3.11/site-packages/airflow/utils/session.py", line 97, in wrapper
    return func(*args, session=session, **kwargs)
           ^^^^^^^^^^^^^^^^^^^^^^^^^^^^^^^^^^^^^^
  File "/home/airflow/.local/lib/python3.11/site-packages/airflow/models/taskinstance.py", line 3005, in _run_raw_task
    return _run_raw_task(
           ^^^^^^^^^^^^^^
  File "/home/airflow/.local/lib/python3.11/site-packages/airflow/models/taskinstance.py", line 273, in _run_raw_task
    TaskInstance._execute_task_with_callbacks(
  File "/home/airflow/.local/lib/python3.11/site-packages/airflow/models/taskinstance.py", line 3159, in _execute_task_with_callbacks
    result = self._execute_task(context, task_orig)
             ^^^^^^^^^^^^^^^^^^^^^^^^^^^^^^^^^^^^^^
  File "/home/airflow/.local/lib/python3.11/site-packages/airflow/models/taskinstance.py", line 3183, in _execute_task
    return _execute_task(self, context, task_orig)
           ^^^^^^^^^^^^^^^^^^^^^^^^^^^^^^^^^^^^^^^
  File "/home/airflow/.local/lib/python3.11/site-packages/airflow/models/taskinstance.py", line 767, in _execute_task
    result = _execute_callable(context=context, **execute_callable_kwargs)
             ^^^^^^^^^^^^^^^^^^^^^^^^^^^^^^^^^^^^^^^^^^^^^^^^^^^^^^^^^^^^^
  File "/home/airflow/.local/lib/python3.11/site-packages/airflow/models/taskinstance.py", line 733, in _execute_callable
    return ExecutionCallableRunner(
           ^^^^^^^^^^^^^^^^^^^^^^^^
  File "/home/airflow/.local/lib/python3.11/site-packages/airflow/utils/operator_helpers.py", line 252, in run
    return self.func(*args, **kwargs)
           ^^^^^^^^^^^^^^^^^^^^^^^^^^
  File "/home/airflow/.local/lib/python3.11/site-packages/airflow/models/baseoperator.py", line 417, in wrapper
    return func(self, *args, **kwargs)
           ^^^^^^^^^^^^^^^^^^^^^^^^^^^
  File "/home/airflow/.local/lib/python3.11/site-packages/airflow/operators/python.py", line 238, in execute
    return_value = self.execute_callable()
                   ^^^^^^^^^^^^^^^^^^^^^^^
  File "/home/airflow/.local/lib/python3.11/site-packages/airflow/operators/python.py", line 256, in execute_callable
    return runner.run(*self.op_args, **self.op_kwargs)
           ^^^^^^^^^^^^^^^^^^^^^^^^^^^^^^^^^^^^^^^^^^^
  File "/home/airflow/.local/lib/python3.11/site-packages/airflow/utils/operator_helpers.py", line 252, in run
    return self.func(*args, **kwargs)
           ^^^^^^^^^^^^^^^^^^^^^^^^^^
  File "/opt/airflow/dags/dag_extract_catalogs.py", line 60, in _extract_sh_tehnika
    raw = _fetch_all(cfg, "Catalog_АпкМоделиСХТехники", "Ref_Key,DeletionMark,Description,Производитель,КлассТехники,Мощность")
          ^^^^^^^^^^^^^^^^^^^^^^^^^^^^^^^^^^^^^^^^^^^^^^^^^^^^^^^^^^^^^^^^^^^^^^^^^^^^^^^^^^^^^^^^^^^^^^^^^^^^^^^^^^^^^^^^^^^^^
  File "/opt/airflow/dags/dag_extract_catalogs.py", line 42, in _fetch_all
    resp.raise_for_status()
  File "/home/airflow/.local/lib/python3.11/site-packages/requests/models.py", line 1024, in raise_for_status
    raise HTTPError(http_error_msg, response=self)
requests.exceptions.HTTPError: 400 Client Error: Bad request for url: http://10.50.254.22/ld_erp_ibiOdata/odata/standard.odata/Catalog_%D0%90%D0%BF%D0%BA%D0%9C%D0%BE%D0%B4%D0%B5%D0%BB%D0%B8%D0%A1%D0%A5%D0%A2%D0%B5%D1%85%D0%BD%D0%B8%D0%BA%D0%B8?$format=json&$select=Ref_Key,DeletionMark,Description,%D0%9F%D1%80%D0%BE%D0%B8%D0%B7%D0%B2%D0%BE%D0%B4%D0%B8%D1%82%D0%B5%D0%BB%D1%8C,%D0%9A%D0%BB%D0%B0%D1%81%D1%81%D0%A2%D0%B5%D1%85%D0%BD%D0%B8%D0%BA%D0%B8,%D0%9C%D0%BE%D1%89%D0%BD%D0%BE%D1%81%D1%82%D1%8C&$top=500&$skip=0
[2026-07-29T02:57:14.969+0000] {local_task_job_runner.py:266} INFO - Task exited with return code 1
[2026-07-29T02:57:15.011+0000] {taskinstance.py:3895} INFO - 0 downstream tasks scheduled from follow-on schedule check
[2026-07-29T02:57:15.014+0000] {local_task_job_runner.py:245} INFO - ::endgroup::
