[2026-08-09T00:11:53.923+0000] {processor.py:186} INFO - Started process (PID=8303) to work on /opt/airflow/dags/dag_extract_putevoy_list.py
[2026-08-09T00:11:53.924+0000] {processor.py:914} INFO - Processing file /opt/airflow/dags/dag_extract_putevoy_list.py for tasks to queue
[2026-08-09T00:11:53.925+0000] {logging_mixin.py:190} INFO - [2026-08-09T00:11:53.925+0000] {dagbag.py:588} INFO - Filling up the DagBag from /opt/airflow/dags/dag_extract_putevoy_list.py
[2026-08-09T00:11:53.935+0000] {processor.py:925} INFO - DAG(s) 'dag_extract_putevoy_list' retrieved from /opt/airflow/dags/dag_extract_putevoy_list.py
[2026-08-09T00:11:53.953+0000] {logging_mixin.py:190} INFO - [2026-08-09T00:11:53.953+0000] {dag.py:3239} INFO - Sync 1 DAGs
[2026-08-09T00:11:53.963+0000] {logging_mixin.py:190} INFO - [2026-08-09T00:11:53.963+0000] {dag.py:4180} INFO - Setting next_dagrun for dag_extract_putevoy_list to 2026-08-08 02:00:00+00:00, run_after=2026-08-09 02:00:00+00:00
[2026-08-09T00:11:53.970+0000] {processor.py:208} INFO - Processing /opt/airflow/dags/dag_extract_putevoy_list.py took 0.051 seconds
[2026-08-09T00:55:10.637+0000] {processor.py:186} INFO - Started process (PID=8326) to work on /opt/airflow/dags/dag_extract_putevoy_list.py
[2026-08-09T00:55:10.638+0000] {processor.py:914} INFO - Processing file /opt/airflow/dags/dag_extract_putevoy_list.py for tasks to queue
[2026-08-09T00:55:10.639+0000] {logging_mixin.py:190} INFO - [2026-08-09T00:55:10.638+0000] {dagbag.py:588} INFO - Filling up the DagBag from /opt/airflow/dags/dag_extract_putevoy_list.py
[2026-08-09T00:55:10.646+0000] {processor.py:925} INFO - DAG(s) 'dag_extract_putevoy_list' retrieved from /opt/airflow/dags/dag_extract_putevoy_list.py
[2026-08-09T00:55:10.658+0000] {logging_mixin.py:190} INFO - [2026-08-09T00:55:10.658+0000] {dag.py:3239} INFO - Sync 1 DAGs
[2026-08-09T00:55:10.668+0000] {logging_mixin.py:190} INFO - [2026-08-09T00:55:10.668+0000] {dag.py:4180} INFO - Setting next_dagrun for dag_extract_putevoy_list to 2026-08-08 02:00:00+00:00, run_after=2026-08-09 02:00:00+00:00
[2026-08-09T00:55:10.675+0000] {processor.py:208} INFO - Processing /opt/airflow/dags/dag_extract_putevoy_list.py took 0.042 seconds
[2026-08-09T01:10:28.570+0000] {processor.py:186} INFO - Started process (PID=8355) to work on /opt/airflow/dags/dag_extract_putevoy_list.py
[2026-08-09T01:10:28.571+0000] {processor.py:914} INFO - Processing file /opt/airflow/dags/dag_extract_putevoy_list.py for tasks to queue
[2026-08-09T01:10:28.571+0000] {logging_mixin.py:190} INFO - [2026-08-09T01:10:28.571+0000] {dagbag.py:588} INFO - Filling up the DagBag from /opt/airflow/dags/dag_extract_putevoy_list.py
[2026-08-09T01:10:28.578+0000] {processor.py:925} INFO - DAG(s) 'dag_extract_putevoy_list' retrieved from /opt/airflow/dags/dag_extract_putevoy_list.py
[2026-08-09T01:10:28.590+0000] {logging_mixin.py:190} INFO - [2026-08-09T01:10:28.590+0000] {dag.py:3239} INFO - Sync 1 DAGs
[2026-08-09T01:10:28.599+0000] {logging_mixin.py:190} INFO - [2026-08-09T01:10:28.599+0000] {dag.py:4180} INFO - Setting next_dagrun for dag_extract_putevoy_list to 2026-08-08 02:00:00+00:00, run_after=2026-08-09 02:00:00+00:00
[2026-08-09T01:10:28.605+0000] {processor.py:208} INFO - Processing /opt/airflow/dags/dag_extract_putevoy_list.py took 0.038 seconds
[2026-08-09T01:43:09.735+0000] {processor.py:186} INFO - Started process (PID=8375) to work on /opt/airflow/dags/dag_extract_putevoy_list.py
[2026-08-09T01:43:09.736+0000] {processor.py:914} INFO - Processing file /opt/airflow/dags/dag_extract_putevoy_list.py for tasks to queue
[2026-08-09T01:43:09.737+0000] {logging_mixin.py:190} INFO - [2026-08-09T01:43:09.737+0000] {dagbag.py:588} INFO - Filling up the DagBag from /opt/airflow/dags/dag_extract_putevoy_list.py
[2026-08-09T01:43:09.746+0000] {processor.py:925} INFO - DAG(s) 'dag_extract_putevoy_list' retrieved from /opt/airflow/dags/dag_extract_putevoy_list.py
[2026-08-09T01:43:09.759+0000] {logging_mixin.py:190} INFO - [2026-08-09T01:43:09.759+0000] {dag.py:3239} INFO - Sync 1 DAGs
[2026-08-09T01:43:09.771+0000] {logging_mixin.py:190} INFO - [2026-08-09T01:43:09.771+0000] {dag.py:4180} INFO - Setting next_dagrun for dag_extract_putevoy_list to 2026-08-08 02:00:00+00:00, run_after=2026-08-09 02:00:00+00:00
[2026-08-09T01:43:09.787+0000] {processor.py:208} INFO - Processing /opt/airflow/dags/dag_extract_putevoy_list.py took 0.055 seconds
[2026-08-09T01:59:32.755+0000] {processor.py:186} INFO - Started process (PID=8419) to work on /opt/airflow/dags/dag_extract_putevoy_list.py
[2026-08-09T01:59:32.756+0000] {processor.py:914} INFO - Processing file /opt/airflow/dags/dag_extract_putevoy_list.py for tasks to queue
[2026-08-09T01:59:32.756+0000] {logging_mixin.py:190} INFO - [2026-08-09T01:59:32.756+0000] {dagbag.py:588} INFO - Filling up the DagBag from /opt/airflow/dags/dag_extract_putevoy_list.py
[2026-08-09T01:59:32.761+0000] {processor.py:925} INFO - DAG(s) 'dag_extract_putevoy_list' retrieved from /opt/airflow/dags/dag_extract_putevoy_list.py
[2026-08-09T01:59:32.772+0000] {logging_mixin.py:190} INFO - [2026-08-09T01:59:32.771+0000] {dag.py:3239} INFO - Sync 1 DAGs
[2026-08-09T01:59:32.780+0000] {logging_mixin.py:190} INFO - [2026-08-09T01:59:32.780+0000] {dag.py:4180} INFO - Setting next_dagrun for dag_extract_putevoy_list to 2026-08-08 02:00:00+00:00, run_after=2026-08-09 02:00:00+00:00
[2026-08-09T01:59:32.786+0000] {processor.py:208} INFO - Processing /opt/airflow/dags/dag_extract_putevoy_list.py took 0.033 seconds
[2026-08-09T02:18:24.345+0000] {processor.py:186} INFO - Started process (PID=8445) to work on /opt/airflow/dags/dag_extract_putevoy_list.py
[2026-08-09T02:18:24.346+0000] {processor.py:914} INFO - Processing file /opt/airflow/dags/dag_extract_putevoy_list.py for tasks to queue
[2026-08-09T02:18:24.346+0000] {logging_mixin.py:190} INFO - [2026-08-09T02:18:24.346+0000] {dagbag.py:588} INFO - Filling up the DagBag from /opt/airflow/dags/dag_extract_putevoy_list.py
[2026-08-09T02:18:24.353+0000] {processor.py:925} INFO - DAG(s) 'dag_extract_putevoy_list' retrieved from /opt/airflow/dags/dag_extract_putevoy_list.py
[2026-08-09T02:18:24.365+0000] {logging_mixin.py:190} INFO - [2026-08-09T02:18:24.365+0000] {dag.py:3239} INFO - Sync 1 DAGs
[2026-08-09T02:18:24.380+0000] {processor.py:208} INFO - Processing /opt/airflow/dags/dag_extract_putevoy_list.py took 0.038 seconds
[2026-08-09T02:35:40.838+0000] {processor.py:186} INFO - Started process (PID=8465) to work on /opt/airflow/dags/dag_extract_putevoy_list.py
[2026-08-09T02:35:40.838+0000] {processor.py:914} INFO - Processing file /opt/airflow/dags/dag_extract_putevoy_list.py for tasks to queue
[2026-08-09T02:35:40.839+0000] {logging_mixin.py:190} INFO - [2026-08-09T02:35:40.839+0000] {dagbag.py:588} INFO - Filling up the DagBag from /opt/airflow/dags/dag_extract_putevoy_list.py
[2026-08-09T02:35:40.845+0000] {processor.py:925} INFO - DAG(s) 'dag_extract_putevoy_list' retrieved from /opt/airflow/dags/dag_extract_putevoy_list.py
[2026-08-09T02:35:40.860+0000] {logging_mixin.py:190} INFO - [2026-08-09T02:35:40.860+0000] {dag.py:3239} INFO - Sync 1 DAGs
[2026-08-09T02:35:40.875+0000] {processor.py:208} INFO - Processing /opt/airflow/dags/dag_extract_putevoy_list.py took 0.041 seconds
[2026-08-09T02:52:57.870+0000] {processor.py:186} INFO - Started process (PID=8491) to work on /opt/airflow/dags/dag_extract_putevoy_list.py
[2026-08-09T02:52:57.870+0000] {processor.py:914} INFO - Processing file /opt/airflow/dags/dag_extract_putevoy_list.py for tasks to queue
[2026-08-09T02:52:57.871+0000] {logging_mixin.py:190} INFO - [2026-08-09T02:52:57.871+0000] {dagbag.py:588} INFO - Filling up the DagBag from /opt/airflow/dags/dag_extract_putevoy_list.py
[2026-08-09T02:52:57.879+0000] {processor.py:925} INFO - DAG(s) 'dag_extract_putevoy_list' retrieved from /opt/airflow/dags/dag_extract_putevoy_list.py
[2026-08-09T02:52:57.892+0000] {logging_mixin.py:190} INFO - [2026-08-09T02:52:57.892+0000] {dag.py:3239} INFO - Sync 1 DAGs
[2026-08-09T02:52:57.909+0000] {processor.py:208} INFO - Processing /opt/airflow/dags/dag_extract_putevoy_list.py took 0.043 seconds
[2026-08-09T03:26:38.120+0000] {processor.py:186} INFO - Started process (PID=8511) to work on /opt/airflow/dags/dag_extract_putevoy_list.py
[2026-08-09T03:26:38.121+0000] {processor.py:914} INFO - Processing file /opt/airflow/dags/dag_extract_putevoy_list.py for tasks to queue
[2026-08-09T03:26:38.122+0000] {logging_mixin.py:190} INFO - [2026-08-09T03:26:38.121+0000] {dagbag.py:588} INFO - Filling up the DagBag from /opt/airflow/dags/dag_extract_putevoy_list.py
[2026-08-09T03:26:38.131+0000] {processor.py:925} INFO - DAG(s) 'dag_extract_putevoy_list' retrieved from /opt/airflow/dags/dag_extract_putevoy_list.py
[2026-08-09T03:26:38.145+0000] {logging_mixin.py:190} INFO - [2026-08-09T03:26:38.145+0000] {dag.py:3239} INFO - Sync 1 DAGs
[2026-08-09T03:26:38.162+0000] {processor.py:208} INFO - Processing /opt/airflow/dags/dag_extract_putevoy_list.py took 0.046 seconds
[2026-08-09T03:42:58.216+0000] {processor.py:186} INFO - Started process (PID=8537) to work on /opt/airflow/dags/dag_extract_putevoy_list.py
[2026-08-09T03:42:58.217+0000] {processor.py:914} INFO - Processing file /opt/airflow/dags/dag_extract_putevoy_list.py for tasks to queue
[2026-08-09T03:42:58.218+0000] {logging_mixin.py:190} INFO - [2026-08-09T03:42:58.218+0000] {dagbag.py:588} INFO - Filling up the DagBag from /opt/airflow/dags/dag_extract_putevoy_list.py
[2026-08-09T03:42:58.225+0000] {processor.py:925} INFO - DAG(s) 'dag_extract_putevoy_list' retrieved from /opt/airflow/dags/dag_extract_putevoy_list.py
[2026-08-09T03:42:58.239+0000] {logging_mixin.py:190} INFO - [2026-08-09T03:42:58.239+0000] {dag.py:3239} INFO - Sync 1 DAGs
[2026-08-09T03:42:58.250+0000] {logging_mixin.py:190} INFO - [2026-08-09T03:42:58.250+0000] {dag.py:4180} INFO - Setting next_dagrun for dag_extract_putevoy_list to 2026-08-09 02:00:00+00:00, run_after=2026-08-10 02:00:00+00:00
[2026-08-09T03:42:58.259+0000] {processor.py:208} INFO - Processing /opt/airflow/dags/dag_extract_putevoy_list.py took 0.047 seconds
[2026-08-09T04:00:08.261+0000] {processor.py:186} INFO - Started process (PID=8566) to work on /opt/airflow/dags/dag_extract_putevoy_list.py
[2026-08-09T04:00:08.263+0000] {processor.py:914} INFO - Processing file /opt/airflow/dags/dag_extract_putevoy_list.py for tasks to queue
[2026-08-09T04:00:08.264+0000] {logging_mixin.py:190} INFO - [2026-08-09T04:00:08.264+0000] {dagbag.py:588} INFO - Filling up the DagBag from /opt/airflow/dags/dag_extract_putevoy_list.py
[2026-08-09T04:00:08.274+0000] {processor.py:925} INFO - DAG(s) 'dag_extract_putevoy_list' retrieved from /opt/airflow/dags/dag_extract_putevoy_list.py
[2026-08-09T04:00:08.296+0000] {logging_mixin.py:190} INFO - [2026-08-09T04:00:08.296+0000] {dag.py:3239} INFO - Sync 1 DAGs
[2026-08-09T04:00:08.313+0000] {logging_mixin.py:190} INFO - [2026-08-09T04:00:08.313+0000] {dag.py:4180} INFO - Setting next_dagrun for dag_extract_putevoy_list to 2026-08-09 02:00:00+00:00, run_after=2026-08-10 02:00:00+00:00
[2026-08-09T04:00:08.326+0000] {processor.py:208} INFO - Processing /opt/airflow/dags/dag_extract_putevoy_list.py took 0.070 seconds
[2026-08-09T04:19:21.463+0000] {processor.py:186} INFO - Started process (PID=8607) to work on /opt/airflow/dags/dag_extract_putevoy_list.py
[2026-08-09T04:19:21.464+0000] {processor.py:914} INFO - Processing file /opt/airflow/dags/dag_extract_putevoy_list.py for tasks to queue
[2026-08-09T04:19:21.465+0000] {logging_mixin.py:190} INFO - [2026-08-09T04:19:21.465+0000] {dagbag.py:588} INFO - Filling up the DagBag from /opt/airflow/dags/dag_extract_putevoy_list.py
[2026-08-09T04:19:21.475+0000] {processor.py:925} INFO - DAG(s) 'dag_extract_putevoy_list' retrieved from /opt/airflow/dags/dag_extract_putevoy_list.py
[2026-08-09T04:19:21.494+0000] {logging_mixin.py:190} INFO - [2026-08-09T04:19:21.494+0000] {dag.py:3239} INFO - Sync 1 DAGs
[2026-08-09T04:19:21.516+0000] {logging_mixin.py:190} INFO - [2026-08-09T04:19:21.516+0000] {dag.py:4180} INFO - Setting next_dagrun for dag_extract_putevoy_list to 2026-08-09 02:00:00+00:00, run_after=2026-08-10 02:00:00+00:00
[2026-08-09T04:19:21.524+0000] {processor.py:208} INFO - Processing /opt/airflow/dags/dag_extract_putevoy_list.py took 0.066 seconds
[2026-08-09T04:35:36.939+0000] {processor.py:186} INFO - Started process (PID=8627) to work on /opt/airflow/dags/dag_extract_putevoy_list.py
[2026-08-09T04:35:36.940+0000] {processor.py:914} INFO - Processing file /opt/airflow/dags/dag_extract_putevoy_list.py for tasks to queue
[2026-08-09T04:35:36.940+0000] {logging_mixin.py:190} INFO - [2026-08-09T04:35:36.940+0000] {dagbag.py:588} INFO - Filling up the DagBag from /opt/airflow/dags/dag_extract_putevoy_list.py
[2026-08-09T04:35:36.949+0000] {processor.py:925} INFO - DAG(s) 'dag_extract_putevoy_list' retrieved from /opt/airflow/dags/dag_extract_putevoy_list.py
[2026-08-09T04:35:36.965+0000] {logging_mixin.py:190} INFO - [2026-08-09T04:35:36.965+0000] {dag.py:3239} INFO - Sync 1 DAGs
[2026-08-09T04:35:36.975+0000] {logging_mixin.py:190} INFO - [2026-08-09T04:35:36.975+0000] {dag.py:4180} INFO - Setting next_dagrun for dag_extract_putevoy_list to 2026-08-09 02:00:00+00:00, run_after=2026-08-10 02:00:00+00:00
[2026-08-09T04:35:36.984+0000] {processor.py:208} INFO - Processing /opt/airflow/dags/dag_extract_putevoy_list.py took 0.048 seconds
[2026-08-09T05:07:56.652+0000] {processor.py:186} INFO - Started process (PID=8650) to work on /opt/airflow/dags/dag_extract_putevoy_list.py
[2026-08-09T05:07:56.653+0000] {processor.py:914} INFO - Processing file /opt/airflow/dags/dag_extract_putevoy_list.py for tasks to queue
[2026-08-09T05:07:56.654+0000] {logging_mixin.py:190} INFO - [2026-08-09T05:07:56.654+0000] {dagbag.py:588} INFO - Filling up the DagBag from /opt/airflow/dags/dag_extract_putevoy_list.py
[2026-08-09T05:07:56.666+0000] {processor.py:925} INFO - DAG(s) 'dag_extract_putevoy_list' retrieved from /opt/airflow/dags/dag_extract_putevoy_list.py
[2026-08-09T05:07:56.685+0000] {logging_mixin.py:190} INFO - [2026-08-09T05:07:56.685+0000] {dag.py:3239} INFO - Sync 1 DAGs
[2026-08-09T05:07:56.696+0000] {logging_mixin.py:190} INFO - [2026-08-09T05:07:56.696+0000] {dag.py:4180} INFO - Setting next_dagrun for dag_extract_putevoy_list to 2026-08-09 02:00:00+00:00, run_after=2026-08-10 02:00:00+00:00
[2026-08-09T05:07:56.705+0000] {processor.py:208} INFO - Processing /opt/airflow/dags/dag_extract_putevoy_list.py took 0.057 seconds
[2026-08-09T05:37:57.592+0000] {processor.py:186} INFO - Started process (PID=8675) to work on /opt/airflow/dags/dag_extract_putevoy_list.py
[2026-08-09T05:37:57.592+0000] {processor.py:914} INFO - Processing file /opt/airflow/dags/dag_extract_putevoy_list.py for tasks to queue
[2026-08-09T05:37:57.593+0000] {logging_mixin.py:190} INFO - [2026-08-09T05:37:57.593+0000] {dagbag.py:588} INFO - Filling up the DagBag from /opt/airflow/dags/dag_extract_putevoy_list.py
[2026-08-09T05:37:57.600+0000] {processor.py:925} INFO - DAG(s) 'dag_extract_putevoy_list' retrieved from /opt/airflow/dags/dag_extract_putevoy_list.py
[2026-08-09T05:37:57.616+0000] {logging_mixin.py:190} INFO - [2026-08-09T05:37:57.616+0000] {dag.py:3239} INFO - Sync 1 DAGs
[2026-08-09T05:37:57.626+0000] {logging_mixin.py:190} INFO - [2026-08-09T05:37:57.626+0000] {dag.py:4180} INFO - Setting next_dagrun for dag_extract_putevoy_list to 2026-08-09 02:00:00+00:00, run_after=2026-08-10 02:00:00+00:00
[2026-08-09T05:37:57.635+0000] {processor.py:208} INFO - Processing /opt/airflow/dags/dag_extract_putevoy_list.py took 0.046 seconds
[2026-08-09T06:12:15.263+0000] {processor.py:186} INFO - Started process (PID=8693) to work on /opt/airflow/dags/dag_extract_putevoy_list.py
[2026-08-09T06:12:15.264+0000] {processor.py:914} INFO - Processing file /opt/airflow/dags/dag_extract_putevoy_list.py for tasks to queue
[2026-08-09T06:12:15.266+0000] {logging_mixin.py:190} INFO - [2026-08-09T06:12:15.265+0000] {dagbag.py:588} INFO - Filling up the DagBag from /opt/airflow/dags/dag_extract_putevoy_list.py
[2026-08-09T06:12:15.276+0000] {processor.py:925} INFO - DAG(s) 'dag_extract_putevoy_list' retrieved from /opt/airflow/dags/dag_extract_putevoy_list.py
[2026-08-09T06:12:15.290+0000] {logging_mixin.py:190} INFO - [2026-08-09T06:12:15.290+0000] {dag.py:3239} INFO - Sync 1 DAGs
[2026-08-09T06:12:15.300+0000] {logging_mixin.py:190} INFO - [2026-08-09T06:12:15.300+0000] {dag.py:4180} INFO - Setting next_dagrun for dag_extract_putevoy_list to 2026-08-09 02:00:00+00:00, run_after=2026-08-10 02:00:00+00:00
[2026-08-09T06:12:15.307+0000] {processor.py:208} INFO - Processing /opt/airflow/dags/dag_extract_putevoy_list.py took 0.048 seconds
[2026-08-09T06:38:26.301+0000] {processor.py:186} INFO - Started process (PID=8713) to work on /opt/airflow/dags/dag_extract_putevoy_list.py
[2026-08-09T06:38:26.302+0000] {processor.py:914} INFO - Processing file /opt/airflow/dags/dag_extract_putevoy_list.py for tasks to queue
[2026-08-09T06:38:26.303+0000] {logging_mixin.py:190} INFO - [2026-08-09T06:38:26.303+0000] {dagbag.py:588} INFO - Filling up the DagBag from /opt/airflow/dags/dag_extract_putevoy_list.py
[2026-08-09T06:38:26.311+0000] {processor.py:925} INFO - DAG(s) 'dag_extract_putevoy_list' retrieved from /opt/airflow/dags/dag_extract_putevoy_list.py
[2026-08-09T06:38:26.325+0000] {logging_mixin.py:190} INFO - [2026-08-09T06:38:26.325+0000] {dag.py:3239} INFO - Sync 1 DAGs
[2026-08-09T06:38:26.335+0000] {logging_mixin.py:190} INFO - [2026-08-09T06:38:26.335+0000] {dag.py:4180} INFO - Setting next_dagrun for dag_extract_putevoy_list to 2026-08-09 02:00:00+00:00, run_after=2026-08-10 02:00:00+00:00
[2026-08-09T06:38:26.343+0000] {processor.py:208} INFO - Processing /opt/airflow/dags/dag_extract_putevoy_list.py took 0.044 seconds
[2026-08-09T06:53:58.469+0000] {processor.py:186} INFO - Started process (PID=8744) to work on /opt/airflow/dags/dag_extract_putevoy_list.py
[2026-08-09T06:53:58.470+0000] {processor.py:914} INFO - Processing file /opt/airflow/dags/dag_extract_putevoy_list.py for tasks to queue
[2026-08-09T06:53:58.471+0000] {logging_mixin.py:190} INFO - [2026-08-09T06:53:58.471+0000] {dagbag.py:588} INFO - Filling up the DagBag from /opt/airflow/dags/dag_extract_putevoy_list.py
[2026-08-09T06:53:58.479+0000] {processor.py:925} INFO - DAG(s) 'dag_extract_putevoy_list' retrieved from /opt/airflow/dags/dag_extract_putevoy_list.py
[2026-08-09T06:53:58.495+0000] {logging_mixin.py:190} INFO - [2026-08-09T06:53:58.495+0000] {dag.py:3239} INFO - Sync 1 DAGs
[2026-08-09T06:53:58.504+0000] {logging_mixin.py:190} INFO - [2026-08-09T06:53:58.504+0000] {dag.py:4180} INFO - Setting next_dagrun for dag_extract_putevoy_list to 2026-08-09 02:00:00+00:00, run_after=2026-08-10 02:00:00+00:00
[2026-08-09T06:53:58.512+0000] {processor.py:208} INFO - Processing /opt/airflow/dags/dag_extract_putevoy_list.py took 0.046 seconds
[2026-08-09T07:22:32.516+0000] {processor.py:186} INFO - Started process (PID=8767) to work on /opt/airflow/dags/dag_extract_putevoy_list.py
[2026-08-09T07:22:32.516+0000] {processor.py:914} INFO - Processing file /opt/airflow/dags/dag_extract_putevoy_list.py for tasks to queue
[2026-08-09T07:22:32.517+0000] {logging_mixin.py:190} INFO - [2026-08-09T07:22:32.517+0000] {dagbag.py:588} INFO - Filling up the DagBag from /opt/airflow/dags/dag_extract_putevoy_list.py
[2026-08-09T07:22:32.526+0000] {processor.py:925} INFO - DAG(s) 'dag_extract_putevoy_list' retrieved from /opt/airflow/dags/dag_extract_putevoy_list.py
[2026-08-09T07:22:32.542+0000] {logging_mixin.py:190} INFO - [2026-08-09T07:22:32.542+0000] {dag.py:3239} INFO - Sync 1 DAGs
[2026-08-09T07:22:32.551+0000] {logging_mixin.py:190} INFO - [2026-08-09T07:22:32.551+0000] {dag.py:4180} INFO - Setting next_dagrun for dag_extract_putevoy_list to 2026-08-09 02:00:00+00:00, run_after=2026-08-10 02:00:00+00:00
[2026-08-09T07:22:32.560+0000] {processor.py:208} INFO - Processing /opt/airflow/dags/dag_extract_putevoy_list.py took 0.047 seconds
[2026-08-09T08:23:17.713+0000] {processor.py:186} INFO - Started process (PID=8790) to work on /opt/airflow/dags/dag_extract_putevoy_list.py
[2026-08-09T08:23:17.714+0000] {processor.py:914} INFO - Processing file /opt/airflow/dags/dag_extract_putevoy_list.py for tasks to queue
[2026-08-09T08:23:17.715+0000] {logging_mixin.py:190} INFO - [2026-08-09T08:23:17.715+0000] {dagbag.py:588} INFO - Filling up the DagBag from /opt/airflow/dags/dag_extract_putevoy_list.py
[2026-08-09T08:23:17.727+0000] {processor.py:925} INFO - DAG(s) 'dag_extract_putevoy_list' retrieved from /opt/airflow/dags/dag_extract_putevoy_list.py
[2026-08-09T08:23:17.742+0000] {logging_mixin.py:190} INFO - [2026-08-09T08:23:17.742+0000] {dag.py:3239} INFO - Sync 1 DAGs
[2026-08-09T08:23:17.755+0000] {logging_mixin.py:190} INFO - [2026-08-09T08:23:17.755+0000] {dag.py:4180} INFO - Setting next_dagrun for dag_extract_putevoy_list to 2026-08-09 02:00:00+00:00, run_after=2026-08-10 02:00:00+00:00
[2026-08-09T08:23:17.765+0000] {processor.py:208} INFO - Processing /opt/airflow/dags/dag_extract_putevoy_list.py took 0.056 seconds
[2026-08-09T08:39:09.465+0000] {processor.py:186} INFO - Started process (PID=8810) to work on /opt/airflow/dags/dag_extract_putevoy_list.py
[2026-08-09T08:39:09.465+0000] {processor.py:914} INFO - Processing file /opt/airflow/dags/dag_extract_putevoy_list.py for tasks to queue
[2026-08-09T08:39:09.466+0000] {logging_mixin.py:190} INFO - [2026-08-09T08:39:09.466+0000] {dagbag.py:588} INFO - Filling up the DagBag from /opt/airflow/dags/dag_extract_putevoy_list.py
[2026-08-09T08:39:09.477+0000] {processor.py:925} INFO - DAG(s) 'dag_extract_putevoy_list' retrieved from /opt/airflow/dags/dag_extract_putevoy_list.py
[2026-08-09T08:39:09.491+0000] {logging_mixin.py:190} INFO - [2026-08-09T08:39:09.491+0000] {dag.py:3239} INFO - Sync 1 DAGs
[2026-08-09T08:39:09.502+0000] {logging_mixin.py:190} INFO - [2026-08-09T08:39:09.501+0000] {dag.py:4180} INFO - Setting next_dagrun for dag_extract_putevoy_list to 2026-08-09 02:00:00+00:00, run_after=2026-08-10 02:00:00+00:00
[2026-08-09T08:39:09.510+0000] {processor.py:208} INFO - Processing /opt/airflow/dags/dag_extract_putevoy_list.py took 0.049 seconds
[2026-08-09T08:39:48.921+0000] {processor.py:186} INFO - Started process (PID=8830) to work on /opt/airflow/dags/dag_extract_putevoy_list.py
[2026-08-09T08:39:48.923+0000] {processor.py:914} INFO - Processing file /opt/airflow/dags/dag_extract_putevoy_list.py for tasks to queue
[2026-08-09T08:39:48.924+0000] {logging_mixin.py:190} INFO - [2026-08-09T08:39:48.924+0000] {dagbag.py:588} INFO - Filling up the DagBag from /opt/airflow/dags/dag_extract_putevoy_list.py
[2026-08-09T08:39:48.940+0000] {processor.py:925} INFO - DAG(s) 'dag_extract_putevoy_list' retrieved from /opt/airflow/dags/dag_extract_putevoy_list.py
[2026-08-09T08:39:48.954+0000] {logging_mixin.py:190} INFO - [2026-08-09T08:39:48.954+0000] {dag.py:3239} INFO - Sync 1 DAGs
[2026-08-09T08:39:48.965+0000] {logging_mixin.py:190} INFO - [2026-08-09T08:39:48.964+0000] {dag.py:4180} INFO - Setting next_dagrun for dag_extract_putevoy_list to 2026-08-09 02:00:00+00:00, run_after=2026-08-10 02:00:00+00:00
[2026-08-09T08:39:48.972+0000] {processor.py:208} INFO - Processing /opt/airflow/dags/dag_extract_putevoy_list.py took 0.057 seconds
[2026-08-09T09:24:23.053+0000] {processor.py:186} INFO - Started process (PID=8850) to work on /opt/airflow/dags/dag_extract_putevoy_list.py
[2026-08-09T09:24:23.054+0000] {processor.py:914} INFO - Processing file /opt/airflow/dags/dag_extract_putevoy_list.py for tasks to queue
[2026-08-09T09:24:23.056+0000] {logging_mixin.py:190} INFO - [2026-08-09T09:24:23.056+0000] {dagbag.py:588} INFO - Filling up the DagBag from /opt/airflow/dags/dag_extract_putevoy_list.py
[2026-08-09T09:24:23.064+0000] {processor.py:925} INFO - DAG(s) 'dag_extract_putevoy_list' retrieved from /opt/airflow/dags/dag_extract_putevoy_list.py
[2026-08-09T09:24:23.080+0000] {logging_mixin.py:190} INFO - [2026-08-09T09:24:23.080+0000] {dag.py:3239} INFO - Sync 1 DAGs
[2026-08-09T09:24:23.089+0000] {logging_mixin.py:190} INFO - [2026-08-09T09:24:23.089+0000] {dag.py:4180} INFO - Setting next_dagrun for dag_extract_putevoy_list to 2026-08-09 02:00:00+00:00, run_after=2026-08-10 02:00:00+00:00
[2026-08-09T09:24:23.097+0000] {processor.py:208} INFO - Processing /opt/airflow/dags/dag_extract_putevoy_list.py took 0.049 seconds
[2026-08-09T09:42:09.719+0000] {processor.py:186} INFO - Started process (PID=8876) to work on /opt/airflow/dags/dag_extract_putevoy_list.py
[2026-08-09T09:42:09.720+0000] {processor.py:914} INFO - Processing file /opt/airflow/dags/dag_extract_putevoy_list.py for tasks to queue
[2026-08-09T09:42:09.722+0000] {logging_mixin.py:190} INFO - [2026-08-09T09:42:09.721+0000] {dagbag.py:588} INFO - Filling up the DagBag from /opt/airflow/dags/dag_extract_putevoy_list.py
[2026-08-09T09:42:09.735+0000] {processor.py:925} INFO - DAG(s) 'dag_extract_putevoy_list' retrieved from /opt/airflow/dags/dag_extract_putevoy_list.py
[2026-08-09T09:42:09.756+0000] {logging_mixin.py:190} INFO - [2026-08-09T09:42:09.756+0000] {dag.py:3239} INFO - Sync 1 DAGs
[2026-08-09T09:42:09.772+0000] {logging_mixin.py:190} INFO - [2026-08-09T09:42:09.772+0000] {dag.py:4180} INFO - Setting next_dagrun for dag_extract_putevoy_list to 2026-08-09 02:00:00+00:00, run_after=2026-08-10 02:00:00+00:00
[2026-08-09T09:42:09.785+0000] {processor.py:208} INFO - Processing /opt/airflow/dags/dag_extract_putevoy_list.py took 0.071 seconds
[2026-08-09T10:41:09.955+0000] {processor.py:186} INFO - Started process (PID=8896) to work on /opt/airflow/dags/dag_extract_putevoy_list.py
[2026-08-09T10:41:09.956+0000] {processor.py:914} INFO - Processing file /opt/airflow/dags/dag_extract_putevoy_list.py for tasks to queue
[2026-08-09T10:41:09.957+0000] {logging_mixin.py:190} INFO - [2026-08-09T10:41:09.956+0000] {dagbag.py:588} INFO - Filling up the DagBag from /opt/airflow/dags/dag_extract_putevoy_list.py
[2026-08-09T10:41:09.966+0000] {processor.py:925} INFO - DAG(s) 'dag_extract_putevoy_list' retrieved from /opt/airflow/dags/dag_extract_putevoy_list.py
[2026-08-09T10:41:09.982+0000] {logging_mixin.py:190} INFO - [2026-08-09T10:41:09.982+0000] {dag.py:3239} INFO - Sync 1 DAGs
[2026-08-09T10:41:09.993+0000] {logging_mixin.py:190} INFO - [2026-08-09T10:41:09.993+0000] {dag.py:4180} INFO - Setting next_dagrun for dag_extract_putevoy_list to 2026-08-09 02:00:00+00:00, run_after=2026-08-10 02:00:00+00:00
[2026-08-09T10:41:10.002+0000] {processor.py:208} INFO - Processing /opt/airflow/dags/dag_extract_putevoy_list.py took 0.051 seconds
[2026-08-09T11:26:18.183+0000] {processor.py:186} INFO - Started process (PID=8922) to work on /opt/airflow/dags/dag_extract_putevoy_list.py
[2026-08-09T11:26:18.185+0000] {processor.py:914} INFO - Processing file /opt/airflow/dags/dag_extract_putevoy_list.py for tasks to queue
[2026-08-09T11:26:18.186+0000] {logging_mixin.py:190} INFO - [2026-08-09T11:26:18.186+0000] {dagbag.py:588} INFO - Filling up the DagBag from /opt/airflow/dags/dag_extract_putevoy_list.py
[2026-08-09T11:26:18.194+0000] {processor.py:925} INFO - DAG(s) 'dag_extract_putevoy_list' retrieved from /opt/airflow/dags/dag_extract_putevoy_list.py
[2026-08-09T11:26:18.208+0000] {logging_mixin.py:190} INFO - [2026-08-09T11:26:18.208+0000] {dag.py:3239} INFO - Sync 1 DAGs
[2026-08-09T11:26:18.218+0000] {logging_mixin.py:190} INFO - [2026-08-09T11:26:18.218+0000] {dag.py:4180} INFO - Setting next_dagrun for dag_extract_putevoy_list to 2026-08-09 02:00:00+00:00, run_after=2026-08-10 02:00:00+00:00
[2026-08-09T11:26:18.226+0000] {processor.py:208} INFO - Processing /opt/airflow/dags/dag_extract_putevoy_list.py took 0.046 seconds
[2026-08-09T11:49:59.640+0000] {processor.py:186} INFO - Started process (PID=8942) to work on /opt/airflow/dags/dag_extract_putevoy_list.py
[2026-08-09T11:49:59.641+0000] {processor.py:914} INFO - Processing file /opt/airflow/dags/dag_extract_putevoy_list.py for tasks to queue
[2026-08-09T11:49:59.643+0000] {logging_mixin.py:190} INFO - [2026-08-09T11:49:59.643+0000] {dagbag.py:588} INFO - Filling up the DagBag from /opt/airflow/dags/dag_extract_putevoy_list.py
[2026-08-09T11:49:59.659+0000] {processor.py:925} INFO - DAG(s) 'dag_extract_putevoy_list' retrieved from /opt/airflow/dags/dag_extract_putevoy_list.py
[2026-08-09T11:49:59.687+0000] {logging_mixin.py:190} INFO - [2026-08-09T11:49:59.687+0000] {dag.py:3239} INFO - Sync 1 DAGs
[2026-08-09T11:49:59.704+0000] {logging_mixin.py:190} INFO - [2026-08-09T11:49:59.703+0000] {dag.py:4180} INFO - Setting next_dagrun for dag_extract_putevoy_list to 2026-08-09 02:00:00+00:00, run_after=2026-08-10 02:00:00+00:00
[2026-08-09T11:49:59.717+0000] {processor.py:208} INFO - Processing /opt/airflow/dags/dag_extract_putevoy_list.py took 0.082 seconds
[2026-08-09T11:50:30.101+0000] {processor.py:186} INFO - Started process (PID=8962) to work on /opt/airflow/dags/dag_extract_putevoy_list.py
[2026-08-09T11:50:30.103+0000] {processor.py:914} INFO - Processing file /opt/airflow/dags/dag_extract_putevoy_list.py for tasks to queue
[2026-08-09T11:50:30.104+0000] {logging_mixin.py:190} INFO - [2026-08-09T11:50:30.104+0000] {dagbag.py:588} INFO - Filling up the DagBag from /opt/airflow/dags/dag_extract_putevoy_list.py
[2026-08-09T11:50:30.122+0000] {processor.py:925} INFO - DAG(s) 'dag_extract_putevoy_list' retrieved from /opt/airflow/dags/dag_extract_putevoy_list.py
[2026-08-09T11:50:30.150+0000] {logging_mixin.py:190} INFO - [2026-08-09T11:50:30.150+0000] {dag.py:3239} INFO - Sync 1 DAGs
[2026-08-09T11:50:30.170+0000] {logging_mixin.py:190} INFO - [2026-08-09T11:50:30.169+0000] {dag.py:4180} INFO - Setting next_dagrun for dag_extract_putevoy_list to 2026-08-09 02:00:00+00:00, run_after=2026-08-10 02:00:00+00:00
[2026-08-09T11:50:30.184+0000] {processor.py:208} INFO - Processing /opt/airflow/dags/dag_extract_putevoy_list.py took 0.089 seconds
[2026-08-09T11:51:00.574+0000] {processor.py:186} INFO - Started process (PID=8982) to work on /opt/airflow/dags/dag_extract_putevoy_list.py
[2026-08-09T11:51:00.575+0000] {processor.py:914} INFO - Processing file /opt/airflow/dags/dag_extract_putevoy_list.py for tasks to queue
[2026-08-09T11:51:00.577+0000] {logging_mixin.py:190} INFO - [2026-08-09T11:51:00.577+0000] {dagbag.py:588} INFO - Filling up the DagBag from /opt/airflow/dags/dag_extract_putevoy_list.py
[2026-08-09T11:51:00.592+0000] {processor.py:925} INFO - DAG(s) 'dag_extract_putevoy_list' retrieved from /opt/airflow/dags/dag_extract_putevoy_list.py
[2026-08-09T11:51:00.618+0000] {logging_mixin.py:190} INFO - [2026-08-09T11:51:00.618+0000] {dag.py:3239} INFO - Sync 1 DAGs
[2026-08-09T11:51:00.645+0000] {logging_mixin.py:190} INFO - [2026-08-09T11:51:00.645+0000] {dag.py:4180} INFO - Setting next_dagrun for dag_extract_putevoy_list to 2026-08-09 02:00:00+00:00, run_after=2026-08-10 02:00:00+00:00
[2026-08-09T11:51:00.657+0000] {processor.py:208} INFO - Processing /opt/airflow/dags/dag_extract_putevoy_list.py took 0.089 seconds
[2026-08-09T11:51:30.991+0000] {processor.py:186} INFO - Started process (PID=9002) to work on /opt/airflow/dags/dag_extract_putevoy_list.py
[2026-08-09T11:51:30.992+0000] {processor.py:914} INFO - Processing file /opt/airflow/dags/dag_extract_putevoy_list.py for tasks to queue
[2026-08-09T11:51:30.994+0000] {logging_mixin.py:190} INFO - [2026-08-09T11:51:30.994+0000] {dagbag.py:588} INFO - Filling up the DagBag from /opt/airflow/dags/dag_extract_putevoy_list.py
[2026-08-09T11:51:31.002+0000] {processor.py:925} INFO - DAG(s) 'dag_extract_putevoy_list' retrieved from /opt/airflow/dags/dag_extract_putevoy_list.py
[2026-08-09T11:51:31.022+0000] {logging_mixin.py:190} INFO - [2026-08-09T11:51:31.022+0000] {dag.py:3239} INFO - Sync 1 DAGs
[2026-08-09T11:51:31.037+0000] {logging_mixin.py:190} INFO - [2026-08-09T11:51:31.037+0000] {dag.py:4180} INFO - Setting next_dagrun for dag_extract_putevoy_list to 2026-08-09 02:00:00+00:00, run_after=2026-08-10 02:00:00+00:00
[2026-08-09T11:51:31.048+0000] {processor.py:208} INFO - Processing /opt/airflow/dags/dag_extract_putevoy_list.py took 0.060 seconds
[2026-08-09T11:52:01.425+0000] {processor.py:186} INFO - Started process (PID=9022) to work on /opt/airflow/dags/dag_extract_putevoy_list.py
[2026-08-09T11:52:01.426+0000] {processor.py:914} INFO - Processing file /opt/airflow/dags/dag_extract_putevoy_list.py for tasks to queue
[2026-08-09T11:52:01.427+0000] {logging_mixin.py:190} INFO - [2026-08-09T11:52:01.427+0000] {dagbag.py:588} INFO - Filling up the DagBag from /opt/airflow/dags/dag_extract_putevoy_list.py
[2026-08-09T11:52:01.439+0000] {processor.py:925} INFO - DAG(s) 'dag_extract_putevoy_list' retrieved from /opt/airflow/dags/dag_extract_putevoy_list.py
[2026-08-09T11:52:01.458+0000] {logging_mixin.py:190} INFO - [2026-08-09T11:52:01.457+0000] {dag.py:3239} INFO - Sync 1 DAGs
[2026-08-09T11:52:01.472+0000] {logging_mixin.py:190} INFO - [2026-08-09T11:52:01.471+0000] {dag.py:4180} INFO - Setting next_dagrun for dag_extract_putevoy_list to 2026-08-09 02:00:00+00:00, run_after=2026-08-10 02:00:00+00:00
[2026-08-09T11:52:01.482+0000] {processor.py:208} INFO - Processing /opt/airflow/dags/dag_extract_putevoy_list.py took 0.061 seconds
[2026-08-09T11:52:31.840+0000] {processor.py:186} INFO - Started process (PID=9042) to work on /opt/airflow/dags/dag_extract_putevoy_list.py
[2026-08-09T11:52:31.840+0000] {processor.py:914} INFO - Processing file /opt/airflow/dags/dag_extract_putevoy_list.py for tasks to queue
[2026-08-09T11:52:31.841+0000] {logging_mixin.py:190} INFO - [2026-08-09T11:52:31.841+0000] {dagbag.py:588} INFO - Filling up the DagBag from /opt/airflow/dags/dag_extract_putevoy_list.py
[2026-08-09T11:52:31.848+0000] {processor.py:925} INFO - DAG(s) 'dag_extract_putevoy_list' retrieved from /opt/airflow/dags/dag_extract_putevoy_list.py
[2026-08-09T11:52:31.863+0000] {logging_mixin.py:190} INFO - [2026-08-09T11:52:31.863+0000] {dag.py:3239} INFO - Sync 1 DAGs
[2026-08-09T11:52:31.872+0000] {logging_mixin.py:190} INFO - [2026-08-09T11:52:31.872+0000] {dag.py:4180} INFO - Setting next_dagrun for dag_extract_putevoy_list to 2026-08-09 02:00:00+00:00, run_after=2026-08-10 02:00:00+00:00
[2026-08-09T11:52:31.881+0000] {processor.py:208} INFO - Processing /opt/airflow/dags/dag_extract_putevoy_list.py took 0.045 seconds
[2026-08-09T11:53:02.214+0000] {processor.py:186} INFO - Started process (PID=9062) to work on /opt/airflow/dags/dag_extract_putevoy_list.py
[2026-08-09T11:53:02.215+0000] {processor.py:914} INFO - Processing file /opt/airflow/dags/dag_extract_putevoy_list.py for tasks to queue
[2026-08-09T11:53:02.217+0000] {logging_mixin.py:190} INFO - [2026-08-09T11:53:02.216+0000] {dagbag.py:588} INFO - Filling up the DagBag from /opt/airflow/dags/dag_extract_putevoy_list.py
[2026-08-09T11:53:02.227+0000] {processor.py:925} INFO - DAG(s) 'dag_extract_putevoy_list' retrieved from /opt/airflow/dags/dag_extract_putevoy_list.py
[2026-08-09T11:53:02.245+0000] {logging_mixin.py:190} INFO - [2026-08-09T11:53:02.245+0000] {dag.py:3239} INFO - Sync 1 DAGs
[2026-08-09T11:53:02.258+0000] {logging_mixin.py:190} INFO - [2026-08-09T11:53:02.258+0000] {dag.py:4180} INFO - Setting next_dagrun for dag_extract_putevoy_list to 2026-08-09 02:00:00+00:00, run_after=2026-08-10 02:00:00+00:00
[2026-08-09T11:53:02.267+0000] {processor.py:208} INFO - Processing /opt/airflow/dags/dag_extract_putevoy_list.py took 0.057 seconds
[2026-08-09T11:53:32.630+0000] {processor.py:186} INFO - Started process (PID=9082) to work on /opt/airflow/dags/dag_extract_putevoy_list.py
[2026-08-09T11:53:32.630+0000] {processor.py:914} INFO - Processing file /opt/airflow/dags/dag_extract_putevoy_list.py for tasks to queue
[2026-08-09T11:53:32.631+0000] {logging_mixin.py:190} INFO - [2026-08-09T11:53:32.631+0000] {dagbag.py:588} INFO - Filling up the DagBag from /opt/airflow/dags/dag_extract_putevoy_list.py
[2026-08-09T11:53:32.640+0000] {processor.py:925} INFO - DAG(s) 'dag_extract_putevoy_list' retrieved from /opt/airflow/dags/dag_extract_putevoy_list.py
[2026-08-09T11:53:32.656+0000] {logging_mixin.py:190} INFO - [2026-08-09T11:53:32.656+0000] {dag.py:3239} INFO - Sync 1 DAGs
[2026-08-09T11:53:32.666+0000] {logging_mixin.py:190} INFO - [2026-08-09T11:53:32.666+0000] {dag.py:4180} INFO - Setting next_dagrun for dag_extract_putevoy_list to 2026-08-09 02:00:00+00:00, run_after=2026-08-10 02:00:00+00:00
[2026-08-09T11:53:32.675+0000] {processor.py:208} INFO - Processing /opt/airflow/dags/dag_extract_putevoy_list.py took 0.049 seconds
[2026-08-09T11:54:03.041+0000] {processor.py:186} INFO - Started process (PID=9102) to work on /opt/airflow/dags/dag_extract_putevoy_list.py
[2026-08-09T11:54:03.042+0000] {processor.py:914} INFO - Processing file /opt/airflow/dags/dag_extract_putevoy_list.py for tasks to queue
[2026-08-09T11:54:03.044+0000] {logging_mixin.py:190} INFO - [2026-08-09T11:54:03.044+0000] {dagbag.py:588} INFO - Filling up the DagBag from /opt/airflow/dags/dag_extract_putevoy_list.py
[2026-08-09T11:54:03.054+0000] {processor.py:925} INFO - DAG(s) 'dag_extract_putevoy_list' retrieved from /opt/airflow/dags/dag_extract_putevoy_list.py
[2026-08-09T11:54:03.076+0000] {logging_mixin.py:190} INFO - [2026-08-09T11:54:03.076+0000] {dag.py:3239} INFO - Sync 1 DAGs
[2026-08-09T11:54:03.091+0000] {logging_mixin.py:190} INFO - [2026-08-09T11:54:03.091+0000] {dag.py:4180} INFO - Setting next_dagrun for dag_extract_putevoy_list to 2026-08-09 02:00:00+00:00, run_after=2026-08-10 02:00:00+00:00
[2026-08-09T11:54:03.101+0000] {processor.py:208} INFO - Processing /opt/airflow/dags/dag_extract_putevoy_list.py took 0.064 seconds
[2026-08-09T11:54:33.453+0000] {processor.py:186} INFO - Started process (PID=9122) to work on /opt/airflow/dags/dag_extract_putevoy_list.py
[2026-08-09T11:54:33.455+0000] {processor.py:914} INFO - Processing file /opt/airflow/dags/dag_extract_putevoy_list.py for tasks to queue
[2026-08-09T11:54:33.457+0000] {logging_mixin.py:190} INFO - [2026-08-09T11:54:33.456+0000] {dagbag.py:588} INFO - Filling up the DagBag from /opt/airflow/dags/dag_extract_putevoy_list.py
[2026-08-09T11:54:33.464+0000] {processor.py:925} INFO - DAG(s) 'dag_extract_putevoy_list' retrieved from /opt/airflow/dags/dag_extract_putevoy_list.py
[2026-08-09T11:54:33.482+0000] {logging_mixin.py:190} INFO - [2026-08-09T11:54:33.482+0000] {dag.py:3239} INFO - Sync 1 DAGs
[2026-08-09T11:54:33.492+0000] {logging_mixin.py:190} INFO - [2026-08-09T11:54:33.492+0000] {dag.py:4180} INFO - Setting next_dagrun for dag_extract_putevoy_list to 2026-08-09 02:00:00+00:00, run_after=2026-08-10 02:00:00+00:00
[2026-08-09T11:54:33.503+0000] {processor.py:208} INFO - Processing /opt/airflow/dags/dag_extract_putevoy_list.py took 0.052 seconds
[2026-08-09T11:55:03.871+0000] {processor.py:186} INFO - Started process (PID=9142) to work on /opt/airflow/dags/dag_extract_putevoy_list.py
[2026-08-09T11:55:03.871+0000] {processor.py:914} INFO - Processing file /opt/airflow/dags/dag_extract_putevoy_list.py for tasks to queue
[2026-08-09T11:55:03.873+0000] {logging_mixin.py:190} INFO - [2026-08-09T11:55:03.873+0000] {dagbag.py:588} INFO - Filling up the DagBag from /opt/airflow/dags/dag_extract_putevoy_list.py
[2026-08-09T11:55:03.881+0000] {processor.py:925} INFO - DAG(s) 'dag_extract_putevoy_list' retrieved from /opt/airflow/dags/dag_extract_putevoy_list.py
[2026-08-09T11:55:03.897+0000] {logging_mixin.py:190} INFO - [2026-08-09T11:55:03.897+0000] {dag.py:3239} INFO - Sync 1 DAGs
[2026-08-09T11:55:03.909+0000] {logging_mixin.py:190} INFO - [2026-08-09T11:55:03.909+0000] {dag.py:4180} INFO - Setting next_dagrun for dag_extract_putevoy_list to 2026-08-09 02:00:00+00:00, run_after=2026-08-10 02:00:00+00:00
[2026-08-09T11:55:03.916+0000] {processor.py:208} INFO - Processing /opt/airflow/dags/dag_extract_putevoy_list.py took 0.048 seconds
[2026-08-09T11:55:34.336+0000] {processor.py:186} INFO - Started process (PID=9162) to work on /opt/airflow/dags/dag_extract_putevoy_list.py
[2026-08-09T11:55:34.338+0000] {processor.py:914} INFO - Processing file /opt/airflow/dags/dag_extract_putevoy_list.py for tasks to queue
[2026-08-09T11:55:34.339+0000] {logging_mixin.py:190} INFO - [2026-08-09T11:55:34.339+0000] {dagbag.py:588} INFO - Filling up the DagBag from /opt/airflow/dags/dag_extract_putevoy_list.py
[2026-08-09T11:55:34.350+0000] {processor.py:925} INFO - DAG(s) 'dag_extract_putevoy_list' retrieved from /opt/airflow/dags/dag_extract_putevoy_list.py
[2026-08-09T11:55:34.367+0000] {logging_mixin.py:190} INFO - [2026-08-09T11:55:34.367+0000] {dag.py:3239} INFO - Sync 1 DAGs
[2026-08-09T11:55:34.379+0000] {logging_mixin.py:190} INFO - [2026-08-09T11:55:34.379+0000] {dag.py:4180} INFO - Setting next_dagrun for dag_extract_putevoy_list to 2026-08-09 02:00:00+00:00, run_after=2026-08-10 02:00:00+00:00
[2026-08-09T11:55:34.390+0000] {processor.py:208} INFO - Processing /opt/airflow/dags/dag_extract_putevoy_list.py took 0.057 seconds
[2026-08-09T11:56:04.775+0000] {processor.py:186} INFO - Started process (PID=9182) to work on /opt/airflow/dags/dag_extract_putevoy_list.py
[2026-08-09T11:56:04.776+0000] {processor.py:914} INFO - Processing file /opt/airflow/dags/dag_extract_putevoy_list.py for tasks to queue
[2026-08-09T11:56:04.777+0000] {logging_mixin.py:190} INFO - [2026-08-09T11:56:04.777+0000] {dagbag.py:588} INFO - Filling up the DagBag from /opt/airflow/dags/dag_extract_putevoy_list.py
[2026-08-09T11:56:04.785+0000] {processor.py:925} INFO - DAG(s) 'dag_extract_putevoy_list' retrieved from /opt/airflow/dags/dag_extract_putevoy_list.py
[2026-08-09T11:56:04.801+0000] {logging_mixin.py:190} INFO - [2026-08-09T11:56:04.801+0000] {dag.py:3239} INFO - Sync 1 DAGs
[2026-08-09T11:56:04.813+0000] {logging_mixin.py:190} INFO - [2026-08-09T11:56:04.813+0000] {dag.py:4180} INFO - Setting next_dagrun for dag_extract_putevoy_list to 2026-08-09 02:00:00+00:00, run_after=2026-08-10 02:00:00+00:00
[2026-08-09T11:56:04.821+0000] {processor.py:208} INFO - Processing /opt/airflow/dags/dag_extract_putevoy_list.py took 0.050 seconds
[2026-08-09T11:56:35.269+0000] {processor.py:186} INFO - Started process (PID=9202) to work on /opt/airflow/dags/dag_extract_putevoy_list.py
[2026-08-09T11:56:35.271+0000] {processor.py:914} INFO - Processing file /opt/airflow/dags/dag_extract_putevoy_list.py for tasks to queue
[2026-08-09T11:56:35.272+0000] {logging_mixin.py:190} INFO - [2026-08-09T11:56:35.271+0000] {dagbag.py:588} INFO - Filling up the DagBag from /opt/airflow/dags/dag_extract_putevoy_list.py
[2026-08-09T11:56:35.278+0000] {processor.py:925} INFO - DAG(s) 'dag_extract_putevoy_list' retrieved from /opt/airflow/dags/dag_extract_putevoy_list.py
[2026-08-09T11:56:35.292+0000] {logging_mixin.py:190} INFO - [2026-08-09T11:56:35.292+0000] {dag.py:3239} INFO - Sync 1 DAGs
[2026-08-09T11:56:35.301+0000] {logging_mixin.py:190} INFO - [2026-08-09T11:56:35.301+0000] {dag.py:4180} INFO - Setting next_dagrun for dag_extract_putevoy_list to 2026-08-09 02:00:00+00:00, run_after=2026-08-10 02:00:00+00:00
[2026-08-09T11:56:35.309+0000] {processor.py:208} INFO - Processing /opt/airflow/dags/dag_extract_putevoy_list.py took 0.043 seconds
[2026-08-09T11:57:05.733+0000] {processor.py:186} INFO - Started process (PID=9222) to work on /opt/airflow/dags/dag_extract_putevoy_list.py
[2026-08-09T11:57:05.733+0000] {processor.py:914} INFO - Processing file /opt/airflow/dags/dag_extract_putevoy_list.py for tasks to queue
[2026-08-09T11:57:05.735+0000] {logging_mixin.py:190} INFO - [2026-08-09T11:57:05.735+0000] {dagbag.py:588} INFO - Filling up the DagBag from /opt/airflow/dags/dag_extract_putevoy_list.py
[2026-08-09T11:57:05.741+0000] {processor.py:925} INFO - DAG(s) 'dag_extract_putevoy_list' retrieved from /opt/airflow/dags/dag_extract_putevoy_list.py
[2026-08-09T11:57:05.753+0000] {logging_mixin.py:190} INFO - [2026-08-09T11:57:05.753+0000] {dag.py:3239} INFO - Sync 1 DAGs
[2026-08-09T11:57:05.761+0000] {logging_mixin.py:190} INFO - [2026-08-09T11:57:05.761+0000] {dag.py:4180} INFO - Setting next_dagrun for dag_extract_putevoy_list to 2026-08-09 02:00:00+00:00, run_after=2026-08-10 02:00:00+00:00
[2026-08-09T11:57:05.769+0000] {processor.py:208} INFO - Processing /opt/airflow/dags/dag_extract_putevoy_list.py took 0.039 seconds
[2026-08-09T11:57:36.242+0000] {processor.py:186} INFO - Started process (PID=9242) to work on /opt/airflow/dags/dag_extract_putevoy_list.py
[2026-08-09T11:57:36.243+0000] {processor.py:914} INFO - Processing file /opt/airflow/dags/dag_extract_putevoy_list.py for tasks to queue
[2026-08-09T11:57:36.244+0000] {logging_mixin.py:190} INFO - [2026-08-09T11:57:36.244+0000] {dagbag.py:588} INFO - Filling up the DagBag from /opt/airflow/dags/dag_extract_putevoy_list.py
[2026-08-09T11:57:36.252+0000] {processor.py:925} INFO - DAG(s) 'dag_extract_putevoy_list' retrieved from /opt/airflow/dags/dag_extract_putevoy_list.py
[2026-08-09T11:57:36.262+0000] {logging_mixin.py:190} INFO - [2026-08-09T11:57:36.262+0000] {dag.py:3239} INFO - Sync 1 DAGs
[2026-08-09T11:57:36.270+0000] {logging_mixin.py:190} INFO - [2026-08-09T11:57:36.270+0000] {dag.py:4180} INFO - Setting next_dagrun for dag_extract_putevoy_list to 2026-08-09 02:00:00+00:00, run_after=2026-08-10 02:00:00+00:00
[2026-08-09T11:57:36.278+0000] {processor.py:208} INFO - Processing /opt/airflow/dags/dag_extract_putevoy_list.py took 0.039 seconds
[2026-08-09T11:58:06.603+0000] {processor.py:186} INFO - Started process (PID=9262) to work on /opt/airflow/dags/dag_extract_putevoy_list.py
[2026-08-09T11:58:06.604+0000] {processor.py:914} INFO - Processing file /opt/airflow/dags/dag_extract_putevoy_list.py for tasks to queue
[2026-08-09T11:58:06.605+0000] {logging_mixin.py:190} INFO - [2026-08-09T11:58:06.605+0000] {dagbag.py:588} INFO - Filling up the DagBag from /opt/airflow/dags/dag_extract_putevoy_list.py
[2026-08-09T11:58:06.612+0000] {processor.py:925} INFO - DAG(s) 'dag_extract_putevoy_list' retrieved from /opt/airflow/dags/dag_extract_putevoy_list.py
[2026-08-09T11:58:06.624+0000] {logging_mixin.py:190} INFO - [2026-08-09T11:58:06.624+0000] {dag.py:3239} INFO - Sync 1 DAGs
[2026-08-09T11:58:06.632+0000] {logging_mixin.py:190} INFO - [2026-08-09T11:58:06.632+0000] {dag.py:4180} INFO - Setting next_dagrun for dag_extract_putevoy_list to 2026-08-09 02:00:00+00:00, run_after=2026-08-10 02:00:00+00:00
[2026-08-09T11:58:06.642+0000] {processor.py:208} INFO - Processing /opt/airflow/dags/dag_extract_putevoy_list.py took 0.041 seconds
[2026-08-09T11:58:37.108+0000] {processor.py:186} INFO - Started process (PID=9282) to work on /opt/airflow/dags/dag_extract_putevoy_list.py
[2026-08-09T11:58:37.109+0000] {processor.py:914} INFO - Processing file /opt/airflow/dags/dag_extract_putevoy_list.py for tasks to queue
[2026-08-09T11:58:37.110+0000] {logging_mixin.py:190} INFO - [2026-08-09T11:58:37.110+0000] {dagbag.py:588} INFO - Filling up the DagBag from /opt/airflow/dags/dag_extract_putevoy_list.py
[2026-08-09T11:58:37.115+0000] {processor.py:925} INFO - DAG(s) 'dag_extract_putevoy_list' retrieved from /opt/airflow/dags/dag_extract_putevoy_list.py
[2026-08-09T11:58:37.129+0000] {logging_mixin.py:190} INFO - [2026-08-09T11:58:37.129+0000] {dag.py:3239} INFO - Sync 1 DAGs
[2026-08-09T11:58:37.137+0000] {logging_mixin.py:190} INFO - [2026-08-09T11:58:37.137+0000] {dag.py:4180} INFO - Setting next_dagrun for dag_extract_putevoy_list to 2026-08-09 02:00:00+00:00, run_after=2026-08-10 02:00:00+00:00
[2026-08-09T11:58:37.146+0000] {processor.py:208} INFO - Processing /opt/airflow/dags/dag_extract_putevoy_list.py took 0.040 seconds
[2026-08-09T11:59:07.576+0000] {processor.py:186} INFO - Started process (PID=9302) to work on /opt/airflow/dags/dag_extract_putevoy_list.py
[2026-08-09T11:59:07.578+0000] {processor.py:914} INFO - Processing file /opt/airflow/dags/dag_extract_putevoy_list.py for tasks to queue
[2026-08-09T11:59:07.579+0000] {logging_mixin.py:190} INFO - [2026-08-09T11:59:07.579+0000] {dagbag.py:588} INFO - Filling up the DagBag from /opt/airflow/dags/dag_extract_putevoy_list.py
[2026-08-09T11:59:07.587+0000] {processor.py:925} INFO - DAG(s) 'dag_extract_putevoy_list' retrieved from /opt/airflow/dags/dag_extract_putevoy_list.py
[2026-08-09T11:59:07.600+0000] {logging_mixin.py:190} INFO - [2026-08-09T11:59:07.600+0000] {dag.py:3239} INFO - Sync 1 DAGs
[2026-08-09T11:59:07.610+0000] {logging_mixin.py:190} INFO - [2026-08-09T11:59:07.610+0000] {dag.py:4180} INFO - Setting next_dagrun for dag_extract_putevoy_list to 2026-08-09 02:00:00+00:00, run_after=2026-08-10 02:00:00+00:00
[2026-08-09T11:59:07.620+0000] {processor.py:208} INFO - Processing /opt/airflow/dags/dag_extract_putevoy_list.py took 0.048 seconds
[2026-08-09T11:59:38.090+0000] {processor.py:186} INFO - Started process (PID=9322) to work on /opt/airflow/dags/dag_extract_putevoy_list.py
[2026-08-09T11:59:38.091+0000] {processor.py:914} INFO - Processing file /opt/airflow/dags/dag_extract_putevoy_list.py for tasks to queue
[2026-08-09T11:59:38.092+0000] {logging_mixin.py:190} INFO - [2026-08-09T11:59:38.092+0000] {dagbag.py:588} INFO - Filling up the DagBag from /opt/airflow/dags/dag_extract_putevoy_list.py
[2026-08-09T11:59:38.098+0000] {processor.py:925} INFO - DAG(s) 'dag_extract_putevoy_list' retrieved from /opt/airflow/dags/dag_extract_putevoy_list.py
[2026-08-09T11:59:38.114+0000] {logging_mixin.py:190} INFO - [2026-08-09T11:59:38.114+0000] {dag.py:3239} INFO - Sync 1 DAGs
[2026-08-09T11:59:38.122+0000] {logging_mixin.py:190} INFO - [2026-08-09T11:59:38.122+0000] {dag.py:4180} INFO - Setting next_dagrun for dag_extract_putevoy_list to 2026-08-09 02:00:00+00:00, run_after=2026-08-10 02:00:00+00:00
[2026-08-09T11:59:38.131+0000] {processor.py:208} INFO - Processing /opt/airflow/dags/dag_extract_putevoy_list.py took 0.043 seconds
[2026-08-09T12:00:08.616+0000] {processor.py:186} INFO - Started process (PID=9345) to work on /opt/airflow/dags/dag_extract_putevoy_list.py
[2026-08-09T12:00:08.617+0000] {processor.py:914} INFO - Processing file /opt/airflow/dags/dag_extract_putevoy_list.py for tasks to queue
[2026-08-09T12:00:08.618+0000] {logging_mixin.py:190} INFO - [2026-08-09T12:00:08.618+0000] {dagbag.py:588} INFO - Filling up the DagBag from /opt/airflow/dags/dag_extract_putevoy_list.py
[2026-08-09T12:00:08.626+0000] {processor.py:925} INFO - DAG(s) 'dag_extract_putevoy_list' retrieved from /opt/airflow/dags/dag_extract_putevoy_list.py
[2026-08-09T12:00:08.640+0000] {logging_mixin.py:190} INFO - [2026-08-09T12:00:08.640+0000] {dag.py:3239} INFO - Sync 1 DAGs
[2026-08-09T12:00:08.651+0000] {logging_mixin.py:190} INFO - [2026-08-09T12:00:08.651+0000] {dag.py:4180} INFO - Setting next_dagrun for dag_extract_putevoy_list to 2026-08-09 02:00:00+00:00, run_after=2026-08-10 02:00:00+00:00
[2026-08-09T12:00:08.658+0000] {processor.py:208} INFO - Processing /opt/airflow/dags/dag_extract_putevoy_list.py took 0.045 seconds
[2026-08-09T12:00:38.995+0000] {processor.py:186} INFO - Started process (PID=9365) to work on /opt/airflow/dags/dag_extract_putevoy_list.py
[2026-08-09T12:00:38.997+0000] {processor.py:914} INFO - Processing file /opt/airflow/dags/dag_extract_putevoy_list.py for tasks to queue
[2026-08-09T12:00:38.999+0000] {logging_mixin.py:190} INFO - [2026-08-09T12:00:38.999+0000] {dagbag.py:588} INFO - Filling up the DagBag from /opt/airflow/dags/dag_extract_putevoy_list.py
[2026-08-09T12:00:39.008+0000] {processor.py:925} INFO - DAG(s) 'dag_extract_putevoy_list' retrieved from /opt/airflow/dags/dag_extract_putevoy_list.py
[2026-08-09T12:00:39.024+0000] {logging_mixin.py:190} INFO - [2026-08-09T12:00:39.024+0000] {dag.py:3239} INFO - Sync 1 DAGs
[2026-08-09T12:00:39.034+0000] {logging_mixin.py:190} INFO - [2026-08-09T12:00:39.034+0000] {dag.py:4180} INFO - Setting next_dagrun for dag_extract_putevoy_list to 2026-08-09 02:00:00+00:00, run_after=2026-08-10 02:00:00+00:00
[2026-08-09T12:00:39.041+0000] {processor.py:208} INFO - Processing /opt/airflow/dags/dag_extract_putevoy_list.py took 0.052 seconds
[2026-08-09T12:01:09.403+0000] {processor.py:186} INFO - Started process (PID=9385) to work on /opt/airflow/dags/dag_extract_putevoy_list.py
[2026-08-09T12:01:09.403+0000] {processor.py:914} INFO - Processing file /opt/airflow/dags/dag_extract_putevoy_list.py for tasks to queue
[2026-08-09T12:01:09.404+0000] {logging_mixin.py:190} INFO - [2026-08-09T12:01:09.404+0000] {dagbag.py:588} INFO - Filling up the DagBag from /opt/airflow/dags/dag_extract_putevoy_list.py
[2026-08-09T12:01:09.410+0000] {processor.py:925} INFO - DAG(s) 'dag_extract_putevoy_list' retrieved from /opt/airflow/dags/dag_extract_putevoy_list.py
[2026-08-09T12:01:09.424+0000] {logging_mixin.py:190} INFO - [2026-08-09T12:01:09.424+0000] {dag.py:3239} INFO - Sync 1 DAGs
[2026-08-09T12:01:09.433+0000] {logging_mixin.py:190} INFO - [2026-08-09T12:01:09.433+0000] {dag.py:4180} INFO - Setting next_dagrun for dag_extract_putevoy_list to 2026-08-09 02:00:00+00:00, run_after=2026-08-10 02:00:00+00:00
[2026-08-09T12:01:09.441+0000] {processor.py:208} INFO - Processing /opt/airflow/dags/dag_extract_putevoy_list.py took 0.041 seconds
[2026-08-09T12:01:39.858+0000] {processor.py:186} INFO - Started process (PID=9408) to work on /opt/airflow/dags/dag_extract_putevoy_list.py
[2026-08-09T12:01:39.858+0000] {processor.py:914} INFO - Processing file /opt/airflow/dags/dag_extract_putevoy_list.py for tasks to queue
[2026-08-09T12:01:39.859+0000] {logging_mixin.py:190} INFO - [2026-08-09T12:01:39.859+0000] {dagbag.py:588} INFO - Filling up the DagBag from /opt/airflow/dags/dag_extract_putevoy_list.py
[2026-08-09T12:01:39.864+0000] {processor.py:925} INFO - DAG(s) 'dag_extract_putevoy_list' retrieved from /opt/airflow/dags/dag_extract_putevoy_list.py
[2026-08-09T12:01:39.874+0000] {logging_mixin.py:190} INFO - [2026-08-09T12:01:39.874+0000] {dag.py:3239} INFO - Sync 1 DAGs
[2026-08-09T12:01:39.882+0000] {logging_mixin.py:190} INFO - [2026-08-09T12:01:39.882+0000] {dag.py:4180} INFO - Setting next_dagrun for dag_extract_putevoy_list to 2026-08-09 02:00:00+00:00, run_after=2026-08-10 02:00:00+00:00
[2026-08-09T12:01:39.888+0000] {processor.py:208} INFO - Processing /opt/airflow/dags/dag_extract_putevoy_list.py took 0.032 seconds
[2026-08-09T12:02:10.377+0000] {processor.py:186} INFO - Started process (PID=9428) to work on /opt/airflow/dags/dag_extract_putevoy_list.py
[2026-08-09T12:02:10.377+0000] {processor.py:914} INFO - Processing file /opt/airflow/dags/dag_extract_putevoy_list.py for tasks to queue
[2026-08-09T12:02:10.378+0000] {logging_mixin.py:190} INFO - [2026-08-09T12:02:10.378+0000] {dagbag.py:588} INFO - Filling up the DagBag from /opt/airflow/dags/dag_extract_putevoy_list.py
[2026-08-09T12:02:10.386+0000] {processor.py:925} INFO - DAG(s) 'dag_extract_putevoy_list' retrieved from /opt/airflow/dags/dag_extract_putevoy_list.py
[2026-08-09T12:02:10.399+0000] {logging_mixin.py:190} INFO - [2026-08-09T12:02:10.399+0000] {dag.py:3239} INFO - Sync 1 DAGs
[2026-08-09T12:02:10.408+0000] {logging_mixin.py:190} INFO - [2026-08-09T12:02:10.408+0000] {dag.py:4180} INFO - Setting next_dagrun for dag_extract_putevoy_list to 2026-08-09 02:00:00+00:00, run_after=2026-08-10 02:00:00+00:00
[2026-08-09T12:02:10.414+0000] {processor.py:208} INFO - Processing /opt/airflow/dags/dag_extract_putevoy_list.py took 0.042 seconds
[2026-08-09T12:02:40.872+0000] {processor.py:186} INFO - Started process (PID=9448) to work on /opt/airflow/dags/dag_extract_putevoy_list.py
[2026-08-09T12:02:40.873+0000] {processor.py:914} INFO - Processing file /opt/airflow/dags/dag_extract_putevoy_list.py for tasks to queue
[2026-08-09T12:02:40.875+0000] {logging_mixin.py:190} INFO - [2026-08-09T12:02:40.875+0000] {dagbag.py:588} INFO - Filling up the DagBag from /opt/airflow/dags/dag_extract_putevoy_list.py
[2026-08-09T12:02:40.883+0000] {processor.py:925} INFO - DAG(s) 'dag_extract_putevoy_list' retrieved from /opt/airflow/dags/dag_extract_putevoy_list.py
[2026-08-09T12:02:40.896+0000] {logging_mixin.py:190} INFO - [2026-08-09T12:02:40.896+0000] {dag.py:3239} INFO - Sync 1 DAGs
[2026-08-09T12:02:40.905+0000] {logging_mixin.py:190} INFO - [2026-08-09T12:02:40.905+0000] {dag.py:4180} INFO - Setting next_dagrun for dag_extract_putevoy_list to 2026-08-09 02:00:00+00:00, run_after=2026-08-10 02:00:00+00:00
[2026-08-09T12:02:40.913+0000] {processor.py:208} INFO - Processing /opt/airflow/dags/dag_extract_putevoy_list.py took 0.043 seconds
[2026-08-09T12:03:11.311+0000] {processor.py:186} INFO - Started process (PID=9468) to work on /opt/airflow/dags/dag_extract_putevoy_list.py
[2026-08-09T12:03:11.313+0000] {processor.py:914} INFO - Processing file /opt/airflow/dags/dag_extract_putevoy_list.py for tasks to queue
[2026-08-09T12:03:11.314+0000] {logging_mixin.py:190} INFO - [2026-08-09T12:03:11.314+0000] {dagbag.py:588} INFO - Filling up the DagBag from /opt/airflow/dags/dag_extract_putevoy_list.py
[2026-08-09T12:03:11.324+0000] {processor.py:925} INFO - DAG(s) 'dag_extract_putevoy_list' retrieved from /opt/airflow/dags/dag_extract_putevoy_list.py
[2026-08-09T12:03:11.339+0000] {logging_mixin.py:190} INFO - [2026-08-09T12:03:11.339+0000] {dag.py:3239} INFO - Sync 1 DAGs
[2026-08-09T12:03:11.349+0000] {logging_mixin.py:190} INFO - [2026-08-09T12:03:11.348+0000] {dag.py:4180} INFO - Setting next_dagrun for dag_extract_putevoy_list to 2026-08-09 02:00:00+00:00, run_after=2026-08-10 02:00:00+00:00
[2026-08-09T12:03:11.356+0000] {processor.py:208} INFO - Processing /opt/airflow/dags/dag_extract_putevoy_list.py took 0.051 seconds
[2026-08-09T12:03:41.782+0000] {processor.py:186} INFO - Started process (PID=9488) to work on /opt/airflow/dags/dag_extract_putevoy_list.py
[2026-08-09T12:03:41.783+0000] {processor.py:914} INFO - Processing file /opt/airflow/dags/dag_extract_putevoy_list.py for tasks to queue
[2026-08-09T12:03:41.784+0000] {logging_mixin.py:190} INFO - [2026-08-09T12:03:41.784+0000] {dagbag.py:588} INFO - Filling up the DagBag from /opt/airflow/dags/dag_extract_putevoy_list.py
[2026-08-09T12:03:41.793+0000] {processor.py:925} INFO - DAG(s) 'dag_extract_putevoy_list' retrieved from /opt/airflow/dags/dag_extract_putevoy_list.py
[2026-08-09T12:03:41.809+0000] {logging_mixin.py:190} INFO - [2026-08-09T12:03:41.809+0000] {dag.py:3239} INFO - Sync 1 DAGs
[2026-08-09T12:03:41.821+0000] {logging_mixin.py:190} INFO - [2026-08-09T12:03:41.821+0000] {dag.py:4180} INFO - Setting next_dagrun for dag_extract_putevoy_list to 2026-08-09 02:00:00+00:00, run_after=2026-08-10 02:00:00+00:00
[2026-08-09T12:03:41.829+0000] {processor.py:208} INFO - Processing /opt/airflow/dags/dag_extract_putevoy_list.py took 0.051 seconds
[2026-08-09T12:36:43.918+0000] {processor.py:186} INFO - Started process (PID=9511) to work on /opt/airflow/dags/dag_extract_putevoy_list.py
[2026-08-09T12:36:43.919+0000] {processor.py:914} INFO - Processing file /opt/airflow/dags/dag_extract_putevoy_list.py for tasks to queue
[2026-08-09T12:36:43.919+0000] {logging_mixin.py:190} INFO - [2026-08-09T12:36:43.919+0000] {dagbag.py:588} INFO - Filling up the DagBag from /opt/airflow/dags/dag_extract_putevoy_list.py
[2026-08-09T12:36:43.930+0000] {processor.py:925} INFO - DAG(s) 'dag_extract_putevoy_list' retrieved from /opt/airflow/dags/dag_extract_putevoy_list.py
[2026-08-09T12:36:43.948+0000] {logging_mixin.py:190} INFO - [2026-08-09T12:36:43.948+0000] {dag.py:3239} INFO - Sync 1 DAGs
[2026-08-09T12:36:43.960+0000] {logging_mixin.py:190} INFO - [2026-08-09T12:36:43.960+0000] {dag.py:4180} INFO - Setting next_dagrun for dag_extract_putevoy_list to 2026-08-09 02:00:00+00:00, run_after=2026-08-10 02:00:00+00:00
[2026-08-09T12:36:43.967+0000] {processor.py:208} INFO - Processing /opt/airflow/dags/dag_extract_putevoy_list.py took 0.052 seconds
[2026-08-09T13:09:03.824+0000] {processor.py:186} INFO - Started process (PID=9531) to work on /opt/airflow/dags/dag_extract_putevoy_list.py
[2026-08-09T13:09:03.825+0000] {processor.py:914} INFO - Processing file /opt/airflow/dags/dag_extract_putevoy_list.py for tasks to queue
[2026-08-09T13:09:03.826+0000] {logging_mixin.py:190} INFO - [2026-08-09T13:09:03.825+0000] {dagbag.py:588} INFO - Filling up the DagBag from /opt/airflow/dags/dag_extract_putevoy_list.py
[2026-08-09T13:09:03.832+0000] {processor.py:925} INFO - DAG(s) 'dag_extract_putevoy_list' retrieved from /opt/airflow/dags/dag_extract_putevoy_list.py
[2026-08-09T13:09:03.845+0000] {logging_mixin.py:190} INFO - [2026-08-09T13:09:03.845+0000] {dag.py:3239} INFO - Sync 1 DAGs
[2026-08-09T13:09:03.855+0000] {logging_mixin.py:190} INFO - [2026-08-09T13:09:03.855+0000] {dag.py:4180} INFO - Setting next_dagrun for dag_extract_putevoy_list to 2026-08-09 02:00:00+00:00, run_after=2026-08-10 02:00:00+00:00
[2026-08-09T13:09:03.862+0000] {processor.py:208} INFO - Processing /opt/airflow/dags/dag_extract_putevoy_list.py took 0.041 seconds
[2026-08-09T13:51:16.783+0000] {processor.py:186} INFO - Started process (PID=9552) to work on /opt/airflow/dags/dag_extract_putevoy_list.py
[2026-08-09T13:51:16.783+0000] {processor.py:914} INFO - Processing file /opt/airflow/dags/dag_extract_putevoy_list.py for tasks to queue
[2026-08-09T13:51:16.784+0000] {logging_mixin.py:190} INFO - [2026-08-09T13:51:16.784+0000] {dagbag.py:588} INFO - Filling up the DagBag from /opt/airflow/dags/dag_extract_putevoy_list.py
[2026-08-09T13:51:16.796+0000] {processor.py:925} INFO - DAG(s) 'dag_extract_putevoy_list' retrieved from /opt/airflow/dags/dag_extract_putevoy_list.py
[2026-08-09T13:51:16.818+0000] {logging_mixin.py:190} INFO - [2026-08-09T13:51:16.818+0000] {dag.py:3239} INFO - Sync 1 DAGs
[2026-08-09T13:51:16.832+0000] {logging_mixin.py:190} INFO - [2026-08-09T13:51:16.832+0000] {dag.py:4180} INFO - Setting next_dagrun for dag_extract_putevoy_list to 2026-08-09 02:00:00+00:00, run_after=2026-08-10 02:00:00+00:00
[2026-08-09T13:51:16.842+0000] {processor.py:208} INFO - Processing /opt/airflow/dags/dag_extract_putevoy_list.py took 0.064 seconds
[2026-08-09T13:51:47.173+0000] {processor.py:186} INFO - Started process (PID=9574) to work on /opt/airflow/dags/dag_extract_putevoy_list.py
[2026-08-09T13:51:47.174+0000] {processor.py:914} INFO - Processing file /opt/airflow/dags/dag_extract_putevoy_list.py for tasks to queue
[2026-08-09T13:51:47.175+0000] {logging_mixin.py:190} INFO - [2026-08-09T13:51:47.175+0000] {dagbag.py:588} INFO - Filling up the DagBag from /opt/airflow/dags/dag_extract_putevoy_list.py
[2026-08-09T13:51:47.182+0000] {processor.py:925} INFO - DAG(s) 'dag_extract_putevoy_list' retrieved from /opt/airflow/dags/dag_extract_putevoy_list.py
[2026-08-09T13:51:47.194+0000] {logging_mixin.py:190} INFO - [2026-08-09T13:51:47.194+0000] {dag.py:3239} INFO - Sync 1 DAGs
[2026-08-09T13:51:47.203+0000] {logging_mixin.py:190} INFO - [2026-08-09T13:51:47.203+0000] {dag.py:4180} INFO - Setting next_dagrun for dag_extract_putevoy_list to 2026-08-09 02:00:00+00:00, run_after=2026-08-10 02:00:00+00:00
[2026-08-09T13:51:47.211+0000] {processor.py:208} INFO - Processing /opt/airflow/dags/dag_extract_putevoy_list.py took 0.042 seconds
[2026-08-09T14:15:07.310+0000] {processor.py:186} INFO - Started process (PID=9594) to work on /opt/airflow/dags/dag_extract_putevoy_list.py
[2026-08-09T14:15:07.312+0000] {processor.py:914} INFO - Processing file /opt/airflow/dags/dag_extract_putevoy_list.py for tasks to queue
[2026-08-09T14:15:07.313+0000] {logging_mixin.py:190} INFO - [2026-08-09T14:15:07.313+0000] {dagbag.py:588} INFO - Filling up the DagBag from /opt/airflow/dags/dag_extract_putevoy_list.py
[2026-08-09T14:15:07.329+0000] {processor.py:925} INFO - DAG(s) 'dag_extract_putevoy_list' retrieved from /opt/airflow/dags/dag_extract_putevoy_list.py
[2026-08-09T14:15:07.350+0000] {logging_mixin.py:190} INFO - [2026-08-09T14:15:07.350+0000] {dag.py:3239} INFO - Sync 1 DAGs
[2026-08-09T14:15:07.367+0000] {logging_mixin.py:190} INFO - [2026-08-09T14:15:07.366+0000] {dag.py:4180} INFO - Setting next_dagrun for dag_extract_putevoy_list to 2026-08-09 02:00:00+00:00, run_after=2026-08-10 02:00:00+00:00
[2026-08-09T14:15:07.377+0000] {processor.py:208} INFO - Processing /opt/airflow/dags/dag_extract_putevoy_list.py took 0.071 seconds
[2026-08-09T14:15:37.799+0000] {processor.py:186} INFO - Started process (PID=9617) to work on /opt/airflow/dags/dag_extract_putevoy_list.py
[2026-08-09T14:15:37.800+0000] {processor.py:914} INFO - Processing file /opt/airflow/dags/dag_extract_putevoy_list.py for tasks to queue
[2026-08-09T14:15:37.802+0000] {logging_mixin.py:190} INFO - [2026-08-09T14:15:37.802+0000] {dagbag.py:588} INFO - Filling up the DagBag from /opt/airflow/dags/dag_extract_putevoy_list.py
[2026-08-09T14:15:37.816+0000] {processor.py:925} INFO - DAG(s) 'dag_extract_putevoy_list' retrieved from /opt/airflow/dags/dag_extract_putevoy_list.py
[2026-08-09T14:15:37.842+0000] {logging_mixin.py:190} INFO - [2026-08-09T14:15:37.842+0000] {dag.py:3239} INFO - Sync 1 DAGs
[2026-08-09T14:15:37.859+0000] {logging_mixin.py:190} INFO - [2026-08-09T14:15:37.859+0000] {dag.py:4180} INFO - Setting next_dagrun for dag_extract_putevoy_list to 2026-08-09 02:00:00+00:00, run_after=2026-08-10 02:00:00+00:00
[2026-08-09T14:15:37.866+0000] {processor.py:208} INFO - Processing /opt/airflow/dags/dag_extract_putevoy_list.py took 0.075 seconds
[2026-08-09T14:16:08.238+0000] {processor.py:186} INFO - Started process (PID=9637) to work on /opt/airflow/dags/dag_extract_putevoy_list.py
[2026-08-09T14:16:08.238+0000] {processor.py:914} INFO - Processing file /opt/airflow/dags/dag_extract_putevoy_list.py for tasks to queue
[2026-08-09T14:16:08.239+0000] {logging_mixin.py:190} INFO - [2026-08-09T14:16:08.239+0000] {dagbag.py:588} INFO - Filling up the DagBag from /opt/airflow/dags/dag_extract_putevoy_list.py
[2026-08-09T14:16:08.244+0000] {processor.py:925} INFO - DAG(s) 'dag_extract_putevoy_list' retrieved from /opt/airflow/dags/dag_extract_putevoy_list.py
[2026-08-09T14:16:08.256+0000] {logging_mixin.py:190} INFO - [2026-08-09T14:16:08.256+0000] {dag.py:3239} INFO - Sync 1 DAGs
[2026-08-09T14:16:08.267+0000] {logging_mixin.py:190} INFO - [2026-08-09T14:16:08.267+0000] {dag.py:4180} INFO - Setting next_dagrun for dag_extract_putevoy_list to 2026-08-09 02:00:00+00:00, run_after=2026-08-10 02:00:00+00:00
[2026-08-09T14:16:08.274+0000] {processor.py:208} INFO - Processing /opt/airflow/dags/dag_extract_putevoy_list.py took 0.039 seconds
[2026-08-09T14:16:38.663+0000] {processor.py:186} INFO - Started process (PID=9657) to work on /opt/airflow/dags/dag_extract_putevoy_list.py
[2026-08-09T14:16:38.666+0000] {processor.py:914} INFO - Processing file /opt/airflow/dags/dag_extract_putevoy_list.py for tasks to queue
[2026-08-09T14:16:38.668+0000] {logging_mixin.py:190} INFO - [2026-08-09T14:16:38.667+0000] {dagbag.py:588} INFO - Filling up the DagBag from /opt/airflow/dags/dag_extract_putevoy_list.py
[2026-08-09T14:16:38.678+0000] {processor.py:925} INFO - DAG(s) 'dag_extract_putevoy_list' retrieved from /opt/airflow/dags/dag_extract_putevoy_list.py
[2026-08-09T14:16:38.695+0000] {logging_mixin.py:190} INFO - [2026-08-09T14:16:38.695+0000] {dag.py:3239} INFO - Sync 1 DAGs
[2026-08-09T14:16:38.709+0000] {logging_mixin.py:190} INFO - [2026-08-09T14:16:38.709+0000] {dag.py:4180} INFO - Setting next_dagrun for dag_extract_putevoy_list to 2026-08-09 02:00:00+00:00, run_after=2026-08-10 02:00:00+00:00
[2026-08-09T14:16:38.719+0000] {processor.py:208} INFO - Processing /opt/airflow/dags/dag_extract_putevoy_list.py took 0.063 seconds
[2026-08-09T14:17:09.092+0000] {processor.py:186} INFO - Started process (PID=9677) to work on /opt/airflow/dags/dag_extract_putevoy_list.py
[2026-08-09T14:17:09.094+0000] {processor.py:914} INFO - Processing file /opt/airflow/dags/dag_extract_putevoy_list.py for tasks to queue
[2026-08-09T14:17:09.095+0000] {logging_mixin.py:190} INFO - [2026-08-09T14:17:09.095+0000] {dagbag.py:588} INFO - Filling up the DagBag from /opt/airflow/dags/dag_extract_putevoy_list.py
[2026-08-09T14:17:09.108+0000] {processor.py:925} INFO - DAG(s) 'dag_extract_putevoy_list' retrieved from /opt/airflow/dags/dag_extract_putevoy_list.py
[2026-08-09T14:17:09.124+0000] {logging_mixin.py:190} INFO - [2026-08-09T14:17:09.124+0000] {dag.py:3239} INFO - Sync 1 DAGs
[2026-08-09T14:17:09.134+0000] {logging_mixin.py:190} INFO - [2026-08-09T14:17:09.134+0000] {dag.py:4180} INFO - Setting next_dagrun for dag_extract_putevoy_list to 2026-08-09 02:00:00+00:00, run_after=2026-08-10 02:00:00+00:00
[2026-08-09T14:17:09.143+0000] {processor.py:208} INFO - Processing /opt/airflow/dags/dag_extract_putevoy_list.py took 0.056 seconds
[2026-08-09T14:17:39.465+0000] {processor.py:186} INFO - Started process (PID=9697) to work on /opt/airflow/dags/dag_extract_putevoy_list.py
[2026-08-09T14:17:39.467+0000] {processor.py:914} INFO - Processing file /opt/airflow/dags/dag_extract_putevoy_list.py for tasks to queue
[2026-08-09T14:17:39.468+0000] {logging_mixin.py:190} INFO - [2026-08-09T14:17:39.468+0000] {dagbag.py:588} INFO - Filling up the DagBag from /opt/airflow/dags/dag_extract_putevoy_list.py
[2026-08-09T14:17:39.478+0000] {processor.py:925} INFO - DAG(s) 'dag_extract_putevoy_list' retrieved from /opt/airflow/dags/dag_extract_putevoy_list.py
[2026-08-09T14:17:39.495+0000] {logging_mixin.py:190} INFO - [2026-08-09T14:17:39.495+0000] {dag.py:3239} INFO - Sync 1 DAGs
[2026-08-09T14:17:39.507+0000] {logging_mixin.py:190} INFO - [2026-08-09T14:17:39.507+0000] {dag.py:4180} INFO - Setting next_dagrun for dag_extract_putevoy_list to 2026-08-09 02:00:00+00:00, run_after=2026-08-10 02:00:00+00:00
[2026-08-09T14:17:39.516+0000] {processor.py:208} INFO - Processing /opt/airflow/dags/dag_extract_putevoy_list.py took 0.056 seconds
[2026-08-09T14:18:09.914+0000] {processor.py:186} INFO - Started process (PID=9717) to work on /opt/airflow/dags/dag_extract_putevoy_list.py
[2026-08-09T14:18:09.915+0000] {processor.py:914} INFO - Processing file /opt/airflow/dags/dag_extract_putevoy_list.py for tasks to queue
[2026-08-09T14:18:09.917+0000] {logging_mixin.py:190} INFO - [2026-08-09T14:18:09.916+0000] {dagbag.py:588} INFO - Filling up the DagBag from /opt/airflow/dags/dag_extract_putevoy_list.py
[2026-08-09T14:18:09.928+0000] {processor.py:925} INFO - DAG(s) 'dag_extract_putevoy_list' retrieved from /opt/airflow/dags/dag_extract_putevoy_list.py
[2026-08-09T14:18:09.942+0000] {logging_mixin.py:190} INFO - [2026-08-09T14:18:09.942+0000] {dag.py:3239} INFO - Sync 1 DAGs
[2026-08-09T14:18:09.953+0000] {logging_mixin.py:190} INFO - [2026-08-09T14:18:09.953+0000] {dag.py:4180} INFO - Setting next_dagrun for dag_extract_putevoy_list to 2026-08-09 02:00:00+00:00, run_after=2026-08-10 02:00:00+00:00
[2026-08-09T14:18:09.961+0000] {processor.py:208} INFO - Processing /opt/airflow/dags/dag_extract_putevoy_list.py took 0.052 seconds
[2026-08-09T14:18:40.392+0000] {processor.py:186} INFO - Started process (PID=9737) to work on /opt/airflow/dags/dag_extract_putevoy_list.py
[2026-08-09T14:18:40.393+0000] {processor.py:914} INFO - Processing file /opt/airflow/dags/dag_extract_putevoy_list.py for tasks to queue
[2026-08-09T14:18:40.395+0000] {logging_mixin.py:190} INFO - [2026-08-09T14:18:40.395+0000] {dagbag.py:588} INFO - Filling up the DagBag from /opt/airflow/dags/dag_extract_putevoy_list.py
[2026-08-09T14:18:40.409+0000] {processor.py:925} INFO - DAG(s) 'dag_extract_putevoy_list' retrieved from /opt/airflow/dags/dag_extract_putevoy_list.py
[2026-08-09T14:18:40.437+0000] {logging_mixin.py:190} INFO - [2026-08-09T14:18:40.437+0000] {dag.py:3239} INFO - Sync 1 DAGs
[2026-08-09T14:18:40.456+0000] {logging_mixin.py:190} INFO - [2026-08-09T14:18:40.456+0000] {dag.py:4180} INFO - Setting next_dagrun for dag_extract_putevoy_list to 2026-08-09 02:00:00+00:00, run_after=2026-08-10 02:00:00+00:00
[2026-08-09T14:18:40.469+0000] {processor.py:208} INFO - Processing /opt/airflow/dags/dag_extract_putevoy_list.py took 0.085 seconds
[2026-08-09T14:19:10.870+0000] {processor.py:186} INFO - Started process (PID=9757) to work on /opt/airflow/dags/dag_extract_putevoy_list.py
[2026-08-09T14:19:10.871+0000] {processor.py:914} INFO - Processing file /opt/airflow/dags/dag_extract_putevoy_list.py for tasks to queue
[2026-08-09T14:19:10.873+0000] {logging_mixin.py:190} INFO - [2026-08-09T14:19:10.872+0000] {dagbag.py:588} INFO - Filling up the DagBag from /opt/airflow/dags/dag_extract_putevoy_list.py
[2026-08-09T14:19:10.882+0000] {processor.py:925} INFO - DAG(s) 'dag_extract_putevoy_list' retrieved from /opt/airflow/dags/dag_extract_putevoy_list.py
[2026-08-09T14:19:10.896+0000] {logging_mixin.py:190} INFO - [2026-08-09T14:19:10.895+0000] {dag.py:3239} INFO - Sync 1 DAGs
[2026-08-09T14:19:10.908+0000] {logging_mixin.py:190} INFO - [2026-08-09T14:19:10.908+0000] {dag.py:4180} INFO - Setting next_dagrun for dag_extract_putevoy_list to 2026-08-09 02:00:00+00:00, run_after=2026-08-10 02:00:00+00:00
[2026-08-09T14:19:10.917+0000] {processor.py:208} INFO - Processing /opt/airflow/dags/dag_extract_putevoy_list.py took 0.052 seconds
[2026-08-09T14:19:41.302+0000] {processor.py:186} INFO - Started process (PID=9777) to work on /opt/airflow/dags/dag_extract_putevoy_list.py
[2026-08-09T14:19:41.305+0000] {processor.py:914} INFO - Processing file /opt/airflow/dags/dag_extract_putevoy_list.py for tasks to queue
[2026-08-09T14:19:41.306+0000] {logging_mixin.py:190} INFO - [2026-08-09T14:19:41.306+0000] {dagbag.py:588} INFO - Filling up the DagBag from /opt/airflow/dags/dag_extract_putevoy_list.py
[2026-08-09T14:19:41.314+0000] {processor.py:925} INFO - DAG(s) 'dag_extract_putevoy_list' retrieved from /opt/airflow/dags/dag_extract_putevoy_list.py
[2026-08-09T14:19:41.332+0000] {logging_mixin.py:190} INFO - [2026-08-09T14:19:41.332+0000] {dag.py:3239} INFO - Sync 1 DAGs
[2026-08-09T14:19:41.345+0000] {logging_mixin.py:190} INFO - [2026-08-09T14:19:41.345+0000] {dag.py:4180} INFO - Setting next_dagrun for dag_extract_putevoy_list to 2026-08-09 02:00:00+00:00, run_after=2026-08-10 02:00:00+00:00
[2026-08-09T14:19:41.354+0000] {processor.py:208} INFO - Processing /opt/airflow/dags/dag_extract_putevoy_list.py took 0.057 seconds
[2026-08-09T14:20:11.783+0000] {processor.py:186} INFO - Started process (PID=9797) to work on /opt/airflow/dags/dag_extract_putevoy_list.py
[2026-08-09T14:20:11.787+0000] {processor.py:914} INFO - Processing file /opt/airflow/dags/dag_extract_putevoy_list.py for tasks to queue
[2026-08-09T14:20:11.788+0000] {logging_mixin.py:190} INFO - [2026-08-09T14:20:11.788+0000] {dagbag.py:588} INFO - Filling up the DagBag from /opt/airflow/dags/dag_extract_putevoy_list.py
[2026-08-09T14:20:11.800+0000] {processor.py:925} INFO - DAG(s) 'dag_extract_putevoy_list' retrieved from /opt/airflow/dags/dag_extract_putevoy_list.py
[2026-08-09T14:20:11.819+0000] {logging_mixin.py:190} INFO - [2026-08-09T14:20:11.819+0000] {dag.py:3239} INFO - Sync 1 DAGs
[2026-08-09T14:20:11.830+0000] {logging_mixin.py:190} INFO - [2026-08-09T14:20:11.830+0000] {dag.py:4180} INFO - Setting next_dagrun for dag_extract_putevoy_list to 2026-08-09 02:00:00+00:00, run_after=2026-08-10 02:00:00+00:00
[2026-08-09T14:20:11.839+0000] {processor.py:208} INFO - Processing /opt/airflow/dags/dag_extract_putevoy_list.py took 0.061 seconds
