[2026-08-09T00:11:54.020+0000] {processor.py:186} INFO - Started process (PID=8315) to work on /opt/airflow/dags/dag_extract_catalogs.py
[2026-08-09T00:11:54.020+0000] {processor.py:914} INFO - Processing file /opt/airflow/dags/dag_extract_catalogs.py for tasks to queue
[2026-08-09T00:11:54.021+0000] {logging_mixin.py:190} INFO - [2026-08-09T00:11:54.021+0000] {dagbag.py:588} INFO - Filling up the DagBag from /opt/airflow/dags/dag_extract_catalogs.py
[2026-08-09T00:11:54.026+0000] {processor.py:925} INFO - DAG(s) 'dag_extract_catalogs' retrieved from /opt/airflow/dags/dag_extract_catalogs.py
[2026-08-09T00:11:54.035+0000] {logging_mixin.py:190} INFO - [2026-08-09T00:11:54.035+0000] {dag.py:3239} INFO - Sync 1 DAGs
[2026-08-09T00:11:54.042+0000] {logging_mixin.py:190} INFO - [2026-08-09T00:11:54.042+0000] {dag.py:4180} INFO - Setting next_dagrun for dag_extract_catalogs to 2026-08-08 01:00:00+00:00, run_after=2026-08-09 01:00:00+00:00
[2026-08-09T00:11:54.047+0000] {processor.py:208} INFO - Processing /opt/airflow/dags/dag_extract_catalogs.py took 0.029 seconds
[2026-08-09T00:55:10.726+0000] {processor.py:186} INFO - Started process (PID=8338) to work on /opt/airflow/dags/dag_extract_catalogs.py
[2026-08-09T00:55:10.727+0000] {processor.py:914} INFO - Processing file /opt/airflow/dags/dag_extract_catalogs.py for tasks to queue
[2026-08-09T00:55:10.727+0000] {logging_mixin.py:190} INFO - [2026-08-09T00:55:10.727+0000] {dagbag.py:588} INFO - Filling up the DagBag from /opt/airflow/dags/dag_extract_catalogs.py
[2026-08-09T00:55:10.732+0000] {processor.py:925} INFO - DAG(s) 'dag_extract_catalogs' retrieved from /opt/airflow/dags/dag_extract_catalogs.py
[2026-08-09T00:55:10.742+0000] {logging_mixin.py:190} INFO - [2026-08-09T00:55:10.741+0000] {dag.py:3239} INFO - Sync 1 DAGs
[2026-08-09T00:55:10.750+0000] {logging_mixin.py:190} INFO - [2026-08-09T00:55:10.749+0000] {dag.py:4180} INFO - Setting next_dagrun for dag_extract_catalogs to 2026-08-08 01:00:00+00:00, run_after=2026-08-09 01:00:00+00:00
[2026-08-09T00:55:10.754+0000] {processor.py:208} INFO - Processing /opt/airflow/dags/dag_extract_catalogs.py took 0.030 seconds
[2026-08-09T01:10:28.658+0000] {processor.py:186} INFO - Started process (PID=8367) to work on /opt/airflow/dags/dag_extract_catalogs.py
[2026-08-09T01:10:28.658+0000] {processor.py:914} INFO - Processing file /opt/airflow/dags/dag_extract_catalogs.py for tasks to queue
[2026-08-09T01:10:28.659+0000] {logging_mixin.py:190} INFO - [2026-08-09T01:10:28.659+0000] {dagbag.py:588} INFO - Filling up the DagBag from /opt/airflow/dags/dag_extract_catalogs.py
[2026-08-09T01:10:28.663+0000] {processor.py:925} INFO - DAG(s) 'dag_extract_catalogs' retrieved from /opt/airflow/dags/dag_extract_catalogs.py
[2026-08-09T01:10:28.673+0000] {logging_mixin.py:190} INFO - [2026-08-09T01:10:28.673+0000] {dag.py:3239} INFO - Sync 1 DAGs
[2026-08-09T01:10:28.685+0000] {processor.py:208} INFO - Processing /opt/airflow/dags/dag_extract_catalogs.py took 0.029 seconds
[2026-08-09T01:43:09.883+0000] {processor.py:186} INFO - Started process (PID=8396) to work on /opt/airflow/dags/dag_extract_catalogs.py
[2026-08-09T01:43:09.885+0000] {processor.py:914} INFO - Processing file /opt/airflow/dags/dag_extract_catalogs.py for tasks to queue
[2026-08-09T01:43:09.886+0000] {logging_mixin.py:190} INFO - [2026-08-09T01:43:09.886+0000] {dagbag.py:588} INFO - Filling up the DagBag from /opt/airflow/dags/dag_extract_catalogs.py
[2026-08-09T01:43:09.899+0000] {processor.py:925} INFO - DAG(s) 'dag_extract_catalogs' retrieved from /opt/airflow/dags/dag_extract_catalogs.py
[2026-08-09T01:43:09.924+0000] {logging_mixin.py:190} INFO - [2026-08-09T01:43:09.924+0000] {dag.py:3239} INFO - Sync 1 DAGs
[2026-08-09T01:43:09.955+0000] {processor.py:208} INFO - Processing /opt/airflow/dags/dag_extract_catalogs.py took 0.078 seconds
[2026-08-09T01:59:32.831+0000] {processor.py:186} INFO - Started process (PID=8431) to work on /opt/airflow/dags/dag_extract_catalogs.py
[2026-08-09T01:59:32.831+0000] {processor.py:914} INFO - Processing file /opt/airflow/dags/dag_extract_catalogs.py for tasks to queue
[2026-08-09T01:59:32.832+0000] {logging_mixin.py:190} INFO - [2026-08-09T01:59:32.831+0000] {dagbag.py:588} INFO - Filling up the DagBag from /opt/airflow/dags/dag_extract_catalogs.py
[2026-08-09T01:59:32.836+0000] {processor.py:925} INFO - DAG(s) 'dag_extract_catalogs' retrieved from /opt/airflow/dags/dag_extract_catalogs.py
[2026-08-09T01:59:32.846+0000] {logging_mixin.py:190} INFO - [2026-08-09T01:59:32.846+0000] {dag.py:3239} INFO - Sync 1 DAGs
[2026-08-09T01:59:32.857+0000] {processor.py:208} INFO - Processing /opt/airflow/dags/dag_extract_catalogs.py took 0.029 seconds
[2026-08-09T02:18:24.430+0000] {processor.py:186} INFO - Started process (PID=8457) to work on /opt/airflow/dags/dag_extract_catalogs.py
[2026-08-09T02:18:24.431+0000] {processor.py:914} INFO - Processing file /opt/airflow/dags/dag_extract_catalogs.py for tasks to queue
[2026-08-09T02:18:24.431+0000] {logging_mixin.py:190} INFO - [2026-08-09T02:18:24.431+0000] {dagbag.py:588} INFO - Filling up the DagBag from /opt/airflow/dags/dag_extract_catalogs.py
[2026-08-09T02:18:24.436+0000] {processor.py:925} INFO - DAG(s) 'dag_extract_catalogs' retrieved from /opt/airflow/dags/dag_extract_catalogs.py
[2026-08-09T02:18:24.446+0000] {logging_mixin.py:190} INFO - [2026-08-09T02:18:24.445+0000] {dag.py:3239} INFO - Sync 1 DAGs
[2026-08-09T02:18:24.453+0000] {logging_mixin.py:190} INFO - [2026-08-09T02:18:24.453+0000] {dag.py:4180} INFO - Setting next_dagrun for dag_extract_catalogs to 2026-08-09 01:00:00+00:00, run_after=2026-08-10 01:00:00+00:00
[2026-08-09T02:18:24.458+0000] {processor.py:208} INFO - Processing /opt/airflow/dags/dag_extract_catalogs.py took 0.030 seconds
[2026-08-09T02:35:40.930+0000] {processor.py:186} INFO - Started process (PID=8477) to work on /opt/airflow/dags/dag_extract_catalogs.py
[2026-08-09T02:35:40.930+0000] {processor.py:914} INFO - Processing file /opt/airflow/dags/dag_extract_catalogs.py for tasks to queue
[2026-08-09T02:35:40.931+0000] {logging_mixin.py:190} INFO - [2026-08-09T02:35:40.931+0000] {dagbag.py:588} INFO - Filling up the DagBag from /opt/airflow/dags/dag_extract_catalogs.py
[2026-08-09T02:35:40.936+0000] {processor.py:925} INFO - DAG(s) 'dag_extract_catalogs' retrieved from /opt/airflow/dags/dag_extract_catalogs.py
[2026-08-09T02:35:40.946+0000] {logging_mixin.py:190} INFO - [2026-08-09T02:35:40.946+0000] {dag.py:3239} INFO - Sync 1 DAGs
[2026-08-09T02:35:40.954+0000] {logging_mixin.py:190} INFO - [2026-08-09T02:35:40.954+0000] {dag.py:4180} INFO - Setting next_dagrun for dag_extract_catalogs to 2026-08-09 01:00:00+00:00, run_after=2026-08-10 01:00:00+00:00
[2026-08-09T02:35:40.959+0000] {processor.py:208} INFO - Processing /opt/airflow/dags/dag_extract_catalogs.py took 0.032 seconds
[2026-08-09T02:52:57.964+0000] {processor.py:186} INFO - Started process (PID=8503) to work on /opt/airflow/dags/dag_extract_catalogs.py
[2026-08-09T02:52:57.964+0000] {processor.py:914} INFO - Processing file /opt/airflow/dags/dag_extract_catalogs.py for tasks to queue
[2026-08-09T02:52:57.964+0000] {logging_mixin.py:190} INFO - [2026-08-09T02:52:57.964+0000] {dagbag.py:588} INFO - Filling up the DagBag from /opt/airflow/dags/dag_extract_catalogs.py
[2026-08-09T02:52:57.969+0000] {processor.py:925} INFO - DAG(s) 'dag_extract_catalogs' retrieved from /opt/airflow/dags/dag_extract_catalogs.py
[2026-08-09T02:52:57.979+0000] {logging_mixin.py:190} INFO - [2026-08-09T02:52:57.979+0000] {dag.py:3239} INFO - Sync 1 DAGs
[2026-08-09T02:52:57.986+0000] {logging_mixin.py:190} INFO - [2026-08-09T02:52:57.986+0000] {dag.py:4180} INFO - Setting next_dagrun for dag_extract_catalogs to 2026-08-09 01:00:00+00:00, run_after=2026-08-10 01:00:00+00:00
[2026-08-09T02:52:57.991+0000] {processor.py:208} INFO - Processing /opt/airflow/dags/dag_extract_catalogs.py took 0.029 seconds
[2026-08-09T03:26:38.210+0000] {processor.py:186} INFO - Started process (PID=8523) to work on /opt/airflow/dags/dag_extract_catalogs.py
[2026-08-09T03:26:38.211+0000] {processor.py:914} INFO - Processing file /opt/airflow/dags/dag_extract_catalogs.py for tasks to queue
[2026-08-09T03:26:38.211+0000] {logging_mixin.py:190} INFO - [2026-08-09T03:26:38.211+0000] {dagbag.py:588} INFO - Filling up the DagBag from /opt/airflow/dags/dag_extract_catalogs.py
[2026-08-09T03:26:38.216+0000] {processor.py:925} INFO - DAG(s) 'dag_extract_catalogs' retrieved from /opt/airflow/dags/dag_extract_catalogs.py
[2026-08-09T03:26:38.226+0000] {logging_mixin.py:190} INFO - [2026-08-09T03:26:38.226+0000] {dag.py:3239} INFO - Sync 1 DAGs
[2026-08-09T03:26:38.233+0000] {logging_mixin.py:190} INFO - [2026-08-09T03:26:38.233+0000] {dag.py:4180} INFO - Setting next_dagrun for dag_extract_catalogs to 2026-08-09 01:00:00+00:00, run_after=2026-08-10 01:00:00+00:00
[2026-08-09T03:26:38.238+0000] {processor.py:208} INFO - Processing /opt/airflow/dags/dag_extract_catalogs.py took 0.031 seconds
[2026-08-09T03:42:58.308+0000] {processor.py:186} INFO - Started process (PID=8549) to work on /opt/airflow/dags/dag_extract_catalogs.py
[2026-08-09T03:42:58.309+0000] {processor.py:914} INFO - Processing file /opt/airflow/dags/dag_extract_catalogs.py for tasks to queue
[2026-08-09T03:42:58.309+0000] {logging_mixin.py:190} INFO - [2026-08-09T03:42:58.309+0000] {dagbag.py:588} INFO - Filling up the DagBag from /opt/airflow/dags/dag_extract_catalogs.py
[2026-08-09T03:42:58.313+0000] {processor.py:925} INFO - DAG(s) 'dag_extract_catalogs' retrieved from /opt/airflow/dags/dag_extract_catalogs.py
[2026-08-09T03:42:58.323+0000] {logging_mixin.py:190} INFO - [2026-08-09T03:42:58.323+0000] {dag.py:3239} INFO - Sync 1 DAGs
[2026-08-09T03:42:58.330+0000] {logging_mixin.py:190} INFO - [2026-08-09T03:42:58.330+0000] {dag.py:4180} INFO - Setting next_dagrun for dag_extract_catalogs to 2026-08-09 01:00:00+00:00, run_after=2026-08-10 01:00:00+00:00
[2026-08-09T03:42:58.335+0000] {processor.py:208} INFO - Processing /opt/airflow/dags/dag_extract_catalogs.py took 0.030 seconds
[2026-08-09T04:00:08.415+0000] {processor.py:186} INFO - Started process (PID=8590) to work on /opt/airflow/dags/dag_extract_catalogs.py
[2026-08-09T04:00:08.416+0000] {processor.py:914} INFO - Processing file /opt/airflow/dags/dag_extract_catalogs.py for tasks to queue
[2026-08-09T04:00:08.417+0000] {logging_mixin.py:190} INFO - [2026-08-09T04:00:08.417+0000] {dagbag.py:588} INFO - Filling up the DagBag from /opt/airflow/dags/dag_extract_catalogs.py
[2026-08-09T04:00:08.427+0000] {processor.py:925} INFO - DAG(s) 'dag_extract_catalogs' retrieved from /opt/airflow/dags/dag_extract_catalogs.py
[2026-08-09T04:00:08.448+0000] {logging_mixin.py:190} INFO - [2026-08-09T04:00:08.447+0000] {dag.py:3239} INFO - Sync 1 DAGs
[2026-08-09T04:00:08.463+0000] {logging_mixin.py:190} INFO - [2026-08-09T04:00:08.463+0000] {dag.py:4180} INFO - Setting next_dagrun for dag_extract_catalogs to 2026-08-09 01:00:00+00:00, run_after=2026-08-10 01:00:00+00:00
[2026-08-09T04:00:08.649+0000] {processor.py:208} INFO - Processing /opt/airflow/dags/dag_extract_catalogs.py took 0.237 seconds
[2026-08-09T04:19:21.586+0000] {processor.py:186} INFO - Started process (PID=8619) to work on /opt/airflow/dags/dag_extract_catalogs.py
[2026-08-09T04:19:21.586+0000] {processor.py:914} INFO - Processing file /opt/airflow/dags/dag_extract_catalogs.py for tasks to queue
[2026-08-09T04:19:21.587+0000] {logging_mixin.py:190} INFO - [2026-08-09T04:19:21.586+0000] {dagbag.py:588} INFO - Filling up the DagBag from /opt/airflow/dags/dag_extract_catalogs.py
[2026-08-09T04:19:21.591+0000] {processor.py:925} INFO - DAG(s) 'dag_extract_catalogs' retrieved from /opt/airflow/dags/dag_extract_catalogs.py
[2026-08-09T04:19:21.602+0000] {logging_mixin.py:190} INFO - [2026-08-09T04:19:21.602+0000] {dag.py:3239} INFO - Sync 1 DAGs
[2026-08-09T04:19:21.609+0000] {logging_mixin.py:190} INFO - [2026-08-09T04:19:21.609+0000] {dag.py:4180} INFO - Setting next_dagrun for dag_extract_catalogs to 2026-08-09 01:00:00+00:00, run_after=2026-08-10 01:00:00+00:00
[2026-08-09T04:19:21.615+0000] {processor.py:208} INFO - Processing /opt/airflow/dags/dag_extract_catalogs.py took 0.031 seconds
[2026-08-09T04:35:36.997+0000] {processor.py:186} INFO - Started process (PID=8637) to work on /opt/airflow/dags/dag_extract_catalogs.py
[2026-08-09T04:35:36.998+0000] {processor.py:914} INFO - Processing file /opt/airflow/dags/dag_extract_catalogs.py for tasks to queue
[2026-08-09T04:35:36.999+0000] {logging_mixin.py:190} INFO - [2026-08-09T04:35:36.999+0000] {dagbag.py:588} INFO - Filling up the DagBag from /opt/airflow/dags/dag_extract_catalogs.py
[2026-08-09T04:35:37.004+0000] {processor.py:925} INFO - DAG(s) 'dag_extract_catalogs' retrieved from /opt/airflow/dags/dag_extract_catalogs.py
[2026-08-09T04:35:37.017+0000] {logging_mixin.py:190} INFO - [2026-08-09T04:35:37.016+0000] {dag.py:3239} INFO - Sync 1 DAGs
[2026-08-09T04:35:37.026+0000] {logging_mixin.py:190} INFO - [2026-08-09T04:35:37.026+0000] {dag.py:4180} INFO - Setting next_dagrun for dag_extract_catalogs to 2026-08-09 01:00:00+00:00, run_after=2026-08-10 01:00:00+00:00
[2026-08-09T04:35:37.035+0000] {processor.py:208} INFO - Processing /opt/airflow/dags/dag_extract_catalogs.py took 0.040 seconds
[2026-08-09T05:07:56.757+0000] {processor.py:186} INFO - Started process (PID=8662) to work on /opt/airflow/dags/dag_extract_catalogs.py
[2026-08-09T05:07:56.758+0000] {processor.py:914} INFO - Processing file /opt/airflow/dags/dag_extract_catalogs.py for tasks to queue
[2026-08-09T05:07:56.758+0000] {logging_mixin.py:190} INFO - [2026-08-09T05:07:56.758+0000] {dagbag.py:588} INFO - Filling up the DagBag from /opt/airflow/dags/dag_extract_catalogs.py
[2026-08-09T05:07:56.763+0000] {processor.py:925} INFO - DAG(s) 'dag_extract_catalogs' retrieved from /opt/airflow/dags/dag_extract_catalogs.py
[2026-08-09T05:07:56.772+0000] {logging_mixin.py:190} INFO - [2026-08-09T05:07:56.772+0000] {dag.py:3239} INFO - Sync 1 DAGs
[2026-08-09T05:07:56.780+0000] {logging_mixin.py:190} INFO - [2026-08-09T05:07:56.780+0000] {dag.py:4180} INFO - Setting next_dagrun for dag_extract_catalogs to 2026-08-09 01:00:00+00:00, run_after=2026-08-10 01:00:00+00:00
[2026-08-09T05:07:56.784+0000] {processor.py:208} INFO - Processing /opt/airflow/dags/dag_extract_catalogs.py took 0.030 seconds
[2026-08-09T05:37:57.602+0000] {processor.py:186} INFO - Started process (PID=8680) to work on /opt/airflow/dags/dag_extract_catalogs.py
[2026-08-09T05:37:57.603+0000] {processor.py:914} INFO - Processing file /opt/airflow/dags/dag_extract_catalogs.py for tasks to queue
[2026-08-09T05:37:57.604+0000] {logging_mixin.py:190} INFO - [2026-08-09T05:37:57.604+0000] {dagbag.py:588} INFO - Filling up the DagBag from /opt/airflow/dags/dag_extract_catalogs.py
[2026-08-09T05:37:57.609+0000] {processor.py:925} INFO - DAG(s) 'dag_extract_catalogs' retrieved from /opt/airflow/dags/dag_extract_catalogs.py
[2026-08-09T05:37:57.623+0000] {logging_mixin.py:190} INFO - [2026-08-09T05:37:57.623+0000] {dag.py:3239} INFO - Sync 1 DAGs
[2026-08-09T05:37:57.632+0000] {logging_mixin.py:190} INFO - [2026-08-09T05:37:57.632+0000] {dag.py:4180} INFO - Setting next_dagrun for dag_extract_catalogs to 2026-08-09 01:00:00+00:00, run_after=2026-08-10 01:00:00+00:00
[2026-08-09T05:37:57.641+0000] {processor.py:208} INFO - Processing /opt/airflow/dags/dag_extract_catalogs.py took 0.042 seconds
[2026-08-09T06:12:15.322+0000] {processor.py:186} INFO - Started process (PID=8703) to work on /opt/airflow/dags/dag_extract_catalogs.py
[2026-08-09T06:12:15.323+0000] {processor.py:914} INFO - Processing file /opt/airflow/dags/dag_extract_catalogs.py for tasks to queue
[2026-08-09T06:12:15.324+0000] {logging_mixin.py:190} INFO - [2026-08-09T06:12:15.324+0000] {dagbag.py:588} INFO - Filling up the DagBag from /opt/airflow/dags/dag_extract_catalogs.py
[2026-08-09T06:12:15.330+0000] {processor.py:925} INFO - DAG(s) 'dag_extract_catalogs' retrieved from /opt/airflow/dags/dag_extract_catalogs.py
[2026-08-09T06:12:15.347+0000] {logging_mixin.py:190} INFO - [2026-08-09T06:12:15.347+0000] {dag.py:3239} INFO - Sync 1 DAGs
[2026-08-09T06:12:15.359+0000] {logging_mixin.py:190} INFO - [2026-08-09T06:12:15.359+0000] {dag.py:4180} INFO - Setting next_dagrun for dag_extract_catalogs to 2026-08-09 01:00:00+00:00, run_after=2026-08-10 01:00:00+00:00
[2026-08-09T06:12:15.369+0000] {processor.py:208} INFO - Processing /opt/airflow/dags/dag_extract_catalogs.py took 0.049 seconds
[2026-08-09T06:38:26.357+0000] {processor.py:186} INFO - Started process (PID=8723) to work on /opt/airflow/dags/dag_extract_catalogs.py
[2026-08-09T06:38:26.358+0000] {processor.py:914} INFO - Processing file /opt/airflow/dags/dag_extract_catalogs.py for tasks to queue
[2026-08-09T06:38:26.359+0000] {logging_mixin.py:190} INFO - [2026-08-09T06:38:26.359+0000] {dagbag.py:588} INFO - Filling up the DagBag from /opt/airflow/dags/dag_extract_catalogs.py
[2026-08-09T06:38:26.365+0000] {processor.py:925} INFO - DAG(s) 'dag_extract_catalogs' retrieved from /opt/airflow/dags/dag_extract_catalogs.py
[2026-08-09T06:38:26.377+0000] {logging_mixin.py:190} INFO - [2026-08-09T06:38:26.376+0000] {dag.py:3239} INFO - Sync 1 DAGs
[2026-08-09T06:38:26.385+0000] {logging_mixin.py:190} INFO - [2026-08-09T06:38:26.385+0000] {dag.py:4180} INFO - Setting next_dagrun for dag_extract_catalogs to 2026-08-09 01:00:00+00:00, run_after=2026-08-10 01:00:00+00:00
[2026-08-09T06:38:26.393+0000] {processor.py:208} INFO - Processing /opt/airflow/dags/dag_extract_catalogs.py took 0.039 seconds
[2026-08-09T06:53:58.526+0000] {processor.py:186} INFO - Started process (PID=8754) to work on /opt/airflow/dags/dag_extract_catalogs.py
[2026-08-09T06:53:58.527+0000] {processor.py:914} INFO - Processing file /opt/airflow/dags/dag_extract_catalogs.py for tasks to queue
[2026-08-09T06:53:58.527+0000] {logging_mixin.py:190} INFO - [2026-08-09T06:53:58.527+0000] {dagbag.py:588} INFO - Filling up the DagBag from /opt/airflow/dags/dag_extract_catalogs.py
[2026-08-09T06:53:58.533+0000] {processor.py:925} INFO - DAG(s) 'dag_extract_catalogs' retrieved from /opt/airflow/dags/dag_extract_catalogs.py
[2026-08-09T06:53:58.543+0000] {logging_mixin.py:190} INFO - [2026-08-09T06:53:58.543+0000] {dag.py:3239} INFO - Sync 1 DAGs
[2026-08-09T06:53:58.552+0000] {logging_mixin.py:190} INFO - [2026-08-09T06:53:58.551+0000] {dag.py:4180} INFO - Setting next_dagrun for dag_extract_catalogs to 2026-08-09 01:00:00+00:00, run_after=2026-08-10 01:00:00+00:00
[2026-08-09T06:53:58.558+0000] {processor.py:208} INFO - Processing /opt/airflow/dags/dag_extract_catalogs.py took 0.034 seconds
[2026-08-09T07:22:32.572+0000] {processor.py:186} INFO - Started process (PID=8777) to work on /opt/airflow/dags/dag_extract_catalogs.py
[2026-08-09T07:22:32.573+0000] {processor.py:914} INFO - Processing file /opt/airflow/dags/dag_extract_catalogs.py for tasks to queue
[2026-08-09T07:22:32.574+0000] {logging_mixin.py:190} INFO - [2026-08-09T07:22:32.574+0000] {dagbag.py:588} INFO - Filling up the DagBag from /opt/airflow/dags/dag_extract_catalogs.py
[2026-08-09T07:22:32.579+0000] {processor.py:925} INFO - DAG(s) 'dag_extract_catalogs' retrieved from /opt/airflow/dags/dag_extract_catalogs.py
[2026-08-09T07:22:32.590+0000] {logging_mixin.py:190} INFO - [2026-08-09T07:22:32.590+0000] {dag.py:3239} INFO - Sync 1 DAGs
[2026-08-09T07:22:32.601+0000] {logging_mixin.py:190} INFO - [2026-08-09T07:22:32.600+0000] {dag.py:4180} INFO - Setting next_dagrun for dag_extract_catalogs to 2026-08-09 01:00:00+00:00, run_after=2026-08-10 01:00:00+00:00
[2026-08-09T07:22:32.607+0000] {processor.py:208} INFO - Processing /opt/airflow/dags/dag_extract_catalogs.py took 0.037 seconds
[2026-08-09T08:23:17.815+0000] {processor.py:186} INFO - Started process (PID=8802) to work on /opt/airflow/dags/dag_extract_catalogs.py
[2026-08-09T08:23:17.815+0000] {processor.py:914} INFO - Processing file /opt/airflow/dags/dag_extract_catalogs.py for tasks to queue
[2026-08-09T08:23:17.816+0000] {logging_mixin.py:190} INFO - [2026-08-09T08:23:17.816+0000] {dagbag.py:588} INFO - Filling up the DagBag from /opt/airflow/dags/dag_extract_catalogs.py
[2026-08-09T08:23:17.821+0000] {processor.py:925} INFO - DAG(s) 'dag_extract_catalogs' retrieved from /opt/airflow/dags/dag_extract_catalogs.py
[2026-08-09T08:23:17.831+0000] {logging_mixin.py:190} INFO - [2026-08-09T08:23:17.831+0000] {dag.py:3239} INFO - Sync 1 DAGs
[2026-08-09T08:23:17.839+0000] {logging_mixin.py:190} INFO - [2026-08-09T08:23:17.838+0000] {dag.py:4180} INFO - Setting next_dagrun for dag_extract_catalogs to 2026-08-09 01:00:00+00:00, run_after=2026-08-10 01:00:00+00:00
[2026-08-09T08:23:17.843+0000] {processor.py:208} INFO - Processing /opt/airflow/dags/dag_extract_catalogs.py took 0.031 seconds
[2026-08-09T08:39:09.560+0000] {processor.py:186} INFO - Started process (PID=8822) to work on /opt/airflow/dags/dag_extract_catalogs.py
[2026-08-09T08:39:09.561+0000] {processor.py:914} INFO - Processing file /opt/airflow/dags/dag_extract_catalogs.py for tasks to queue
[2026-08-09T08:39:09.561+0000] {logging_mixin.py:190} INFO - [2026-08-09T08:39:09.561+0000] {dagbag.py:588} INFO - Filling up the DagBag from /opt/airflow/dags/dag_extract_catalogs.py
[2026-08-09T08:39:09.566+0000] {processor.py:925} INFO - DAG(s) 'dag_extract_catalogs' retrieved from /opt/airflow/dags/dag_extract_catalogs.py
[2026-08-09T08:39:09.576+0000] {logging_mixin.py:190} INFO - [2026-08-09T08:39:09.576+0000] {dag.py:3239} INFO - Sync 1 DAGs
[2026-08-09T08:39:09.584+0000] {logging_mixin.py:190} INFO - [2026-08-09T08:39:09.584+0000] {dag.py:4180} INFO - Setting next_dagrun for dag_extract_catalogs to 2026-08-09 01:00:00+00:00, run_after=2026-08-10 01:00:00+00:00
[2026-08-09T08:39:09.588+0000] {processor.py:208} INFO - Processing /opt/airflow/dags/dag_extract_catalogs.py took 0.031 seconds
[2026-08-09T08:39:49.020+0000] {processor.py:186} INFO - Started process (PID=8842) to work on /opt/airflow/dags/dag_extract_catalogs.py
[2026-08-09T08:39:49.020+0000] {processor.py:914} INFO - Processing file /opt/airflow/dags/dag_extract_catalogs.py for tasks to queue
[2026-08-09T08:39:49.020+0000] {logging_mixin.py:190} INFO - [2026-08-09T08:39:49.020+0000] {dagbag.py:588} INFO - Filling up the DagBag from /opt/airflow/dags/dag_extract_catalogs.py
[2026-08-09T08:39:49.025+0000] {processor.py:925} INFO - DAG(s) 'dag_extract_catalogs' retrieved from /opt/airflow/dags/dag_extract_catalogs.py
[2026-08-09T08:39:49.035+0000] {logging_mixin.py:190} INFO - [2026-08-09T08:39:49.035+0000] {dag.py:3239} INFO - Sync 1 DAGs
[2026-08-09T08:39:49.042+0000] {logging_mixin.py:190} INFO - [2026-08-09T08:39:49.042+0000] {dag.py:4180} INFO - Setting next_dagrun for dag_extract_catalogs to 2026-08-09 01:00:00+00:00, run_after=2026-08-10 01:00:00+00:00
[2026-08-09T08:39:49.047+0000] {processor.py:208} INFO - Processing /opt/airflow/dags/dag_extract_catalogs.py took 0.030 seconds
[2026-08-09T09:24:23.143+0000] {processor.py:186} INFO - Started process (PID=8862) to work on /opt/airflow/dags/dag_extract_catalogs.py
[2026-08-09T09:24:23.143+0000] {processor.py:914} INFO - Processing file /opt/airflow/dags/dag_extract_catalogs.py for tasks to queue
[2026-08-09T09:24:23.144+0000] {logging_mixin.py:190} INFO - [2026-08-09T09:24:23.144+0000] {dagbag.py:588} INFO - Filling up the DagBag from /opt/airflow/dags/dag_extract_catalogs.py
[2026-08-09T09:24:23.149+0000] {processor.py:925} INFO - DAG(s) 'dag_extract_catalogs' retrieved from /opt/airflow/dags/dag_extract_catalogs.py
[2026-08-09T09:24:23.158+0000] {logging_mixin.py:190} INFO - [2026-08-09T09:24:23.158+0000] {dag.py:3239} INFO - Sync 1 DAGs
[2026-08-09T09:24:23.166+0000] {logging_mixin.py:190} INFO - [2026-08-09T09:24:23.166+0000] {dag.py:4180} INFO - Setting next_dagrun for dag_extract_catalogs to 2026-08-09 01:00:00+00:00, run_after=2026-08-10 01:00:00+00:00
[2026-08-09T09:24:23.170+0000] {processor.py:208} INFO - Processing /opt/airflow/dags/dag_extract_catalogs.py took 0.030 seconds
[2026-08-09T09:42:09.860+0000] {processor.py:186} INFO - Started process (PID=8888) to work on /opt/airflow/dags/dag_extract_catalogs.py
[2026-08-09T09:42:09.861+0000] {processor.py:914} INFO - Processing file /opt/airflow/dags/dag_extract_catalogs.py for tasks to queue
[2026-08-09T09:42:09.861+0000] {logging_mixin.py:190} INFO - [2026-08-09T09:42:09.861+0000] {dagbag.py:588} INFO - Filling up the DagBag from /opt/airflow/dags/dag_extract_catalogs.py
[2026-08-09T09:42:09.868+0000] {processor.py:925} INFO - DAG(s) 'dag_extract_catalogs' retrieved from /opt/airflow/dags/dag_extract_catalogs.py
[2026-08-09T09:42:09.881+0000] {logging_mixin.py:190} INFO - [2026-08-09T09:42:09.881+0000] {dag.py:3239} INFO - Sync 1 DAGs
[2026-08-09T09:42:09.892+0000] {logging_mixin.py:190} INFO - [2026-08-09T09:42:09.891+0000] {dag.py:4180} INFO - Setting next_dagrun for dag_extract_catalogs to 2026-08-09 01:00:00+00:00, run_after=2026-08-10 01:00:00+00:00
[2026-08-09T09:42:09.898+0000] {processor.py:208} INFO - Processing /opt/airflow/dags/dag_extract_catalogs.py took 0.043 seconds
[2026-08-09T10:41:10.064+0000] {processor.py:186} INFO - Started process (PID=8909) to work on /opt/airflow/dags/dag_extract_catalogs.py
[2026-08-09T10:41:10.064+0000] {processor.py:914} INFO - Processing file /opt/airflow/dags/dag_extract_catalogs.py for tasks to queue
[2026-08-09T10:41:10.065+0000] {logging_mixin.py:190} INFO - [2026-08-09T10:41:10.065+0000] {dagbag.py:588} INFO - Filling up the DagBag from /opt/airflow/dags/dag_extract_catalogs.py
[2026-08-09T10:41:10.073+0000] {processor.py:925} INFO - DAG(s) 'dag_extract_catalogs' retrieved from /opt/airflow/dags/dag_extract_catalogs.py
[2026-08-09T10:41:10.084+0000] {logging_mixin.py:190} INFO - [2026-08-09T10:41:10.084+0000] {dag.py:3239} INFO - Sync 1 DAGs
[2026-08-09T10:41:10.093+0000] {logging_mixin.py:190} INFO - [2026-08-09T10:41:10.093+0000] {dag.py:4180} INFO - Setting next_dagrun for dag_extract_catalogs to 2026-08-09 01:00:00+00:00, run_after=2026-08-10 01:00:00+00:00
[2026-08-09T10:41:10.098+0000] {processor.py:208} INFO - Processing /opt/airflow/dags/dag_extract_catalogs.py took 0.038 seconds
[2026-08-09T11:26:18.244+0000] {processor.py:186} INFO - Started process (PID=8932) to work on /opt/airflow/dags/dag_extract_catalogs.py
[2026-08-09T11:26:18.245+0000] {processor.py:914} INFO - Processing file /opt/airflow/dags/dag_extract_catalogs.py for tasks to queue
[2026-08-09T11:26:18.246+0000] {logging_mixin.py:190} INFO - [2026-08-09T11:26:18.246+0000] {dagbag.py:588} INFO - Filling up the DagBag from /opt/airflow/dags/dag_extract_catalogs.py
[2026-08-09T11:26:18.258+0000] {processor.py:925} INFO - DAG(s) 'dag_extract_catalogs' retrieved from /opt/airflow/dags/dag_extract_catalogs.py
[2026-08-09T11:26:18.271+0000] {logging_mixin.py:190} INFO - [2026-08-09T11:26:18.271+0000] {dag.py:3239} INFO - Sync 1 DAGs
[2026-08-09T11:26:18.279+0000] {logging_mixin.py:190} INFO - [2026-08-09T11:26:18.279+0000] {dag.py:4180} INFO - Setting next_dagrun for dag_extract_catalogs to 2026-08-09 01:00:00+00:00, run_after=2026-08-10 01:00:00+00:00
[2026-08-09T11:26:18.284+0000] {processor.py:208} INFO - Processing /opt/airflow/dags/dag_extract_catalogs.py took 0.044 seconds
[2026-08-09T11:49:59.774+0000] {processor.py:186} INFO - Started process (PID=8954) to work on /opt/airflow/dags/dag_extract_catalogs.py
[2026-08-09T11:49:59.774+0000] {processor.py:914} INFO - Processing file /opt/airflow/dags/dag_extract_catalogs.py for tasks to queue
[2026-08-09T11:49:59.774+0000] {logging_mixin.py:190} INFO - [2026-08-09T11:49:59.774+0000] {dagbag.py:588} INFO - Filling up the DagBag from /opt/airflow/dags/dag_extract_catalogs.py
[2026-08-09T11:49:59.782+0000] {processor.py:925} INFO - DAG(s) 'dag_extract_catalogs' retrieved from /opt/airflow/dags/dag_extract_catalogs.py
[2026-08-09T11:49:59.795+0000] {logging_mixin.py:190} INFO - [2026-08-09T11:49:59.795+0000] {dag.py:3239} INFO - Sync 1 DAGs
[2026-08-09T11:49:59.804+0000] {logging_mixin.py:190} INFO - [2026-08-09T11:49:59.804+0000] {dag.py:4180} INFO - Setting next_dagrun for dag_extract_catalogs to 2026-08-09 01:00:00+00:00, run_after=2026-08-10 01:00:00+00:00
[2026-08-09T11:49:59.810+0000] {processor.py:208} INFO - Processing /opt/airflow/dags/dag_extract_catalogs.py took 0.039 seconds
[2026-08-09T11:50:30.245+0000] {processor.py:186} INFO - Started process (PID=8974) to work on /opt/airflow/dags/dag_extract_catalogs.py
[2026-08-09T11:50:30.246+0000] {processor.py:914} INFO - Processing file /opt/airflow/dags/dag_extract_catalogs.py for tasks to queue
[2026-08-09T11:50:30.246+0000] {logging_mixin.py:190} INFO - [2026-08-09T11:50:30.246+0000] {dagbag.py:588} INFO - Filling up the DagBag from /opt/airflow/dags/dag_extract_catalogs.py
[2026-08-09T11:50:30.252+0000] {processor.py:925} INFO - DAG(s) 'dag_extract_catalogs' retrieved from /opt/airflow/dags/dag_extract_catalogs.py
[2026-08-09T11:50:30.263+0000] {logging_mixin.py:190} INFO - [2026-08-09T11:50:30.262+0000] {dag.py:3239} INFO - Sync 1 DAGs
[2026-08-09T11:50:30.271+0000] {logging_mixin.py:190} INFO - [2026-08-09T11:50:30.271+0000] {dag.py:4180} INFO - Setting next_dagrun for dag_extract_catalogs to 2026-08-09 01:00:00+00:00, run_after=2026-08-10 01:00:00+00:00
[2026-08-09T11:50:30.276+0000] {processor.py:208} INFO - Processing /opt/airflow/dags/dag_extract_catalogs.py took 0.035 seconds
[2026-08-09T11:51:00.716+0000] {processor.py:186} INFO - Started process (PID=8994) to work on /opt/airflow/dags/dag_extract_catalogs.py
[2026-08-09T11:51:00.717+0000] {processor.py:914} INFO - Processing file /opt/airflow/dags/dag_extract_catalogs.py for tasks to queue
[2026-08-09T11:51:00.717+0000] {logging_mixin.py:190} INFO - [2026-08-09T11:51:00.717+0000] {dagbag.py:588} INFO - Filling up the DagBag from /opt/airflow/dags/dag_extract_catalogs.py
[2026-08-09T11:51:00.723+0000] {processor.py:925} INFO - DAG(s) 'dag_extract_catalogs' retrieved from /opt/airflow/dags/dag_extract_catalogs.py
[2026-08-09T11:51:00.734+0000] {logging_mixin.py:190} INFO - [2026-08-09T11:51:00.734+0000] {dag.py:3239} INFO - Sync 1 DAGs
[2026-08-09T11:51:00.742+0000] {logging_mixin.py:190} INFO - [2026-08-09T11:51:00.742+0000] {dag.py:4180} INFO - Setting next_dagrun for dag_extract_catalogs to 2026-08-09 01:00:00+00:00, run_after=2026-08-10 01:00:00+00:00
[2026-08-09T11:51:00.748+0000] {processor.py:208} INFO - Processing /opt/airflow/dags/dag_extract_catalogs.py took 0.034 seconds
[2026-08-09T11:51:31.103+0000] {processor.py:186} INFO - Started process (PID=9014) to work on /opt/airflow/dags/dag_extract_catalogs.py
[2026-08-09T11:51:31.103+0000] {processor.py:914} INFO - Processing file /opt/airflow/dags/dag_extract_catalogs.py for tasks to queue
[2026-08-09T11:51:31.103+0000] {logging_mixin.py:190} INFO - [2026-08-09T11:51:31.103+0000] {dagbag.py:588} INFO - Filling up the DagBag from /opt/airflow/dags/dag_extract_catalogs.py
[2026-08-09T11:51:31.108+0000] {processor.py:925} INFO - DAG(s) 'dag_extract_catalogs' retrieved from /opt/airflow/dags/dag_extract_catalogs.py
[2026-08-09T11:51:31.120+0000] {logging_mixin.py:190} INFO - [2026-08-09T11:51:31.120+0000] {dag.py:3239} INFO - Sync 1 DAGs
[2026-08-09T11:51:31.129+0000] {logging_mixin.py:190} INFO - [2026-08-09T11:51:31.129+0000] {dag.py:4180} INFO - Setting next_dagrun for dag_extract_catalogs to 2026-08-09 01:00:00+00:00, run_after=2026-08-10 01:00:00+00:00
[2026-08-09T11:51:31.135+0000] {processor.py:208} INFO - Processing /opt/airflow/dags/dag_extract_catalogs.py took 0.035 seconds
[2026-08-09T11:52:01.543+0000] {processor.py:186} INFO - Started process (PID=9034) to work on /opt/airflow/dags/dag_extract_catalogs.py
[2026-08-09T11:52:01.544+0000] {processor.py:914} INFO - Processing file /opt/airflow/dags/dag_extract_catalogs.py for tasks to queue
[2026-08-09T11:52:01.544+0000] {logging_mixin.py:190} INFO - [2026-08-09T11:52:01.544+0000] {dagbag.py:588} INFO - Filling up the DagBag from /opt/airflow/dags/dag_extract_catalogs.py
[2026-08-09T11:52:01.550+0000] {processor.py:925} INFO - DAG(s) 'dag_extract_catalogs' retrieved from /opt/airflow/dags/dag_extract_catalogs.py
[2026-08-09T11:52:01.561+0000] {logging_mixin.py:190} INFO - [2026-08-09T11:52:01.561+0000] {dag.py:3239} INFO - Sync 1 DAGs
[2026-08-09T11:52:01.569+0000] {logging_mixin.py:190} INFO - [2026-08-09T11:52:01.569+0000] {dag.py:4180} INFO - Setting next_dagrun for dag_extract_catalogs to 2026-08-09 01:00:00+00:00, run_after=2026-08-10 01:00:00+00:00
[2026-08-09T11:52:01.575+0000] {processor.py:208} INFO - Processing /opt/airflow/dags/dag_extract_catalogs.py took 0.035 seconds
[2026-08-09T11:52:31.936+0000] {processor.py:186} INFO - Started process (PID=9054) to work on /opt/airflow/dags/dag_extract_catalogs.py
[2026-08-09T11:52:31.936+0000] {processor.py:914} INFO - Processing file /opt/airflow/dags/dag_extract_catalogs.py for tasks to queue
[2026-08-09T11:52:31.937+0000] {logging_mixin.py:190} INFO - [2026-08-09T11:52:31.936+0000] {dagbag.py:588} INFO - Filling up the DagBag from /opt/airflow/dags/dag_extract_catalogs.py
[2026-08-09T11:52:31.942+0000] {processor.py:925} INFO - DAG(s) 'dag_extract_catalogs' retrieved from /opt/airflow/dags/dag_extract_catalogs.py
[2026-08-09T11:52:31.953+0000] {logging_mixin.py:190} INFO - [2026-08-09T11:52:31.953+0000] {dag.py:3239} INFO - Sync 1 DAGs
[2026-08-09T11:52:31.962+0000] {logging_mixin.py:190} INFO - [2026-08-09T11:52:31.961+0000] {dag.py:4180} INFO - Setting next_dagrun for dag_extract_catalogs to 2026-08-09 01:00:00+00:00, run_after=2026-08-10 01:00:00+00:00
[2026-08-09T11:52:31.967+0000] {processor.py:208} INFO - Processing /opt/airflow/dags/dag_extract_catalogs.py took 0.034 seconds
[2026-08-09T11:53:02.287+0000] {processor.py:186} INFO - Started process (PID=9072) to work on /opt/airflow/dags/dag_extract_catalogs.py
[2026-08-09T11:53:02.288+0000] {processor.py:914} INFO - Processing file /opt/airflow/dags/dag_extract_catalogs.py for tasks to queue
[2026-08-09T11:53:02.288+0000] {logging_mixin.py:190} INFO - [2026-08-09T11:53:02.288+0000] {dagbag.py:588} INFO - Filling up the DagBag from /opt/airflow/dags/dag_extract_catalogs.py
[2026-08-09T11:53:02.296+0000] {processor.py:925} INFO - DAG(s) 'dag_extract_catalogs' retrieved from /opt/airflow/dags/dag_extract_catalogs.py
[2026-08-09T11:53:02.314+0000] {logging_mixin.py:190} INFO - [2026-08-09T11:53:02.314+0000] {dag.py:3239} INFO - Sync 1 DAGs
[2026-08-09T11:53:02.326+0000] {logging_mixin.py:190} INFO - [2026-08-09T11:53:02.326+0000] {dag.py:4180} INFO - Setting next_dagrun for dag_extract_catalogs to 2026-08-09 01:00:00+00:00, run_after=2026-08-10 01:00:00+00:00
[2026-08-09T11:53:02.331+0000] {processor.py:208} INFO - Processing /opt/airflow/dags/dag_extract_catalogs.py took 0.048 seconds
[2026-08-09T11:53:32.728+0000] {processor.py:186} INFO - Started process (PID=9094) to work on /opt/airflow/dags/dag_extract_catalogs.py
[2026-08-09T11:53:32.728+0000] {processor.py:914} INFO - Processing file /opt/airflow/dags/dag_extract_catalogs.py for tasks to queue
[2026-08-09T11:53:32.729+0000] {logging_mixin.py:190} INFO - [2026-08-09T11:53:32.728+0000] {dagbag.py:588} INFO - Filling up the DagBag from /opt/airflow/dags/dag_extract_catalogs.py
[2026-08-09T11:53:32.734+0000] {processor.py:925} INFO - DAG(s) 'dag_extract_catalogs' retrieved from /opt/airflow/dags/dag_extract_catalogs.py
[2026-08-09T11:53:32.745+0000] {logging_mixin.py:190} INFO - [2026-08-09T11:53:32.745+0000] {dag.py:3239} INFO - Sync 1 DAGs
[2026-08-09T11:53:32.753+0000] {logging_mixin.py:190} INFO - [2026-08-09T11:53:32.753+0000] {dag.py:4180} INFO - Setting next_dagrun for dag_extract_catalogs to 2026-08-09 01:00:00+00:00, run_after=2026-08-10 01:00:00+00:00
[2026-08-09T11:53:32.758+0000] {processor.py:208} INFO - Processing /opt/airflow/dags/dag_extract_catalogs.py took 0.033 seconds
[2026-08-09T11:54:03.157+0000] {processor.py:186} INFO - Started process (PID=9114) to work on /opt/airflow/dags/dag_extract_catalogs.py
[2026-08-09T11:54:03.157+0000] {processor.py:914} INFO - Processing file /opt/airflow/dags/dag_extract_catalogs.py for tasks to queue
[2026-08-09T11:54:03.158+0000] {logging_mixin.py:190} INFO - [2026-08-09T11:54:03.158+0000] {dagbag.py:588} INFO - Filling up the DagBag from /opt/airflow/dags/dag_extract_catalogs.py
[2026-08-09T11:54:03.163+0000] {processor.py:925} INFO - DAG(s) 'dag_extract_catalogs' retrieved from /opt/airflow/dags/dag_extract_catalogs.py
[2026-08-09T11:54:03.174+0000] {logging_mixin.py:190} INFO - [2026-08-09T11:54:03.174+0000] {dag.py:3239} INFO - Sync 1 DAGs
[2026-08-09T11:54:03.183+0000] {logging_mixin.py:190} INFO - [2026-08-09T11:54:03.183+0000] {dag.py:4180} INFO - Setting next_dagrun for dag_extract_catalogs to 2026-08-09 01:00:00+00:00, run_after=2026-08-10 01:00:00+00:00
[2026-08-09T11:54:03.188+0000] {processor.py:208} INFO - Processing /opt/airflow/dags/dag_extract_catalogs.py took 0.033 seconds
[2026-08-09T11:54:33.520+0000] {processor.py:186} INFO - Started process (PID=9132) to work on /opt/airflow/dags/dag_extract_catalogs.py
[2026-08-09T11:54:33.521+0000] {processor.py:914} INFO - Processing file /opt/airflow/dags/dag_extract_catalogs.py for tasks to queue
[2026-08-09T11:54:33.522+0000] {logging_mixin.py:190} INFO - [2026-08-09T11:54:33.522+0000] {dagbag.py:588} INFO - Filling up the DagBag from /opt/airflow/dags/dag_extract_catalogs.py
[2026-08-09T11:54:33.530+0000] {processor.py:925} INFO - DAG(s) 'dag_extract_catalogs' retrieved from /opt/airflow/dags/dag_extract_catalogs.py
[2026-08-09T11:54:33.544+0000] {logging_mixin.py:190} INFO - [2026-08-09T11:54:33.544+0000] {dag.py:3239} INFO - Sync 1 DAGs
[2026-08-09T11:54:33.554+0000] {logging_mixin.py:190} INFO - [2026-08-09T11:54:33.554+0000] {dag.py:4180} INFO - Setting next_dagrun for dag_extract_catalogs to 2026-08-09 01:00:00+00:00, run_after=2026-08-10 01:00:00+00:00
[2026-08-09T11:54:33.559+0000] {processor.py:208} INFO - Processing /opt/airflow/dags/dag_extract_catalogs.py took 0.042 seconds
[2026-08-09T11:55:03.932+0000] {processor.py:186} INFO - Started process (PID=9152) to work on /opt/airflow/dags/dag_extract_catalogs.py
[2026-08-09T11:55:03.933+0000] {processor.py:914} INFO - Processing file /opt/airflow/dags/dag_extract_catalogs.py for tasks to queue
[2026-08-09T11:55:03.933+0000] {logging_mixin.py:190} INFO - [2026-08-09T11:55:03.933+0000] {dagbag.py:588} INFO - Filling up the DagBag from /opt/airflow/dags/dag_extract_catalogs.py
[2026-08-09T11:55:03.940+0000] {processor.py:925} INFO - DAG(s) 'dag_extract_catalogs' retrieved from /opt/airflow/dags/dag_extract_catalogs.py
[2026-08-09T11:55:03.954+0000] {logging_mixin.py:190} INFO - [2026-08-09T11:55:03.954+0000] {dag.py:3239} INFO - Sync 1 DAGs
[2026-08-09T11:55:03.964+0000] {logging_mixin.py:190} INFO - [2026-08-09T11:55:03.964+0000] {dag.py:4180} INFO - Setting next_dagrun for dag_extract_catalogs to 2026-08-09 01:00:00+00:00, run_after=2026-08-10 01:00:00+00:00
[2026-08-09T11:55:03.970+0000] {processor.py:208} INFO - Processing /opt/airflow/dags/dag_extract_catalogs.py took 0.041 seconds
[2026-08-09T11:55:34.446+0000] {processor.py:186} INFO - Started process (PID=9174) to work on /opt/airflow/dags/dag_extract_catalogs.py
[2026-08-09T11:55:34.447+0000] {processor.py:914} INFO - Processing file /opt/airflow/dags/dag_extract_catalogs.py for tasks to queue
[2026-08-09T11:55:34.447+0000] {logging_mixin.py:190} INFO - [2026-08-09T11:55:34.447+0000] {dagbag.py:588} INFO - Filling up the DagBag from /opt/airflow/dags/dag_extract_catalogs.py
[2026-08-09T11:55:34.453+0000] {processor.py:925} INFO - DAG(s) 'dag_extract_catalogs' retrieved from /opt/airflow/dags/dag_extract_catalogs.py
[2026-08-09T11:55:34.464+0000] {logging_mixin.py:190} INFO - [2026-08-09T11:55:34.464+0000] {dag.py:3239} INFO - Sync 1 DAGs
[2026-08-09T11:55:34.473+0000] {logging_mixin.py:190} INFO - [2026-08-09T11:55:34.473+0000] {dag.py:4180} INFO - Setting next_dagrun for dag_extract_catalogs to 2026-08-09 01:00:00+00:00, run_after=2026-08-10 01:00:00+00:00
[2026-08-09T11:55:34.478+0000] {processor.py:208} INFO - Processing /opt/airflow/dags/dag_extract_catalogs.py took 0.035 seconds
[2026-08-09T11:56:04.837+0000] {processor.py:186} INFO - Started process (PID=9192) to work on /opt/airflow/dags/dag_extract_catalogs.py
[2026-08-09T11:56:04.837+0000] {processor.py:914} INFO - Processing file /opt/airflow/dags/dag_extract_catalogs.py for tasks to queue
[2026-08-09T11:56:04.838+0000] {logging_mixin.py:190} INFO - [2026-08-09T11:56:04.838+0000] {dagbag.py:588} INFO - Filling up the DagBag from /opt/airflow/dags/dag_extract_catalogs.py
[2026-08-09T11:56:04.847+0000] {processor.py:925} INFO - DAG(s) 'dag_extract_catalogs' retrieved from /opt/airflow/dags/dag_extract_catalogs.py
[2026-08-09T11:56:04.860+0000] {logging_mixin.py:190} INFO - [2026-08-09T11:56:04.860+0000] {dag.py:3239} INFO - Sync 1 DAGs
[2026-08-09T11:56:04.869+0000] {logging_mixin.py:190} INFO - [2026-08-09T11:56:04.869+0000] {dag.py:4180} INFO - Setting next_dagrun for dag_extract_catalogs to 2026-08-09 01:00:00+00:00, run_after=2026-08-10 01:00:00+00:00
[2026-08-09T11:56:04.874+0000] {processor.py:208} INFO - Processing /opt/airflow/dags/dag_extract_catalogs.py took 0.040 seconds
[2026-08-09T11:56:35.325+0000] {processor.py:186} INFO - Started process (PID=9212) to work on /opt/airflow/dags/dag_extract_catalogs.py
[2026-08-09T11:56:35.326+0000] {processor.py:914} INFO - Processing file /opt/airflow/dags/dag_extract_catalogs.py for tasks to queue
[2026-08-09T11:56:35.326+0000] {logging_mixin.py:190} INFO - [2026-08-09T11:56:35.326+0000] {dagbag.py:588} INFO - Filling up the DagBag from /opt/airflow/dags/dag_extract_catalogs.py
[2026-08-09T11:56:35.332+0000] {processor.py:925} INFO - DAG(s) 'dag_extract_catalogs' retrieved from /opt/airflow/dags/dag_extract_catalogs.py
[2026-08-09T11:56:35.344+0000] {logging_mixin.py:190} INFO - [2026-08-09T11:56:35.344+0000] {dag.py:3239} INFO - Sync 1 DAGs
[2026-08-09T11:56:35.353+0000] {logging_mixin.py:190} INFO - [2026-08-09T11:56:35.353+0000] {dag.py:4180} INFO - Setting next_dagrun for dag_extract_catalogs to 2026-08-09 01:00:00+00:00, run_after=2026-08-10 01:00:00+00:00
[2026-08-09T11:56:35.358+0000] {processor.py:208} INFO - Processing /opt/airflow/dags/dag_extract_catalogs.py took 0.037 seconds
[2026-08-09T11:57:05.783+0000] {processor.py:186} INFO - Started process (PID=9232) to work on /opt/airflow/dags/dag_extract_catalogs.py
[2026-08-09T11:57:05.784+0000] {processor.py:914} INFO - Processing file /opt/airflow/dags/dag_extract_catalogs.py for tasks to queue
[2026-08-09T11:57:05.785+0000] {logging_mixin.py:190} INFO - [2026-08-09T11:57:05.784+0000] {dagbag.py:588} INFO - Filling up the DagBag from /opt/airflow/dags/dag_extract_catalogs.py
[2026-08-09T11:57:05.792+0000] {processor.py:925} INFO - DAG(s) 'dag_extract_catalogs' retrieved from /opt/airflow/dags/dag_extract_catalogs.py
[2026-08-09T11:57:05.808+0000] {logging_mixin.py:190} INFO - [2026-08-09T11:57:05.808+0000] {dag.py:3239} INFO - Sync 1 DAGs
[2026-08-09T11:57:05.819+0000] {logging_mixin.py:190} INFO - [2026-08-09T11:57:05.819+0000] {dag.py:4180} INFO - Setting next_dagrun for dag_extract_catalogs to 2026-08-09 01:00:00+00:00, run_after=2026-08-10 01:00:00+00:00
[2026-08-09T11:57:05.824+0000] {processor.py:208} INFO - Processing /opt/airflow/dags/dag_extract_catalogs.py took 0.043 seconds
[2026-08-09T11:57:36.327+0000] {processor.py:186} INFO - Started process (PID=9254) to work on /opt/airflow/dags/dag_extract_catalogs.py
[2026-08-09T11:57:36.327+0000] {processor.py:914} INFO - Processing file /opt/airflow/dags/dag_extract_catalogs.py for tasks to queue
[2026-08-09T11:57:36.328+0000] {logging_mixin.py:190} INFO - [2026-08-09T11:57:36.328+0000] {dagbag.py:588} INFO - Filling up the DagBag from /opt/airflow/dags/dag_extract_catalogs.py
[2026-08-09T11:57:36.333+0000] {processor.py:925} INFO - DAG(s) 'dag_extract_catalogs' retrieved from /opt/airflow/dags/dag_extract_catalogs.py
[2026-08-09T11:57:36.343+0000] {logging_mixin.py:190} INFO - [2026-08-09T11:57:36.343+0000] {dag.py:3239} INFO - Sync 1 DAGs
[2026-08-09T11:57:36.351+0000] {logging_mixin.py:190} INFO - [2026-08-09T11:57:36.351+0000] {dag.py:4180} INFO - Setting next_dagrun for dag_extract_catalogs to 2026-08-09 01:00:00+00:00, run_after=2026-08-10 01:00:00+00:00
[2026-08-09T11:57:36.356+0000] {processor.py:208} INFO - Processing /opt/airflow/dags/dag_extract_catalogs.py took 0.032 seconds
[2026-08-09T11:58:06.657+0000] {processor.py:186} INFO - Started process (PID=9272) to work on /opt/airflow/dags/dag_extract_catalogs.py
[2026-08-09T11:58:06.658+0000] {processor.py:914} INFO - Processing file /opt/airflow/dags/dag_extract_catalogs.py for tasks to queue
[2026-08-09T11:58:06.658+0000] {logging_mixin.py:190} INFO - [2026-08-09T11:58:06.658+0000] {dagbag.py:588} INFO - Filling up the DagBag from /opt/airflow/dags/dag_extract_catalogs.py
[2026-08-09T11:58:06.665+0000] {processor.py:925} INFO - DAG(s) 'dag_extract_catalogs' retrieved from /opt/airflow/dags/dag_extract_catalogs.py
[2026-08-09T11:58:06.678+0000] {logging_mixin.py:190} INFO - [2026-08-09T11:58:06.678+0000] {dag.py:3239} INFO - Sync 1 DAGs
[2026-08-09T11:58:06.687+0000] {logging_mixin.py:190} INFO - [2026-08-09T11:58:06.687+0000] {dag.py:4180} INFO - Setting next_dagrun for dag_extract_catalogs to 2026-08-09 01:00:00+00:00, run_after=2026-08-10 01:00:00+00:00
[2026-08-09T11:58:06.693+0000] {processor.py:208} INFO - Processing /opt/airflow/dags/dag_extract_catalogs.py took 0.039 seconds
[2026-08-09T11:58:37.194+0000] {processor.py:186} INFO - Started process (PID=9294) to work on /opt/airflow/dags/dag_extract_catalogs.py
[2026-08-09T11:58:37.194+0000] {processor.py:914} INFO - Processing file /opt/airflow/dags/dag_extract_catalogs.py for tasks to queue
[2026-08-09T11:58:37.195+0000] {logging_mixin.py:190} INFO - [2026-08-09T11:58:37.195+0000] {dagbag.py:588} INFO - Filling up the DagBag from /opt/airflow/dags/dag_extract_catalogs.py
[2026-08-09T11:58:37.200+0000] {processor.py:925} INFO - DAG(s) 'dag_extract_catalogs' retrieved from /opt/airflow/dags/dag_extract_catalogs.py
[2026-08-09T11:58:37.211+0000] {logging_mixin.py:190} INFO - [2026-08-09T11:58:37.211+0000] {dag.py:3239} INFO - Sync 1 DAGs
[2026-08-09T11:58:37.218+0000] {logging_mixin.py:190} INFO - [2026-08-09T11:58:37.218+0000] {dag.py:4180} INFO - Setting next_dagrun for dag_extract_catalogs to 2026-08-09 01:00:00+00:00, run_after=2026-08-10 01:00:00+00:00
[2026-08-09T11:58:37.223+0000] {processor.py:208} INFO - Processing /opt/airflow/dags/dag_extract_catalogs.py took 0.031 seconds
[2026-08-09T11:59:07.634+0000] {processor.py:186} INFO - Started process (PID=9312) to work on /opt/airflow/dags/dag_extract_catalogs.py
[2026-08-09T11:59:07.635+0000] {processor.py:914} INFO - Processing file /opt/airflow/dags/dag_extract_catalogs.py for tasks to queue
[2026-08-09T11:59:07.635+0000] {logging_mixin.py:190} INFO - [2026-08-09T11:59:07.635+0000] {dagbag.py:588} INFO - Filling up the DagBag from /opt/airflow/dags/dag_extract_catalogs.py
[2026-08-09T11:59:07.643+0000] {processor.py:925} INFO - DAG(s) 'dag_extract_catalogs' retrieved from /opt/airflow/dags/dag_extract_catalogs.py
[2026-08-09T11:59:07.657+0000] {logging_mixin.py:190} INFO - [2026-08-09T11:59:07.657+0000] {dag.py:3239} INFO - Sync 1 DAGs
[2026-08-09T11:59:07.667+0000] {logging_mixin.py:190} INFO - [2026-08-09T11:59:07.667+0000] {dag.py:4180} INFO - Setting next_dagrun for dag_extract_catalogs to 2026-08-09 01:00:00+00:00, run_after=2026-08-10 01:00:00+00:00
[2026-08-09T11:59:07.672+0000] {processor.py:208} INFO - Processing /opt/airflow/dags/dag_extract_catalogs.py took 0.040 seconds
[2026-08-09T11:59:38.146+0000] {processor.py:186} INFO - Started process (PID=9332) to work on /opt/airflow/dags/dag_extract_catalogs.py
[2026-08-09T11:59:38.147+0000] {processor.py:914} INFO - Processing file /opt/airflow/dags/dag_extract_catalogs.py for tasks to queue
[2026-08-09T11:59:38.147+0000] {logging_mixin.py:190} INFO - [2026-08-09T11:59:38.147+0000] {dagbag.py:588} INFO - Filling up the DagBag from /opt/airflow/dags/dag_extract_catalogs.py
[2026-08-09T11:59:38.154+0000] {processor.py:925} INFO - DAG(s) 'dag_extract_catalogs' retrieved from /opt/airflow/dags/dag_extract_catalogs.py
[2026-08-09T11:59:38.169+0000] {logging_mixin.py:190} INFO - [2026-08-09T11:59:38.169+0000] {dag.py:3239} INFO - Sync 1 DAGs
[2026-08-09T11:59:38.179+0000] {logging_mixin.py:190} INFO - [2026-08-09T11:59:38.179+0000] {dag.py:4180} INFO - Setting next_dagrun for dag_extract_catalogs to 2026-08-09 01:00:00+00:00, run_after=2026-08-10 01:00:00+00:00
[2026-08-09T11:59:38.183+0000] {processor.py:208} INFO - Processing /opt/airflow/dags/dag_extract_catalogs.py took 0.040 seconds
[2026-08-09T12:00:08.710+0000] {processor.py:186} INFO - Started process (PID=9357) to work on /opt/airflow/dags/dag_extract_catalogs.py
[2026-08-09T12:00:08.711+0000] {processor.py:914} INFO - Processing file /opt/airflow/dags/dag_extract_catalogs.py for tasks to queue
[2026-08-09T12:00:08.711+0000] {logging_mixin.py:190} INFO - [2026-08-09T12:00:08.711+0000] {dagbag.py:588} INFO - Filling up the DagBag from /opt/airflow/dags/dag_extract_catalogs.py
[2026-08-09T12:00:08.716+0000] {processor.py:925} INFO - DAG(s) 'dag_extract_catalogs' retrieved from /opt/airflow/dags/dag_extract_catalogs.py
[2026-08-09T12:00:08.728+0000] {logging_mixin.py:190} INFO - [2026-08-09T12:00:08.728+0000] {dag.py:3239} INFO - Sync 1 DAGs
[2026-08-09T12:00:08.736+0000] {logging_mixin.py:190} INFO - [2026-08-09T12:00:08.735+0000] {dag.py:4180} INFO - Setting next_dagrun for dag_extract_catalogs to 2026-08-09 01:00:00+00:00, run_after=2026-08-10 01:00:00+00:00
[2026-08-09T12:00:08.741+0000] {processor.py:208} INFO - Processing /opt/airflow/dags/dag_extract_catalogs.py took 0.033 seconds
[2026-08-09T12:00:39.089+0000] {processor.py:186} INFO - Started process (PID=9377) to work on /opt/airflow/dags/dag_extract_catalogs.py
[2026-08-09T12:00:39.089+0000] {processor.py:914} INFO - Processing file /opt/airflow/dags/dag_extract_catalogs.py for tasks to queue
[2026-08-09T12:00:39.090+0000] {logging_mixin.py:190} INFO - [2026-08-09T12:00:39.089+0000] {dagbag.py:588} INFO - Filling up the DagBag from /opt/airflow/dags/dag_extract_catalogs.py
[2026-08-09T12:00:39.094+0000] {processor.py:925} INFO - DAG(s) 'dag_extract_catalogs' retrieved from /opt/airflow/dags/dag_extract_catalogs.py
[2026-08-09T12:00:39.104+0000] {logging_mixin.py:190} INFO - [2026-08-09T12:00:39.104+0000] {dag.py:3239} INFO - Sync 1 DAGs
[2026-08-09T12:00:39.112+0000] {logging_mixin.py:190} INFO - [2026-08-09T12:00:39.112+0000] {dag.py:4180} INFO - Setting next_dagrun for dag_extract_catalogs to 2026-08-09 01:00:00+00:00, run_after=2026-08-10 01:00:00+00:00
[2026-08-09T12:00:39.117+0000] {processor.py:208} INFO - Processing /opt/airflow/dags/dag_extract_catalogs.py took 0.030 seconds
[2026-08-09T12:01:09.457+0000] {processor.py:186} INFO - Started process (PID=9395) to work on /opt/airflow/dags/dag_extract_catalogs.py
[2026-08-09T12:01:09.457+0000] {processor.py:914} INFO - Processing file /opt/airflow/dags/dag_extract_catalogs.py for tasks to queue
[2026-08-09T12:01:09.458+0000] {logging_mixin.py:190} INFO - [2026-08-09T12:01:09.458+0000] {dagbag.py:588} INFO - Filling up the DagBag from /opt/airflow/dags/dag_extract_catalogs.py
[2026-08-09T12:01:09.464+0000] {processor.py:925} INFO - DAG(s) 'dag_extract_catalogs' retrieved from /opt/airflow/dags/dag_extract_catalogs.py
[2026-08-09T12:01:09.479+0000] {logging_mixin.py:190} INFO - [2026-08-09T12:01:09.479+0000] {dag.py:3239} INFO - Sync 1 DAGs
[2026-08-09T12:01:09.487+0000] {logging_mixin.py:190} INFO - [2026-08-09T12:01:09.487+0000] {dag.py:4180} INFO - Setting next_dagrun for dag_extract_catalogs to 2026-08-09 01:00:00+00:00, run_after=2026-08-10 01:00:00+00:00
[2026-08-09T12:01:09.492+0000] {processor.py:208} INFO - Processing /opt/airflow/dags/dag_extract_catalogs.py took 0.038 seconds
[2026-08-09T12:01:39.937+0000] {processor.py:186} INFO - Started process (PID=9420) to work on /opt/airflow/dags/dag_extract_catalogs.py
[2026-08-09T12:01:39.938+0000] {processor.py:914} INFO - Processing file /opt/airflow/dags/dag_extract_catalogs.py for tasks to queue
[2026-08-09T12:01:39.938+0000] {logging_mixin.py:190} INFO - [2026-08-09T12:01:39.938+0000] {dagbag.py:588} INFO - Filling up the DagBag from /opt/airflow/dags/dag_extract_catalogs.py
[2026-08-09T12:01:39.943+0000] {processor.py:925} INFO - DAG(s) 'dag_extract_catalogs' retrieved from /opt/airflow/dags/dag_extract_catalogs.py
[2026-08-09T12:01:39.953+0000] {logging_mixin.py:190} INFO - [2026-08-09T12:01:39.953+0000] {dag.py:3239} INFO - Sync 1 DAGs
[2026-08-09T12:01:39.961+0000] {logging_mixin.py:190} INFO - [2026-08-09T12:01:39.961+0000] {dag.py:4180} INFO - Setting next_dagrun for dag_extract_catalogs to 2026-08-09 01:00:00+00:00, run_after=2026-08-10 01:00:00+00:00
[2026-08-09T12:01:39.966+0000] {processor.py:208} INFO - Processing /opt/airflow/dags/dag_extract_catalogs.py took 0.032 seconds
[2026-08-09T12:02:10.461+0000] {processor.py:186} INFO - Started process (PID=9440) to work on /opt/airflow/dags/dag_extract_catalogs.py
[2026-08-09T12:02:10.461+0000] {processor.py:914} INFO - Processing file /opt/airflow/dags/dag_extract_catalogs.py for tasks to queue
[2026-08-09T12:02:10.462+0000] {logging_mixin.py:190} INFO - [2026-08-09T12:02:10.462+0000] {dagbag.py:588} INFO - Filling up the DagBag from /opt/airflow/dags/dag_extract_catalogs.py
[2026-08-09T12:02:10.467+0000] {processor.py:925} INFO - DAG(s) 'dag_extract_catalogs' retrieved from /opt/airflow/dags/dag_extract_catalogs.py
[2026-08-09T12:02:10.476+0000] {logging_mixin.py:190} INFO - [2026-08-09T12:02:10.476+0000] {dag.py:3239} INFO - Sync 1 DAGs
[2026-08-09T12:02:10.484+0000] {logging_mixin.py:190} INFO - [2026-08-09T12:02:10.484+0000] {dag.py:4180} INFO - Setting next_dagrun for dag_extract_catalogs to 2026-08-09 01:00:00+00:00, run_after=2026-08-10 01:00:00+00:00
[2026-08-09T12:02:10.489+0000] {processor.py:208} INFO - Processing /opt/airflow/dags/dag_extract_catalogs.py took 0.030 seconds
[2026-08-09T12:02:40.927+0000] {processor.py:186} INFO - Started process (PID=9458) to work on /opt/airflow/dags/dag_extract_catalogs.py
[2026-08-09T12:02:40.928+0000] {processor.py:914} INFO - Processing file /opt/airflow/dags/dag_extract_catalogs.py for tasks to queue
[2026-08-09T12:02:40.928+0000] {logging_mixin.py:190} INFO - [2026-08-09T12:02:40.928+0000] {dagbag.py:588} INFO - Filling up the DagBag from /opt/airflow/dags/dag_extract_catalogs.py
[2026-08-09T12:02:40.934+0000] {processor.py:925} INFO - DAG(s) 'dag_extract_catalogs' retrieved from /opt/airflow/dags/dag_extract_catalogs.py
[2026-08-09T12:02:40.946+0000] {logging_mixin.py:190} INFO - [2026-08-09T12:02:40.946+0000] {dag.py:3239} INFO - Sync 1 DAGs
[2026-08-09T12:02:40.957+0000] {logging_mixin.py:190} INFO - [2026-08-09T12:02:40.957+0000] {dag.py:4180} INFO - Setting next_dagrun for dag_extract_catalogs to 2026-08-09 01:00:00+00:00, run_after=2026-08-10 01:00:00+00:00
[2026-08-09T12:02:40.966+0000] {processor.py:208} INFO - Processing /opt/airflow/dags/dag_extract_catalogs.py took 0.041 seconds
[2026-08-09T12:03:11.403+0000] {processor.py:186} INFO - Started process (PID=9480) to work on /opt/airflow/dags/dag_extract_catalogs.py
[2026-08-09T12:03:11.404+0000] {processor.py:914} INFO - Processing file /opt/airflow/dags/dag_extract_catalogs.py for tasks to queue
[2026-08-09T12:03:11.404+0000] {logging_mixin.py:190} INFO - [2026-08-09T12:03:11.404+0000] {dagbag.py:588} INFO - Filling up the DagBag from /opt/airflow/dags/dag_extract_catalogs.py
[2026-08-09T12:03:11.409+0000] {processor.py:925} INFO - DAG(s) 'dag_extract_catalogs' retrieved from /opt/airflow/dags/dag_extract_catalogs.py
[2026-08-09T12:03:11.419+0000] {logging_mixin.py:190} INFO - [2026-08-09T12:03:11.419+0000] {dag.py:3239} INFO - Sync 1 DAGs
[2026-08-09T12:03:11.426+0000] {logging_mixin.py:190} INFO - [2026-08-09T12:03:11.426+0000] {dag.py:4180} INFO - Setting next_dagrun for dag_extract_catalogs to 2026-08-09 01:00:00+00:00, run_after=2026-08-10 01:00:00+00:00
[2026-08-09T12:03:11.431+0000] {processor.py:208} INFO - Processing /opt/airflow/dags/dag_extract_catalogs.py took 0.030 seconds
[2026-08-09T12:03:41.842+0000] {processor.py:186} INFO - Started process (PID=9498) to work on /opt/airflow/dags/dag_extract_catalogs.py
[2026-08-09T12:03:41.843+0000] {processor.py:914} INFO - Processing file /opt/airflow/dags/dag_extract_catalogs.py for tasks to queue
[2026-08-09T12:03:41.844+0000] {logging_mixin.py:190} INFO - [2026-08-09T12:03:41.844+0000] {dagbag.py:588} INFO - Filling up the DagBag from /opt/airflow/dags/dag_extract_catalogs.py
[2026-08-09T12:03:41.851+0000] {processor.py:925} INFO - DAG(s) 'dag_extract_catalogs' retrieved from /opt/airflow/dags/dag_extract_catalogs.py
[2026-08-09T12:03:41.864+0000] {logging_mixin.py:190} INFO - [2026-08-09T12:03:41.864+0000] {dag.py:3239} INFO - Sync 1 DAGs
[2026-08-09T12:03:41.872+0000] {logging_mixin.py:190} INFO - [2026-08-09T12:03:41.872+0000] {dag.py:4180} INFO - Setting next_dagrun for dag_extract_catalogs to 2026-08-09 01:00:00+00:00, run_after=2026-08-10 01:00:00+00:00
[2026-08-09T12:03:41.880+0000] {processor.py:208} INFO - Processing /opt/airflow/dags/dag_extract_catalogs.py took 0.041 seconds
[2026-08-09T12:36:43.986+0000] {processor.py:186} INFO - Started process (PID=9521) to work on /opt/airflow/dags/dag_extract_catalogs.py
[2026-08-09T12:36:43.987+0000] {processor.py:914} INFO - Processing file /opt/airflow/dags/dag_extract_catalogs.py for tasks to queue
[2026-08-09T12:36:43.987+0000] {logging_mixin.py:190} INFO - [2026-08-09T12:36:43.987+0000] {dagbag.py:588} INFO - Filling up the DagBag from /opt/airflow/dags/dag_extract_catalogs.py
[2026-08-09T12:36:43.994+0000] {processor.py:925} INFO - DAG(s) 'dag_extract_catalogs' retrieved from /opt/airflow/dags/dag_extract_catalogs.py
[2026-08-09T12:36:44.009+0000] {logging_mixin.py:190} INFO - [2026-08-09T12:36:44.009+0000] {dag.py:3239} INFO - Sync 1 DAGs
[2026-08-09T12:36:44.042+0000] {logging_mixin.py:190} INFO - [2026-08-09T12:36:44.041+0000] {dag.py:4180} INFO - Setting next_dagrun for dag_extract_catalogs to 2026-08-09 01:00:00+00:00, run_after=2026-08-10 01:00:00+00:00
[2026-08-09T12:36:44.053+0000] {processor.py:208} INFO - Processing /opt/airflow/dags/dag_extract_catalogs.py took 0.070 seconds
[2026-08-09T13:09:03.910+0000] {processor.py:186} INFO - Started process (PID=9543) to work on /opt/airflow/dags/dag_extract_catalogs.py
[2026-08-09T13:09:03.910+0000] {processor.py:914} INFO - Processing file /opt/airflow/dags/dag_extract_catalogs.py for tasks to queue
[2026-08-09T13:09:03.911+0000] {logging_mixin.py:190} INFO - [2026-08-09T13:09:03.910+0000] {dagbag.py:588} INFO - Filling up the DagBag from /opt/airflow/dags/dag_extract_catalogs.py
[2026-08-09T13:09:03.916+0000] {processor.py:925} INFO - DAG(s) 'dag_extract_catalogs' retrieved from /opt/airflow/dags/dag_extract_catalogs.py
[2026-08-09T13:09:03.926+0000] {logging_mixin.py:190} INFO - [2026-08-09T13:09:03.926+0000] {dag.py:3239} INFO - Sync 1 DAGs
[2026-08-09T13:09:03.934+0000] {logging_mixin.py:190} INFO - [2026-08-09T13:09:03.934+0000] {dag.py:4180} INFO - Setting next_dagrun for dag_extract_catalogs to 2026-08-09 01:00:00+00:00, run_after=2026-08-10 01:00:00+00:00
[2026-08-09T13:09:03.939+0000] {processor.py:208} INFO - Processing /opt/airflow/dags/dag_extract_catalogs.py took 0.032 seconds
[2026-08-09T13:51:16.922+0000] {processor.py:186} INFO - Started process (PID=9566) to work on /opt/airflow/dags/dag_extract_catalogs.py
[2026-08-09T13:51:16.923+0000] {processor.py:914} INFO - Processing file /opt/airflow/dags/dag_extract_catalogs.py for tasks to queue
[2026-08-09T13:51:16.923+0000] {logging_mixin.py:190} INFO - [2026-08-09T13:51:16.923+0000] {dagbag.py:588} INFO - Filling up the DagBag from /opt/airflow/dags/dag_extract_catalogs.py
[2026-08-09T13:51:16.932+0000] {processor.py:925} INFO - DAG(s) 'dag_extract_catalogs' retrieved from /opt/airflow/dags/dag_extract_catalogs.py
[2026-08-09T13:51:16.947+0000] {logging_mixin.py:190} INFO - [2026-08-09T13:51:16.947+0000] {dag.py:3239} INFO - Sync 1 DAGs
[2026-08-09T13:51:16.959+0000] {logging_mixin.py:190} INFO - [2026-08-09T13:51:16.959+0000] {dag.py:4180} INFO - Setting next_dagrun for dag_extract_catalogs to 2026-08-09 01:00:00+00:00, run_after=2026-08-10 01:00:00+00:00
[2026-08-09T13:51:16.965+0000] {processor.py:208} INFO - Processing /opt/airflow/dags/dag_extract_catalogs.py took 0.049 seconds
[2026-08-09T13:51:47.263+0000] {processor.py:186} INFO - Started process (PID=9586) to work on /opt/airflow/dags/dag_extract_catalogs.py
[2026-08-09T13:51:47.264+0000] {processor.py:914} INFO - Processing file /opt/airflow/dags/dag_extract_catalogs.py for tasks to queue
[2026-08-09T13:51:47.264+0000] {logging_mixin.py:190} INFO - [2026-08-09T13:51:47.264+0000] {dagbag.py:588} INFO - Filling up the DagBag from /opt/airflow/dags/dag_extract_catalogs.py
[2026-08-09T13:51:47.269+0000] {processor.py:925} INFO - DAG(s) 'dag_extract_catalogs' retrieved from /opt/airflow/dags/dag_extract_catalogs.py
[2026-08-09T13:51:47.280+0000] {logging_mixin.py:190} INFO - [2026-08-09T13:51:47.280+0000] {dag.py:3239} INFO - Sync 1 DAGs
[2026-08-09T13:51:47.288+0000] {logging_mixin.py:190} INFO - [2026-08-09T13:51:47.288+0000] {dag.py:4180} INFO - Setting next_dagrun for dag_extract_catalogs to 2026-08-09 01:00:00+00:00, run_after=2026-08-10 01:00:00+00:00
[2026-08-09T13:51:47.294+0000] {processor.py:208} INFO - Processing /opt/airflow/dags/dag_extract_catalogs.py took 0.033 seconds
[2026-08-09T14:15:07.433+0000] {processor.py:186} INFO - Started process (PID=9606) to work on /opt/airflow/dags/dag_extract_catalogs.py
[2026-08-09T14:15:07.433+0000] {processor.py:914} INFO - Processing file /opt/airflow/dags/dag_extract_catalogs.py for tasks to queue
[2026-08-09T14:15:07.434+0000] {logging_mixin.py:190} INFO - [2026-08-09T14:15:07.434+0000] {dagbag.py:588} INFO - Filling up the DagBag from /opt/airflow/dags/dag_extract_catalogs.py
[2026-08-09T14:15:07.439+0000] {processor.py:925} INFO - DAG(s) 'dag_extract_catalogs' retrieved from /opt/airflow/dags/dag_extract_catalogs.py
[2026-08-09T14:15:07.449+0000] {logging_mixin.py:190} INFO - [2026-08-09T14:15:07.449+0000] {dag.py:3239} INFO - Sync 1 DAGs
[2026-08-09T14:15:07.457+0000] {logging_mixin.py:190} INFO - [2026-08-09T14:15:07.457+0000] {dag.py:4180} INFO - Setting next_dagrun for dag_extract_catalogs to 2026-08-09 01:00:00+00:00, run_after=2026-08-10 01:00:00+00:00
[2026-08-09T14:15:07.462+0000] {processor.py:208} INFO - Processing /opt/airflow/dags/dag_extract_catalogs.py took 0.032 seconds
[2026-08-09T14:15:37.929+0000] {processor.py:186} INFO - Started process (PID=9629) to work on /opt/airflow/dags/dag_extract_catalogs.py
[2026-08-09T14:15:37.930+0000] {processor.py:914} INFO - Processing file /opt/airflow/dags/dag_extract_catalogs.py for tasks to queue
[2026-08-09T14:15:37.930+0000] {logging_mixin.py:190} INFO - [2026-08-09T14:15:37.930+0000] {dagbag.py:588} INFO - Filling up the DagBag from /opt/airflow/dags/dag_extract_catalogs.py
[2026-08-09T14:15:37.936+0000] {processor.py:925} INFO - DAG(s) 'dag_extract_catalogs' retrieved from /opt/airflow/dags/dag_extract_catalogs.py
[2026-08-09T14:15:37.947+0000] {logging_mixin.py:190} INFO - [2026-08-09T14:15:37.947+0000] {dag.py:3239} INFO - Sync 1 DAGs
[2026-08-09T14:15:37.956+0000] {logging_mixin.py:190} INFO - [2026-08-09T14:15:37.955+0000] {dag.py:4180} INFO - Setting next_dagrun for dag_extract_catalogs to 2026-08-09 01:00:00+00:00, run_after=2026-08-10 01:00:00+00:00
[2026-08-09T14:15:37.963+0000] {processor.py:208} INFO - Processing /opt/airflow/dags/dag_extract_catalogs.py took 0.036 seconds
[2026-08-09T14:16:08.327+0000] {processor.py:186} INFO - Started process (PID=9649) to work on /opt/airflow/dags/dag_extract_catalogs.py
[2026-08-09T14:16:08.327+0000] {processor.py:914} INFO - Processing file /opt/airflow/dags/dag_extract_catalogs.py for tasks to queue
[2026-08-09T14:16:08.327+0000] {logging_mixin.py:190} INFO - [2026-08-09T14:16:08.327+0000] {dagbag.py:588} INFO - Filling up the DagBag from /opt/airflow/dags/dag_extract_catalogs.py
[2026-08-09T14:16:08.333+0000] {processor.py:925} INFO - DAG(s) 'dag_extract_catalogs' retrieved from /opt/airflow/dags/dag_extract_catalogs.py
[2026-08-09T14:16:08.343+0000] {logging_mixin.py:190} INFO - [2026-08-09T14:16:08.343+0000] {dag.py:3239} INFO - Sync 1 DAGs
[2026-08-09T14:16:08.351+0000] {logging_mixin.py:190} INFO - [2026-08-09T14:16:08.351+0000] {dag.py:4180} INFO - Setting next_dagrun for dag_extract_catalogs to 2026-08-09 01:00:00+00:00, run_after=2026-08-10 01:00:00+00:00
[2026-08-09T14:16:08.357+0000] {processor.py:208} INFO - Processing /opt/airflow/dags/dag_extract_catalogs.py took 0.033 seconds
[2026-08-09T14:16:38.779+0000] {processor.py:186} INFO - Started process (PID=9669) to work on /opt/airflow/dags/dag_extract_catalogs.py
[2026-08-09T14:16:38.779+0000] {processor.py:914} INFO - Processing file /opt/airflow/dags/dag_extract_catalogs.py for tasks to queue
[2026-08-09T14:16:38.779+0000] {logging_mixin.py:190} INFO - [2026-08-09T14:16:38.779+0000] {dagbag.py:588} INFO - Filling up the DagBag from /opt/airflow/dags/dag_extract_catalogs.py
[2026-08-09T14:16:38.785+0000] {processor.py:925} INFO - DAG(s) 'dag_extract_catalogs' retrieved from /opt/airflow/dags/dag_extract_catalogs.py
[2026-08-09T14:16:38.796+0000] {logging_mixin.py:190} INFO - [2026-08-09T14:16:38.796+0000] {dag.py:3239} INFO - Sync 1 DAGs
[2026-08-09T14:16:38.804+0000] {logging_mixin.py:190} INFO - [2026-08-09T14:16:38.804+0000] {dag.py:4180} INFO - Setting next_dagrun for dag_extract_catalogs to 2026-08-09 01:00:00+00:00, run_after=2026-08-10 01:00:00+00:00
[2026-08-09T14:16:38.809+0000] {processor.py:208} INFO - Processing /opt/airflow/dags/dag_extract_catalogs.py took 0.034 seconds
[2026-08-09T14:17:09.208+0000] {processor.py:186} INFO - Started process (PID=9689) to work on /opt/airflow/dags/dag_extract_catalogs.py
[2026-08-09T14:17:09.209+0000] {processor.py:914} INFO - Processing file /opt/airflow/dags/dag_extract_catalogs.py for tasks to queue
[2026-08-09T14:17:09.209+0000] {logging_mixin.py:190} INFO - [2026-08-09T14:17:09.209+0000] {dagbag.py:588} INFO - Filling up the DagBag from /opt/airflow/dags/dag_extract_catalogs.py
[2026-08-09T14:17:09.215+0000] {processor.py:925} INFO - DAG(s) 'dag_extract_catalogs' retrieved from /opt/airflow/dags/dag_extract_catalogs.py
[2026-08-09T14:17:09.228+0000] {logging_mixin.py:190} INFO - [2026-08-09T14:17:09.228+0000] {dag.py:3239} INFO - Sync 1 DAGs
[2026-08-09T14:17:09.236+0000] {logging_mixin.py:190} INFO - [2026-08-09T14:17:09.236+0000] {dag.py:4180} INFO - Setting next_dagrun for dag_extract_catalogs to 2026-08-09 01:00:00+00:00, run_after=2026-08-10 01:00:00+00:00
[2026-08-09T14:17:09.243+0000] {processor.py:208} INFO - Processing /opt/airflow/dags/dag_extract_catalogs.py took 0.038 seconds
[2026-08-09T14:17:39.530+0000] {processor.py:186} INFO - Started process (PID=9707) to work on /opt/airflow/dags/dag_extract_catalogs.py
[2026-08-09T14:17:39.531+0000] {processor.py:914} INFO - Processing file /opt/airflow/dags/dag_extract_catalogs.py for tasks to queue
[2026-08-09T14:17:39.532+0000] {logging_mixin.py:190} INFO - [2026-08-09T14:17:39.532+0000] {dagbag.py:588} INFO - Filling up the DagBag from /opt/airflow/dags/dag_extract_catalogs.py
[2026-08-09T14:17:39.539+0000] {processor.py:925} INFO - DAG(s) 'dag_extract_catalogs' retrieved from /opt/airflow/dags/dag_extract_catalogs.py
[2026-08-09T14:17:39.552+0000] {logging_mixin.py:190} INFO - [2026-08-09T14:17:39.552+0000] {dag.py:3239} INFO - Sync 1 DAGs
[2026-08-09T14:17:39.561+0000] {logging_mixin.py:190} INFO - [2026-08-09T14:17:39.561+0000] {dag.py:4180} INFO - Setting next_dagrun for dag_extract_catalogs to 2026-08-09 01:00:00+00:00, run_after=2026-08-10 01:00:00+00:00
[2026-08-09T14:17:39.565+0000] {processor.py:208} INFO - Processing /opt/airflow/dags/dag_extract_catalogs.py took 0.038 seconds
[2026-08-09T14:18:09.976+0000] {processor.py:186} INFO - Started process (PID=9727) to work on /opt/airflow/dags/dag_extract_catalogs.py
[2026-08-09T14:18:09.976+0000] {processor.py:914} INFO - Processing file /opt/airflow/dags/dag_extract_catalogs.py for tasks to queue
[2026-08-09T14:18:09.977+0000] {logging_mixin.py:190} INFO - [2026-08-09T14:18:09.977+0000] {dagbag.py:588} INFO - Filling up the DagBag from /opt/airflow/dags/dag_extract_catalogs.py
[2026-08-09T14:18:09.984+0000] {processor.py:925} INFO - DAG(s) 'dag_extract_catalogs' retrieved from /opt/airflow/dags/dag_extract_catalogs.py
[2026-08-09T14:18:09.996+0000] {logging_mixin.py:190} INFO - [2026-08-09T14:18:09.996+0000] {dag.py:3239} INFO - Sync 1 DAGs
[2026-08-09T14:18:10.005+0000] {logging_mixin.py:190} INFO - [2026-08-09T14:18:10.005+0000] {dag.py:4180} INFO - Setting next_dagrun for dag_extract_catalogs to 2026-08-09 01:00:00+00:00, run_after=2026-08-10 01:00:00+00:00
[2026-08-09T14:18:10.010+0000] {processor.py:208} INFO - Processing /opt/airflow/dags/dag_extract_catalogs.py took 0.037 seconds
[2026-08-09T14:18:40.536+0000] {processor.py:186} INFO - Started process (PID=9749) to work on /opt/airflow/dags/dag_extract_catalogs.py
[2026-08-09T14:18:40.537+0000] {processor.py:914} INFO - Processing file /opt/airflow/dags/dag_extract_catalogs.py for tasks to queue
[2026-08-09T14:18:40.537+0000] {logging_mixin.py:190} INFO - [2026-08-09T14:18:40.537+0000] {dagbag.py:588} INFO - Filling up the DagBag from /opt/airflow/dags/dag_extract_catalogs.py
[2026-08-09T14:18:40.543+0000] {processor.py:925} INFO - DAG(s) 'dag_extract_catalogs' retrieved from /opt/airflow/dags/dag_extract_catalogs.py
[2026-08-09T14:18:40.555+0000] {logging_mixin.py:190} INFO - [2026-08-09T14:18:40.555+0000] {dag.py:3239} INFO - Sync 1 DAGs
[2026-08-09T14:18:40.564+0000] {logging_mixin.py:190} INFO - [2026-08-09T14:18:40.564+0000] {dag.py:4180} INFO - Setting next_dagrun for dag_extract_catalogs to 2026-08-09 01:00:00+00:00, run_after=2026-08-10 01:00:00+00:00
[2026-08-09T14:18:40.570+0000] {processor.py:208} INFO - Processing /opt/airflow/dags/dag_extract_catalogs.py took 0.037 seconds
[2026-08-09T14:19:10.965+0000] {processor.py:186} INFO - Started process (PID=9769) to work on /opt/airflow/dags/dag_extract_catalogs.py
[2026-08-09T14:19:10.966+0000] {processor.py:914} INFO - Processing file /opt/airflow/dags/dag_extract_catalogs.py for tasks to queue
[2026-08-09T14:19:10.966+0000] {logging_mixin.py:190} INFO - [2026-08-09T14:19:10.966+0000] {dagbag.py:588} INFO - Filling up the DagBag from /opt/airflow/dags/dag_extract_catalogs.py
[2026-08-09T14:19:10.971+0000] {processor.py:925} INFO - DAG(s) 'dag_extract_catalogs' retrieved from /opt/airflow/dags/dag_extract_catalogs.py
[2026-08-09T14:19:10.981+0000] {logging_mixin.py:190} INFO - [2026-08-09T14:19:10.981+0000] {dag.py:3239} INFO - Sync 1 DAGs
[2026-08-09T14:19:10.988+0000] {logging_mixin.py:190} INFO - [2026-08-09T14:19:10.988+0000] {dag.py:4180} INFO - Setting next_dagrun for dag_extract_catalogs to 2026-08-09 01:00:00+00:00, run_after=2026-08-10 01:00:00+00:00
[2026-08-09T14:19:10.993+0000] {processor.py:208} INFO - Processing /opt/airflow/dags/dag_extract_catalogs.py took 0.030 seconds
[2026-08-09T14:19:41.403+0000] {processor.py:186} INFO - Started process (PID=9789) to work on /opt/airflow/dags/dag_extract_catalogs.py
[2026-08-09T14:19:41.404+0000] {processor.py:914} INFO - Processing file /opt/airflow/dags/dag_extract_catalogs.py for tasks to queue
[2026-08-09T14:19:41.404+0000] {logging_mixin.py:190} INFO - [2026-08-09T14:19:41.404+0000] {dagbag.py:588} INFO - Filling up the DagBag from /opt/airflow/dags/dag_extract_catalogs.py
[2026-08-09T14:19:41.409+0000] {processor.py:925} INFO - DAG(s) 'dag_extract_catalogs' retrieved from /opt/airflow/dags/dag_extract_catalogs.py
[2026-08-09T14:19:41.419+0000] {logging_mixin.py:190} INFO - [2026-08-09T14:19:41.419+0000] {dag.py:3239} INFO - Sync 1 DAGs
[2026-08-09T14:19:41.427+0000] {logging_mixin.py:190} INFO - [2026-08-09T14:19:41.427+0000] {dag.py:4180} INFO - Setting next_dagrun for dag_extract_catalogs to 2026-08-09 01:00:00+00:00, run_after=2026-08-10 01:00:00+00:00
[2026-08-09T14:19:41.431+0000] {processor.py:208} INFO - Processing /opt/airflow/dags/dag_extract_catalogs.py took 0.030 seconds
[2026-08-09T14:20:11.902+0000] {processor.py:186} INFO - Started process (PID=9809) to work on /opt/airflow/dags/dag_extract_catalogs.py
[2026-08-09T14:20:11.903+0000] {processor.py:914} INFO - Processing file /opt/airflow/dags/dag_extract_catalogs.py for tasks to queue
[2026-08-09T14:20:11.903+0000] {logging_mixin.py:190} INFO - [2026-08-09T14:20:11.903+0000] {dagbag.py:588} INFO - Filling up the DagBag from /opt/airflow/dags/dag_extract_catalogs.py
[2026-08-09T14:20:11.909+0000] {processor.py:925} INFO - DAG(s) 'dag_extract_catalogs' retrieved from /opt/airflow/dags/dag_extract_catalogs.py
[2026-08-09T14:20:11.921+0000] {logging_mixin.py:190} INFO - [2026-08-09T14:20:11.920+0000] {dag.py:3239} INFO - Sync 1 DAGs
[2026-08-09T14:20:11.929+0000] {logging_mixin.py:190} INFO - [2026-08-09T14:20:11.929+0000] {dag.py:4180} INFO - Setting next_dagrun for dag_extract_catalogs to 2026-08-09 01:00:00+00:00, run_after=2026-08-10 01:00:00+00:00
[2026-08-09T14:20:11.935+0000] {processor.py:208} INFO - Processing /opt/airflow/dags/dag_extract_catalogs.py took 0.036 seconds
