[2026-08-09T00:11:53.982+0000] {processor.py:186} INFO - Started process (PID=8310) to work on /opt/airflow/dags/dag_extract_dvizhenie.py
[2026-08-09T00:11:53.983+0000] {processor.py:914} INFO - Processing file /opt/airflow/dags/dag_extract_dvizhenie.py for tasks to queue
[2026-08-09T00:11:53.983+0000] {logging_mixin.py:190} INFO - [2026-08-09T00:11:53.983+0000] {dagbag.py:588} INFO - Filling up the DagBag from /opt/airflow/dags/dag_extract_dvizhenie.py
[2026-08-09T00:11:53.988+0000] {processor.py:925} INFO - DAG(s) 'dag_extract_dvizhenie' retrieved from /opt/airflow/dags/dag_extract_dvizhenie.py
[2026-08-09T00:11:53.997+0000] {logging_mixin.py:190} INFO - [2026-08-09T00:11:53.997+0000] {dag.py:3239} INFO - Sync 1 DAGs
[2026-08-09T00:11:54.008+0000] {processor.py:208} INFO - Processing /opt/airflow/dags/dag_extract_dvizhenie.py took 0.028 seconds
[2026-08-09T00:55:10.686+0000] {processor.py:186} INFO - Started process (PID=8333) to work on /opt/airflow/dags/dag_extract_dvizhenie.py
[2026-08-09T00:55:10.687+0000] {processor.py:914} INFO - Processing file /opt/airflow/dags/dag_extract_dvizhenie.py for tasks to queue
[2026-08-09T00:55:10.687+0000] {logging_mixin.py:190} INFO - [2026-08-09T00:55:10.687+0000] {dagbag.py:588} INFO - Filling up the DagBag from /opt/airflow/dags/dag_extract_dvizhenie.py
[2026-08-09T00:55:10.693+0000] {processor.py:925} INFO - DAG(s) 'dag_extract_dvizhenie' retrieved from /opt/airflow/dags/dag_extract_dvizhenie.py
[2026-08-09T00:55:10.703+0000] {logging_mixin.py:190} INFO - [2026-08-09T00:55:10.703+0000] {dag.py:3239} INFO - Sync 1 DAGs
[2026-08-09T00:55:10.715+0000] {processor.py:208} INFO - Processing /opt/airflow/dags/dag_extract_dvizhenie.py took 0.032 seconds
[2026-08-09T01:10:28.616+0000] {processor.py:186} INFO - Started process (PID=8362) to work on /opt/airflow/dags/dag_extract_dvizhenie.py
[2026-08-09T01:10:28.617+0000] {processor.py:914} INFO - Processing file /opt/airflow/dags/dag_extract_dvizhenie.py for tasks to queue
[2026-08-09T01:10:28.617+0000] {logging_mixin.py:190} INFO - [2026-08-09T01:10:28.617+0000] {dagbag.py:588} INFO - Filling up the DagBag from /opt/airflow/dags/dag_extract_dvizhenie.py
[2026-08-09T01:10:28.623+0000] {processor.py:925} INFO - DAG(s) 'dag_extract_dvizhenie' retrieved from /opt/airflow/dags/dag_extract_dvizhenie.py
[2026-08-09T01:10:28.634+0000] {logging_mixin.py:190} INFO - [2026-08-09T01:10:28.634+0000] {dag.py:3239} INFO - Sync 1 DAGs
[2026-08-09T01:10:28.647+0000] {processor.py:208} INFO - Processing /opt/airflow/dags/dag_extract_dvizhenie.py took 0.033 seconds
[2026-08-09T01:43:09.805+0000] {processor.py:186} INFO - Started process (PID=8386) to work on /opt/airflow/dags/dag_extract_dvizhenie.py
[2026-08-09T01:43:09.807+0000] {processor.py:914} INFO - Processing file /opt/airflow/dags/dag_extract_dvizhenie.py for tasks to queue
[2026-08-09T01:43:09.807+0000] {logging_mixin.py:190} INFO - [2026-08-09T01:43:09.807+0000] {dagbag.py:588} INFO - Filling up the DagBag from /opt/airflow/dags/dag_extract_dvizhenie.py
[2026-08-09T01:43:09.814+0000] {processor.py:925} INFO - DAG(s) 'dag_extract_dvizhenie' retrieved from /opt/airflow/dags/dag_extract_dvizhenie.py
[2026-08-09T01:43:09.834+0000] {logging_mixin.py:190} INFO - [2026-08-09T01:43:09.834+0000] {dag.py:3239} INFO - Sync 1 DAGs
[2026-08-09T01:43:09.855+0000] {processor.py:208} INFO - Processing /opt/airflow/dags/dag_extract_dvizhenie.py took 0.054 seconds
[2026-08-09T01:59:32.794+0000] {processor.py:186} INFO - Started process (PID=8426) to work on /opt/airflow/dags/dag_extract_dvizhenie.py
[2026-08-09T01:59:32.794+0000] {processor.py:914} INFO - Processing file /opt/airflow/dags/dag_extract_dvizhenie.py for tasks to queue
[2026-08-09T01:59:32.794+0000] {logging_mixin.py:190} INFO - [2026-08-09T01:59:32.794+0000] {dagbag.py:588} INFO - Filling up the DagBag from /opt/airflow/dags/dag_extract_dvizhenie.py
[2026-08-09T01:59:32.799+0000] {processor.py:925} INFO - DAG(s) 'dag_extract_dvizhenie' retrieved from /opt/airflow/dags/dag_extract_dvizhenie.py
[2026-08-09T01:59:32.809+0000] {logging_mixin.py:190} INFO - [2026-08-09T01:59:32.808+0000] {dag.py:3239} INFO - Sync 1 DAGs
[2026-08-09T01:59:32.820+0000] {processor.py:208} INFO - Processing /opt/airflow/dags/dag_extract_dvizhenie.py took 0.029 seconds
[2026-08-09T02:18:24.392+0000] {processor.py:186} INFO - Started process (PID=8452) to work on /opt/airflow/dags/dag_extract_dvizhenie.py
[2026-08-09T02:18:24.392+0000] {processor.py:914} INFO - Processing file /opt/airflow/dags/dag_extract_dvizhenie.py for tasks to queue
[2026-08-09T02:18:24.393+0000] {logging_mixin.py:190} INFO - [2026-08-09T02:18:24.393+0000] {dagbag.py:588} INFO - Filling up the DagBag from /opt/airflow/dags/dag_extract_dvizhenie.py
[2026-08-09T02:18:24.398+0000] {processor.py:925} INFO - DAG(s) 'dag_extract_dvizhenie' retrieved from /opt/airflow/dags/dag_extract_dvizhenie.py
[2026-08-09T02:18:24.408+0000] {logging_mixin.py:190} INFO - [2026-08-09T02:18:24.408+0000] {dag.py:3239} INFO - Sync 1 DAGs
[2026-08-09T02:18:24.419+0000] {processor.py:208} INFO - Processing /opt/airflow/dags/dag_extract_dvizhenie.py took 0.030 seconds
[2026-08-09T02:35:40.887+0000] {processor.py:186} INFO - Started process (PID=8472) to work on /opt/airflow/dags/dag_extract_dvizhenie.py
[2026-08-09T02:35:40.888+0000] {processor.py:914} INFO - Processing file /opt/airflow/dags/dag_extract_dvizhenie.py for tasks to queue
[2026-08-09T02:35:40.888+0000] {logging_mixin.py:190} INFO - [2026-08-09T02:35:40.888+0000] {dagbag.py:588} INFO - Filling up the DagBag from /opt/airflow/dags/dag_extract_dvizhenie.py
[2026-08-09T02:35:40.893+0000] {processor.py:925} INFO - DAG(s) 'dag_extract_dvizhenie' retrieved from /opt/airflow/dags/dag_extract_dvizhenie.py
[2026-08-09T02:35:40.904+0000] {logging_mixin.py:190} INFO - [2026-08-09T02:35:40.904+0000] {dag.py:3239} INFO - Sync 1 DAGs
[2026-08-09T02:35:40.917+0000] {processor.py:208} INFO - Processing /opt/airflow/dags/dag_extract_dvizhenie.py took 0.032 seconds
[2026-08-09T02:52:57.920+0000] {processor.py:186} INFO - Started process (PID=8498) to work on /opt/airflow/dags/dag_extract_dvizhenie.py
[2026-08-09T02:52:57.920+0000] {processor.py:914} INFO - Processing file /opt/airflow/dags/dag_extract_dvizhenie.py for tasks to queue
[2026-08-09T02:52:57.921+0000] {logging_mixin.py:190} INFO - [2026-08-09T02:52:57.921+0000] {dagbag.py:588} INFO - Filling up the DagBag from /opt/airflow/dags/dag_extract_dvizhenie.py
[2026-08-09T02:52:57.928+0000] {processor.py:925} INFO - DAG(s) 'dag_extract_dvizhenie' retrieved from /opt/airflow/dags/dag_extract_dvizhenie.py
[2026-08-09T02:52:57.940+0000] {logging_mixin.py:190} INFO - [2026-08-09T02:52:57.940+0000] {dag.py:3239} INFO - Sync 1 DAGs
[2026-08-09T02:52:57.952+0000] {processor.py:208} INFO - Processing /opt/airflow/dags/dag_extract_dvizhenie.py took 0.036 seconds
[2026-08-09T03:26:38.172+0000] {processor.py:186} INFO - Started process (PID=8518) to work on /opt/airflow/dags/dag_extract_dvizhenie.py
[2026-08-09T03:26:38.173+0000] {processor.py:914} INFO - Processing file /opt/airflow/dags/dag_extract_dvizhenie.py for tasks to queue
[2026-08-09T03:26:38.173+0000] {logging_mixin.py:190} INFO - [2026-08-09T03:26:38.173+0000] {dagbag.py:588} INFO - Filling up the DagBag from /opt/airflow/dags/dag_extract_dvizhenie.py
[2026-08-09T03:26:38.178+0000] {processor.py:925} INFO - DAG(s) 'dag_extract_dvizhenie' retrieved from /opt/airflow/dags/dag_extract_dvizhenie.py
[2026-08-09T03:26:38.187+0000] {logging_mixin.py:190} INFO - [2026-08-09T03:26:38.187+0000] {dag.py:3239} INFO - Sync 1 DAGs
[2026-08-09T03:26:38.199+0000] {processor.py:208} INFO - Processing /opt/airflow/dags/dag_extract_dvizhenie.py took 0.029 seconds
[2026-08-09T03:42:58.269+0000] {processor.py:186} INFO - Started process (PID=8544) to work on /opt/airflow/dags/dag_extract_dvizhenie.py
[2026-08-09T03:42:58.270+0000] {processor.py:914} INFO - Processing file /opt/airflow/dags/dag_extract_dvizhenie.py for tasks to queue
[2026-08-09T03:42:58.270+0000] {logging_mixin.py:190} INFO - [2026-08-09T03:42:58.270+0000] {dagbag.py:588} INFO - Filling up the DagBag from /opt/airflow/dags/dag_extract_dvizhenie.py
[2026-08-09T03:42:58.275+0000] {processor.py:925} INFO - DAG(s) 'dag_extract_dvizhenie' retrieved from /opt/airflow/dags/dag_extract_dvizhenie.py
[2026-08-09T03:42:58.285+0000] {logging_mixin.py:190} INFO - [2026-08-09T03:42:58.284+0000] {dag.py:3239} INFO - Sync 1 DAGs
[2026-08-09T03:42:58.292+0000] {logging_mixin.py:190} INFO - [2026-08-09T03:42:58.292+0000] {dag.py:4180} INFO - Setting next_dagrun for dag_extract_dvizhenie to 2026-08-09 02:00:00+00:00, run_after=2026-08-09 04:00:00+00:00
[2026-08-09T03:42:58.297+0000] {processor.py:208} INFO - Processing /opt/airflow/dags/dag_extract_dvizhenie.py took 0.030 seconds
[2026-08-09T04:00:08.346+0000] {processor.py:186} INFO - Started process (PID=8577) to work on /opt/airflow/dags/dag_extract_dvizhenie.py
[2026-08-09T04:00:08.346+0000] {processor.py:914} INFO - Processing file /opt/airflow/dags/dag_extract_dvizhenie.py for tasks to queue
[2026-08-09T04:00:08.347+0000] {logging_mixin.py:190} INFO - [2026-08-09T04:00:08.347+0000] {dagbag.py:588} INFO - Filling up the DagBag from /opt/airflow/dags/dag_extract_dvizhenie.py
[2026-08-09T04:00:08.354+0000] {processor.py:925} INFO - DAG(s) 'dag_extract_dvizhenie' retrieved from /opt/airflow/dags/dag_extract_dvizhenie.py
[2026-08-09T04:00:08.370+0000] {logging_mixin.py:190} INFO - [2026-08-09T04:00:08.370+0000] {dag.py:3239} INFO - Sync 1 DAGs
[2026-08-09T04:00:08.394+0000] {processor.py:208} INFO - Processing /opt/airflow/dags/dag_extract_dvizhenie.py took 0.051 seconds
[2026-08-09T04:19:21.539+0000] {processor.py:186} INFO - Started process (PID=8614) to work on /opt/airflow/dags/dag_extract_dvizhenie.py
[2026-08-09T04:19:21.539+0000] {processor.py:914} INFO - Processing file /opt/airflow/dags/dag_extract_dvizhenie.py for tasks to queue
[2026-08-09T04:19:21.540+0000] {logging_mixin.py:190} INFO - [2026-08-09T04:19:21.540+0000] {dagbag.py:588} INFO - Filling up the DagBag from /opt/airflow/dags/dag_extract_dvizhenie.py
[2026-08-09T04:19:21.545+0000] {processor.py:925} INFO - DAG(s) 'dag_extract_dvizhenie' retrieved from /opt/airflow/dags/dag_extract_dvizhenie.py
[2026-08-09T04:19:21.556+0000] {logging_mixin.py:190} INFO - [2026-08-09T04:19:21.556+0000] {dag.py:3239} INFO - Sync 1 DAGs
[2026-08-09T04:19:21.572+0000] {processor.py:208} INFO - Processing /opt/airflow/dags/dag_extract_dvizhenie.py took 0.036 seconds
[2026-08-09T04:35:36.992+0000] {processor.py:186} INFO - Started process (PID=8634) to work on /opt/airflow/dags/dag_extract_dvizhenie.py
[2026-08-09T04:35:36.993+0000] {processor.py:914} INFO - Processing file /opt/airflow/dags/dag_extract_dvizhenie.py for tasks to queue
[2026-08-09T04:35:36.993+0000] {logging_mixin.py:190} INFO - [2026-08-09T04:35:36.993+0000] {dagbag.py:588} INFO - Filling up the DagBag from /opt/airflow/dags/dag_extract_dvizhenie.py
[2026-08-09T04:35:36.998+0000] {processor.py:925} INFO - DAG(s) 'dag_extract_dvizhenie' retrieved from /opt/airflow/dags/dag_extract_dvizhenie.py
[2026-08-09T04:35:37.015+0000] {logging_mixin.py:190} INFO - [2026-08-09T04:35:37.015+0000] {dag.py:3239} INFO - Sync 1 DAGs
[2026-08-09T04:35:37.030+0000] {processor.py:208} INFO - Processing /opt/airflow/dags/dag_extract_dvizhenie.py took 0.041 seconds
[2026-08-09T05:07:56.717+0000] {processor.py:186} INFO - Started process (PID=8657) to work on /opt/airflow/dags/dag_extract_dvizhenie.py
[2026-08-09T05:07:56.717+0000] {processor.py:914} INFO - Processing file /opt/airflow/dags/dag_extract_dvizhenie.py for tasks to queue
[2026-08-09T05:07:56.717+0000] {logging_mixin.py:190} INFO - [2026-08-09T05:07:56.717+0000] {dagbag.py:588} INFO - Filling up the DagBag from /opt/airflow/dags/dag_extract_dvizhenie.py
[2026-08-09T05:07:56.722+0000] {processor.py:925} INFO - DAG(s) 'dag_extract_dvizhenie' retrieved from /opt/airflow/dags/dag_extract_dvizhenie.py
[2026-08-09T05:07:56.732+0000] {logging_mixin.py:190} INFO - [2026-08-09T05:07:56.732+0000] {dag.py:3239} INFO - Sync 1 DAGs
[2026-08-09T05:07:56.743+0000] {processor.py:208} INFO - Processing /opt/airflow/dags/dag_extract_dvizhenie.py took 0.029 seconds
[2026-08-09T05:37:57.523+0000] {processor.py:186} INFO - Started process (PID=8667) to work on /opt/airflow/dags/dag_extract_dvizhenie.py
[2026-08-09T05:37:57.524+0000] {processor.py:914} INFO - Processing file /opt/airflow/dags/dag_extract_dvizhenie.py for tasks to queue
[2026-08-09T05:37:57.525+0000] {logging_mixin.py:190} INFO - [2026-08-09T05:37:57.525+0000] {dagbag.py:588} INFO - Filling up the DagBag from /opt/airflow/dags/dag_extract_dvizhenie.py
[2026-08-09T05:37:57.534+0000] {processor.py:925} INFO - DAG(s) 'dag_extract_dvizhenie' retrieved from /opt/airflow/dags/dag_extract_dvizhenie.py
[2026-08-09T05:37:57.547+0000] {logging_mixin.py:190} INFO - [2026-08-09T05:37:57.547+0000] {taskinstance.py:3313} ERROR - {'DAG Id': 'dag_extract_dvizhenie', 'Task Id': 'extract_dvizhenie', 'Run Id': 'scheduled__2026-08-09T02:00:00+00:00', 'Hostname': 'ce016640a6d7'}
[2026-08-09T05:37:57.558+0000] {logging_mixin.py:190} INFO - [2026-08-09T05:37:57.558+0000] {taskinstance.py:1225} INFO - Marking task as UP_FOR_RETRY. dag_id=dag_extract_dvizhenie, task_id=extract_dvizhenie, run_id=scheduled__2026-08-09T02:00:00+00:00, execution_date=20260809T020000, start_date=20260809T050755, end_date=20260809T053757
[2026-08-09T05:37:57.566+0000] {logging_mixin.py:190} INFO - [2026-08-09T05:37:57.566+0000] {processor.py:876} INFO - Executed callback for <TaskInstance: dag_extract_dvizhenie.extract_dvizhenie scheduled__2026-08-09T02:00:00+00:00 [up_for_retry]> in state up_for_retry
[2026-08-09T05:37:57.573+0000] {logging_mixin.py:190} INFO - [2026-08-09T05:37:57.573+0000] {dag.py:3239} INFO - Sync 1 DAGs
[2026-08-09T05:37:57.587+0000] {processor.py:208} INFO - Processing /opt/airflow/dags/dag_extract_dvizhenie.py took 0.067 seconds
[2026-08-09T06:12:15.315+0000] {processor.py:186} INFO - Started process (PID=8699) to work on /opt/airflow/dags/dag_extract_dvizhenie.py
[2026-08-09T06:12:15.315+0000] {processor.py:914} INFO - Processing file /opt/airflow/dags/dag_extract_dvizhenie.py for tasks to queue
[2026-08-09T06:12:15.316+0000] {logging_mixin.py:190} INFO - [2026-08-09T06:12:15.316+0000] {dagbag.py:588} INFO - Filling up the DagBag from /opt/airflow/dags/dag_extract_dvizhenie.py
[2026-08-09T06:12:15.322+0000] {processor.py:925} INFO - DAG(s) 'dag_extract_dvizhenie' retrieved from /opt/airflow/dags/dag_extract_dvizhenie.py
[2026-08-09T06:12:15.337+0000] {logging_mixin.py:190} INFO - [2026-08-09T06:12:15.337+0000] {dag.py:3239} INFO - Sync 1 DAGs
[2026-08-09T06:12:15.361+0000] {processor.py:208} INFO - Processing /opt/airflow/dags/dag_extract_dvizhenie.py took 0.049 seconds
[2026-08-09T06:38:26.351+0000] {processor.py:186} INFO - Started process (PID=8720) to work on /opt/airflow/dags/dag_extract_dvizhenie.py
[2026-08-09T06:38:26.353+0000] {processor.py:914} INFO - Processing file /opt/airflow/dags/dag_extract_dvizhenie.py for tasks to queue
[2026-08-09T06:38:26.353+0000] {logging_mixin.py:190} INFO - [2026-08-09T06:38:26.353+0000] {dagbag.py:588} INFO - Filling up the DagBag from /opt/airflow/dags/dag_extract_dvizhenie.py
[2026-08-09T06:38:26.358+0000] {processor.py:925} INFO - DAG(s) 'dag_extract_dvizhenie' retrieved from /opt/airflow/dags/dag_extract_dvizhenie.py
[2026-08-09T06:38:26.373+0000] {logging_mixin.py:190} INFO - [2026-08-09T06:38:26.373+0000] {dag.py:3239} INFO - Sync 1 DAGs
[2026-08-09T06:38:26.387+0000] {processor.py:208} INFO - Processing /opt/airflow/dags/dag_extract_dvizhenie.py took 0.038 seconds
[2026-08-09T06:38:26.497+0000] {processor.py:186} INFO - Started process (PID=8730) to work on /opt/airflow/dags/dag_extract_dvizhenie.py
[2026-08-09T06:38:26.497+0000] {processor.py:914} INFO - Processing file /opt/airflow/dags/dag_extract_dvizhenie.py for tasks to queue
[2026-08-09T06:38:26.498+0000] {logging_mixin.py:190} INFO - [2026-08-09T06:38:26.497+0000] {dagbag.py:588} INFO - Filling up the DagBag from /opt/airflow/dags/dag_extract_dvizhenie.py
[2026-08-09T06:38:26.502+0000] {processor.py:925} INFO - DAG(s) 'dag_extract_dvizhenie' retrieved from /opt/airflow/dags/dag_extract_dvizhenie.py
[2026-08-09T06:38:26.510+0000] {logging_mixin.py:190} INFO - [2026-08-09T06:38:26.510+0000] {taskinstance.py:3313} ERROR - {'DAG Id': 'dag_extract_dvizhenie', 'Task Id': 'extract_dvizhenie', 'Run Id': 'scheduled__2026-08-09T02:00:00+00:00', 'Hostname': 'ce016640a6d7'}
[2026-08-09T06:38:26.516+0000] {logging_mixin.py:190} INFO - [2026-08-09T06:38:26.516+0000] {taskinstance.py:1225} INFO - Marking task as FAILED. dag_id=dag_extract_dvizhenie, task_id=extract_dvizhenie, run_id=scheduled__2026-08-09T02:00:00+00:00, execution_date=20260809T020000, start_date=20260809T061214, end_date=20260809T063826
[2026-08-09T06:38:26.519+0000] {logging_mixin.py:190} INFO - [2026-08-09T06:38:26.519+0000] {processor.py:876} INFO - Executed callback for <TaskInstance: dag_extract_dvizhenie.extract_dvizhenie scheduled__2026-08-09T02:00:00+00:00 [failed]> in state failed
[2026-08-09T06:38:26.524+0000] {logging_mixin.py:190} INFO - [2026-08-09T06:38:26.524+0000] {dag.py:3239} INFO - Sync 1 DAGs
[2026-08-09T06:38:26.533+0000] {processor.py:208} INFO - Processing /opt/airflow/dags/dag_extract_dvizhenie.py took 0.039 seconds
[2026-08-09T06:53:58.518+0000] {processor.py:186} INFO - Started process (PID=8750) to work on /opt/airflow/dags/dag_extract_dvizhenie.py
[2026-08-09T06:53:58.519+0000] {processor.py:914} INFO - Processing file /opt/airflow/dags/dag_extract_dvizhenie.py for tasks to queue
[2026-08-09T06:53:58.520+0000] {logging_mixin.py:190} INFO - [2026-08-09T06:53:58.520+0000] {dagbag.py:588} INFO - Filling up the DagBag from /opt/airflow/dags/dag_extract_dvizhenie.py
[2026-08-09T06:53:58.526+0000] {processor.py:925} INFO - DAG(s) 'dag_extract_dvizhenie' retrieved from /opt/airflow/dags/dag_extract_dvizhenie.py
[2026-08-09T06:53:58.539+0000] {logging_mixin.py:190} INFO - [2026-08-09T06:53:58.538+0000] {dag.py:3239} INFO - Sync 1 DAGs
[2026-08-09T06:53:58.553+0000] {processor.py:208} INFO - Processing /opt/airflow/dags/dag_extract_dvizhenie.py took 0.037 seconds
[2026-08-09T07:22:32.565+0000] {processor.py:186} INFO - Started process (PID=8772) to work on /opt/airflow/dags/dag_extract_dvizhenie.py
[2026-08-09T07:22:32.565+0000] {processor.py:914} INFO - Processing file /opt/airflow/dags/dag_extract_dvizhenie.py for tasks to queue
[2026-08-09T07:22:32.567+0000] {logging_mixin.py:190} INFO - [2026-08-09T07:22:32.567+0000] {dagbag.py:588} INFO - Filling up the DagBag from /opt/airflow/dags/dag_extract_dvizhenie.py
[2026-08-09T07:22:32.572+0000] {processor.py:925} INFO - DAG(s) 'dag_extract_dvizhenie' retrieved from /opt/airflow/dags/dag_extract_dvizhenie.py
[2026-08-09T07:22:32.587+0000] {logging_mixin.py:190} INFO - [2026-08-09T07:22:32.587+0000] {dag.py:3239} INFO - Sync 1 DAGs
[2026-08-09T07:22:32.601+0000] {processor.py:208} INFO - Processing /opt/airflow/dags/dag_extract_dvizhenie.py took 0.038 seconds
[2026-08-09T08:23:17.777+0000] {processor.py:186} INFO - Started process (PID=8797) to work on /opt/airflow/dags/dag_extract_dvizhenie.py
[2026-08-09T08:23:17.777+0000] {processor.py:914} INFO - Processing file /opt/airflow/dags/dag_extract_dvizhenie.py for tasks to queue
[2026-08-09T08:23:17.778+0000] {logging_mixin.py:190} INFO - [2026-08-09T08:23:17.777+0000] {dagbag.py:588} INFO - Filling up the DagBag from /opt/airflow/dags/dag_extract_dvizhenie.py
[2026-08-09T08:23:17.782+0000] {processor.py:925} INFO - DAG(s) 'dag_extract_dvizhenie' retrieved from /opt/airflow/dags/dag_extract_dvizhenie.py
[2026-08-09T08:23:17.792+0000] {logging_mixin.py:190} INFO - [2026-08-09T08:23:17.792+0000] {dag.py:3239} INFO - Sync 1 DAGs
[2026-08-09T08:23:17.804+0000] {processor.py:208} INFO - Processing /opt/airflow/dags/dag_extract_dvizhenie.py took 0.029 seconds
[2026-08-09T08:39:09.521+0000] {processor.py:186} INFO - Started process (PID=8817) to work on /opt/airflow/dags/dag_extract_dvizhenie.py
[2026-08-09T08:39:09.522+0000] {processor.py:914} INFO - Processing file /opt/airflow/dags/dag_extract_dvizhenie.py for tasks to queue
[2026-08-09T08:39:09.522+0000] {logging_mixin.py:190} INFO - [2026-08-09T08:39:09.522+0000] {dagbag.py:588} INFO - Filling up the DagBag from /opt/airflow/dags/dag_extract_dvizhenie.py
[2026-08-09T08:39:09.527+0000] {processor.py:925} INFO - DAG(s) 'dag_extract_dvizhenie' retrieved from /opt/airflow/dags/dag_extract_dvizhenie.py
[2026-08-09T08:39:09.537+0000] {logging_mixin.py:190} INFO - [2026-08-09T08:39:09.537+0000] {dag.py:3239} INFO - Sync 1 DAGs
[2026-08-09T08:39:09.548+0000] {processor.py:208} INFO - Processing /opt/airflow/dags/dag_extract_dvizhenie.py took 0.030 seconds
[2026-08-09T08:39:48.983+0000] {processor.py:186} INFO - Started process (PID=8837) to work on /opt/airflow/dags/dag_extract_dvizhenie.py
[2026-08-09T08:39:48.983+0000] {processor.py:914} INFO - Processing file /opt/airflow/dags/dag_extract_dvizhenie.py for tasks to queue
[2026-08-09T08:39:48.983+0000] {logging_mixin.py:190} INFO - [2026-08-09T08:39:48.983+0000] {dagbag.py:588} INFO - Filling up the DagBag from /opt/airflow/dags/dag_extract_dvizhenie.py
[2026-08-09T08:39:48.988+0000] {processor.py:925} INFO - DAG(s) 'dag_extract_dvizhenie' retrieved from /opt/airflow/dags/dag_extract_dvizhenie.py
[2026-08-09T08:39:48.997+0000] {logging_mixin.py:190} INFO - [2026-08-09T08:39:48.997+0000] {dag.py:3239} INFO - Sync 1 DAGs
[2026-08-09T08:39:49.008+0000] {processor.py:208} INFO - Processing /opt/airflow/dags/dag_extract_dvizhenie.py took 0.028 seconds
[2026-08-09T09:24:23.105+0000] {processor.py:186} INFO - Started process (PID=8857) to work on /opt/airflow/dags/dag_extract_dvizhenie.py
[2026-08-09T09:24:23.105+0000] {processor.py:914} INFO - Processing file /opt/airflow/dags/dag_extract_dvizhenie.py for tasks to queue
[2026-08-09T09:24:23.106+0000] {logging_mixin.py:190} INFO - [2026-08-09T09:24:23.106+0000] {dagbag.py:588} INFO - Filling up the DagBag from /opt/airflow/dags/dag_extract_dvizhenie.py
[2026-08-09T09:24:23.110+0000] {processor.py:925} INFO - DAG(s) 'dag_extract_dvizhenie' retrieved from /opt/airflow/dags/dag_extract_dvizhenie.py
[2026-08-09T09:24:23.120+0000] {logging_mixin.py:190} INFO - [2026-08-09T09:24:23.120+0000] {dag.py:3239} INFO - Sync 1 DAGs
[2026-08-09T09:24:23.131+0000] {processor.py:208} INFO - Processing /opt/airflow/dags/dag_extract_dvizhenie.py took 0.029 seconds
[2026-08-09T09:42:09.802+0000] {processor.py:186} INFO - Started process (PID=8883) to work on /opt/airflow/dags/dag_extract_dvizhenie.py
[2026-08-09T09:42:09.803+0000] {processor.py:914} INFO - Processing file /opt/airflow/dags/dag_extract_dvizhenie.py for tasks to queue
[2026-08-09T09:42:09.804+0000] {logging_mixin.py:190} INFO - [2026-08-09T09:42:09.803+0000] {dagbag.py:588} INFO - Filling up the DagBag from /opt/airflow/dags/dag_extract_dvizhenie.py
[2026-08-09T09:42:09.811+0000] {processor.py:925} INFO - DAG(s) 'dag_extract_dvizhenie' retrieved from /opt/airflow/dags/dag_extract_dvizhenie.py
[2026-08-09T09:42:09.825+0000] {logging_mixin.py:190} INFO - [2026-08-09T09:42:09.824+0000] {dag.py:3239} INFO - Sync 1 DAGs
[2026-08-09T09:42:09.842+0000] {processor.py:208} INFO - Processing /opt/airflow/dags/dag_extract_dvizhenie.py took 0.045 seconds
[2026-08-09T10:41:10.017+0000] {processor.py:186} INFO - Started process (PID=8904) to work on /opt/airflow/dags/dag_extract_dvizhenie.py
[2026-08-09T10:41:10.017+0000] {processor.py:914} INFO - Processing file /opt/airflow/dags/dag_extract_dvizhenie.py for tasks to queue
[2026-08-09T10:41:10.018+0000] {logging_mixin.py:190} INFO - [2026-08-09T10:41:10.017+0000] {dagbag.py:588} INFO - Filling up the DagBag from /opt/airflow/dags/dag_extract_dvizhenie.py
[2026-08-09T10:41:10.023+0000] {processor.py:925} INFO - DAG(s) 'dag_extract_dvizhenie' retrieved from /opt/airflow/dags/dag_extract_dvizhenie.py
[2026-08-09T10:41:10.034+0000] {logging_mixin.py:190} INFO - [2026-08-09T10:41:10.034+0000] {dag.py:3239} INFO - Sync 1 DAGs
[2026-08-09T10:41:10.049+0000] {processor.py:208} INFO - Processing /opt/airflow/dags/dag_extract_dvizhenie.py took 0.036 seconds
[2026-08-09T11:26:18.232+0000] {processor.py:186} INFO - Started process (PID=8927) to work on /opt/airflow/dags/dag_extract_dvizhenie.py
[2026-08-09T11:26:18.232+0000] {processor.py:914} INFO - Processing file /opt/airflow/dags/dag_extract_dvizhenie.py for tasks to queue
[2026-08-09T11:26:18.234+0000] {logging_mixin.py:190} INFO - [2026-08-09T11:26:18.234+0000] {dagbag.py:588} INFO - Filling up the DagBag from /opt/airflow/dags/dag_extract_dvizhenie.py
[2026-08-09T11:26:18.240+0000] {processor.py:925} INFO - DAG(s) 'dag_extract_dvizhenie' retrieved from /opt/airflow/dags/dag_extract_dvizhenie.py
[2026-08-09T11:26:18.250+0000] {logging_mixin.py:190} INFO - [2026-08-09T11:26:18.250+0000] {dag.py:3239} INFO - Sync 1 DAGs
[2026-08-09T11:26:18.267+0000] {processor.py:208} INFO - Processing /opt/airflow/dags/dag_extract_dvizhenie.py took 0.038 seconds
[2026-08-09T11:49:59.732+0000] {processor.py:186} INFO - Started process (PID=8949) to work on /opt/airflow/dags/dag_extract_dvizhenie.py
[2026-08-09T11:49:59.733+0000] {processor.py:914} INFO - Processing file /opt/airflow/dags/dag_extract_dvizhenie.py for tasks to queue
[2026-08-09T11:49:59.733+0000] {logging_mixin.py:190} INFO - [2026-08-09T11:49:59.733+0000] {dagbag.py:588} INFO - Filling up the DagBag from /opt/airflow/dags/dag_extract_dvizhenie.py
[2026-08-09T11:49:59.738+0000] {processor.py:925} INFO - DAG(s) 'dag_extract_dvizhenie' retrieved from /opt/airflow/dags/dag_extract_dvizhenie.py
[2026-08-09T11:49:59.748+0000] {logging_mixin.py:190} INFO - [2026-08-09T11:49:59.748+0000] {dag.py:3239} INFO - Sync 1 DAGs
[2026-08-09T11:49:59.761+0000] {processor.py:208} INFO - Processing /opt/airflow/dags/dag_extract_dvizhenie.py took 0.032 seconds
[2026-08-09T11:50:30.199+0000] {processor.py:186} INFO - Started process (PID=8969) to work on /opt/airflow/dags/dag_extract_dvizhenie.py
[2026-08-09T11:50:30.200+0000] {processor.py:914} INFO - Processing file /opt/airflow/dags/dag_extract_dvizhenie.py for tasks to queue
[2026-08-09T11:50:30.200+0000] {logging_mixin.py:190} INFO - [2026-08-09T11:50:30.200+0000] {dagbag.py:588} INFO - Filling up the DagBag from /opt/airflow/dags/dag_extract_dvizhenie.py
[2026-08-09T11:50:30.205+0000] {processor.py:925} INFO - DAG(s) 'dag_extract_dvizhenie' retrieved from /opt/airflow/dags/dag_extract_dvizhenie.py
[2026-08-09T11:50:30.216+0000] {logging_mixin.py:190} INFO - [2026-08-09T11:50:30.216+0000] {dag.py:3239} INFO - Sync 1 DAGs
[2026-08-09T11:50:30.231+0000] {processor.py:208} INFO - Processing /opt/airflow/dags/dag_extract_dvizhenie.py took 0.034 seconds
[2026-08-09T11:51:00.673+0000] {processor.py:186} INFO - Started process (PID=8989) to work on /opt/airflow/dags/dag_extract_dvizhenie.py
[2026-08-09T11:51:00.674+0000] {processor.py:914} INFO - Processing file /opt/airflow/dags/dag_extract_dvizhenie.py for tasks to queue
[2026-08-09T11:51:00.675+0000] {logging_mixin.py:190} INFO - [2026-08-09T11:51:00.675+0000] {dagbag.py:588} INFO - Filling up the DagBag from /opt/airflow/dags/dag_extract_dvizhenie.py
[2026-08-09T11:51:00.680+0000] {processor.py:925} INFO - DAG(s) 'dag_extract_dvizhenie' retrieved from /opt/airflow/dags/dag_extract_dvizhenie.py
[2026-08-09T11:51:00.691+0000] {logging_mixin.py:190} INFO - [2026-08-09T11:51:00.691+0000] {dag.py:3239} INFO - Sync 1 DAGs
[2026-08-09T11:51:00.703+0000] {processor.py:208} INFO - Processing /opt/airflow/dags/dag_extract_dvizhenie.py took 0.033 seconds
[2026-08-09T11:51:31.059+0000] {processor.py:186} INFO - Started process (PID=9009) to work on /opt/airflow/dags/dag_extract_dvizhenie.py
[2026-08-09T11:51:31.060+0000] {processor.py:914} INFO - Processing file /opt/airflow/dags/dag_extract_dvizhenie.py for tasks to queue
[2026-08-09T11:51:31.060+0000] {logging_mixin.py:190} INFO - [2026-08-09T11:51:31.060+0000] {dagbag.py:588} INFO - Filling up the DagBag from /opt/airflow/dags/dag_extract_dvizhenie.py
[2026-08-09T11:51:31.065+0000] {processor.py:925} INFO - DAG(s) 'dag_extract_dvizhenie' retrieved from /opt/airflow/dags/dag_extract_dvizhenie.py
[2026-08-09T11:51:31.076+0000] {logging_mixin.py:190} INFO - [2026-08-09T11:51:31.076+0000] {dag.py:3239} INFO - Sync 1 DAGs
[2026-08-09T11:51:31.090+0000] {processor.py:208} INFO - Processing /opt/airflow/dags/dag_extract_dvizhenie.py took 0.033 seconds
[2026-08-09T11:52:01.495+0000] {processor.py:186} INFO - Started process (PID=9029) to work on /opt/airflow/dags/dag_extract_dvizhenie.py
[2026-08-09T11:52:01.496+0000] {processor.py:914} INFO - Processing file /opt/airflow/dags/dag_extract_dvizhenie.py for tasks to queue
[2026-08-09T11:52:01.496+0000] {logging_mixin.py:190} INFO - [2026-08-09T11:52:01.496+0000] {dagbag.py:588} INFO - Filling up the DagBag from /opt/airflow/dags/dag_extract_dvizhenie.py
[2026-08-09T11:52:01.501+0000] {processor.py:925} INFO - DAG(s) 'dag_extract_dvizhenie' retrieved from /opt/airflow/dags/dag_extract_dvizhenie.py
[2026-08-09T11:52:01.513+0000] {logging_mixin.py:190} INFO - [2026-08-09T11:52:01.513+0000] {dag.py:3239} INFO - Sync 1 DAGs
[2026-08-09T11:52:01.526+0000] {processor.py:208} INFO - Processing /opt/airflow/dags/dag_extract_dvizhenie.py took 0.034 seconds
[2026-08-09T11:52:31.894+0000] {processor.py:186} INFO - Started process (PID=9049) to work on /opt/airflow/dags/dag_extract_dvizhenie.py
[2026-08-09T11:52:31.894+0000] {processor.py:914} INFO - Processing file /opt/airflow/dags/dag_extract_dvizhenie.py for tasks to queue
[2026-08-09T11:52:31.895+0000] {logging_mixin.py:190} INFO - [2026-08-09T11:52:31.894+0000] {dagbag.py:588} INFO - Filling up the DagBag from /opt/airflow/dags/dag_extract_dvizhenie.py
[2026-08-09T11:52:31.900+0000] {processor.py:925} INFO - DAG(s) 'dag_extract_dvizhenie' retrieved from /opt/airflow/dags/dag_extract_dvizhenie.py
[2026-08-09T11:52:31.910+0000] {logging_mixin.py:190} INFO - [2026-08-09T11:52:31.910+0000] {dag.py:3239} INFO - Sync 1 DAGs
[2026-08-09T11:52:31.923+0000] {processor.py:208} INFO - Processing /opt/airflow/dags/dag_extract_dvizhenie.py took 0.032 seconds
[2026-08-09T11:53:02.274+0000] {processor.py:186} INFO - Started process (PID=9067) to work on /opt/airflow/dags/dag_extract_dvizhenie.py
[2026-08-09T11:53:02.275+0000] {processor.py:914} INFO - Processing file /opt/airflow/dags/dag_extract_dvizhenie.py for tasks to queue
[2026-08-09T11:53:02.275+0000] {logging_mixin.py:190} INFO - [2026-08-09T11:53:02.275+0000] {dagbag.py:588} INFO - Filling up the DagBag from /opt/airflow/dags/dag_extract_dvizhenie.py
[2026-08-09T11:53:02.286+0000] {processor.py:925} INFO - DAG(s) 'dag_extract_dvizhenie' retrieved from /opt/airflow/dags/dag_extract_dvizhenie.py
[2026-08-09T11:53:02.304+0000] {logging_mixin.py:190} INFO - [2026-08-09T11:53:02.304+0000] {dag.py:3239} INFO - Sync 1 DAGs
[2026-08-09T11:53:02.320+0000] {processor.py:208} INFO - Processing /opt/airflow/dags/dag_extract_dvizhenie.py took 0.049 seconds
[2026-08-09T11:53:32.686+0000] {processor.py:186} INFO - Started process (PID=9089) to work on /opt/airflow/dags/dag_extract_dvizhenie.py
[2026-08-09T11:53:32.686+0000] {processor.py:914} INFO - Processing file /opt/airflow/dags/dag_extract_dvizhenie.py for tasks to queue
[2026-08-09T11:53:32.687+0000] {logging_mixin.py:190} INFO - [2026-08-09T11:53:32.687+0000] {dagbag.py:588} INFO - Filling up the DagBag from /opt/airflow/dags/dag_extract_dvizhenie.py
[2026-08-09T11:53:32.692+0000] {processor.py:925} INFO - DAG(s) 'dag_extract_dvizhenie' retrieved from /opt/airflow/dags/dag_extract_dvizhenie.py
[2026-08-09T11:53:32.703+0000] {logging_mixin.py:190} INFO - [2026-08-09T11:53:32.702+0000] {dag.py:3239} INFO - Sync 1 DAGs
[2026-08-09T11:53:32.715+0000] {processor.py:208} INFO - Processing /opt/airflow/dags/dag_extract_dvizhenie.py took 0.032 seconds
[2026-08-09T11:54:03.115+0000] {processor.py:186} INFO - Started process (PID=9109) to work on /opt/airflow/dags/dag_extract_dvizhenie.py
[2026-08-09T11:54:03.115+0000] {processor.py:914} INFO - Processing file /opt/airflow/dags/dag_extract_dvizhenie.py for tasks to queue
[2026-08-09T11:54:03.116+0000] {logging_mixin.py:190} INFO - [2026-08-09T11:54:03.116+0000] {dagbag.py:588} INFO - Filling up the DagBag from /opt/airflow/dags/dag_extract_dvizhenie.py
[2026-08-09T11:54:03.121+0000] {processor.py:925} INFO - DAG(s) 'dag_extract_dvizhenie' retrieved from /opt/airflow/dags/dag_extract_dvizhenie.py
[2026-08-09T11:54:03.132+0000] {logging_mixin.py:190} INFO - [2026-08-09T11:54:03.132+0000] {dag.py:3239} INFO - Sync 1 DAGs
[2026-08-09T11:54:03.145+0000] {processor.py:208} INFO - Processing /opt/airflow/dags/dag_extract_dvizhenie.py took 0.033 seconds
[2026-08-09T11:54:33.512+0000] {processor.py:186} INFO - Started process (PID=9129) to work on /opt/airflow/dags/dag_extract_dvizhenie.py
[2026-08-09T11:54:33.512+0000] {processor.py:914} INFO - Processing file /opt/airflow/dags/dag_extract_dvizhenie.py for tasks to queue
[2026-08-09T11:54:33.513+0000] {logging_mixin.py:190} INFO - [2026-08-09T11:54:33.513+0000] {dagbag.py:588} INFO - Filling up the DagBag from /opt/airflow/dags/dag_extract_dvizhenie.py
[2026-08-09T11:54:33.520+0000] {processor.py:925} INFO - DAG(s) 'dag_extract_dvizhenie' retrieved from /opt/airflow/dags/dag_extract_dvizhenie.py
[2026-08-09T11:54:33.534+0000] {logging_mixin.py:190} INFO - [2026-08-09T11:54:33.534+0000] {dag.py:3239} INFO - Sync 1 DAGs
[2026-08-09T11:54:33.550+0000] {processor.py:208} INFO - Processing /opt/airflow/dags/dag_extract_dvizhenie.py took 0.041 seconds
[2026-08-09T11:55:03.923+0000] {processor.py:186} INFO - Started process (PID=9147) to work on /opt/airflow/dags/dag_extract_dvizhenie.py
[2026-08-09T11:55:03.924+0000] {processor.py:914} INFO - Processing file /opt/airflow/dags/dag_extract_dvizhenie.py for tasks to queue
[2026-08-09T11:55:03.925+0000] {logging_mixin.py:190} INFO - [2026-08-09T11:55:03.925+0000] {dagbag.py:588} INFO - Filling up the DagBag from /opt/airflow/dags/dag_extract_dvizhenie.py
[2026-08-09T11:55:03.931+0000] {processor.py:925} INFO - DAG(s) 'dag_extract_dvizhenie' retrieved from /opt/airflow/dags/dag_extract_dvizhenie.py
[2026-08-09T11:55:03.945+0000] {logging_mixin.py:190} INFO - [2026-08-09T11:55:03.945+0000] {dag.py:3239} INFO - Sync 1 DAGs
[2026-08-09T11:55:03.962+0000] {processor.py:208} INFO - Processing /opt/airflow/dags/dag_extract_dvizhenie.py took 0.042 seconds
[2026-08-09T11:55:34.403+0000] {processor.py:186} INFO - Started process (PID=9169) to work on /opt/airflow/dags/dag_extract_dvizhenie.py
[2026-08-09T11:55:34.403+0000] {processor.py:914} INFO - Processing file /opt/airflow/dags/dag_extract_dvizhenie.py for tasks to queue
[2026-08-09T11:55:34.403+0000] {logging_mixin.py:190} INFO - [2026-08-09T11:55:34.403+0000] {dagbag.py:588} INFO - Filling up the DagBag from /opt/airflow/dags/dag_extract_dvizhenie.py
[2026-08-09T11:55:34.408+0000] {processor.py:925} INFO - DAG(s) 'dag_extract_dvizhenie' retrieved from /opt/airflow/dags/dag_extract_dvizhenie.py
[2026-08-09T11:55:34.421+0000] {logging_mixin.py:190} INFO - [2026-08-09T11:55:34.421+0000] {dag.py:3239} INFO - Sync 1 DAGs
[2026-08-09T11:55:34.433+0000] {processor.py:208} INFO - Processing /opt/airflow/dags/dag_extract_dvizhenie.py took 0.034 seconds
[2026-08-09T11:56:04.825+0000] {processor.py:186} INFO - Started process (PID=9187) to work on /opt/airflow/dags/dag_extract_dvizhenie.py
[2026-08-09T11:56:04.826+0000] {processor.py:914} INFO - Processing file /opt/airflow/dags/dag_extract_dvizhenie.py for tasks to queue
[2026-08-09T11:56:04.827+0000] {logging_mixin.py:190} INFO - [2026-08-09T11:56:04.827+0000] {dagbag.py:588} INFO - Filling up the DagBag from /opt/airflow/dags/dag_extract_dvizhenie.py
[2026-08-09T11:56:04.832+0000] {processor.py:925} INFO - DAG(s) 'dag_extract_dvizhenie' retrieved from /opt/airflow/dags/dag_extract_dvizhenie.py
[2026-08-09T11:56:04.847+0000] {logging_mixin.py:190} INFO - [2026-08-09T11:56:04.846+0000] {dag.py:3239} INFO - Sync 1 DAGs
[2026-08-09T11:56:04.860+0000] {processor.py:208} INFO - Processing /opt/airflow/dags/dag_extract_dvizhenie.py took 0.037 seconds
[2026-08-09T11:56:35.314+0000] {processor.py:186} INFO - Started process (PID=9207) to work on /opt/airflow/dags/dag_extract_dvizhenie.py
[2026-08-09T11:56:35.314+0000] {processor.py:914} INFO - Processing file /opt/airflow/dags/dag_extract_dvizhenie.py for tasks to queue
[2026-08-09T11:56:35.315+0000] {logging_mixin.py:190} INFO - [2026-08-09T11:56:35.315+0000] {dagbag.py:588} INFO - Filling up the DagBag from /opt/airflow/dags/dag_extract_dvizhenie.py
[2026-08-09T11:56:35.323+0000] {processor.py:925} INFO - DAG(s) 'dag_extract_dvizhenie' retrieved from /opt/airflow/dags/dag_extract_dvizhenie.py
[2026-08-09T11:56:35.334+0000] {logging_mixin.py:190} INFO - [2026-08-09T11:56:35.334+0000] {dag.py:3239} INFO - Sync 1 DAGs
[2026-08-09T11:56:35.348+0000] {processor.py:208} INFO - Processing /opt/airflow/dags/dag_extract_dvizhenie.py took 0.037 seconds
[2026-08-09T11:57:05.777+0000] {processor.py:186} INFO - Started process (PID=9228) to work on /opt/airflow/dags/dag_extract_dvizhenie.py
[2026-08-09T11:57:05.778+0000] {processor.py:914} INFO - Processing file /opt/airflow/dags/dag_extract_dvizhenie.py for tasks to queue
[2026-08-09T11:57:05.779+0000] {logging_mixin.py:190} INFO - [2026-08-09T11:57:05.779+0000] {dagbag.py:588} INFO - Filling up the DagBag from /opt/airflow/dags/dag_extract_dvizhenie.py
[2026-08-09T11:57:05.784+0000] {processor.py:925} INFO - DAG(s) 'dag_extract_dvizhenie' retrieved from /opt/airflow/dags/dag_extract_dvizhenie.py
[2026-08-09T11:57:05.798+0000] {logging_mixin.py:190} INFO - [2026-08-09T11:57:05.798+0000] {dag.py:3239} INFO - Sync 1 DAGs
[2026-08-09T11:57:05.814+0000] {processor.py:208} INFO - Processing /opt/airflow/dags/dag_extract_dvizhenie.py took 0.039 seconds
[2026-08-09T11:57:36.287+0000] {processor.py:186} INFO - Started process (PID=9249) to work on /opt/airflow/dags/dag_extract_dvizhenie.py
[2026-08-09T11:57:36.288+0000] {processor.py:914} INFO - Processing file /opt/airflow/dags/dag_extract_dvizhenie.py for tasks to queue
[2026-08-09T11:57:36.288+0000] {logging_mixin.py:190} INFO - [2026-08-09T11:57:36.288+0000] {dagbag.py:588} INFO - Filling up the DagBag from /opt/airflow/dags/dag_extract_dvizhenie.py
[2026-08-09T11:57:36.293+0000] {processor.py:925} INFO - DAG(s) 'dag_extract_dvizhenie' retrieved from /opt/airflow/dags/dag_extract_dvizhenie.py
[2026-08-09T11:57:36.303+0000] {logging_mixin.py:190} INFO - [2026-08-09T11:57:36.303+0000] {dag.py:3239} INFO - Sync 1 DAGs
[2026-08-09T11:57:36.316+0000] {processor.py:208} INFO - Processing /opt/airflow/dags/dag_extract_dvizhenie.py took 0.031 seconds
[2026-08-09T11:58:06.649+0000] {processor.py:186} INFO - Started process (PID=9269) to work on /opt/airflow/dags/dag_extract_dvizhenie.py
[2026-08-09T11:58:06.650+0000] {processor.py:914} INFO - Processing file /opt/airflow/dags/dag_extract_dvizhenie.py for tasks to queue
[2026-08-09T11:58:06.651+0000] {logging_mixin.py:190} INFO - [2026-08-09T11:58:06.651+0000] {dagbag.py:588} INFO - Filling up the DagBag from /opt/airflow/dags/dag_extract_dvizhenie.py
[2026-08-09T11:58:06.657+0000] {processor.py:925} INFO - DAG(s) 'dag_extract_dvizhenie' retrieved from /opt/airflow/dags/dag_extract_dvizhenie.py
[2026-08-09T11:58:06.672+0000] {logging_mixin.py:190} INFO - [2026-08-09T11:58:06.671+0000] {dag.py:3239} INFO - Sync 1 DAGs
[2026-08-09T11:58:06.686+0000] {processor.py:208} INFO - Processing /opt/airflow/dags/dag_extract_dvizhenie.py took 0.039 seconds
[2026-08-09T11:58:37.155+0000] {processor.py:186} INFO - Started process (PID=9289) to work on /opt/airflow/dags/dag_extract_dvizhenie.py
[2026-08-09T11:58:37.156+0000] {processor.py:914} INFO - Processing file /opt/airflow/dags/dag_extract_dvizhenie.py for tasks to queue
[2026-08-09T11:58:37.156+0000] {logging_mixin.py:190} INFO - [2026-08-09T11:58:37.156+0000] {dagbag.py:588} INFO - Filling up the DagBag from /opt/airflow/dags/dag_extract_dvizhenie.py
[2026-08-09T11:58:37.161+0000] {processor.py:925} INFO - DAG(s) 'dag_extract_dvizhenie' retrieved from /opt/airflow/dags/dag_extract_dvizhenie.py
[2026-08-09T11:58:37.171+0000] {logging_mixin.py:190} INFO - [2026-08-09T11:58:37.170+0000] {dag.py:3239} INFO - Sync 1 DAGs
[2026-08-09T11:58:37.183+0000] {processor.py:208} INFO - Processing /opt/airflow/dags/dag_extract_dvizhenie.py took 0.030 seconds
[2026-08-09T11:59:07.628+0000] {processor.py:186} INFO - Started process (PID=9309) to work on /opt/airflow/dags/dag_extract_dvizhenie.py
[2026-08-09T11:59:07.629+0000] {processor.py:914} INFO - Processing file /opt/airflow/dags/dag_extract_dvizhenie.py for tasks to queue
[2026-08-09T11:59:07.630+0000] {logging_mixin.py:190} INFO - [2026-08-09T11:59:07.630+0000] {dagbag.py:588} INFO - Filling up the DagBag from /opt/airflow/dags/dag_extract_dvizhenie.py
[2026-08-09T11:59:07.635+0000] {processor.py:925} INFO - DAG(s) 'dag_extract_dvizhenie' retrieved from /opt/airflow/dags/dag_extract_dvizhenie.py
[2026-08-09T11:59:07.648+0000] {logging_mixin.py:190} INFO - [2026-08-09T11:59:07.648+0000] {dag.py:3239} INFO - Sync 1 DAGs
[2026-08-09T11:59:07.661+0000] {processor.py:208} INFO - Processing /opt/airflow/dags/dag_extract_dvizhenie.py took 0.036 seconds
[2026-08-09T11:59:38.138+0000] {processor.py:186} INFO - Started process (PID=9328) to work on /opt/airflow/dags/dag_extract_dvizhenie.py
[2026-08-09T11:59:38.138+0000] {processor.py:914} INFO - Processing file /opt/airflow/dags/dag_extract_dvizhenie.py for tasks to queue
[2026-08-09T11:59:38.139+0000] {logging_mixin.py:190} INFO - [2026-08-09T11:59:38.139+0000] {dagbag.py:588} INFO - Filling up the DagBag from /opt/airflow/dags/dag_extract_dvizhenie.py
[2026-08-09T11:59:38.146+0000] {processor.py:925} INFO - DAG(s) 'dag_extract_dvizhenie' retrieved from /opt/airflow/dags/dag_extract_dvizhenie.py
[2026-08-09T11:59:38.160+0000] {logging_mixin.py:190} INFO - [2026-08-09T11:59:38.160+0000] {dag.py:3239} INFO - Sync 1 DAGs
[2026-08-09T11:59:38.174+0000] {processor.py:208} INFO - Processing /opt/airflow/dags/dag_extract_dvizhenie.py took 0.039 seconds
[2026-08-09T12:00:08.671+0000] {processor.py:186} INFO - Started process (PID=9352) to work on /opt/airflow/dags/dag_extract_dvizhenie.py
[2026-08-09T12:00:08.671+0000] {processor.py:914} INFO - Processing file /opt/airflow/dags/dag_extract_dvizhenie.py for tasks to queue
[2026-08-09T12:00:08.671+0000] {logging_mixin.py:190} INFO - [2026-08-09T12:00:08.671+0000] {dagbag.py:588} INFO - Filling up the DagBag from /opt/airflow/dags/dag_extract_dvizhenie.py
[2026-08-09T12:00:08.676+0000] {processor.py:925} INFO - DAG(s) 'dag_extract_dvizhenie' retrieved from /opt/airflow/dags/dag_extract_dvizhenie.py
[2026-08-09T12:00:08.687+0000] {logging_mixin.py:190} INFO - [2026-08-09T12:00:08.686+0000] {dag.py:3239} INFO - Sync 1 DAGs
[2026-08-09T12:00:08.699+0000] {processor.py:208} INFO - Processing /opt/airflow/dags/dag_extract_dvizhenie.py took 0.031 seconds
[2026-08-09T12:00:39.050+0000] {processor.py:186} INFO - Started process (PID=9372) to work on /opt/airflow/dags/dag_extract_dvizhenie.py
[2026-08-09T12:00:39.051+0000] {processor.py:914} INFO - Processing file /opt/airflow/dags/dag_extract_dvizhenie.py for tasks to queue
[2026-08-09T12:00:39.051+0000] {logging_mixin.py:190} INFO - [2026-08-09T12:00:39.051+0000] {dagbag.py:588} INFO - Filling up the DagBag from /opt/airflow/dags/dag_extract_dvizhenie.py
[2026-08-09T12:00:39.055+0000] {processor.py:925} INFO - DAG(s) 'dag_extract_dvizhenie' retrieved from /opt/airflow/dags/dag_extract_dvizhenie.py
[2026-08-09T12:00:39.065+0000] {logging_mixin.py:190} INFO - [2026-08-09T12:00:39.065+0000] {dag.py:3239} INFO - Sync 1 DAGs
[2026-08-09T12:00:39.077+0000] {processor.py:208} INFO - Processing /opt/airflow/dags/dag_extract_dvizhenie.py took 0.030 seconds
[2026-08-09T12:01:09.448+0000] {processor.py:186} INFO - Started process (PID=9390) to work on /opt/airflow/dags/dag_extract_dvizhenie.py
[2026-08-09T12:01:09.448+0000] {processor.py:914} INFO - Processing file /opt/airflow/dags/dag_extract_dvizhenie.py for tasks to queue
[2026-08-09T12:01:09.449+0000] {logging_mixin.py:190} INFO - [2026-08-09T12:01:09.449+0000] {dagbag.py:588} INFO - Filling up the DagBag from /opt/airflow/dags/dag_extract_dvizhenie.py
[2026-08-09T12:01:09.457+0000] {processor.py:925} INFO - DAG(s) 'dag_extract_dvizhenie' retrieved from /opt/airflow/dags/dag_extract_dvizhenie.py
[2026-08-09T12:01:09.470+0000] {logging_mixin.py:190} INFO - [2026-08-09T12:01:09.470+0000] {dag.py:3239} INFO - Sync 1 DAGs
[2026-08-09T12:01:09.484+0000] {processor.py:208} INFO - Processing /opt/airflow/dags/dag_extract_dvizhenie.py took 0.039 seconds
[2026-08-09T12:01:39.897+0000] {processor.py:186} INFO - Started process (PID=9415) to work on /opt/airflow/dags/dag_extract_dvizhenie.py
[2026-08-09T12:01:39.898+0000] {processor.py:914} INFO - Processing file /opt/airflow/dags/dag_extract_dvizhenie.py for tasks to queue
[2026-08-09T12:01:39.898+0000] {logging_mixin.py:190} INFO - [2026-08-09T12:01:39.898+0000] {dagbag.py:588} INFO - Filling up the DagBag from /opt/airflow/dags/dag_extract_dvizhenie.py
[2026-08-09T12:01:39.903+0000] {processor.py:925} INFO - DAG(s) 'dag_extract_dvizhenie' retrieved from /opt/airflow/dags/dag_extract_dvizhenie.py
[2026-08-09T12:01:39.913+0000] {logging_mixin.py:190} INFO - [2026-08-09T12:01:39.913+0000] {dag.py:3239} INFO - Sync 1 DAGs
[2026-08-09T12:01:39.926+0000] {processor.py:208} INFO - Processing /opt/airflow/dags/dag_extract_dvizhenie.py took 0.031 seconds
[2026-08-09T12:02:10.423+0000] {processor.py:186} INFO - Started process (PID=9435) to work on /opt/airflow/dags/dag_extract_dvizhenie.py
[2026-08-09T12:02:10.423+0000] {processor.py:914} INFO - Processing file /opt/airflow/dags/dag_extract_dvizhenie.py for tasks to queue
[2026-08-09T12:02:10.424+0000] {logging_mixin.py:190} INFO - [2026-08-09T12:02:10.424+0000] {dagbag.py:588} INFO - Filling up the DagBag from /opt/airflow/dags/dag_extract_dvizhenie.py
[2026-08-09T12:02:10.428+0000] {processor.py:925} INFO - DAG(s) 'dag_extract_dvizhenie' retrieved from /opt/airflow/dags/dag_extract_dvizhenie.py
[2026-08-09T12:02:10.438+0000] {logging_mixin.py:190} INFO - [2026-08-09T12:02:10.438+0000] {dag.py:3239} INFO - Sync 1 DAGs
[2026-08-09T12:02:10.450+0000] {processor.py:208} INFO - Processing /opt/airflow/dags/dag_extract_dvizhenie.py took 0.030 seconds
[2026-08-09T12:02:40.920+0000] {processor.py:186} INFO - Started process (PID=9455) to work on /opt/airflow/dags/dag_extract_dvizhenie.py
[2026-08-09T12:02:40.921+0000] {processor.py:914} INFO - Processing file /opt/airflow/dags/dag_extract_dvizhenie.py for tasks to queue
[2026-08-09T12:02:40.922+0000] {logging_mixin.py:190} INFO - [2026-08-09T12:02:40.922+0000] {dagbag.py:588} INFO - Filling up the DagBag from /opt/airflow/dags/dag_extract_dvizhenie.py
[2026-08-09T12:02:40.928+0000] {processor.py:925} INFO - DAG(s) 'dag_extract_dvizhenie' retrieved from /opt/airflow/dags/dag_extract_dvizhenie.py
[2026-08-09T12:02:40.943+0000] {logging_mixin.py:190} INFO - [2026-08-09T12:02:40.943+0000] {dag.py:3239} INFO - Sync 1 DAGs
[2026-08-09T12:02:40.962+0000] {processor.py:208} INFO - Processing /opt/airflow/dags/dag_extract_dvizhenie.py took 0.044 seconds
[2026-08-09T12:03:11.366+0000] {processor.py:186} INFO - Started process (PID=9475) to work on /opt/airflow/dags/dag_extract_dvizhenie.py
[2026-08-09T12:03:11.367+0000] {processor.py:914} INFO - Processing file /opt/airflow/dags/dag_extract_dvizhenie.py for tasks to queue
[2026-08-09T12:03:11.367+0000] {logging_mixin.py:190} INFO - [2026-08-09T12:03:11.367+0000] {dagbag.py:588} INFO - Filling up the DagBag from /opt/airflow/dags/dag_extract_dvizhenie.py
[2026-08-09T12:03:11.372+0000] {processor.py:925} INFO - DAG(s) 'dag_extract_dvizhenie' retrieved from /opt/airflow/dags/dag_extract_dvizhenie.py
[2026-08-09T12:03:11.381+0000] {logging_mixin.py:190} INFO - [2026-08-09T12:03:11.381+0000] {dag.py:3239} INFO - Sync 1 DAGs
[2026-08-09T12:03:11.393+0000] {processor.py:208} INFO - Processing /opt/airflow/dags/dag_extract_dvizhenie.py took 0.029 seconds
[2026-08-09T12:03:41.835+0000] {processor.py:186} INFO - Started process (PID=9493) to work on /opt/airflow/dags/dag_extract_dvizhenie.py
[2026-08-09T12:03:41.835+0000] {processor.py:914} INFO - Processing file /opt/airflow/dags/dag_extract_dvizhenie.py for tasks to queue
[2026-08-09T12:03:41.837+0000] {logging_mixin.py:190} INFO - [2026-08-09T12:03:41.836+0000] {dagbag.py:588} INFO - Filling up the DagBag from /opt/airflow/dags/dag_extract_dvizhenie.py
[2026-08-09T12:03:41.842+0000] {processor.py:925} INFO - DAG(s) 'dag_extract_dvizhenie' retrieved from /opt/airflow/dags/dag_extract_dvizhenie.py
[2026-08-09T12:03:41.857+0000] {logging_mixin.py:190} INFO - [2026-08-09T12:03:41.857+0000] {dag.py:3239} INFO - Sync 1 DAGs
[2026-08-09T12:03:41.876+0000] {processor.py:208} INFO - Processing /opt/airflow/dags/dag_extract_dvizhenie.py took 0.043 seconds
[2026-08-09T12:36:43.981+0000] {processor.py:186} INFO - Started process (PID=9518) to work on /opt/airflow/dags/dag_extract_dvizhenie.py
[2026-08-09T12:36:43.982+0000] {processor.py:914} INFO - Processing file /opt/airflow/dags/dag_extract_dvizhenie.py for tasks to queue
[2026-08-09T12:36:43.983+0000] {logging_mixin.py:190} INFO - [2026-08-09T12:36:43.982+0000] {dagbag.py:588} INFO - Filling up the DagBag from /opt/airflow/dags/dag_extract_dvizhenie.py
[2026-08-09T12:36:43.990+0000] {processor.py:925} INFO - DAG(s) 'dag_extract_dvizhenie' retrieved from /opt/airflow/dags/dag_extract_dvizhenie.py
[2026-08-09T12:36:44.007+0000] {logging_mixin.py:190} INFO - [2026-08-09T12:36:44.006+0000] {dag.py:3239} INFO - Sync 1 DAGs
[2026-08-09T12:36:44.052+0000] {processor.py:208} INFO - Processing /opt/airflow/dags/dag_extract_dvizhenie.py took 0.074 seconds
[2026-08-09T13:09:03.872+0000] {processor.py:186} INFO - Started process (PID=9538) to work on /opt/airflow/dags/dag_extract_dvizhenie.py
[2026-08-09T13:09:03.872+0000] {processor.py:914} INFO - Processing file /opt/airflow/dags/dag_extract_dvizhenie.py for tasks to queue
[2026-08-09T13:09:03.872+0000] {logging_mixin.py:190} INFO - [2026-08-09T13:09:03.872+0000] {dagbag.py:588} INFO - Filling up the DagBag from /opt/airflow/dags/dag_extract_dvizhenie.py
[2026-08-09T13:09:03.877+0000] {processor.py:925} INFO - DAG(s) 'dag_extract_dvizhenie' retrieved from /opt/airflow/dags/dag_extract_dvizhenie.py
[2026-08-09T13:09:03.887+0000] {logging_mixin.py:190} INFO - [2026-08-09T13:09:03.887+0000] {dag.py:3239} INFO - Sync 1 DAGs
[2026-08-09T13:09:03.899+0000] {processor.py:208} INFO - Processing /opt/airflow/dags/dag_extract_dvizhenie.py took 0.029 seconds
[2026-08-09T13:51:16.860+0000] {processor.py:186} INFO - Started process (PID=9561) to work on /opt/airflow/dags/dag_extract_dvizhenie.py
[2026-08-09T13:51:16.861+0000] {processor.py:914} INFO - Processing file /opt/airflow/dags/dag_extract_dvizhenie.py for tasks to queue
[2026-08-09T13:51:16.861+0000] {logging_mixin.py:190} INFO - [2026-08-09T13:51:16.861+0000] {dagbag.py:588} INFO - Filling up the DagBag from /opt/airflow/dags/dag_extract_dvizhenie.py
[2026-08-09T13:51:16.869+0000] {processor.py:925} INFO - DAG(s) 'dag_extract_dvizhenie' retrieved from /opt/airflow/dags/dag_extract_dvizhenie.py
[2026-08-09T13:51:16.887+0000] {logging_mixin.py:190} INFO - [2026-08-09T13:51:16.887+0000] {dag.py:3239} INFO - Sync 1 DAGs
[2026-08-09T13:51:16.904+0000] {processor.py:208} INFO - Processing /opt/airflow/dags/dag_extract_dvizhenie.py took 0.048 seconds
[2026-08-09T13:51:47.223+0000] {processor.py:186} INFO - Started process (PID=9581) to work on /opt/airflow/dags/dag_extract_dvizhenie.py
[2026-08-09T13:51:47.224+0000] {processor.py:914} INFO - Processing file /opt/airflow/dags/dag_extract_dvizhenie.py for tasks to queue
[2026-08-09T13:51:47.224+0000] {logging_mixin.py:190} INFO - [2026-08-09T13:51:47.224+0000] {dagbag.py:588} INFO - Filling up the DagBag from /opt/airflow/dags/dag_extract_dvizhenie.py
[2026-08-09T13:51:47.229+0000] {processor.py:925} INFO - DAG(s) 'dag_extract_dvizhenie' retrieved from /opt/airflow/dags/dag_extract_dvizhenie.py
[2026-08-09T13:51:47.239+0000] {logging_mixin.py:190} INFO - [2026-08-09T13:51:47.239+0000] {dag.py:3239} INFO - Sync 1 DAGs
[2026-08-09T13:51:47.252+0000] {processor.py:208} INFO - Processing /opt/airflow/dags/dag_extract_dvizhenie.py took 0.031 seconds
[2026-08-09T14:15:07.393+0000] {processor.py:186} INFO - Started process (PID=9601) to work on /opt/airflow/dags/dag_extract_dvizhenie.py
[2026-08-09T14:15:07.394+0000] {processor.py:914} INFO - Processing file /opt/airflow/dags/dag_extract_dvizhenie.py for tasks to queue
[2026-08-09T14:15:07.394+0000] {logging_mixin.py:190} INFO - [2026-08-09T14:15:07.394+0000] {dagbag.py:588} INFO - Filling up the DagBag from /opt/airflow/dags/dag_extract_dvizhenie.py
[2026-08-09T14:15:07.399+0000] {processor.py:925} INFO - DAG(s) 'dag_extract_dvizhenie' retrieved from /opt/airflow/dags/dag_extract_dvizhenie.py
[2026-08-09T14:15:07.409+0000] {logging_mixin.py:190} INFO - [2026-08-09T14:15:07.409+0000] {dag.py:3239} INFO - Sync 1 DAGs
[2026-08-09T14:15:07.421+0000] {processor.py:208} INFO - Processing /opt/airflow/dags/dag_extract_dvizhenie.py took 0.031 seconds
[2026-08-09T14:15:37.880+0000] {processor.py:186} INFO - Started process (PID=9624) to work on /opt/airflow/dags/dag_extract_dvizhenie.py
[2026-08-09T14:15:37.880+0000] {processor.py:914} INFO - Processing file /opt/airflow/dags/dag_extract_dvizhenie.py for tasks to queue
[2026-08-09T14:15:37.881+0000] {logging_mixin.py:190} INFO - [2026-08-09T14:15:37.881+0000] {dagbag.py:588} INFO - Filling up the DagBag from /opt/airflow/dags/dag_extract_dvizhenie.py
[2026-08-09T14:15:37.886+0000] {processor.py:925} INFO - DAG(s) 'dag_extract_dvizhenie' retrieved from /opt/airflow/dags/dag_extract_dvizhenie.py
[2026-08-09T14:15:37.902+0000] {logging_mixin.py:190} INFO - [2026-08-09T14:15:37.901+0000] {dag.py:3239} INFO - Sync 1 DAGs
[2026-08-09T14:15:37.916+0000] {processor.py:208} INFO - Processing /opt/airflow/dags/dag_extract_dvizhenie.py took 0.039 seconds
[2026-08-09T14:16:08.283+0000] {processor.py:186} INFO - Started process (PID=9644) to work on /opt/airflow/dags/dag_extract_dvizhenie.py
[2026-08-09T14:16:08.283+0000] {processor.py:914} INFO - Processing file /opt/airflow/dags/dag_extract_dvizhenie.py for tasks to queue
[2026-08-09T14:16:08.283+0000] {logging_mixin.py:190} INFO - [2026-08-09T14:16:08.283+0000] {dagbag.py:588} INFO - Filling up the DagBag from /opt/airflow/dags/dag_extract_dvizhenie.py
[2026-08-09T14:16:08.289+0000] {processor.py:925} INFO - DAG(s) 'dag_extract_dvizhenie' retrieved from /opt/airflow/dags/dag_extract_dvizhenie.py
[2026-08-09T14:16:08.301+0000] {logging_mixin.py:190} INFO - [2026-08-09T14:16:08.301+0000] {dag.py:3239} INFO - Sync 1 DAGs
[2026-08-09T14:16:08.315+0000] {processor.py:208} INFO - Processing /opt/airflow/dags/dag_extract_dvizhenie.py took 0.035 seconds
[2026-08-09T14:16:38.733+0000] {processor.py:186} INFO - Started process (PID=9664) to work on /opt/airflow/dags/dag_extract_dvizhenie.py
[2026-08-09T14:16:38.734+0000] {processor.py:914} INFO - Processing file /opt/airflow/dags/dag_extract_dvizhenie.py for tasks to queue
[2026-08-09T14:16:38.734+0000] {logging_mixin.py:190} INFO - [2026-08-09T14:16:38.734+0000] {dagbag.py:588} INFO - Filling up the DagBag from /opt/airflow/dags/dag_extract_dvizhenie.py
[2026-08-09T14:16:38.740+0000] {processor.py:925} INFO - DAG(s) 'dag_extract_dvizhenie' retrieved from /opt/airflow/dags/dag_extract_dvizhenie.py
[2026-08-09T14:16:38.752+0000] {logging_mixin.py:190} INFO - [2026-08-09T14:16:38.752+0000] {dag.py:3239} INFO - Sync 1 DAGs
[2026-08-09T14:16:38.765+0000] {processor.py:208} INFO - Processing /opt/airflow/dags/dag_extract_dvizhenie.py took 0.035 seconds
[2026-08-09T14:17:09.160+0000] {processor.py:186} INFO - Started process (PID=9684) to work on /opt/airflow/dags/dag_extract_dvizhenie.py
[2026-08-09T14:17:09.160+0000] {processor.py:914} INFO - Processing file /opt/airflow/dags/dag_extract_dvizhenie.py for tasks to queue
[2026-08-09T14:17:09.161+0000] {logging_mixin.py:190} INFO - [2026-08-09T14:17:09.161+0000] {dagbag.py:588} INFO - Filling up the DagBag from /opt/airflow/dags/dag_extract_dvizhenie.py
[2026-08-09T14:17:09.167+0000] {processor.py:925} INFO - DAG(s) 'dag_extract_dvizhenie' retrieved from /opt/airflow/dags/dag_extract_dvizhenie.py
[2026-08-09T14:17:09.179+0000] {logging_mixin.py:190} INFO - [2026-08-09T14:17:09.179+0000] {dag.py:3239} INFO - Sync 1 DAGs
[2026-08-09T14:17:09.193+0000] {processor.py:208} INFO - Processing /opt/airflow/dags/dag_extract_dvizhenie.py took 0.037 seconds
[2026-08-09T14:17:39.522+0000] {processor.py:186} INFO - Started process (PID=9702) to work on /opt/airflow/dags/dag_extract_dvizhenie.py
[2026-08-09T14:17:39.522+0000] {processor.py:914} INFO - Processing file /opt/airflow/dags/dag_extract_dvizhenie.py for tasks to queue
[2026-08-09T14:17:39.523+0000] {logging_mixin.py:190} INFO - [2026-08-09T14:17:39.523+0000] {dagbag.py:588} INFO - Filling up the DagBag from /opt/airflow/dags/dag_extract_dvizhenie.py
[2026-08-09T14:17:39.530+0000] {processor.py:925} INFO - DAG(s) 'dag_extract_dvizhenie' retrieved from /opt/airflow/dags/dag_extract_dvizhenie.py
[2026-08-09T14:17:39.543+0000] {logging_mixin.py:190} INFO - [2026-08-09T14:17:39.543+0000] {dag.py:3239} INFO - Sync 1 DAGs
[2026-08-09T14:17:39.556+0000] {processor.py:208} INFO - Processing /opt/airflow/dags/dag_extract_dvizhenie.py took 0.037 seconds
[2026-08-09T14:18:09.969+0000] {processor.py:186} INFO - Started process (PID=9723) to work on /opt/airflow/dags/dag_extract_dvizhenie.py
[2026-08-09T14:18:09.969+0000] {processor.py:914} INFO - Processing file /opt/airflow/dags/dag_extract_dvizhenie.py for tasks to queue
[2026-08-09T14:18:09.970+0000] {logging_mixin.py:190} INFO - [2026-08-09T14:18:09.970+0000] {dagbag.py:588} INFO - Filling up the DagBag from /opt/airflow/dags/dag_extract_dvizhenie.py
[2026-08-09T14:18:09.976+0000] {processor.py:925} INFO - DAG(s) 'dag_extract_dvizhenie' retrieved from /opt/airflow/dags/dag_extract_dvizhenie.py
[2026-08-09T14:18:09.989+0000] {logging_mixin.py:190} INFO - [2026-08-09T14:18:09.989+0000] {dag.py:3239} INFO - Sync 1 DAGs
[2026-08-09T14:18:10.002+0000] {processor.py:208} INFO - Processing /opt/airflow/dags/dag_extract_dvizhenie.py took 0.036 seconds
[2026-08-09T14:18:40.486+0000] {processor.py:186} INFO - Started process (PID=9744) to work on /opt/airflow/dags/dag_extract_dvizhenie.py
[2026-08-09T14:18:40.487+0000] {processor.py:914} INFO - Processing file /opt/airflow/dags/dag_extract_dvizhenie.py for tasks to queue
[2026-08-09T14:18:40.488+0000] {logging_mixin.py:190} INFO - [2026-08-09T14:18:40.487+0000] {dagbag.py:588} INFO - Filling up the DagBag from /opt/airflow/dags/dag_extract_dvizhenie.py
[2026-08-09T14:18:40.494+0000] {processor.py:925} INFO - DAG(s) 'dag_extract_dvizhenie' retrieved from /opt/airflow/dags/dag_extract_dvizhenie.py
[2026-08-09T14:18:40.506+0000] {logging_mixin.py:190} INFO - [2026-08-09T14:18:40.506+0000] {dag.py:3239} INFO - Sync 1 DAGs
[2026-08-09T14:18:40.522+0000] {processor.py:208} INFO - Processing /opt/airflow/dags/dag_extract_dvizhenie.py took 0.039 seconds
[2026-08-09T14:19:10.927+0000] {processor.py:186} INFO - Started process (PID=9764) to work on /opt/airflow/dags/dag_extract_dvizhenie.py
[2026-08-09T14:19:10.928+0000] {processor.py:914} INFO - Processing file /opt/airflow/dags/dag_extract_dvizhenie.py for tasks to queue
[2026-08-09T14:19:10.928+0000] {logging_mixin.py:190} INFO - [2026-08-09T14:19:10.928+0000] {dagbag.py:588} INFO - Filling up the DagBag from /opt/airflow/dags/dag_extract_dvizhenie.py
[2026-08-09T14:19:10.933+0000] {processor.py:925} INFO - DAG(s) 'dag_extract_dvizhenie' retrieved from /opt/airflow/dags/dag_extract_dvizhenie.py
[2026-08-09T14:19:10.943+0000] {logging_mixin.py:190} INFO - [2026-08-09T14:19:10.942+0000] {dag.py:3239} INFO - Sync 1 DAGs
[2026-08-09T14:19:10.954+0000] {processor.py:208} INFO - Processing /opt/airflow/dags/dag_extract_dvizhenie.py took 0.029 seconds
[2026-08-09T14:19:41.365+0000] {processor.py:186} INFO - Started process (PID=9784) to work on /opt/airflow/dags/dag_extract_dvizhenie.py
[2026-08-09T14:19:41.366+0000] {processor.py:914} INFO - Processing file /opt/airflow/dags/dag_extract_dvizhenie.py for tasks to queue
[2026-08-09T14:19:41.366+0000] {logging_mixin.py:190} INFO - [2026-08-09T14:19:41.366+0000] {dagbag.py:588} INFO - Filling up the DagBag from /opt/airflow/dags/dag_extract_dvizhenie.py
[2026-08-09T14:19:41.371+0000] {processor.py:925} INFO - DAG(s) 'dag_extract_dvizhenie' retrieved from /opt/airflow/dags/dag_extract_dvizhenie.py
[2026-08-09T14:19:41.380+0000] {logging_mixin.py:190} INFO - [2026-08-09T14:19:41.380+0000] {dag.py:3239} INFO - Sync 1 DAGs
[2026-08-09T14:19:41.392+0000] {processor.py:208} INFO - Processing /opt/airflow/dags/dag_extract_dvizhenie.py took 0.029 seconds
[2026-08-09T14:20:11.849+0000] {processor.py:186} INFO - Started process (PID=9804) to work on /opt/airflow/dags/dag_extract_dvizhenie.py
[2026-08-09T14:20:11.850+0000] {processor.py:914} INFO - Processing file /opt/airflow/dags/dag_extract_dvizhenie.py for tasks to queue
[2026-08-09T14:20:11.850+0000] {logging_mixin.py:190} INFO - [2026-08-09T14:20:11.850+0000] {dagbag.py:588} INFO - Filling up the DagBag from /opt/airflow/dags/dag_extract_dvizhenie.py
[2026-08-09T14:20:11.855+0000] {processor.py:925} INFO - DAG(s) 'dag_extract_dvizhenie' retrieved from /opt/airflow/dags/dag_extract_dvizhenie.py
[2026-08-09T14:20:11.867+0000] {logging_mixin.py:190} INFO - [2026-08-09T14:20:11.867+0000] {dag.py:3239} INFO - Sync 1 DAGs
[2026-08-09T14:20:11.887+0000] {processor.py:208} INFO - Processing /opt/airflow/dags/dag_extract_dvizhenie.py took 0.040 seconds
