[2026-08-08T00:16:16.202+0000] {processor.py:186} INFO - Started process (PID=7287) to work on /opt/airflow/dags/dag_extract_dvizhenie.py
[2026-08-08T00:16:16.203+0000] {processor.py:914} INFO - Processing file /opt/airflow/dags/dag_extract_dvizhenie.py for tasks to queue
[2026-08-08T00:16:16.203+0000] {logging_mixin.py:190} INFO - [2026-08-08T00:16:16.203+0000] {dagbag.py:588} INFO - Filling up the DagBag from /opt/airflow/dags/dag_extract_dvizhenie.py
[2026-08-08T00:16:16.208+0000] {processor.py:925} INFO - DAG(s) 'dag_extract_dvizhenie' retrieved from /opt/airflow/dags/dag_extract_dvizhenie.py
[2026-08-08T00:16:16.218+0000] {logging_mixin.py:190} INFO - [2026-08-08T00:16:16.218+0000] {dag.py:3239} INFO - Sync 1 DAGs
[2026-08-08T00:16:16.234+0000] {processor.py:208} INFO - Processing /opt/airflow/dags/dag_extract_dvizhenie.py took 0.034 seconds
[2026-08-08T01:07:44.370+0000] {processor.py:186} INFO - Started process (PID=7322) to work on /opt/airflow/dags/dag_extract_dvizhenie.py
[2026-08-08T01:07:44.372+0000] {processor.py:914} INFO - Processing file /opt/airflow/dags/dag_extract_dvizhenie.py for tasks to queue
[2026-08-08T01:07:44.374+0000] {logging_mixin.py:190} INFO - [2026-08-08T01:07:44.373+0000] {dagbag.py:588} INFO - Filling up the DagBag from /opt/airflow/dags/dag_extract_dvizhenie.py
[2026-08-08T01:07:44.383+0000] {processor.py:925} INFO - DAG(s) 'dag_extract_dvizhenie' retrieved from /opt/airflow/dags/dag_extract_dvizhenie.py
[2026-08-08T01:07:44.399+0000] {logging_mixin.py:190} INFO - [2026-08-08T01:07:44.399+0000] {dag.py:3239} INFO - Sync 1 DAGs
[2026-08-08T01:07:44.417+0000] {processor.py:208} INFO - Processing /opt/airflow/dags/dag_extract_dvizhenie.py took 0.052 seconds
[2026-08-08T01:58:35.614+0000] {processor.py:186} INFO - Started process (PID=7342) to work on /opt/airflow/dags/dag_extract_dvizhenie.py
[2026-08-08T01:58:35.614+0000] {processor.py:914} INFO - Processing file /opt/airflow/dags/dag_extract_dvizhenie.py for tasks to queue
[2026-08-08T01:58:35.614+0000] {logging_mixin.py:190} INFO - [2026-08-08T01:58:35.614+0000] {dagbag.py:588} INFO - Filling up the DagBag from /opt/airflow/dags/dag_extract_dvizhenie.py
[2026-08-08T01:58:35.619+0000] {processor.py:925} INFO - DAG(s) 'dag_extract_dvizhenie' retrieved from /opt/airflow/dags/dag_extract_dvizhenie.py
[2026-08-08T01:58:35.629+0000] {logging_mixin.py:190} INFO - [2026-08-08T01:58:35.628+0000] {dag.py:3239} INFO - Sync 1 DAGs
[2026-08-08T01:58:35.641+0000] {processor.py:208} INFO - Processing /opt/airflow/dags/dag_extract_dvizhenie.py took 0.029 seconds
[2026-08-08T02:48:12.937+0000] {processor.py:186} INFO - Started process (PID=7365) to work on /opt/airflow/dags/dag_extract_dvizhenie.py
[2026-08-08T02:48:12.938+0000] {processor.py:914} INFO - Processing file /opt/airflow/dags/dag_extract_dvizhenie.py for tasks to queue
[2026-08-08T02:48:12.938+0000] {logging_mixin.py:190} INFO - [2026-08-08T02:48:12.938+0000] {dagbag.py:588} INFO - Filling up the DagBag from /opt/airflow/dags/dag_extract_dvizhenie.py
[2026-08-08T02:48:12.943+0000] {processor.py:925} INFO - DAG(s) 'dag_extract_dvizhenie' retrieved from /opt/airflow/dags/dag_extract_dvizhenie.py
[2026-08-08T02:48:12.953+0000] {logging_mixin.py:190} INFO - [2026-08-08T02:48:12.952+0000] {dag.py:3239} INFO - Sync 1 DAGs
[2026-08-08T02:48:12.964+0000] {processor.py:208} INFO - Processing /opt/airflow/dags/dag_extract_dvizhenie.py took 0.029 seconds
[2026-08-08T03:17:10.096+0000] {processor.py:186} INFO - Started process (PID=7405) to work on /opt/airflow/dags/dag_extract_dvizhenie.py
[2026-08-08T03:17:10.097+0000] {processor.py:914} INFO - Processing file /opt/airflow/dags/dag_extract_dvizhenie.py for tasks to queue
[2026-08-08T03:17:10.098+0000] {logging_mixin.py:190} INFO - [2026-08-08T03:17:10.098+0000] {dagbag.py:588} INFO - Filling up the DagBag from /opt/airflow/dags/dag_extract_dvizhenie.py
[2026-08-08T03:17:10.106+0000] {processor.py:925} INFO - DAG(s) 'dag_extract_dvizhenie' retrieved from /opt/airflow/dags/dag_extract_dvizhenie.py
[2026-08-08T03:17:10.126+0000] {logging_mixin.py:190} INFO - [2026-08-08T03:17:10.126+0000] {dag.py:3239} INFO - Sync 1 DAGs
[2026-08-08T03:17:10.152+0000] {processor.py:208} INFO - Processing /opt/airflow/dags/dag_extract_dvizhenie.py took 0.060 seconds
[2026-08-08T04:06:45.642+0000] {processor.py:186} INFO - Started process (PID=7450) to work on /opt/airflow/dags/dag_extract_dvizhenie.py
[2026-08-08T04:06:45.643+0000] {processor.py:914} INFO - Processing file /opt/airflow/dags/dag_extract_dvizhenie.py for tasks to queue
[2026-08-08T04:06:45.643+0000] {logging_mixin.py:190} INFO - [2026-08-08T04:06:45.643+0000] {dagbag.py:588} INFO - Filling up the DagBag from /opt/airflow/dags/dag_extract_dvizhenie.py
[2026-08-08T04:06:45.650+0000] {processor.py:925} INFO - DAG(s) 'dag_extract_dvizhenie' retrieved from /opt/airflow/dags/dag_extract_dvizhenie.py
[2026-08-08T04:06:45.663+0000] {logging_mixin.py:190} INFO - [2026-08-08T04:06:45.663+0000] {dag.py:3239} INFO - Sync 1 DAGs
[2026-08-08T04:06:45.677+0000] {processor.py:208} INFO - Processing /opt/airflow/dags/dag_extract_dvizhenie.py took 0.038 seconds
[2026-08-08T04:06:46.616+0000] {processor.py:186} INFO - Started process (PID=7460) to work on /opt/airflow/dags/dag_extract_dvizhenie.py
[2026-08-08T04:06:46.617+0000] {processor.py:914} INFO - Processing file /opt/airflow/dags/dag_extract_dvizhenie.py for tasks to queue
[2026-08-08T04:06:46.617+0000] {logging_mixin.py:190} INFO - [2026-08-08T04:06:46.617+0000] {dagbag.py:588} INFO - Filling up the DagBag from /opt/airflow/dags/dag_extract_dvizhenie.py
[2026-08-08T04:06:46.625+0000] {processor.py:925} INFO - DAG(s) 'dag_extract_dvizhenie' retrieved from /opt/airflow/dags/dag_extract_dvizhenie.py
[2026-08-08T04:06:46.641+0000] {logging_mixin.py:190} INFO - [2026-08-08T04:06:46.641+0000] {taskinstance.py:3313} ERROR - {'DAG Id': 'dag_extract_dvizhenie', 'Task Id': 'extract_dvizhenie', 'Run Id': 'scheduled__2026-08-08T00:00:00+00:00', 'Hostname': 'ce016640a6d7'}
[2026-08-08T04:06:46.653+0000] {logging_mixin.py:190} INFO - [2026-08-08T04:06:46.653+0000] {taskinstance.py:1225} INFO - Marking task as UP_FOR_RETRY. dag_id=dag_extract_dvizhenie, task_id=extract_dvizhenie, run_id=scheduled__2026-08-08T00:00:00+00:00, execution_date=20260808T000000, start_date=20260808T031717, end_date=20260808T040646
[2026-08-08T04:06:46.661+0000] {logging_mixin.py:190} INFO - [2026-08-08T04:06:46.661+0000] {processor.py:876} INFO - Executed callback for <TaskInstance: dag_extract_dvizhenie.extract_dvizhenie scheduled__2026-08-08T00:00:00+00:00 [up_for_retry]> in state up_for_retry
[2026-08-08T04:06:46.675+0000] {logging_mixin.py:190} INFO - [2026-08-08T04:06:46.675+0000] {dag.py:3239} INFO - Sync 1 DAGs
[2026-08-08T04:06:46.699+0000] {processor.py:208} INFO - Processing /opt/airflow/dags/dag_extract_dvizhenie.py took 0.088 seconds
[2026-08-08T05:18:09.155+0000] {processor.py:186} INFO - Started process (PID=7473) to work on /opt/airflow/dags/dag_extract_dvizhenie.py
[2026-08-08T05:18:09.156+0000] {processor.py:914} INFO - Processing file /opt/airflow/dags/dag_extract_dvizhenie.py for tasks to queue
[2026-08-08T05:18:09.157+0000] {logging_mixin.py:190} INFO - [2026-08-08T05:18:09.157+0000] {dagbag.py:588} INFO - Filling up the DagBag from /opt/airflow/dags/dag_extract_dvizhenie.py
[2026-08-08T05:18:09.163+0000] {processor.py:925} INFO - DAG(s) 'dag_extract_dvizhenie' retrieved from /opt/airflow/dags/dag_extract_dvizhenie.py
[2026-08-08T05:18:09.177+0000] {logging_mixin.py:190} INFO - [2026-08-08T05:18:09.177+0000] {dag.py:3239} INFO - Sync 1 DAGs
[2026-08-08T05:18:09.193+0000] {processor.py:208} INFO - Processing /opt/airflow/dags/dag_extract_dvizhenie.py took 0.041 seconds
[2026-08-08T05:51:35.307+0000] {processor.py:186} INFO - Started process (PID=7516) to work on /opt/airflow/dags/dag_extract_dvizhenie.py
[2026-08-08T05:51:35.307+0000] {processor.py:914} INFO - Processing file /opt/airflow/dags/dag_extract_dvizhenie.py for tasks to queue
[2026-08-08T05:51:35.307+0000] {logging_mixin.py:190} INFO - [2026-08-08T05:51:35.307+0000] {dagbag.py:588} INFO - Filling up the DagBag from /opt/airflow/dags/dag_extract_dvizhenie.py
[2026-08-08T05:51:35.312+0000] {processor.py:925} INFO - DAG(s) 'dag_extract_dvizhenie' retrieved from /opt/airflow/dags/dag_extract_dvizhenie.py
[2026-08-08T05:51:35.322+0000] {logging_mixin.py:190} INFO - [2026-08-08T05:51:35.322+0000] {dag.py:3239} INFO - Sync 1 DAGs
[2026-08-08T05:51:35.333+0000] {processor.py:208} INFO - Processing /opt/airflow/dags/dag_extract_dvizhenie.py took 0.029 seconds
[2026-08-08T05:52:05.820+0000] {processor.py:186} INFO - Started process (PID=7536) to work on /opt/airflow/dags/dag_extract_dvizhenie.py
[2026-08-08T05:52:05.821+0000] {processor.py:914} INFO - Processing file /opt/airflow/dags/dag_extract_dvizhenie.py for tasks to queue
[2026-08-08T05:52:05.821+0000] {logging_mixin.py:190} INFO - [2026-08-08T05:52:05.821+0000] {dagbag.py:588} INFO - Filling up the DagBag from /opt/airflow/dags/dag_extract_dvizhenie.py
[2026-08-08T05:52:05.826+0000] {processor.py:925} INFO - DAG(s) 'dag_extract_dvizhenie' retrieved from /opt/airflow/dags/dag_extract_dvizhenie.py
[2026-08-08T05:52:05.836+0000] {logging_mixin.py:190} INFO - [2026-08-08T05:52:05.835+0000] {dag.py:3239} INFO - Sync 1 DAGs
[2026-08-08T05:52:05.847+0000] {processor.py:208} INFO - Processing /opt/airflow/dags/dag_extract_dvizhenie.py took 0.029 seconds
[2026-08-08T06:07:38.011+0000] {processor.py:186} INFO - Started process (PID=7559) to work on /opt/airflow/dags/dag_extract_dvizhenie.py
[2026-08-08T06:07:38.012+0000] {processor.py:914} INFO - Processing file /opt/airflow/dags/dag_extract_dvizhenie.py for tasks to queue
[2026-08-08T06:07:38.012+0000] {logging_mixin.py:190} INFO - [2026-08-08T06:07:38.012+0000] {dagbag.py:588} INFO - Filling up the DagBag from /opt/airflow/dags/dag_extract_dvizhenie.py
[2026-08-08T06:07:38.017+0000] {processor.py:925} INFO - DAG(s) 'dag_extract_dvizhenie' retrieved from /opt/airflow/dags/dag_extract_dvizhenie.py
[2026-08-08T06:07:38.027+0000] {logging_mixin.py:190} INFO - [2026-08-08T06:07:38.026+0000] {dag.py:3239} INFO - Sync 1 DAGs
[2026-08-08T06:07:38.038+0000] {processor.py:208} INFO - Processing /opt/airflow/dags/dag_extract_dvizhenie.py took 0.029 seconds
[2026-08-08T06:19:36.551+0000] {processor.py:186} INFO - Started process (PID=7579) to work on /opt/airflow/dags/dag_extract_dvizhenie.py
[2026-08-08T06:19:36.551+0000] {processor.py:914} INFO - Processing file /opt/airflow/dags/dag_extract_dvizhenie.py for tasks to queue
[2026-08-08T06:19:36.551+0000] {logging_mixin.py:190} INFO - [2026-08-08T06:19:36.551+0000] {dagbag.py:588} INFO - Filling up the DagBag from /opt/airflow/dags/dag_extract_dvizhenie.py
[2026-08-08T06:19:36.556+0000] {processor.py:925} INFO - DAG(s) 'dag_extract_dvizhenie' retrieved from /opt/airflow/dags/dag_extract_dvizhenie.py
[2026-08-08T06:19:36.565+0000] {logging_mixin.py:190} INFO - [2026-08-08T06:19:36.565+0000] {dag.py:3239} INFO - Sync 1 DAGs
[2026-08-08T06:19:36.576+0000] {processor.py:208} INFO - Processing /opt/airflow/dags/dag_extract_dvizhenie.py took 0.028 seconds
[2026-08-08T06:53:15.140+0000] {processor.py:186} INFO - Started process (PID=7602) to work on /opt/airflow/dags/dag_extract_dvizhenie.py
[2026-08-08T06:53:15.141+0000] {processor.py:914} INFO - Processing file /opt/airflow/dags/dag_extract_dvizhenie.py for tasks to queue
[2026-08-08T06:53:15.141+0000] {logging_mixin.py:190} INFO - [2026-08-08T06:53:15.141+0000] {dagbag.py:588} INFO - Filling up the DagBag from /opt/airflow/dags/dag_extract_dvizhenie.py
[2026-08-08T06:53:15.145+0000] {processor.py:925} INFO - DAG(s) 'dag_extract_dvizhenie' retrieved from /opt/airflow/dags/dag_extract_dvizhenie.py
[2026-08-08T06:53:15.155+0000] {logging_mixin.py:190} INFO - [2026-08-08T06:53:15.155+0000] {dag.py:3239} INFO - Sync 1 DAGs
[2026-08-08T06:53:15.166+0000] {processor.py:208} INFO - Processing /opt/airflow/dags/dag_extract_dvizhenie.py took 0.028 seconds
[2026-08-08T06:53:16.981+0000] {processor.py:186} INFO - Started process (PID=7612) to work on /opt/airflow/dags/dag_extract_dvizhenie.py
[2026-08-08T06:53:16.982+0000] {processor.py:914} INFO - Processing file /opt/airflow/dags/dag_extract_dvizhenie.py for tasks to queue
[2026-08-08T06:53:16.983+0000] {logging_mixin.py:190} INFO - [2026-08-08T06:53:16.983+0000] {dagbag.py:588} INFO - Filling up the DagBag from /opt/airflow/dags/dag_extract_dvizhenie.py
[2026-08-08T06:53:16.993+0000] {processor.py:925} INFO - DAG(s) 'dag_extract_dvizhenie' retrieved from /opt/airflow/dags/dag_extract_dvizhenie.py
[2026-08-08T06:53:17.006+0000] {logging_mixin.py:190} INFO - [2026-08-08T06:53:17.006+0000] {taskinstance.py:3313} ERROR - {'DAG Id': 'dag_extract_dvizhenie', 'Task Id': 'extract_dvizhenie', 'Run Id': 'scheduled__2026-08-08T04:00:00+00:00', 'Hostname': 'ce016640a6d7'}
[2026-08-08T06:53:17.014+0000] {logging_mixin.py:190} INFO - [2026-08-08T06:53:17.014+0000] {taskinstance.py:1225} INFO - Marking task as UP_FOR_RETRY. dag_id=dag_extract_dvizhenie, task_id=extract_dvizhenie, run_id=scheduled__2026-08-08T04:00:00+00:00, execution_date=20260808T040000, start_date=20260808T061944, end_date=20260808T065317
[2026-08-08T06:53:17.019+0000] {logging_mixin.py:190} INFO - [2026-08-08T06:53:17.019+0000] {processor.py:876} INFO - Executed callback for <TaskInstance: dag_extract_dvizhenie.extract_dvizhenie scheduled__2026-08-08T04:00:00+00:00 [up_for_retry]> in state up_for_retry
[2026-08-08T06:53:17.025+0000] {logging_mixin.py:190} INFO - [2026-08-08T06:53:17.025+0000] {dag.py:3239} INFO - Sync 1 DAGs
[2026-08-08T06:53:17.035+0000] {processor.py:208} INFO - Processing /opt/airflow/dags/dag_extract_dvizhenie.py took 0.059 seconds
[2026-08-08T07:20:09.233+0000] {processor.py:186} INFO - Started process (PID=7627) to work on /opt/airflow/dags/dag_extract_dvizhenie.py
[2026-08-08T07:20:09.233+0000] {processor.py:914} INFO - Processing file /opt/airflow/dags/dag_extract_dvizhenie.py for tasks to queue
[2026-08-08T07:20:09.233+0000] {logging_mixin.py:190} INFO - [2026-08-08T07:20:09.233+0000] {dagbag.py:588} INFO - Filling up the DagBag from /opt/airflow/dags/dag_extract_dvizhenie.py
[2026-08-08T07:20:09.238+0000] {processor.py:925} INFO - DAG(s) 'dag_extract_dvizhenie' retrieved from /opt/airflow/dags/dag_extract_dvizhenie.py
[2026-08-08T07:20:09.247+0000] {logging_mixin.py:190} INFO - [2026-08-08T07:20:09.247+0000] {dag.py:3239} INFO - Sync 1 DAGs
[2026-08-08T07:20:09.259+0000] {processor.py:208} INFO - Processing /opt/airflow/dags/dag_extract_dvizhenie.py took 0.028 seconds
[2026-08-08T07:37:58.277+0000] {processor.py:186} INFO - Started process (PID=7650) to work on /opt/airflow/dags/dag_extract_dvizhenie.py
[2026-08-08T07:37:58.278+0000] {processor.py:914} INFO - Processing file /opt/airflow/dags/dag_extract_dvizhenie.py for tasks to queue
[2026-08-08T07:37:58.282+0000] {logging_mixin.py:190} INFO - [2026-08-08T07:37:58.282+0000] {dagbag.py:588} INFO - Filling up the DagBag from /opt/airflow/dags/dag_extract_dvizhenie.py
[2026-08-08T07:37:58.290+0000] {processor.py:925} INFO - DAG(s) 'dag_extract_dvizhenie' retrieved from /opt/airflow/dags/dag_extract_dvizhenie.py
[2026-08-08T07:37:58.308+0000] {logging_mixin.py:190} INFO - [2026-08-08T07:37:58.308+0000] {dag.py:3239} INFO - Sync 1 DAGs
[2026-08-08T07:37:58.329+0000] {processor.py:208} INFO - Processing /opt/airflow/dags/dag_extract_dvizhenie.py took 0.055 seconds
[2026-08-08T08:21:06.250+0000] {processor.py:186} INFO - Started process (PID=7673) to work on /opt/airflow/dags/dag_extract_dvizhenie.py
[2026-08-08T08:21:06.250+0000] {processor.py:914} INFO - Processing file /opt/airflow/dags/dag_extract_dvizhenie.py for tasks to queue
[2026-08-08T08:21:06.251+0000] {logging_mixin.py:190} INFO - [2026-08-08T08:21:06.250+0000] {dagbag.py:588} INFO - Filling up the DagBag from /opt/airflow/dags/dag_extract_dvizhenie.py
[2026-08-08T08:21:06.255+0000] {processor.py:925} INFO - DAG(s) 'dag_extract_dvizhenie' retrieved from /opt/airflow/dags/dag_extract_dvizhenie.py
[2026-08-08T08:21:06.265+0000] {logging_mixin.py:190} INFO - [2026-08-08T08:21:06.265+0000] {dag.py:3239} INFO - Sync 1 DAGs
[2026-08-08T08:21:06.276+0000] {processor.py:208} INFO - Processing /opt/airflow/dags/dag_extract_dvizhenie.py took 0.029 seconds
[2026-08-08T08:29:17.127+0000] {processor.py:186} INFO - Started process (PID=7696) to work on /opt/airflow/dags/dag_extract_dvizhenie.py
[2026-08-08T08:29:17.128+0000] {processor.py:914} INFO - Processing file /opt/airflow/dags/dag_extract_dvizhenie.py for tasks to queue
[2026-08-08T08:29:17.128+0000] {logging_mixin.py:190} INFO - [2026-08-08T08:29:17.128+0000] {dagbag.py:588} INFO - Filling up the DagBag from /opt/airflow/dags/dag_extract_dvizhenie.py
[2026-08-08T08:29:17.133+0000] {processor.py:925} INFO - DAG(s) 'dag_extract_dvizhenie' retrieved from /opt/airflow/dags/dag_extract_dvizhenie.py
[2026-08-08T08:29:17.142+0000] {logging_mixin.py:190} INFO - [2026-08-08T08:29:17.142+0000] {dag.py:3239} INFO - Sync 1 DAGs
[2026-08-08T08:29:17.154+0000] {processor.py:208} INFO - Processing /opt/airflow/dags/dag_extract_dvizhenie.py took 0.029 seconds
[2026-08-08T08:29:19.470+0000] {processor.py:186} INFO - Started process (PID=7706) to work on /opt/airflow/dags/dag_extract_dvizhenie.py
[2026-08-08T08:29:19.471+0000] {processor.py:914} INFO - Processing file /opt/airflow/dags/dag_extract_dvizhenie.py for tasks to queue
[2026-08-08T08:29:19.471+0000] {logging_mixin.py:190} INFO - [2026-08-08T08:29:19.471+0000] {dagbag.py:588} INFO - Filling up the DagBag from /opt/airflow/dags/dag_extract_dvizhenie.py
[2026-08-08T08:29:19.480+0000] {processor.py:925} INFO - DAG(s) 'dag_extract_dvizhenie' retrieved from /opt/airflow/dags/dag_extract_dvizhenie.py
[2026-08-08T08:29:19.494+0000] {logging_mixin.py:190} INFO - [2026-08-08T08:29:19.494+0000] {taskinstance.py:3313} ERROR - {'DAG Id': 'dag_extract_dvizhenie', 'Task Id': 'extract_dvizhenie', 'Run Id': 'scheduled__2026-08-08T06:00:00+00:00', 'Hostname': 'ce016640a6d7'}
[2026-08-08T08:29:19.503+0000] {logging_mixin.py:190} INFO - [2026-08-08T08:29:19.503+0000] {taskinstance.py:1225} INFO - Marking task as UP_FOR_RETRY. dag_id=dag_extract_dvizhenie, task_id=extract_dvizhenie, run_id=scheduled__2026-08-08T06:00:00+00:00, execution_date=20260808T060000, start_date=20260808T082114, end_date=20260808T082919
[2026-08-08T08:29:19.509+0000] {logging_mixin.py:190} INFO - [2026-08-08T08:29:19.509+0000] {processor.py:876} INFO - Executed callback for <TaskInstance: dag_extract_dvizhenie.extract_dvizhenie scheduled__2026-08-08T06:00:00+00:00 [up_for_retry]> in state up_for_retry
[2026-08-08T08:29:19.516+0000] {logging_mixin.py:190} INFO - [2026-08-08T08:29:19.515+0000] {dag.py:3239} INFO - Sync 1 DAGs
[2026-08-08T08:29:19.527+0000] {processor.py:208} INFO - Processing /opt/airflow/dags/dag_extract_dvizhenie.py took 0.062 seconds
[2026-08-08T09:01:30.384+0000] {processor.py:186} INFO - Started process (PID=7721) to work on /opt/airflow/dags/dag_extract_dvizhenie.py
[2026-08-08T09:01:30.384+0000] {processor.py:914} INFO - Processing file /opt/airflow/dags/dag_extract_dvizhenie.py for tasks to queue
[2026-08-08T09:01:30.385+0000] {logging_mixin.py:190} INFO - [2026-08-08T09:01:30.385+0000] {dagbag.py:588} INFO - Filling up the DagBag from /opt/airflow/dags/dag_extract_dvizhenie.py
[2026-08-08T09:01:30.389+0000] {processor.py:925} INFO - DAG(s) 'dag_extract_dvizhenie' retrieved from /opt/airflow/dags/dag_extract_dvizhenie.py
[2026-08-08T09:01:30.399+0000] {logging_mixin.py:190} INFO - [2026-08-08T09:01:30.399+0000] {dag.py:3239} INFO - Sync 1 DAGs
[2026-08-08T09:01:30.410+0000] {processor.py:208} INFO - Processing /opt/airflow/dags/dag_extract_dvizhenie.py took 0.028 seconds
[2026-08-08T09:37:52.415+0000] {processor.py:186} INFO - Started process (PID=7743) to work on /opt/airflow/dags/dag_extract_dvizhenie.py
[2026-08-08T09:37:52.416+0000] {processor.py:914} INFO - Processing file /opt/airflow/dags/dag_extract_dvizhenie.py for tasks to queue
[2026-08-08T09:37:52.416+0000] {logging_mixin.py:190} INFO - [2026-08-08T09:37:52.416+0000] {dagbag.py:588} INFO - Filling up the DagBag from /opt/airflow/dags/dag_extract_dvizhenie.py
[2026-08-08T09:37:52.424+0000] {processor.py:925} INFO - DAG(s) 'dag_extract_dvizhenie' retrieved from /opt/airflow/dags/dag_extract_dvizhenie.py
[2026-08-08T09:37:52.436+0000] {logging_mixin.py:190} INFO - [2026-08-08T09:37:52.436+0000] {dag.py:3239} INFO - Sync 1 DAGs
[2026-08-08T09:37:52.453+0000] {processor.py:208} INFO - Processing /opt/airflow/dags/dag_extract_dvizhenie.py took 0.040 seconds
[2026-08-08T09:54:26.487+0000] {processor.py:186} INFO - Started process (PID=7767) to work on /opt/airflow/dags/dag_extract_dvizhenie.py
[2026-08-08T09:54:26.487+0000] {processor.py:914} INFO - Processing file /opt/airflow/dags/dag_extract_dvizhenie.py for tasks to queue
[2026-08-08T09:54:26.488+0000] {logging_mixin.py:190} INFO - [2026-08-08T09:54:26.488+0000] {dagbag.py:588} INFO - Filling up the DagBag from /opt/airflow/dags/dag_extract_dvizhenie.py
[2026-08-08T09:54:26.492+0000] {processor.py:925} INFO - DAG(s) 'dag_extract_dvizhenie' retrieved from /opt/airflow/dags/dag_extract_dvizhenie.py
[2026-08-08T09:54:26.502+0000] {logging_mixin.py:190} INFO - [2026-08-08T09:54:26.502+0000] {dag.py:3239} INFO - Sync 1 DAGs
[2026-08-08T09:54:26.510+0000] {logging_mixin.py:190} INFO - [2026-08-08T09:54:26.510+0000] {dag.py:4180} INFO - Setting next_dagrun for dag_extract_dvizhenie to 2026-08-08 08:00:00+00:00, run_after=2026-08-08 10:00:00+00:00
[2026-08-08T09:54:26.515+0000] {processor.py:208} INFO - Processing /opt/airflow/dags/dag_extract_dvizhenie.py took 0.031 seconds
[2026-08-08T10:10:40.047+0000] {processor.py:186} INFO - Started process (PID=7789) to work on /opt/airflow/dags/dag_extract_dvizhenie.py
[2026-08-08T10:10:40.048+0000] {processor.py:914} INFO - Processing file /opt/airflow/dags/dag_extract_dvizhenie.py for tasks to queue
[2026-08-08T10:10:40.049+0000] {logging_mixin.py:190} INFO - [2026-08-08T10:10:40.049+0000] {dagbag.py:588} INFO - Filling up the DagBag from /opt/airflow/dags/dag_extract_dvizhenie.py
[2026-08-08T10:10:40.054+0000] {processor.py:925} INFO - DAG(s) 'dag_extract_dvizhenie' retrieved from /opt/airflow/dags/dag_extract_dvizhenie.py
[2026-08-08T10:10:40.067+0000] {logging_mixin.py:190} INFO - [2026-08-08T10:10:40.067+0000] {dag.py:3239} INFO - Sync 1 DAGs
[2026-08-08T10:10:40.081+0000] {processor.py:208} INFO - Processing /opt/airflow/dags/dag_extract_dvizhenie.py took 0.037 seconds
[2026-08-08T10:56:36.214+0000] {processor.py:186} INFO - Started process (PID=7810) to work on /opt/airflow/dags/dag_extract_dvizhenie.py
[2026-08-08T10:56:36.214+0000] {processor.py:914} INFO - Processing file /opt/airflow/dags/dag_extract_dvizhenie.py for tasks to queue
[2026-08-08T10:56:36.215+0000] {logging_mixin.py:190} INFO - [2026-08-08T10:56:36.215+0000] {dagbag.py:588} INFO - Filling up the DagBag from /opt/airflow/dags/dag_extract_dvizhenie.py
[2026-08-08T10:56:36.219+0000] {processor.py:925} INFO - DAG(s) 'dag_extract_dvizhenie' retrieved from /opt/airflow/dags/dag_extract_dvizhenie.py
[2026-08-08T10:56:36.230+0000] {logging_mixin.py:190} INFO - [2026-08-08T10:56:36.229+0000] {dag.py:3239} INFO - Sync 1 DAGs
[2026-08-08T10:56:36.243+0000] {processor.py:208} INFO - Processing /opt/airflow/dags/dag_extract_dvizhenie.py took 0.032 seconds
[2026-08-08T11:24:07.289+0000] {processor.py:186} INFO - Started process (PID=7833) to work on /opt/airflow/dags/dag_extract_dvizhenie.py
[2026-08-08T11:24:07.289+0000] {processor.py:914} INFO - Processing file /opt/airflow/dags/dag_extract_dvizhenie.py for tasks to queue
[2026-08-08T11:24:07.290+0000] {logging_mixin.py:190} INFO - [2026-08-08T11:24:07.289+0000] {dagbag.py:588} INFO - Filling up the DagBag from /opt/airflow/dags/dag_extract_dvizhenie.py
[2026-08-08T11:24:07.294+0000] {processor.py:925} INFO - DAG(s) 'dag_extract_dvizhenie' retrieved from /opt/airflow/dags/dag_extract_dvizhenie.py
[2026-08-08T11:24:07.305+0000] {logging_mixin.py:190} INFO - [2026-08-08T11:24:07.304+0000] {dag.py:3239} INFO - Sync 1 DAGs
[2026-08-08T11:24:07.317+0000] {processor.py:208} INFO - Processing /opt/airflow/dags/dag_extract_dvizhenie.py took 0.030 seconds
[2026-08-08T12:15:51.467+0000] {processor.py:186} INFO - Started process (PID=7856) to work on /opt/airflow/dags/dag_extract_dvizhenie.py
[2026-08-08T12:15:51.468+0000] {processor.py:914} INFO - Processing file /opt/airflow/dags/dag_extract_dvizhenie.py for tasks to queue
[2026-08-08T12:15:51.469+0000] {logging_mixin.py:190} INFO - [2026-08-08T12:15:51.469+0000] {dagbag.py:588} INFO - Filling up the DagBag from /opt/airflow/dags/dag_extract_dvizhenie.py
[2026-08-08T12:15:51.474+0000] {processor.py:925} INFO - DAG(s) 'dag_extract_dvizhenie' retrieved from /opt/airflow/dags/dag_extract_dvizhenie.py
[2026-08-08T12:15:51.491+0000] {logging_mixin.py:190} INFO - [2026-08-08T12:15:51.490+0000] {dag.py:3239} INFO - Sync 1 DAGs
[2026-08-08T12:15:51.508+0000] {processor.py:208} INFO - Processing /opt/airflow/dags/dag_extract_dvizhenie.py took 0.043 seconds
[2026-08-08T12:40:18.530+0000] {processor.py:186} INFO - Started process (PID=7876) to work on /opt/airflow/dags/dag_extract_dvizhenie.py
[2026-08-08T12:40:18.531+0000] {processor.py:914} INFO - Processing file /opt/airflow/dags/dag_extract_dvizhenie.py for tasks to queue
[2026-08-08T12:40:18.531+0000] {logging_mixin.py:190} INFO - [2026-08-08T12:40:18.531+0000] {dagbag.py:588} INFO - Filling up the DagBag from /opt/airflow/dags/dag_extract_dvizhenie.py
[2026-08-08T12:40:18.536+0000] {processor.py:925} INFO - DAG(s) 'dag_extract_dvizhenie' retrieved from /opt/airflow/dags/dag_extract_dvizhenie.py
[2026-08-08T12:40:18.545+0000] {logging_mixin.py:190} INFO - [2026-08-08T12:40:18.545+0000] {dag.py:3239} INFO - Sync 1 DAGs
[2026-08-08T12:40:18.556+0000] {processor.py:208} INFO - Processing /opt/airflow/dags/dag_extract_dvizhenie.py took 0.028 seconds
[2026-08-08T13:26:04.715+0000] {processor.py:186} INFO - Started process (PID=7902) to work on /opt/airflow/dags/dag_extract_dvizhenie.py
[2026-08-08T13:26:04.716+0000] {processor.py:914} INFO - Processing file /opt/airflow/dags/dag_extract_dvizhenie.py for tasks to queue
[2026-08-08T13:26:04.716+0000] {logging_mixin.py:190} INFO - [2026-08-08T13:26:04.716+0000] {dagbag.py:588} INFO - Filling up the DagBag from /opt/airflow/dags/dag_extract_dvizhenie.py
[2026-08-08T13:26:04.721+0000] {processor.py:925} INFO - DAG(s) 'dag_extract_dvizhenie' retrieved from /opt/airflow/dags/dag_extract_dvizhenie.py
[2026-08-08T13:26:04.732+0000] {logging_mixin.py:190} INFO - [2026-08-08T13:26:04.732+0000] {dag.py:3239} INFO - Sync 1 DAGs
[2026-08-08T13:26:04.743+0000] {processor.py:208} INFO - Processing /opt/airflow/dags/dag_extract_dvizhenie.py took 0.030 seconds
[2026-08-08T13:58:53.027+0000] {processor.py:186} INFO - Started process (PID=7923) to work on /opt/airflow/dags/dag_extract_dvizhenie.py
[2026-08-08T13:58:53.027+0000] {processor.py:914} INFO - Processing file /opt/airflow/dags/dag_extract_dvizhenie.py for tasks to queue
[2026-08-08T13:58:53.027+0000] {logging_mixin.py:190} INFO - [2026-08-08T13:58:53.027+0000] {dagbag.py:588} INFO - Filling up the DagBag from /opt/airflow/dags/dag_extract_dvizhenie.py
[2026-08-08T13:58:53.033+0000] {processor.py:925} INFO - DAG(s) 'dag_extract_dvizhenie' retrieved from /opt/airflow/dags/dag_extract_dvizhenie.py
[2026-08-08T13:58:53.043+0000] {logging_mixin.py:190} INFO - [2026-08-08T13:58:53.043+0000] {dag.py:3239} INFO - Sync 1 DAGs
[2026-08-08T13:58:53.058+0000] {processor.py:208} INFO - Processing /opt/airflow/dags/dag_extract_dvizhenie.py took 0.034 seconds
[2026-08-08T14:42:39.686+0000] {processor.py:186} INFO - Started process (PID=7948) to work on /opt/airflow/dags/dag_extract_dvizhenie.py
[2026-08-08T14:42:39.687+0000] {processor.py:914} INFO - Processing file /opt/airflow/dags/dag_extract_dvizhenie.py for tasks to queue
[2026-08-08T14:42:39.687+0000] {logging_mixin.py:190} INFO - [2026-08-08T14:42:39.687+0000] {dagbag.py:588} INFO - Filling up the DagBag from /opt/airflow/dags/dag_extract_dvizhenie.py
[2026-08-08T14:42:39.693+0000] {processor.py:925} INFO - DAG(s) 'dag_extract_dvizhenie' retrieved from /opt/airflow/dags/dag_extract_dvizhenie.py
[2026-08-08T14:42:39.705+0000] {logging_mixin.py:190} INFO - [2026-08-08T14:42:39.705+0000] {dag.py:3239} INFO - Sync 1 DAGs
[2026-08-08T14:42:39.717+0000] {processor.py:208} INFO - Processing /opt/airflow/dags/dag_extract_dvizhenie.py took 0.034 seconds
[2026-08-08T15:43:55.762+0000] {processor.py:186} INFO - Started process (PID=7971) to work on /opt/airflow/dags/dag_extract_dvizhenie.py
[2026-08-08T15:43:55.763+0000] {processor.py:914} INFO - Processing file /opt/airflow/dags/dag_extract_dvizhenie.py for tasks to queue
[2026-08-08T15:43:55.764+0000] {logging_mixin.py:190} INFO - [2026-08-08T15:43:55.763+0000] {dagbag.py:588} INFO - Filling up the DagBag from /opt/airflow/dags/dag_extract_dvizhenie.py
[2026-08-08T15:43:55.769+0000] {processor.py:925} INFO - DAG(s) 'dag_extract_dvizhenie' retrieved from /opt/airflow/dags/dag_extract_dvizhenie.py
[2026-08-08T15:43:55.782+0000] {logging_mixin.py:190} INFO - [2026-08-08T15:43:55.781+0000] {dag.py:3239} INFO - Sync 1 DAGs
[2026-08-08T15:43:55.796+0000] {processor.py:208} INFO - Processing /opt/airflow/dags/dag_extract_dvizhenie.py took 0.036 seconds
[2026-08-08T16:17:06.969+0000] {processor.py:186} INFO - Started process (PID=7994) to work on /opt/airflow/dags/dag_extract_dvizhenie.py
[2026-08-08T16:17:06.970+0000] {processor.py:914} INFO - Processing file /opt/airflow/dags/dag_extract_dvizhenie.py for tasks to queue
[2026-08-08T16:17:06.970+0000] {logging_mixin.py:190} INFO - [2026-08-08T16:17:06.970+0000] {dagbag.py:588} INFO - Filling up the DagBag from /opt/airflow/dags/dag_extract_dvizhenie.py
[2026-08-08T16:17:06.975+0000] {processor.py:925} INFO - DAG(s) 'dag_extract_dvizhenie' retrieved from /opt/airflow/dags/dag_extract_dvizhenie.py
[2026-08-08T16:17:06.985+0000] {logging_mixin.py:190} INFO - [2026-08-08T16:17:06.985+0000] {dag.py:3239} INFO - Sync 1 DAGs
[2026-08-08T16:17:06.998+0000] {processor.py:208} INFO - Processing /opt/airflow/dags/dag_extract_dvizhenie.py took 0.031 seconds
[2026-08-08T16:42:16.830+0000] {processor.py:186} INFO - Started process (PID=8017) to work on /opt/airflow/dags/dag_extract_dvizhenie.py
[2026-08-08T16:42:16.830+0000] {processor.py:914} INFO - Processing file /opt/airflow/dags/dag_extract_dvizhenie.py for tasks to queue
[2026-08-08T16:42:16.831+0000] {logging_mixin.py:190} INFO - [2026-08-08T16:42:16.831+0000] {dagbag.py:588} INFO - Filling up the DagBag from /opt/airflow/dags/dag_extract_dvizhenie.py
[2026-08-08T16:42:16.835+0000] {processor.py:925} INFO - DAG(s) 'dag_extract_dvizhenie' retrieved from /opt/airflow/dags/dag_extract_dvizhenie.py
[2026-08-08T16:42:16.845+0000] {logging_mixin.py:190} INFO - [2026-08-08T16:42:16.845+0000] {dag.py:3239} INFO - Sync 1 DAGs
[2026-08-08T16:42:16.856+0000] {processor.py:208} INFO - Processing /opt/airflow/dags/dag_extract_dvizhenie.py took 0.029 seconds
[2026-08-08T16:59:30.389+0000] {processor.py:186} INFO - Started process (PID=8040) to work on /opt/airflow/dags/dag_extract_dvizhenie.py
[2026-08-08T16:59:30.389+0000] {processor.py:914} INFO - Processing file /opt/airflow/dags/dag_extract_dvizhenie.py for tasks to queue
[2026-08-08T16:59:30.390+0000] {logging_mixin.py:190} INFO - [2026-08-08T16:59:30.390+0000] {dagbag.py:588} INFO - Filling up the DagBag from /opt/airflow/dags/dag_extract_dvizhenie.py
[2026-08-08T16:59:30.395+0000] {processor.py:925} INFO - DAG(s) 'dag_extract_dvizhenie' retrieved from /opt/airflow/dags/dag_extract_dvizhenie.py
[2026-08-08T16:59:30.405+0000] {logging_mixin.py:190} INFO - [2026-08-08T16:59:30.405+0000] {dag.py:3239} INFO - Sync 1 DAGs
[2026-08-08T16:59:30.419+0000] {processor.py:208} INFO - Processing /opt/airflow/dags/dag_extract_dvizhenie.py took 0.033 seconds
[2026-08-08T17:30:04.523+0000] {processor.py:186} INFO - Started process (PID=8063) to work on /opt/airflow/dags/dag_extract_dvizhenie.py
[2026-08-08T17:30:04.524+0000] {processor.py:914} INFO - Processing file /opt/airflow/dags/dag_extract_dvizhenie.py for tasks to queue
[2026-08-08T17:30:04.524+0000] {logging_mixin.py:190} INFO - [2026-08-08T17:30:04.524+0000] {dagbag.py:588} INFO - Filling up the DagBag from /opt/airflow/dags/dag_extract_dvizhenie.py
[2026-08-08T17:30:04.529+0000] {processor.py:925} INFO - DAG(s) 'dag_extract_dvizhenie' retrieved from /opt/airflow/dags/dag_extract_dvizhenie.py
[2026-08-08T17:30:04.538+0000] {logging_mixin.py:190} INFO - [2026-08-08T17:30:04.538+0000] {dag.py:3239} INFO - Sync 1 DAGs
[2026-08-08T17:30:04.552+0000] {processor.py:208} INFO - Processing /opt/airflow/dags/dag_extract_dvizhenie.py took 0.031 seconds
[2026-08-08T18:03:04.974+0000] {processor.py:186} INFO - Started process (PID=8086) to work on /opt/airflow/dags/dag_extract_dvizhenie.py
[2026-08-08T18:03:04.974+0000] {processor.py:914} INFO - Processing file /opt/airflow/dags/dag_extract_dvizhenie.py for tasks to queue
[2026-08-08T18:03:04.975+0000] {logging_mixin.py:190} INFO - [2026-08-08T18:03:04.975+0000] {dagbag.py:588} INFO - Filling up the DagBag from /opt/airflow/dags/dag_extract_dvizhenie.py
[2026-08-08T18:03:04.979+0000] {processor.py:925} INFO - DAG(s) 'dag_extract_dvizhenie' retrieved from /opt/airflow/dags/dag_extract_dvizhenie.py
[2026-08-08T18:03:04.990+0000] {logging_mixin.py:190} INFO - [2026-08-08T18:03:04.990+0000] {dag.py:3239} INFO - Sync 1 DAGs
[2026-08-08T18:03:05.001+0000] {processor.py:208} INFO - Processing /opt/airflow/dags/dag_extract_dvizhenie.py took 0.029 seconds
[2026-08-08T19:19:30.783+0000] {processor.py:186} INFO - Started process (PID=8106) to work on /opt/airflow/dags/dag_extract_dvizhenie.py
[2026-08-08T19:19:30.784+0000] {processor.py:914} INFO - Processing file /opt/airflow/dags/dag_extract_dvizhenie.py for tasks to queue
[2026-08-08T19:19:30.784+0000] {logging_mixin.py:190} INFO - [2026-08-08T19:19:30.784+0000] {dagbag.py:588} INFO - Filling up the DagBag from /opt/airflow/dags/dag_extract_dvizhenie.py
[2026-08-08T19:19:30.789+0000] {processor.py:925} INFO - DAG(s) 'dag_extract_dvizhenie' retrieved from /opt/airflow/dags/dag_extract_dvizhenie.py
[2026-08-08T19:19:30.798+0000] {logging_mixin.py:190} INFO - [2026-08-08T19:19:30.798+0000] {dag.py:3239} INFO - Sync 1 DAGs
[2026-08-08T19:19:30.810+0000] {processor.py:208} INFO - Processing /opt/airflow/dags/dag_extract_dvizhenie.py took 0.029 seconds
[2026-08-08T19:36:44.879+0000] {processor.py:186} INFO - Started process (PID=8132) to work on /opt/airflow/dags/dag_extract_dvizhenie.py
[2026-08-08T19:36:44.879+0000] {processor.py:914} INFO - Processing file /opt/airflow/dags/dag_extract_dvizhenie.py for tasks to queue
[2026-08-08T19:36:44.880+0000] {logging_mixin.py:190} INFO - [2026-08-08T19:36:44.880+0000] {dagbag.py:588} INFO - Filling up the DagBag from /opt/airflow/dags/dag_extract_dvizhenie.py
[2026-08-08T19:36:44.884+0000] {processor.py:925} INFO - DAG(s) 'dag_extract_dvizhenie' retrieved from /opt/airflow/dags/dag_extract_dvizhenie.py
[2026-08-08T19:36:44.894+0000] {logging_mixin.py:190} INFO - [2026-08-08T19:36:44.894+0000] {dag.py:3239} INFO - Sync 1 DAGs
[2026-08-08T19:36:44.906+0000] {processor.py:208} INFO - Processing /opt/airflow/dags/dag_extract_dvizhenie.py took 0.029 seconds
[2026-08-08T20:09:05.985+0000] {processor.py:186} INFO - Started process (PID=8155) to work on /opt/airflow/dags/dag_extract_dvizhenie.py
[2026-08-08T20:09:05.985+0000] {processor.py:914} INFO - Processing file /opt/airflow/dags/dag_extract_dvizhenie.py for tasks to queue
[2026-08-08T20:09:05.986+0000] {logging_mixin.py:190} INFO - [2026-08-08T20:09:05.986+0000] {dagbag.py:588} INFO - Filling up the DagBag from /opt/airflow/dags/dag_extract_dvizhenie.py
[2026-08-08T20:09:05.993+0000] {processor.py:925} INFO - DAG(s) 'dag_extract_dvizhenie' retrieved from /opt/airflow/dags/dag_extract_dvizhenie.py
[2026-08-08T20:09:06.005+0000] {logging_mixin.py:190} INFO - [2026-08-08T20:09:06.005+0000] {dag.py:3239} INFO - Sync 1 DAGs
[2026-08-08T20:09:06.021+0000] {processor.py:208} INFO - Processing /opt/airflow/dags/dag_extract_dvizhenie.py took 0.040 seconds
[2026-08-08T20:56:17.604+0000] {processor.py:186} INFO - Started process (PID=8175) to work on /opt/airflow/dags/dag_extract_dvizhenie.py
[2026-08-08T20:56:17.605+0000] {processor.py:914} INFO - Processing file /opt/airflow/dags/dag_extract_dvizhenie.py for tasks to queue
[2026-08-08T20:56:17.605+0000] {logging_mixin.py:190} INFO - [2026-08-08T20:56:17.605+0000] {dagbag.py:588} INFO - Filling up the DagBag from /opt/airflow/dags/dag_extract_dvizhenie.py
[2026-08-08T20:56:17.610+0000] {processor.py:925} INFO - DAG(s) 'dag_extract_dvizhenie' retrieved from /opt/airflow/dags/dag_extract_dvizhenie.py
[2026-08-08T20:56:17.619+0000] {logging_mixin.py:190} INFO - [2026-08-08T20:56:17.619+0000] {dag.py:3239} INFO - Sync 1 DAGs
[2026-08-08T20:56:17.630+0000] {processor.py:208} INFO - Processing /opt/airflow/dags/dag_extract_dvizhenie.py took 0.029 seconds
[2026-08-08T22:01:29.530+0000] {processor.py:186} INFO - Started process (PID=8195) to work on /opt/airflow/dags/dag_extract_dvizhenie.py
[2026-08-08T22:01:29.530+0000] {processor.py:914} INFO - Processing file /opt/airflow/dags/dag_extract_dvizhenie.py for tasks to queue
[2026-08-08T22:01:29.530+0000] {logging_mixin.py:190} INFO - [2026-08-08T22:01:29.530+0000] {dagbag.py:588} INFO - Filling up the DagBag from /opt/airflow/dags/dag_extract_dvizhenie.py
[2026-08-08T22:01:29.535+0000] {processor.py:925} INFO - DAG(s) 'dag_extract_dvizhenie' retrieved from /opt/airflow/dags/dag_extract_dvizhenie.py
[2026-08-08T22:01:29.545+0000] {logging_mixin.py:190} INFO - [2026-08-08T22:01:29.545+0000] {dag.py:3239} INFO - Sync 1 DAGs
[2026-08-08T22:01:29.556+0000] {processor.py:208} INFO - Processing /opt/airflow/dags/dag_extract_dvizhenie.py took 0.029 seconds
[2026-08-08T22:34:05.795+0000] {processor.py:186} INFO - Started process (PID=8221) to work on /opt/airflow/dags/dag_extract_dvizhenie.py
[2026-08-08T22:34:05.795+0000] {processor.py:914} INFO - Processing file /opt/airflow/dags/dag_extract_dvizhenie.py for tasks to queue
[2026-08-08T22:34:05.796+0000] {logging_mixin.py:190} INFO - [2026-08-08T22:34:05.796+0000] {dagbag.py:588} INFO - Filling up the DagBag from /opt/airflow/dags/dag_extract_dvizhenie.py
[2026-08-08T22:34:05.801+0000] {processor.py:925} INFO - DAG(s) 'dag_extract_dvizhenie' retrieved from /opt/airflow/dags/dag_extract_dvizhenie.py
[2026-08-08T22:34:05.812+0000] {logging_mixin.py:190} INFO - [2026-08-08T22:34:05.811+0000] {dag.py:3239} INFO - Sync 1 DAGs
[2026-08-08T22:34:05.824+0000] {processor.py:208} INFO - Processing /opt/airflow/dags/dag_extract_dvizhenie.py took 0.031 seconds
[2026-08-08T23:08:30.379+0000] {processor.py:186} INFO - Started process (PID=8244) to work on /opt/airflow/dags/dag_extract_dvizhenie.py
[2026-08-08T23:08:30.379+0000] {processor.py:914} INFO - Processing file /opt/airflow/dags/dag_extract_dvizhenie.py for tasks to queue
[2026-08-08T23:08:30.379+0000] {logging_mixin.py:190} INFO - [2026-08-08T23:08:30.379+0000] {dagbag.py:588} INFO - Filling up the DagBag from /opt/airflow/dags/dag_extract_dvizhenie.py
[2026-08-08T23:08:30.384+0000] {processor.py:925} INFO - DAG(s) 'dag_extract_dvizhenie' retrieved from /opt/airflow/dags/dag_extract_dvizhenie.py
[2026-08-08T23:08:30.394+0000] {logging_mixin.py:190} INFO - [2026-08-08T23:08:30.393+0000] {dag.py:3239} INFO - Sync 1 DAGs
[2026-08-08T23:08:30.405+0000] {processor.py:208} INFO - Processing /opt/airflow/dags/dag_extract_dvizhenie.py took 0.029 seconds
[2026-08-08T23:43:12.510+0000] {processor.py:186} INFO - Started process (PID=8267) to work on /opt/airflow/dags/dag_extract_dvizhenie.py
[2026-08-08T23:43:12.511+0000] {processor.py:914} INFO - Processing file /opt/airflow/dags/dag_extract_dvizhenie.py for tasks to queue
[2026-08-08T23:43:12.511+0000] {logging_mixin.py:190} INFO - [2026-08-08T23:43:12.511+0000] {dagbag.py:588} INFO - Filling up the DagBag from /opt/airflow/dags/dag_extract_dvizhenie.py
[2026-08-08T23:43:12.516+0000] {processor.py:925} INFO - DAG(s) 'dag_extract_dvizhenie' retrieved from /opt/airflow/dags/dag_extract_dvizhenie.py
[2026-08-08T23:43:12.528+0000] {logging_mixin.py:190} INFO - [2026-08-08T23:43:12.528+0000] {dag.py:3239} INFO - Sync 1 DAGs
[2026-08-08T23:43:12.542+0000] {processor.py:208} INFO - Processing /opt/airflow/dags/dag_extract_dvizhenie.py took 0.034 seconds
[2026-08-08T23:43:43.003+0000] {processor.py:186} INFO - Started process (PID=8287) to work on /opt/airflow/dags/dag_extract_dvizhenie.py
[2026-08-08T23:43:43.003+0000] {processor.py:914} INFO - Processing file /opt/airflow/dags/dag_extract_dvizhenie.py for tasks to queue
[2026-08-08T23:43:43.004+0000] {logging_mixin.py:190} INFO - [2026-08-08T23:43:43.003+0000] {dagbag.py:588} INFO - Filling up the DagBag from /opt/airflow/dags/dag_extract_dvizhenie.py
[2026-08-08T23:43:43.008+0000] {processor.py:925} INFO - DAG(s) 'dag_extract_dvizhenie' retrieved from /opt/airflow/dags/dag_extract_dvizhenie.py
[2026-08-08T23:43:43.018+0000] {logging_mixin.py:190} INFO - [2026-08-08T23:43:43.018+0000] {dag.py:3239} INFO - Sync 1 DAGs
[2026-08-08T23:43:43.030+0000] {processor.py:208} INFO - Processing /opt/airflow/dags/dag_extract_dvizhenie.py took 0.029 seconds
