[2026-08-08T00:16:16.249+0000] {processor.py:186} INFO - Started process (PID=7293) to work on /opt/airflow/dags/dag_extract_catalogs.py
[2026-08-08T00:16:16.250+0000] {processor.py:914} INFO - Processing file /opt/airflow/dags/dag_extract_catalogs.py for tasks to queue
[2026-08-08T00:16:16.250+0000] {logging_mixin.py:190} INFO - [2026-08-08T00:16:16.250+0000] {dagbag.py:588} INFO - Filling up the DagBag from /opt/airflow/dags/dag_extract_catalogs.py
[2026-08-08T00:16:16.255+0000] {processor.py:925} INFO - DAG(s) 'dag_extract_catalogs' retrieved from /opt/airflow/dags/dag_extract_catalogs.py
[2026-08-08T00:16:16.268+0000] {logging_mixin.py:190} INFO - [2026-08-08T00:16:16.267+0000] {dag.py:3239} INFO - Sync 1 DAGs
[2026-08-08T00:16:16.277+0000] {logging_mixin.py:190} INFO - [2026-08-08T00:16:16.277+0000] {dag.py:4180} INFO - Setting next_dagrun for dag_extract_catalogs to 2026-08-07 01:00:00+00:00, run_after=2026-08-08 01:00:00+00:00
[2026-08-08T00:16:16.282+0000] {processor.py:208} INFO - Processing /opt/airflow/dags/dag_extract_catalogs.py took 0.036 seconds
[2026-08-08T01:07:44.375+0000] {processor.py:186} INFO - Started process (PID=7325) to work on /opt/airflow/dags/dag_extract_catalogs.py
[2026-08-08T01:07:44.376+0000] {processor.py:914} INFO - Processing file /opt/airflow/dags/dag_extract_catalogs.py for tasks to queue
[2026-08-08T01:07:44.377+0000] {logging_mixin.py:190} INFO - [2026-08-08T01:07:44.377+0000] {dagbag.py:588} INFO - Filling up the DagBag from /opt/airflow/dags/dag_extract_catalogs.py
[2026-08-08T01:07:44.384+0000] {processor.py:925} INFO - DAG(s) 'dag_extract_catalogs' retrieved from /opt/airflow/dags/dag_extract_catalogs.py
[2026-08-08T01:07:44.399+0000] {logging_mixin.py:190} INFO - [2026-08-08T01:07:44.399+0000] {dag.py:3239} INFO - Sync 1 DAGs
[2026-08-08T01:07:44.417+0000] {processor.py:208} INFO - Processing /opt/airflow/dags/dag_extract_catalogs.py took 0.046 seconds
[2026-08-08T01:58:35.651+0000] {processor.py:186} INFO - Started process (PID=7347) to work on /opt/airflow/dags/dag_extract_catalogs.py
[2026-08-08T01:58:35.652+0000] {processor.py:914} INFO - Processing file /opt/airflow/dags/dag_extract_catalogs.py for tasks to queue
[2026-08-08T01:58:35.652+0000] {logging_mixin.py:190} INFO - [2026-08-08T01:58:35.652+0000] {dagbag.py:588} INFO - Filling up the DagBag from /opt/airflow/dags/dag_extract_catalogs.py
[2026-08-08T01:58:35.657+0000] {processor.py:925} INFO - DAG(s) 'dag_extract_catalogs' retrieved from /opt/airflow/dags/dag_extract_catalogs.py
[2026-08-08T01:58:35.666+0000] {logging_mixin.py:190} INFO - [2026-08-08T01:58:35.666+0000] {dag.py:3239} INFO - Sync 1 DAGs
[2026-08-08T01:58:35.677+0000] {processor.py:208} INFO - Processing /opt/airflow/dags/dag_extract_catalogs.py took 0.028 seconds
[2026-08-08T02:48:12.975+0000] {processor.py:186} INFO - Started process (PID=7370) to work on /opt/airflow/dags/dag_extract_catalogs.py
[2026-08-08T02:48:12.976+0000] {processor.py:914} INFO - Processing file /opt/airflow/dags/dag_extract_catalogs.py for tasks to queue
[2026-08-08T02:48:12.976+0000] {logging_mixin.py:190} INFO - [2026-08-08T02:48:12.976+0000] {dagbag.py:588} INFO - Filling up the DagBag from /opt/airflow/dags/dag_extract_catalogs.py
[2026-08-08T02:48:12.981+0000] {processor.py:925} INFO - DAG(s) 'dag_extract_catalogs' retrieved from /opt/airflow/dags/dag_extract_catalogs.py
[2026-08-08T02:48:12.990+0000] {logging_mixin.py:190} INFO - [2026-08-08T02:48:12.990+0000] {dag.py:3239} INFO - Sync 1 DAGs
[2026-08-08T02:48:13.002+0000] {processor.py:208} INFO - Processing /opt/airflow/dags/dag_extract_catalogs.py took 0.029 seconds
[2026-08-08T03:17:10.177+0000] {processor.py:186} INFO - Started process (PID=7420) to work on /opt/airflow/dags/dag_extract_catalogs.py
[2026-08-08T03:17:10.178+0000] {processor.py:914} INFO - Processing file /opt/airflow/dags/dag_extract_catalogs.py for tasks to queue
[2026-08-08T03:17:10.182+0000] {logging_mixin.py:190} INFO - [2026-08-08T03:17:10.181+0000] {dagbag.py:588} INFO - Filling up the DagBag from /opt/airflow/dags/dag_extract_catalogs.py
[2026-08-08T03:17:10.193+0000] {processor.py:925} INFO - DAG(s) 'dag_extract_catalogs' retrieved from /opt/airflow/dags/dag_extract_catalogs.py
[2026-08-08T03:17:10.210+0000] {logging_mixin.py:190} INFO - [2026-08-08T03:17:10.210+0000] {dag.py:3239} INFO - Sync 1 DAGs
[2026-08-08T03:17:10.231+0000] {processor.py:208} INFO - Processing /opt/airflow/dags/dag_extract_catalogs.py took 0.059 seconds
[2026-08-08T04:06:45.647+0000] {processor.py:186} INFO - Started process (PID=7453) to work on /opt/airflow/dags/dag_extract_catalogs.py
[2026-08-08T04:06:45.647+0000] {processor.py:914} INFO - Processing file /opt/airflow/dags/dag_extract_catalogs.py for tasks to queue
[2026-08-08T04:06:45.648+0000] {logging_mixin.py:190} INFO - [2026-08-08T04:06:45.648+0000] {dagbag.py:588} INFO - Filling up the DagBag from /opt/airflow/dags/dag_extract_catalogs.py
[2026-08-08T04:06:45.655+0000] {processor.py:925} INFO - DAG(s) 'dag_extract_catalogs' retrieved from /opt/airflow/dags/dag_extract_catalogs.py
[2026-08-08T04:06:45.668+0000] {logging_mixin.py:190} INFO - [2026-08-08T04:06:45.668+0000] {dag.py:3239} INFO - Sync 1 DAGs
[2026-08-08T04:06:45.676+0000] {logging_mixin.py:190} INFO - [2026-08-08T04:06:45.676+0000] {dag.py:4180} INFO - Setting next_dagrun for dag_extract_catalogs to 2026-08-08 01:00:00+00:00, run_after=2026-08-09 01:00:00+00:00
[2026-08-08T04:06:45.681+0000] {processor.py:208} INFO - Processing /opt/airflow/dags/dag_extract_catalogs.py took 0.038 seconds
[2026-08-08T05:18:09.162+0000] {processor.py:186} INFO - Started process (PID=7478) to work on /opt/airflow/dags/dag_extract_catalogs.py
[2026-08-08T05:18:09.163+0000] {processor.py:914} INFO - Processing file /opt/airflow/dags/dag_extract_catalogs.py for tasks to queue
[2026-08-08T05:18:09.163+0000] {logging_mixin.py:190} INFO - [2026-08-08T05:18:09.163+0000] {dagbag.py:588} INFO - Filling up the DagBag from /opt/airflow/dags/dag_extract_catalogs.py
[2026-08-08T05:18:09.170+0000] {processor.py:925} INFO - DAG(s) 'dag_extract_catalogs' retrieved from /opt/airflow/dags/dag_extract_catalogs.py
[2026-08-08T05:18:09.184+0000] {logging_mixin.py:190} INFO - [2026-08-08T05:18:09.184+0000] {dag.py:3239} INFO - Sync 1 DAGs
[2026-08-08T05:18:09.193+0000] {logging_mixin.py:190} INFO - [2026-08-08T05:18:09.193+0000] {dag.py:4180} INFO - Setting next_dagrun for dag_extract_catalogs to 2026-08-08 01:00:00+00:00, run_after=2026-08-09 01:00:00+00:00
[2026-08-08T05:18:09.199+0000] {processor.py:208} INFO - Processing /opt/airflow/dags/dag_extract_catalogs.py took 0.040 seconds
[2026-08-08T05:51:35.344+0000] {processor.py:186} INFO - Started process (PID=7521) to work on /opt/airflow/dags/dag_extract_catalogs.py
[2026-08-08T05:51:35.344+0000] {processor.py:914} INFO - Processing file /opt/airflow/dags/dag_extract_catalogs.py for tasks to queue
[2026-08-08T05:51:35.345+0000] {logging_mixin.py:190} INFO - [2026-08-08T05:51:35.345+0000] {dagbag.py:588} INFO - Filling up the DagBag from /opt/airflow/dags/dag_extract_catalogs.py
[2026-08-08T05:51:35.350+0000] {processor.py:925} INFO - DAG(s) 'dag_extract_catalogs' retrieved from /opt/airflow/dags/dag_extract_catalogs.py
[2026-08-08T05:51:35.359+0000] {logging_mixin.py:190} INFO - [2026-08-08T05:51:35.359+0000] {dag.py:3239} INFO - Sync 1 DAGs
[2026-08-08T05:51:35.367+0000] {logging_mixin.py:190} INFO - [2026-08-08T05:51:35.367+0000] {dag.py:4180} INFO - Setting next_dagrun for dag_extract_catalogs to 2026-08-08 01:00:00+00:00, run_after=2026-08-09 01:00:00+00:00
[2026-08-08T05:51:35.372+0000] {processor.py:208} INFO - Processing /opt/airflow/dags/dag_extract_catalogs.py took 0.030 seconds
[2026-08-08T05:52:05.858+0000] {processor.py:186} INFO - Started process (PID=7541) to work on /opt/airflow/dags/dag_extract_catalogs.py
[2026-08-08T05:52:05.859+0000] {processor.py:914} INFO - Processing file /opt/airflow/dags/dag_extract_catalogs.py for tasks to queue
[2026-08-08T05:52:05.859+0000] {logging_mixin.py:190} INFO - [2026-08-08T05:52:05.859+0000] {dagbag.py:588} INFO - Filling up the DagBag from /opt/airflow/dags/dag_extract_catalogs.py
[2026-08-08T05:52:05.864+0000] {processor.py:925} INFO - DAG(s) 'dag_extract_catalogs' retrieved from /opt/airflow/dags/dag_extract_catalogs.py
[2026-08-08T05:52:05.874+0000] {logging_mixin.py:190} INFO - [2026-08-08T05:52:05.874+0000] {dag.py:3239} INFO - Sync 1 DAGs
[2026-08-08T05:52:05.881+0000] {logging_mixin.py:190} INFO - [2026-08-08T05:52:05.881+0000] {dag.py:4180} INFO - Setting next_dagrun for dag_extract_catalogs to 2026-08-08 01:00:00+00:00, run_after=2026-08-09 01:00:00+00:00
[2026-08-08T05:52:05.886+0000] {processor.py:208} INFO - Processing /opt/airflow/dags/dag_extract_catalogs.py took 0.030 seconds
[2026-08-08T06:07:38.050+0000] {processor.py:186} INFO - Started process (PID=7564) to work on /opt/airflow/dags/dag_extract_catalogs.py
[2026-08-08T06:07:38.050+0000] {processor.py:914} INFO - Processing file /opt/airflow/dags/dag_extract_catalogs.py for tasks to queue
[2026-08-08T06:07:38.050+0000] {logging_mixin.py:190} INFO - [2026-08-08T06:07:38.050+0000] {dagbag.py:588} INFO - Filling up the DagBag from /opt/airflow/dags/dag_extract_catalogs.py
[2026-08-08T06:07:38.055+0000] {processor.py:925} INFO - DAG(s) 'dag_extract_catalogs' retrieved from /opt/airflow/dags/dag_extract_catalogs.py
[2026-08-08T06:07:38.065+0000] {logging_mixin.py:190} INFO - [2026-08-08T06:07:38.065+0000] {dag.py:3239} INFO - Sync 1 DAGs
[2026-08-08T06:07:38.072+0000] {logging_mixin.py:190} INFO - [2026-08-08T06:07:38.072+0000] {dag.py:4180} INFO - Setting next_dagrun for dag_extract_catalogs to 2026-08-08 01:00:00+00:00, run_after=2026-08-09 01:00:00+00:00
[2026-08-08T06:07:38.077+0000] {processor.py:208} INFO - Processing /opt/airflow/dags/dag_extract_catalogs.py took 0.030 seconds
[2026-08-08T06:19:36.587+0000] {processor.py:186} INFO - Started process (PID=7584) to work on /opt/airflow/dags/dag_extract_catalogs.py
[2026-08-08T06:19:36.587+0000] {processor.py:914} INFO - Processing file /opt/airflow/dags/dag_extract_catalogs.py for tasks to queue
[2026-08-08T06:19:36.588+0000] {logging_mixin.py:190} INFO - [2026-08-08T06:19:36.588+0000] {dagbag.py:588} INFO - Filling up the DagBag from /opt/airflow/dags/dag_extract_catalogs.py
[2026-08-08T06:19:36.593+0000] {processor.py:925} INFO - DAG(s) 'dag_extract_catalogs' retrieved from /opt/airflow/dags/dag_extract_catalogs.py
[2026-08-08T06:19:36.602+0000] {logging_mixin.py:190} INFO - [2026-08-08T06:19:36.602+0000] {dag.py:3239} INFO - Sync 1 DAGs
[2026-08-08T06:19:36.609+0000] {logging_mixin.py:190} INFO - [2026-08-08T06:19:36.609+0000] {dag.py:4180} INFO - Setting next_dagrun for dag_extract_catalogs to 2026-08-08 01:00:00+00:00, run_after=2026-08-09 01:00:00+00:00
[2026-08-08T06:19:36.615+0000] {processor.py:208} INFO - Processing /opt/airflow/dags/dag_extract_catalogs.py took 0.030 seconds
[2026-08-08T06:53:15.178+0000] {processor.py:186} INFO - Started process (PID=7607) to work on /opt/airflow/dags/dag_extract_catalogs.py
[2026-08-08T06:53:15.178+0000] {processor.py:914} INFO - Processing file /opt/airflow/dags/dag_extract_catalogs.py for tasks to queue
[2026-08-08T06:53:15.179+0000] {logging_mixin.py:190} INFO - [2026-08-08T06:53:15.179+0000] {dagbag.py:588} INFO - Filling up the DagBag from /opt/airflow/dags/dag_extract_catalogs.py
[2026-08-08T06:53:15.184+0000] {processor.py:925} INFO - DAG(s) 'dag_extract_catalogs' retrieved from /opt/airflow/dags/dag_extract_catalogs.py
[2026-08-08T06:53:15.194+0000] {logging_mixin.py:190} INFO - [2026-08-08T06:53:15.194+0000] {dag.py:3239} INFO - Sync 1 DAGs
[2026-08-08T06:53:15.201+0000] {logging_mixin.py:190} INFO - [2026-08-08T06:53:15.201+0000] {dag.py:4180} INFO - Setting next_dagrun for dag_extract_catalogs to 2026-08-08 01:00:00+00:00, run_after=2026-08-09 01:00:00+00:00
[2026-08-08T06:53:15.206+0000] {processor.py:208} INFO - Processing /opt/airflow/dags/dag_extract_catalogs.py took 0.030 seconds
[2026-08-08T07:20:09.270+0000] {processor.py:186} INFO - Started process (PID=7632) to work on /opt/airflow/dags/dag_extract_catalogs.py
[2026-08-08T07:20:09.270+0000] {processor.py:914} INFO - Processing file /opt/airflow/dags/dag_extract_catalogs.py for tasks to queue
[2026-08-08T07:20:09.270+0000] {logging_mixin.py:190} INFO - [2026-08-08T07:20:09.270+0000] {dagbag.py:588} INFO - Filling up the DagBag from /opt/airflow/dags/dag_extract_catalogs.py
[2026-08-08T07:20:09.275+0000] {processor.py:925} INFO - DAG(s) 'dag_extract_catalogs' retrieved from /opt/airflow/dags/dag_extract_catalogs.py
[2026-08-08T07:20:09.285+0000] {logging_mixin.py:190} INFO - [2026-08-08T07:20:09.285+0000] {dag.py:3239} INFO - Sync 1 DAGs
[2026-08-08T07:20:09.292+0000] {logging_mixin.py:190} INFO - [2026-08-08T07:20:09.292+0000] {dag.py:4180} INFO - Setting next_dagrun for dag_extract_catalogs to 2026-08-08 01:00:00+00:00, run_after=2026-08-09 01:00:00+00:00
[2026-08-08T07:20:09.297+0000] {processor.py:208} INFO - Processing /opt/airflow/dags/dag_extract_catalogs.py took 0.030 seconds
[2026-08-08T07:37:58.350+0000] {processor.py:186} INFO - Started process (PID=7655) to work on /opt/airflow/dags/dag_extract_catalogs.py
[2026-08-08T07:37:58.351+0000] {processor.py:914} INFO - Processing file /opt/airflow/dags/dag_extract_catalogs.py for tasks to queue
[2026-08-08T07:37:58.352+0000] {logging_mixin.py:190} INFO - [2026-08-08T07:37:58.352+0000] {dagbag.py:588} INFO - Filling up the DagBag from /opt/airflow/dags/dag_extract_catalogs.py
[2026-08-08T07:37:58.358+0000] {processor.py:925} INFO - DAG(s) 'dag_extract_catalogs' retrieved from /opt/airflow/dags/dag_extract_catalogs.py
[2026-08-08T07:37:58.373+0000] {logging_mixin.py:190} INFO - [2026-08-08T07:37:58.373+0000] {dag.py:3239} INFO - Sync 1 DAGs
[2026-08-08T07:37:58.383+0000] {logging_mixin.py:190} INFO - [2026-08-08T07:37:58.383+0000] {dag.py:4180} INFO - Setting next_dagrun for dag_extract_catalogs to 2026-08-08 01:00:00+00:00, run_after=2026-08-09 01:00:00+00:00
[2026-08-08T07:37:58.390+0000] {processor.py:208} INFO - Processing /opt/airflow/dags/dag_extract_catalogs.py took 0.045 seconds
[2026-08-08T08:21:06.288+0000] {processor.py:186} INFO - Started process (PID=7678) to work on /opt/airflow/dags/dag_extract_catalogs.py
[2026-08-08T08:21:06.288+0000] {processor.py:914} INFO - Processing file /opt/airflow/dags/dag_extract_catalogs.py for tasks to queue
[2026-08-08T08:21:06.289+0000] {logging_mixin.py:190} INFO - [2026-08-08T08:21:06.288+0000] {dagbag.py:588} INFO - Filling up the DagBag from /opt/airflow/dags/dag_extract_catalogs.py
[2026-08-08T08:21:06.294+0000] {processor.py:925} INFO - DAG(s) 'dag_extract_catalogs' retrieved from /opt/airflow/dags/dag_extract_catalogs.py
[2026-08-08T08:21:06.304+0000] {logging_mixin.py:190} INFO - [2026-08-08T08:21:06.304+0000] {dag.py:3239} INFO - Sync 1 DAGs
[2026-08-08T08:21:06.313+0000] {logging_mixin.py:190} INFO - [2026-08-08T08:21:06.312+0000] {dag.py:4180} INFO - Setting next_dagrun for dag_extract_catalogs to 2026-08-08 01:00:00+00:00, run_after=2026-08-09 01:00:00+00:00
[2026-08-08T08:21:06.317+0000] {processor.py:208} INFO - Processing /opt/airflow/dags/dag_extract_catalogs.py took 0.032 seconds
[2026-08-08T08:29:17.165+0000] {processor.py:186} INFO - Started process (PID=7701) to work on /opt/airflow/dags/dag_extract_catalogs.py
[2026-08-08T08:29:17.166+0000] {processor.py:914} INFO - Processing file /opt/airflow/dags/dag_extract_catalogs.py for tasks to queue
[2026-08-08T08:29:17.166+0000] {logging_mixin.py:190} INFO - [2026-08-08T08:29:17.166+0000] {dagbag.py:588} INFO - Filling up the DagBag from /opt/airflow/dags/dag_extract_catalogs.py
[2026-08-08T08:29:17.171+0000] {processor.py:925} INFO - DAG(s) 'dag_extract_catalogs' retrieved from /opt/airflow/dags/dag_extract_catalogs.py
[2026-08-08T08:29:17.181+0000] {logging_mixin.py:190} INFO - [2026-08-08T08:29:17.181+0000] {dag.py:3239} INFO - Sync 1 DAGs
[2026-08-08T08:29:17.188+0000] {logging_mixin.py:190} INFO - [2026-08-08T08:29:17.188+0000] {dag.py:4180} INFO - Setting next_dagrun for dag_extract_catalogs to 2026-08-08 01:00:00+00:00, run_after=2026-08-09 01:00:00+00:00
[2026-08-08T08:29:17.193+0000] {processor.py:208} INFO - Processing /opt/airflow/dags/dag_extract_catalogs.py took 0.030 seconds
[2026-08-08T09:01:30.421+0000] {processor.py:186} INFO - Started process (PID=7726) to work on /opt/airflow/dags/dag_extract_catalogs.py
[2026-08-08T09:01:30.422+0000] {processor.py:914} INFO - Processing file /opt/airflow/dags/dag_extract_catalogs.py for tasks to queue
[2026-08-08T09:01:30.422+0000] {logging_mixin.py:190} INFO - [2026-08-08T09:01:30.422+0000] {dagbag.py:588} INFO - Filling up the DagBag from /opt/airflow/dags/dag_extract_catalogs.py
[2026-08-08T09:01:30.427+0000] {processor.py:925} INFO - DAG(s) 'dag_extract_catalogs' retrieved from /opt/airflow/dags/dag_extract_catalogs.py
[2026-08-08T09:01:30.437+0000] {logging_mixin.py:190} INFO - [2026-08-08T09:01:30.436+0000] {dag.py:3239} INFO - Sync 1 DAGs
[2026-08-08T09:01:30.444+0000] {logging_mixin.py:190} INFO - [2026-08-08T09:01:30.444+0000] {dag.py:4180} INFO - Setting next_dagrun for dag_extract_catalogs to 2026-08-08 01:00:00+00:00, run_after=2026-08-09 01:00:00+00:00
[2026-08-08T09:01:30.449+0000] {processor.py:208} INFO - Processing /opt/airflow/dags/dag_extract_catalogs.py took 0.030 seconds
[2026-08-08T09:37:52.425+0000] {processor.py:186} INFO - Started process (PID=7748) to work on /opt/airflow/dags/dag_extract_catalogs.py
[2026-08-08T09:37:52.425+0000] {processor.py:914} INFO - Processing file /opt/airflow/dags/dag_extract_catalogs.py for tasks to queue
[2026-08-08T09:37:52.427+0000] {logging_mixin.py:190} INFO - [2026-08-08T09:37:52.426+0000] {dagbag.py:588} INFO - Filling up the DagBag from /opt/airflow/dags/dag_extract_catalogs.py
[2026-08-08T09:37:52.433+0000] {processor.py:925} INFO - DAG(s) 'dag_extract_catalogs' retrieved from /opt/airflow/dags/dag_extract_catalogs.py
[2026-08-08T09:37:52.446+0000] {logging_mixin.py:190} INFO - [2026-08-08T09:37:52.446+0000] {dag.py:3239} INFO - Sync 1 DAGs
[2026-08-08T09:37:52.457+0000] {logging_mixin.py:190} INFO - [2026-08-08T09:37:52.457+0000] {dag.py:4180} INFO - Setting next_dagrun for dag_extract_catalogs to 2026-08-08 01:00:00+00:00, run_after=2026-08-09 01:00:00+00:00
[2026-08-08T09:37:52.463+0000] {processor.py:208} INFO - Processing /opt/airflow/dags/dag_extract_catalogs.py took 0.041 seconds
[2026-08-08T09:54:26.527+0000] {processor.py:186} INFO - Started process (PID=7772) to work on /opt/airflow/dags/dag_extract_catalogs.py
[2026-08-08T09:54:26.527+0000] {processor.py:914} INFO - Processing file /opt/airflow/dags/dag_extract_catalogs.py for tasks to queue
[2026-08-08T09:54:26.527+0000] {logging_mixin.py:190} INFO - [2026-08-08T09:54:26.527+0000] {dagbag.py:588} INFO - Filling up the DagBag from /opt/airflow/dags/dag_extract_catalogs.py
[2026-08-08T09:54:26.533+0000] {processor.py:925} INFO - DAG(s) 'dag_extract_catalogs' retrieved from /opt/airflow/dags/dag_extract_catalogs.py
[2026-08-08T09:54:26.542+0000] {logging_mixin.py:190} INFO - [2026-08-08T09:54:26.542+0000] {dag.py:3239} INFO - Sync 1 DAGs
[2026-08-08T09:54:26.550+0000] {logging_mixin.py:190} INFO - [2026-08-08T09:54:26.550+0000] {dag.py:4180} INFO - Setting next_dagrun for dag_extract_catalogs to 2026-08-08 01:00:00+00:00, run_after=2026-08-09 01:00:00+00:00
[2026-08-08T09:54:26.555+0000] {processor.py:208} INFO - Processing /opt/airflow/dags/dag_extract_catalogs.py took 0.031 seconds
[2026-08-08T10:10:40.054+0000] {processor.py:186} INFO - Started process (PID=7793) to work on /opt/airflow/dags/dag_extract_catalogs.py
[2026-08-08T10:10:40.054+0000] {processor.py:914} INFO - Processing file /opt/airflow/dags/dag_extract_catalogs.py for tasks to queue
[2026-08-08T10:10:40.055+0000] {logging_mixin.py:190} INFO - [2026-08-08T10:10:40.055+0000] {dagbag.py:588} INFO - Filling up the DagBag from /opt/airflow/dags/dag_extract_catalogs.py
[2026-08-08T10:10:40.062+0000] {processor.py:925} INFO - DAG(s) 'dag_extract_catalogs' retrieved from /opt/airflow/dags/dag_extract_catalogs.py
[2026-08-08T10:10:40.075+0000] {logging_mixin.py:190} INFO - [2026-08-08T10:10:40.075+0000] {dag.py:3239} INFO - Sync 1 DAGs
[2026-08-08T10:10:40.085+0000] {logging_mixin.py:190} INFO - [2026-08-08T10:10:40.085+0000] {dag.py:4180} INFO - Setting next_dagrun for dag_extract_catalogs to 2026-08-08 01:00:00+00:00, run_after=2026-08-09 01:00:00+00:00
[2026-08-08T10:10:40.090+0000] {processor.py:208} INFO - Processing /opt/airflow/dags/dag_extract_catalogs.py took 0.038 seconds
[2026-08-08T10:56:36.255+0000] {processor.py:186} INFO - Started process (PID=7815) to work on /opt/airflow/dags/dag_extract_catalogs.py
[2026-08-08T10:56:36.255+0000] {processor.py:914} INFO - Processing file /opt/airflow/dags/dag_extract_catalogs.py for tasks to queue
[2026-08-08T10:56:36.255+0000] {logging_mixin.py:190} INFO - [2026-08-08T10:56:36.255+0000] {dagbag.py:588} INFO - Filling up the DagBag from /opt/airflow/dags/dag_extract_catalogs.py
[2026-08-08T10:56:36.260+0000] {processor.py:925} INFO - DAG(s) 'dag_extract_catalogs' retrieved from /opt/airflow/dags/dag_extract_catalogs.py
[2026-08-08T10:56:36.271+0000] {logging_mixin.py:190} INFO - [2026-08-08T10:56:36.271+0000] {dag.py:3239} INFO - Sync 1 DAGs
[2026-08-08T10:56:36.281+0000] {logging_mixin.py:190} INFO - [2026-08-08T10:56:36.281+0000] {dag.py:4180} INFO - Setting next_dagrun for dag_extract_catalogs to 2026-08-08 01:00:00+00:00, run_after=2026-08-09 01:00:00+00:00
[2026-08-08T10:56:36.288+0000] {processor.py:208} INFO - Processing /opt/airflow/dags/dag_extract_catalogs.py took 0.036 seconds
[2026-08-08T11:24:07.328+0000] {processor.py:186} INFO - Started process (PID=7838) to work on /opt/airflow/dags/dag_extract_catalogs.py
[2026-08-08T11:24:07.328+0000] {processor.py:914} INFO - Processing file /opt/airflow/dags/dag_extract_catalogs.py for tasks to queue
[2026-08-08T11:24:07.329+0000] {logging_mixin.py:190} INFO - [2026-08-08T11:24:07.329+0000] {dagbag.py:588} INFO - Filling up the DagBag from /opt/airflow/dags/dag_extract_catalogs.py
[2026-08-08T11:24:07.334+0000] {processor.py:925} INFO - DAG(s) 'dag_extract_catalogs' retrieved from /opt/airflow/dags/dag_extract_catalogs.py
[2026-08-08T11:24:07.343+0000] {logging_mixin.py:190} INFO - [2026-08-08T11:24:07.343+0000] {dag.py:3239} INFO - Sync 1 DAGs
[2026-08-08T11:24:07.351+0000] {logging_mixin.py:190} INFO - [2026-08-08T11:24:07.351+0000] {dag.py:4180} INFO - Setting next_dagrun for dag_extract_catalogs to 2026-08-08 01:00:00+00:00, run_after=2026-08-09 01:00:00+00:00
[2026-08-08T11:24:07.355+0000] {processor.py:208} INFO - Processing /opt/airflow/dags/dag_extract_catalogs.py took 0.029 seconds
[2026-08-08T12:15:51.473+0000] {processor.py:186} INFO - Started process (PID=7859) to work on /opt/airflow/dags/dag_extract_catalogs.py
[2026-08-08T12:15:51.474+0000] {processor.py:914} INFO - Processing file /opt/airflow/dags/dag_extract_catalogs.py for tasks to queue
[2026-08-08T12:15:51.475+0000] {logging_mixin.py:190} INFO - [2026-08-08T12:15:51.475+0000] {dagbag.py:588} INFO - Filling up the DagBag from /opt/airflow/dags/dag_extract_catalogs.py
[2026-08-08T12:15:51.480+0000] {processor.py:925} INFO - DAG(s) 'dag_extract_catalogs' retrieved from /opt/airflow/dags/dag_extract_catalogs.py
[2026-08-08T12:15:51.493+0000] {logging_mixin.py:190} INFO - [2026-08-08T12:15:51.493+0000] {dag.py:3239} INFO - Sync 1 DAGs
[2026-08-08T12:15:51.502+0000] {logging_mixin.py:190} INFO - [2026-08-08T12:15:51.502+0000] {dag.py:4180} INFO - Setting next_dagrun for dag_extract_catalogs to 2026-08-08 01:00:00+00:00, run_after=2026-08-09 01:00:00+00:00
[2026-08-08T12:15:51.509+0000] {processor.py:208} INFO - Processing /opt/airflow/dags/dag_extract_catalogs.py took 0.038 seconds
[2026-08-08T12:40:18.568+0000] {processor.py:186} INFO - Started process (PID=7881) to work on /opt/airflow/dags/dag_extract_catalogs.py
[2026-08-08T12:40:18.568+0000] {processor.py:914} INFO - Processing file /opt/airflow/dags/dag_extract_catalogs.py for tasks to queue
[2026-08-08T12:40:18.569+0000] {logging_mixin.py:190} INFO - [2026-08-08T12:40:18.569+0000] {dagbag.py:588} INFO - Filling up the DagBag from /opt/airflow/dags/dag_extract_catalogs.py
[2026-08-08T12:40:18.574+0000] {processor.py:925} INFO - DAG(s) 'dag_extract_catalogs' retrieved from /opt/airflow/dags/dag_extract_catalogs.py
[2026-08-08T12:40:18.583+0000] {logging_mixin.py:190} INFO - [2026-08-08T12:40:18.583+0000] {dag.py:3239} INFO - Sync 1 DAGs
[2026-08-08T12:40:18.590+0000] {logging_mixin.py:190} INFO - [2026-08-08T12:40:18.590+0000] {dag.py:4180} INFO - Setting next_dagrun for dag_extract_catalogs to 2026-08-08 01:00:00+00:00, run_after=2026-08-09 01:00:00+00:00
[2026-08-08T12:40:18.595+0000] {processor.py:208} INFO - Processing /opt/airflow/dags/dag_extract_catalogs.py took 0.030 seconds
[2026-08-08T13:26:04.754+0000] {processor.py:186} INFO - Started process (PID=7907) to work on /opt/airflow/dags/dag_extract_catalogs.py
[2026-08-08T13:26:04.755+0000] {processor.py:914} INFO - Processing file /opt/airflow/dags/dag_extract_catalogs.py for tasks to queue
[2026-08-08T13:26:04.755+0000] {logging_mixin.py:190} INFO - [2026-08-08T13:26:04.755+0000] {dagbag.py:588} INFO - Filling up the DagBag from /opt/airflow/dags/dag_extract_catalogs.py
[2026-08-08T13:26:04.760+0000] {processor.py:925} INFO - DAG(s) 'dag_extract_catalogs' retrieved from /opt/airflow/dags/dag_extract_catalogs.py
[2026-08-08T13:26:04.769+0000] {logging_mixin.py:190} INFO - [2026-08-08T13:26:04.769+0000] {dag.py:3239} INFO - Sync 1 DAGs
[2026-08-08T13:26:04.777+0000] {logging_mixin.py:190} INFO - [2026-08-08T13:26:04.776+0000] {dag.py:4180} INFO - Setting next_dagrun for dag_extract_catalogs to 2026-08-08 01:00:00+00:00, run_after=2026-08-09 01:00:00+00:00
[2026-08-08T13:26:04.781+0000] {processor.py:208} INFO - Processing /opt/airflow/dags/dag_extract_catalogs.py took 0.029 seconds
[2026-08-08T13:58:53.072+0000] {processor.py:186} INFO - Started process (PID=7930) to work on /opt/airflow/dags/dag_extract_catalogs.py
[2026-08-08T13:58:53.073+0000] {processor.py:914} INFO - Processing file /opt/airflow/dags/dag_extract_catalogs.py for tasks to queue
[2026-08-08T13:58:53.073+0000] {logging_mixin.py:190} INFO - [2026-08-08T13:58:53.073+0000] {dagbag.py:588} INFO - Filling up the DagBag from /opt/airflow/dags/dag_extract_catalogs.py
[2026-08-08T13:58:53.079+0000] {processor.py:925} INFO - DAG(s) 'dag_extract_catalogs' retrieved from /opt/airflow/dags/dag_extract_catalogs.py
[2026-08-08T13:58:53.094+0000] {logging_mixin.py:190} INFO - [2026-08-08T13:58:53.094+0000] {dag.py:3239} INFO - Sync 1 DAGs
[2026-08-08T13:58:53.106+0000] {logging_mixin.py:190} INFO - [2026-08-08T13:58:53.106+0000] {dag.py:4180} INFO - Setting next_dagrun for dag_extract_catalogs to 2026-08-08 01:00:00+00:00, run_after=2026-08-09 01:00:00+00:00
[2026-08-08T13:58:53.117+0000] {processor.py:208} INFO - Processing /opt/airflow/dags/dag_extract_catalogs.py took 0.048 seconds
[2026-08-08T14:42:39.728+0000] {processor.py:186} INFO - Started process (PID=7953) to work on /opt/airflow/dags/dag_extract_catalogs.py
[2026-08-08T14:42:39.729+0000] {processor.py:914} INFO - Processing file /opt/airflow/dags/dag_extract_catalogs.py for tasks to queue
[2026-08-08T14:42:39.729+0000] {logging_mixin.py:190} INFO - [2026-08-08T14:42:39.729+0000] {dagbag.py:588} INFO - Filling up the DagBag from /opt/airflow/dags/dag_extract_catalogs.py
[2026-08-08T14:42:39.734+0000] {processor.py:925} INFO - DAG(s) 'dag_extract_catalogs' retrieved from /opt/airflow/dags/dag_extract_catalogs.py
[2026-08-08T14:42:39.743+0000] {logging_mixin.py:190} INFO - [2026-08-08T14:42:39.743+0000] {dag.py:3239} INFO - Sync 1 DAGs
[2026-08-08T14:42:39.750+0000] {logging_mixin.py:190} INFO - [2026-08-08T14:42:39.750+0000] {dag.py:4180} INFO - Setting next_dagrun for dag_extract_catalogs to 2026-08-08 01:00:00+00:00, run_after=2026-08-09 01:00:00+00:00
[2026-08-08T14:42:39.756+0000] {processor.py:208} INFO - Processing /opt/airflow/dags/dag_extract_catalogs.py took 0.030 seconds
[2026-08-08T15:43:55.811+0000] {processor.py:186} INFO - Started process (PID=7976) to work on /opt/airflow/dags/dag_extract_catalogs.py
[2026-08-08T15:43:55.811+0000] {processor.py:914} INFO - Processing file /opt/airflow/dags/dag_extract_catalogs.py for tasks to queue
[2026-08-08T15:43:55.812+0000] {logging_mixin.py:190} INFO - [2026-08-08T15:43:55.812+0000] {dagbag.py:588} INFO - Filling up the DagBag from /opt/airflow/dags/dag_extract_catalogs.py
[2026-08-08T15:43:55.817+0000] {processor.py:925} INFO - DAG(s) 'dag_extract_catalogs' retrieved from /opt/airflow/dags/dag_extract_catalogs.py
[2026-08-08T15:43:55.833+0000] {logging_mixin.py:190} INFO - [2026-08-08T15:43:55.833+0000] {dag.py:3239} INFO - Sync 1 DAGs
[2026-08-08T15:43:55.841+0000] {logging_mixin.py:190} INFO - [2026-08-08T15:43:55.841+0000] {dag.py:4180} INFO - Setting next_dagrun for dag_extract_catalogs to 2026-08-08 01:00:00+00:00, run_after=2026-08-09 01:00:00+00:00
[2026-08-08T15:43:55.845+0000] {processor.py:208} INFO - Processing /opt/airflow/dags/dag_extract_catalogs.py took 0.037 seconds
[2026-08-08T16:17:07.010+0000] {processor.py:186} INFO - Started process (PID=7999) to work on /opt/airflow/dags/dag_extract_catalogs.py
[2026-08-08T16:17:07.010+0000] {processor.py:914} INFO - Processing file /opt/airflow/dags/dag_extract_catalogs.py for tasks to queue
[2026-08-08T16:17:07.011+0000] {logging_mixin.py:190} INFO - [2026-08-08T16:17:07.011+0000] {dagbag.py:588} INFO - Filling up the DagBag from /opt/airflow/dags/dag_extract_catalogs.py
[2026-08-08T16:17:07.017+0000] {processor.py:925} INFO - DAG(s) 'dag_extract_catalogs' retrieved from /opt/airflow/dags/dag_extract_catalogs.py
[2026-08-08T16:17:07.028+0000] {logging_mixin.py:190} INFO - [2026-08-08T16:17:07.027+0000] {dag.py:3239} INFO - Sync 1 DAGs
[2026-08-08T16:17:07.035+0000] {logging_mixin.py:190} INFO - [2026-08-08T16:17:07.035+0000] {dag.py:4180} INFO - Setting next_dagrun for dag_extract_catalogs to 2026-08-08 01:00:00+00:00, run_after=2026-08-09 01:00:00+00:00
[2026-08-08T16:17:07.040+0000] {processor.py:208} INFO - Processing /opt/airflow/dags/dag_extract_catalogs.py took 0.033 seconds
[2026-08-08T16:42:16.868+0000] {processor.py:186} INFO - Started process (PID=8022) to work on /opt/airflow/dags/dag_extract_catalogs.py
[2026-08-08T16:42:16.868+0000] {processor.py:914} INFO - Processing file /opt/airflow/dags/dag_extract_catalogs.py for tasks to queue
[2026-08-08T16:42:16.868+0000] {logging_mixin.py:190} INFO - [2026-08-08T16:42:16.868+0000] {dagbag.py:588} INFO - Filling up the DagBag from /opt/airflow/dags/dag_extract_catalogs.py
[2026-08-08T16:42:16.873+0000] {processor.py:925} INFO - DAG(s) 'dag_extract_catalogs' retrieved from /opt/airflow/dags/dag_extract_catalogs.py
[2026-08-08T16:42:16.883+0000] {logging_mixin.py:190} INFO - [2026-08-08T16:42:16.883+0000] {dag.py:3239} INFO - Sync 1 DAGs
[2026-08-08T16:42:16.890+0000] {logging_mixin.py:190} INFO - [2026-08-08T16:42:16.890+0000] {dag.py:4180} INFO - Setting next_dagrun for dag_extract_catalogs to 2026-08-08 01:00:00+00:00, run_after=2026-08-09 01:00:00+00:00
[2026-08-08T16:42:16.895+0000] {processor.py:208} INFO - Processing /opt/airflow/dags/dag_extract_catalogs.py took 0.030 seconds
[2026-08-08T16:59:30.433+0000] {processor.py:186} INFO - Started process (PID=8046) to work on /opt/airflow/dags/dag_extract_catalogs.py
[2026-08-08T16:59:30.434+0000] {processor.py:914} INFO - Processing file /opt/airflow/dags/dag_extract_catalogs.py for tasks to queue
[2026-08-08T16:59:30.435+0000] {logging_mixin.py:190} INFO - [2026-08-08T16:59:30.435+0000] {dagbag.py:588} INFO - Filling up the DagBag from /opt/airflow/dags/dag_extract_catalogs.py
[2026-08-08T16:59:30.441+0000] {processor.py:925} INFO - DAG(s) 'dag_extract_catalogs' retrieved from /opt/airflow/dags/dag_extract_catalogs.py
[2026-08-08T16:59:30.452+0000] {logging_mixin.py:190} INFO - [2026-08-08T16:59:30.452+0000] {dag.py:3239} INFO - Sync 1 DAGs
[2026-08-08T16:59:30.460+0000] {logging_mixin.py:190} INFO - [2026-08-08T16:59:30.460+0000] {dag.py:4180} INFO - Setting next_dagrun for dag_extract_catalogs to 2026-08-08 01:00:00+00:00, run_after=2026-08-09 01:00:00+00:00
[2026-08-08T16:59:30.466+0000] {processor.py:208} INFO - Processing /opt/airflow/dags/dag_extract_catalogs.py took 0.036 seconds
[2026-08-08T17:30:04.563+0000] {processor.py:186} INFO - Started process (PID=8068) to work on /opt/airflow/dags/dag_extract_catalogs.py
[2026-08-08T17:30:04.564+0000] {processor.py:914} INFO - Processing file /opt/airflow/dags/dag_extract_catalogs.py for tasks to queue
[2026-08-08T17:30:04.564+0000] {logging_mixin.py:190} INFO - [2026-08-08T17:30:04.564+0000] {dagbag.py:588} INFO - Filling up the DagBag from /opt/airflow/dags/dag_extract_catalogs.py
[2026-08-08T17:30:04.569+0000] {processor.py:925} INFO - DAG(s) 'dag_extract_catalogs' retrieved from /opt/airflow/dags/dag_extract_catalogs.py
[2026-08-08T17:30:04.579+0000] {logging_mixin.py:190} INFO - [2026-08-08T17:30:04.579+0000] {dag.py:3239} INFO - Sync 1 DAGs
[2026-08-08T17:30:04.587+0000] {logging_mixin.py:190} INFO - [2026-08-08T17:30:04.587+0000] {dag.py:4180} INFO - Setting next_dagrun for dag_extract_catalogs to 2026-08-08 01:00:00+00:00, run_after=2026-08-09 01:00:00+00:00
[2026-08-08T17:30:04.592+0000] {processor.py:208} INFO - Processing /opt/airflow/dags/dag_extract_catalogs.py took 0.031 seconds
[2026-08-08T18:03:05.012+0000] {processor.py:186} INFO - Started process (PID=8091) to work on /opt/airflow/dags/dag_extract_catalogs.py
[2026-08-08T18:03:05.013+0000] {processor.py:914} INFO - Processing file /opt/airflow/dags/dag_extract_catalogs.py for tasks to queue
[2026-08-08T18:03:05.013+0000] {logging_mixin.py:190} INFO - [2026-08-08T18:03:05.013+0000] {dagbag.py:588} INFO - Filling up the DagBag from /opt/airflow/dags/dag_extract_catalogs.py
[2026-08-08T18:03:05.018+0000] {processor.py:925} INFO - DAG(s) 'dag_extract_catalogs' retrieved from /opt/airflow/dags/dag_extract_catalogs.py
[2026-08-08T18:03:05.028+0000] {logging_mixin.py:190} INFO - [2026-08-08T18:03:05.028+0000] {dag.py:3239} INFO - Sync 1 DAGs
[2026-08-08T18:03:05.035+0000] {logging_mixin.py:190} INFO - [2026-08-08T18:03:05.035+0000] {dag.py:4180} INFO - Setting next_dagrun for dag_extract_catalogs to 2026-08-08 01:00:00+00:00, run_after=2026-08-09 01:00:00+00:00
[2026-08-08T18:03:05.040+0000] {processor.py:208} INFO - Processing /opt/airflow/dags/dag_extract_catalogs.py took 0.030 seconds
[2026-08-08T19:19:30.821+0000] {processor.py:186} INFO - Started process (PID=8111) to work on /opt/airflow/dags/dag_extract_catalogs.py
[2026-08-08T19:19:30.821+0000] {processor.py:914} INFO - Processing file /opt/airflow/dags/dag_extract_catalogs.py for tasks to queue
[2026-08-08T19:19:30.822+0000] {logging_mixin.py:190} INFO - [2026-08-08T19:19:30.822+0000] {dagbag.py:588} INFO - Filling up the DagBag from /opt/airflow/dags/dag_extract_catalogs.py
[2026-08-08T19:19:30.827+0000] {processor.py:925} INFO - DAG(s) 'dag_extract_catalogs' retrieved from /opt/airflow/dags/dag_extract_catalogs.py
[2026-08-08T19:19:30.836+0000] {logging_mixin.py:190} INFO - [2026-08-08T19:19:30.836+0000] {dag.py:3239} INFO - Sync 1 DAGs
[2026-08-08T19:19:30.844+0000] {logging_mixin.py:190} INFO - [2026-08-08T19:19:30.843+0000] {dag.py:4180} INFO - Setting next_dagrun for dag_extract_catalogs to 2026-08-08 01:00:00+00:00, run_after=2026-08-09 01:00:00+00:00
[2026-08-08T19:19:30.848+0000] {processor.py:208} INFO - Processing /opt/airflow/dags/dag_extract_catalogs.py took 0.030 seconds
[2026-08-08T19:36:44.917+0000] {processor.py:186} INFO - Started process (PID=8137) to work on /opt/airflow/dags/dag_extract_catalogs.py
[2026-08-08T19:36:44.917+0000] {processor.py:914} INFO - Processing file /opt/airflow/dags/dag_extract_catalogs.py for tasks to queue
[2026-08-08T19:36:44.918+0000] {logging_mixin.py:190} INFO - [2026-08-08T19:36:44.917+0000] {dagbag.py:588} INFO - Filling up the DagBag from /opt/airflow/dags/dag_extract_catalogs.py
[2026-08-08T19:36:44.922+0000] {processor.py:925} INFO - DAG(s) 'dag_extract_catalogs' retrieved from /opt/airflow/dags/dag_extract_catalogs.py
[2026-08-08T19:36:44.932+0000] {logging_mixin.py:190} INFO - [2026-08-08T19:36:44.932+0000] {dag.py:3239} INFO - Sync 1 DAGs
[2026-08-08T19:36:44.941+0000] {logging_mixin.py:190} INFO - [2026-08-08T19:36:44.940+0000] {dag.py:4180} INFO - Setting next_dagrun for dag_extract_catalogs to 2026-08-08 01:00:00+00:00, run_after=2026-08-09 01:00:00+00:00
[2026-08-08T19:36:44.945+0000] {processor.py:208} INFO - Processing /opt/airflow/dags/dag_extract_catalogs.py took 0.031 seconds
[2026-08-08T20:09:05.988+0000] {processor.py:186} INFO - Started process (PID=8158) to work on /opt/airflow/dags/dag_extract_catalogs.py
[2026-08-08T20:09:05.991+0000] {processor.py:914} INFO - Processing file /opt/airflow/dags/dag_extract_catalogs.py for tasks to queue
[2026-08-08T20:09:05.992+0000] {logging_mixin.py:190} INFO - [2026-08-08T20:09:05.992+0000] {dagbag.py:588} INFO - Filling up the DagBag from /opt/airflow/dags/dag_extract_catalogs.py
[2026-08-08T20:09:05.999+0000] {processor.py:925} INFO - DAG(s) 'dag_extract_catalogs' retrieved from /opt/airflow/dags/dag_extract_catalogs.py
[2026-08-08T20:09:06.011+0000] {logging_mixin.py:190} INFO - [2026-08-08T20:09:06.010+0000] {dag.py:3239} INFO - Sync 1 DAGs
[2026-08-08T20:09:06.019+0000] {logging_mixin.py:190} INFO - [2026-08-08T20:09:06.019+0000] {dag.py:4180} INFO - Setting next_dagrun for dag_extract_catalogs to 2026-08-08 01:00:00+00:00, run_after=2026-08-09 01:00:00+00:00
[2026-08-08T20:09:06.026+0000] {processor.py:208} INFO - Processing /opt/airflow/dags/dag_extract_catalogs.py took 0.041 seconds
[2026-08-08T20:56:17.642+0000] {processor.py:186} INFO - Started process (PID=8180) to work on /opt/airflow/dags/dag_extract_catalogs.py
[2026-08-08T20:56:17.643+0000] {processor.py:914} INFO - Processing file /opt/airflow/dags/dag_extract_catalogs.py for tasks to queue
[2026-08-08T20:56:17.643+0000] {logging_mixin.py:190} INFO - [2026-08-08T20:56:17.643+0000] {dagbag.py:588} INFO - Filling up the DagBag from /opt/airflow/dags/dag_extract_catalogs.py
[2026-08-08T20:56:17.648+0000] {processor.py:925} INFO - DAG(s) 'dag_extract_catalogs' retrieved from /opt/airflow/dags/dag_extract_catalogs.py
[2026-08-08T20:56:17.658+0000] {logging_mixin.py:190} INFO - [2026-08-08T20:56:17.658+0000] {dag.py:3239} INFO - Sync 1 DAGs
[2026-08-08T20:56:17.665+0000] {logging_mixin.py:190} INFO - [2026-08-08T20:56:17.665+0000] {dag.py:4180} INFO - Setting next_dagrun for dag_extract_catalogs to 2026-08-08 01:00:00+00:00, run_after=2026-08-09 01:00:00+00:00
[2026-08-08T20:56:17.670+0000] {processor.py:208} INFO - Processing /opt/airflow/dags/dag_extract_catalogs.py took 0.031 seconds
[2026-08-08T22:01:29.567+0000] {processor.py:186} INFO - Started process (PID=8200) to work on /opt/airflow/dags/dag_extract_catalogs.py
[2026-08-08T22:01:29.568+0000] {processor.py:914} INFO - Processing file /opt/airflow/dags/dag_extract_catalogs.py for tasks to queue
[2026-08-08T22:01:29.568+0000] {logging_mixin.py:190} INFO - [2026-08-08T22:01:29.568+0000] {dagbag.py:588} INFO - Filling up the DagBag from /opt/airflow/dags/dag_extract_catalogs.py
[2026-08-08T22:01:29.573+0000] {processor.py:925} INFO - DAG(s) 'dag_extract_catalogs' retrieved from /opt/airflow/dags/dag_extract_catalogs.py
[2026-08-08T22:01:29.583+0000] {logging_mixin.py:190} INFO - [2026-08-08T22:01:29.583+0000] {dag.py:3239} INFO - Sync 1 DAGs
[2026-08-08T22:01:29.590+0000] {logging_mixin.py:190} INFO - [2026-08-08T22:01:29.590+0000] {dag.py:4180} INFO - Setting next_dagrun for dag_extract_catalogs to 2026-08-08 01:00:00+00:00, run_after=2026-08-09 01:00:00+00:00
[2026-08-08T22:01:29.595+0000] {processor.py:208} INFO - Processing /opt/airflow/dags/dag_extract_catalogs.py took 0.030 seconds
[2026-08-08T22:34:05.835+0000] {processor.py:186} INFO - Started process (PID=8226) to work on /opt/airflow/dags/dag_extract_catalogs.py
[2026-08-08T22:34:05.835+0000] {processor.py:914} INFO - Processing file /opt/airflow/dags/dag_extract_catalogs.py for tasks to queue
[2026-08-08T22:34:05.836+0000] {logging_mixin.py:190} INFO - [2026-08-08T22:34:05.836+0000] {dagbag.py:588} INFO - Filling up the DagBag from /opt/airflow/dags/dag_extract_catalogs.py
[2026-08-08T22:34:05.841+0000] {processor.py:925} INFO - DAG(s) 'dag_extract_catalogs' retrieved from /opt/airflow/dags/dag_extract_catalogs.py
[2026-08-08T22:34:05.851+0000] {logging_mixin.py:190} INFO - [2026-08-08T22:34:05.851+0000] {dag.py:3239} INFO - Sync 1 DAGs
[2026-08-08T22:34:05.858+0000] {logging_mixin.py:190} INFO - [2026-08-08T22:34:05.858+0000] {dag.py:4180} INFO - Setting next_dagrun for dag_extract_catalogs to 2026-08-08 01:00:00+00:00, run_after=2026-08-09 01:00:00+00:00
[2026-08-08T22:34:05.864+0000] {processor.py:208} INFO - Processing /opt/airflow/dags/dag_extract_catalogs.py took 0.031 seconds
[2026-08-08T23:08:30.415+0000] {processor.py:186} INFO - Started process (PID=8249) to work on /opt/airflow/dags/dag_extract_catalogs.py
[2026-08-08T23:08:30.416+0000] {processor.py:914} INFO - Processing file /opt/airflow/dags/dag_extract_catalogs.py for tasks to queue
[2026-08-08T23:08:30.416+0000] {logging_mixin.py:190} INFO - [2026-08-08T23:08:30.416+0000] {dagbag.py:588} INFO - Filling up the DagBag from /opt/airflow/dags/dag_extract_catalogs.py
[2026-08-08T23:08:30.421+0000] {processor.py:925} INFO - DAG(s) 'dag_extract_catalogs' retrieved from /opt/airflow/dags/dag_extract_catalogs.py
[2026-08-08T23:08:30.430+0000] {logging_mixin.py:190} INFO - [2026-08-08T23:08:30.430+0000] {dag.py:3239} INFO - Sync 1 DAGs
[2026-08-08T23:08:30.438+0000] {logging_mixin.py:190} INFO - [2026-08-08T23:08:30.438+0000] {dag.py:4180} INFO - Setting next_dagrun for dag_extract_catalogs to 2026-08-08 01:00:00+00:00, run_after=2026-08-09 01:00:00+00:00
[2026-08-08T23:08:30.442+0000] {processor.py:208} INFO - Processing /opt/airflow/dags/dag_extract_catalogs.py took 0.029 seconds
[2026-08-08T23:43:12.515+0000] {processor.py:186} INFO - Started process (PID=8270) to work on /opt/airflow/dags/dag_extract_catalogs.py
[2026-08-08T23:43:12.515+0000] {processor.py:914} INFO - Processing file /opt/airflow/dags/dag_extract_catalogs.py for tasks to queue
[2026-08-08T23:43:12.516+0000] {logging_mixin.py:190} INFO - [2026-08-08T23:43:12.516+0000] {dagbag.py:588} INFO - Filling up the DagBag from /opt/airflow/dags/dag_extract_catalogs.py
[2026-08-08T23:43:12.522+0000] {processor.py:925} INFO - DAG(s) 'dag_extract_catalogs' retrieved from /opt/airflow/dags/dag_extract_catalogs.py
[2026-08-08T23:43:12.534+0000] {logging_mixin.py:190} INFO - [2026-08-08T23:43:12.534+0000] {dag.py:3239} INFO - Sync 1 DAGs
[2026-08-08T23:43:12.543+0000] {logging_mixin.py:190} INFO - [2026-08-08T23:43:12.543+0000] {dag.py:4180} INFO - Setting next_dagrun for dag_extract_catalogs to 2026-08-08 01:00:00+00:00, run_after=2026-08-09 01:00:00+00:00
[2026-08-08T23:43:12.549+0000] {processor.py:208} INFO - Processing /opt/airflow/dags/dag_extract_catalogs.py took 0.037 seconds
[2026-08-08T23:43:43.041+0000] {processor.py:186} INFO - Started process (PID=8292) to work on /opt/airflow/dags/dag_extract_catalogs.py
[2026-08-08T23:43:43.041+0000] {processor.py:914} INFO - Processing file /opt/airflow/dags/dag_extract_catalogs.py for tasks to queue
[2026-08-08T23:43:43.042+0000] {logging_mixin.py:190} INFO - [2026-08-08T23:43:43.041+0000] {dagbag.py:588} INFO - Filling up the DagBag from /opt/airflow/dags/dag_extract_catalogs.py
[2026-08-08T23:43:43.046+0000] {processor.py:925} INFO - DAG(s) 'dag_extract_catalogs' retrieved from /opt/airflow/dags/dag_extract_catalogs.py
[2026-08-08T23:43:43.056+0000] {logging_mixin.py:190} INFO - [2026-08-08T23:43:43.056+0000] {dag.py:3239} INFO - Sync 1 DAGs
[2026-08-08T23:43:43.063+0000] {logging_mixin.py:190} INFO - [2026-08-08T23:43:43.063+0000] {dag.py:4180} INFO - Setting next_dagrun for dag_extract_catalogs to 2026-08-08 01:00:00+00:00, run_after=2026-08-09 01:00:00+00:00
[2026-08-08T23:43:43.068+0000] {processor.py:208} INFO - Processing /opt/airflow/dags/dag_extract_catalogs.py took 0.030 seconds
