[2026-08-08T00:16:16.148+0000] {processor.py:186} INFO - Started process (PID=7280) to work on /opt/airflow/dags/dag_extract_putevoy_list.py
[2026-08-08T00:16:16.149+0000] {processor.py:914} INFO - Processing file /opt/airflow/dags/dag_extract_putevoy_list.py for tasks to queue
[2026-08-08T00:16:16.149+0000] {logging_mixin.py:190} INFO - [2026-08-08T00:16:16.149+0000] {dagbag.py:588} INFO - Filling up the DagBag from /opt/airflow/dags/dag_extract_putevoy_list.py
[2026-08-08T00:16:16.160+0000] {processor.py:925} INFO - DAG(s) 'dag_extract_putevoy_list' retrieved from /opt/airflow/dags/dag_extract_putevoy_list.py
[2026-08-08T00:16:16.173+0000] {logging_mixin.py:190} INFO - [2026-08-08T00:16:16.172+0000] {dag.py:3239} INFO - Sync 1 DAGs
[2026-08-08T00:16:16.182+0000] {logging_mixin.py:190} INFO - [2026-08-08T00:16:16.182+0000] {dag.py:4180} INFO - Setting next_dagrun for dag_extract_putevoy_list to 2026-08-07 02:00:00+00:00, run_after=2026-08-08 02:00:00+00:00
[2026-08-08T00:16:16.192+0000] {processor.py:208} INFO - Processing /opt/airflow/dags/dag_extract_putevoy_list.py took 0.047 seconds
[2026-08-08T01:07:44.301+0000] {processor.py:186} INFO - Started process (PID=7315) to work on /opt/airflow/dags/dag_extract_putevoy_list.py
[2026-08-08T01:07:44.302+0000] {processor.py:914} INFO - Processing file /opt/airflow/dags/dag_extract_putevoy_list.py for tasks to queue
[2026-08-08T01:07:44.303+0000] {logging_mixin.py:190} INFO - [2026-08-08T01:07:44.303+0000] {dagbag.py:588} INFO - Filling up the DagBag from /opt/airflow/dags/dag_extract_putevoy_list.py
[2026-08-08T01:07:44.309+0000] {processor.py:925} INFO - DAG(s) 'dag_extract_putevoy_list' retrieved from /opt/airflow/dags/dag_extract_putevoy_list.py
[2026-08-08T01:07:44.325+0000] {logging_mixin.py:190} INFO - [2026-08-08T01:07:44.325+0000] {dag.py:3239} INFO - Sync 1 DAGs
[2026-08-08T01:07:44.337+0000] {logging_mixin.py:190} INFO - [2026-08-08T01:07:44.337+0000] {dag.py:4180} INFO - Setting next_dagrun for dag_extract_putevoy_list to 2026-08-07 02:00:00+00:00, run_after=2026-08-08 02:00:00+00:00
[2026-08-08T01:07:44.346+0000] {processor.py:208} INFO - Processing /opt/airflow/dags/dag_extract_putevoy_list.py took 0.048 seconds
[2026-08-08T01:58:35.567+0000] {processor.py:186} INFO - Started process (PID=7335) to work on /opt/airflow/dags/dag_extract_putevoy_list.py
[2026-08-08T01:58:35.568+0000] {processor.py:914} INFO - Processing file /opt/airflow/dags/dag_extract_putevoy_list.py for tasks to queue
[2026-08-08T01:58:35.568+0000] {logging_mixin.py:190} INFO - [2026-08-08T01:58:35.568+0000] {dagbag.py:588} INFO - Filling up the DagBag from /opt/airflow/dags/dag_extract_putevoy_list.py
[2026-08-08T01:58:35.574+0000] {processor.py:925} INFO - DAG(s) 'dag_extract_putevoy_list' retrieved from /opt/airflow/dags/dag_extract_putevoy_list.py
[2026-08-08T01:58:35.586+0000] {logging_mixin.py:190} INFO - [2026-08-08T01:58:35.586+0000] {dag.py:3239} INFO - Sync 1 DAGs
[2026-08-08T01:58:35.597+0000] {logging_mixin.py:190} INFO - [2026-08-08T01:58:35.597+0000] {dag.py:4180} INFO - Setting next_dagrun for dag_extract_putevoy_list to 2026-08-07 02:00:00+00:00, run_after=2026-08-08 02:00:00+00:00
[2026-08-08T01:58:35.603+0000] {processor.py:208} INFO - Processing /opt/airflow/dags/dag_extract_putevoy_list.py took 0.038 seconds
[2026-08-08T02:48:12.886+0000] {processor.py:186} INFO - Started process (PID=7358) to work on /opt/airflow/dags/dag_extract_putevoy_list.py
[2026-08-08T02:48:12.886+0000] {processor.py:914} INFO - Processing file /opt/airflow/dags/dag_extract_putevoy_list.py for tasks to queue
[2026-08-08T02:48:12.887+0000] {logging_mixin.py:190} INFO - [2026-08-08T02:48:12.887+0000] {dagbag.py:588} INFO - Filling up the DagBag from /opt/airflow/dags/dag_extract_putevoy_list.py
[2026-08-08T02:48:12.895+0000] {processor.py:925} INFO - DAG(s) 'dag_extract_putevoy_list' retrieved from /opt/airflow/dags/dag_extract_putevoy_list.py
[2026-08-08T02:48:12.910+0000] {logging_mixin.py:190} INFO - [2026-08-08T02:48:12.910+0000] {dag.py:3239} INFO - Sync 1 DAGs
[2026-08-08T02:48:12.920+0000] {logging_mixin.py:190} INFO - [2026-08-08T02:48:12.920+0000] {dag.py:4180} INFO - Setting next_dagrun for dag_extract_putevoy_list to 2026-08-07 02:00:00+00:00, run_after=2026-08-08 02:00:00+00:00
[2026-08-08T02:48:12.930+0000] {processor.py:208} INFO - Processing /opt/airflow/dags/dag_extract_putevoy_list.py took 0.048 seconds
[2026-08-08T03:17:10.000+0000] {processor.py:186} INFO - Started process (PID=7393) to work on /opt/airflow/dags/dag_extract_putevoy_list.py
[2026-08-08T03:17:10.001+0000] {processor.py:914} INFO - Processing file /opt/airflow/dags/dag_extract_putevoy_list.py for tasks to queue
[2026-08-08T03:17:10.002+0000] {logging_mixin.py:190} INFO - [2026-08-08T03:17:10.002+0000] {dagbag.py:588} INFO - Filling up the DagBag from /opt/airflow/dags/dag_extract_putevoy_list.py
[2026-08-08T03:17:10.013+0000] {processor.py:925} INFO - DAG(s) 'dag_extract_putevoy_list' retrieved from /opt/airflow/dags/dag_extract_putevoy_list.py
[2026-08-08T03:17:10.041+0000] {logging_mixin.py:190} INFO - [2026-08-08T03:17:10.041+0000] {dag.py:3239} INFO - Sync 1 DAGs
[2026-08-08T03:17:10.072+0000] {processor.py:208} INFO - Processing /opt/airflow/dags/dag_extract_putevoy_list.py took 0.077 seconds
[2026-08-08T04:06:45.601+0000] {processor.py:186} INFO - Started process (PID=7443) to work on /opt/airflow/dags/dag_extract_putevoy_list.py
[2026-08-08T04:06:45.602+0000] {processor.py:914} INFO - Processing file /opt/airflow/dags/dag_extract_putevoy_list.py for tasks to queue
[2026-08-08T04:06:45.603+0000] {logging_mixin.py:190} INFO - [2026-08-08T04:06:45.603+0000] {dagbag.py:588} INFO - Filling up the DagBag from /opt/airflow/dags/dag_extract_putevoy_list.py
[2026-08-08T04:06:45.608+0000] {processor.py:925} INFO - DAG(s) 'dag_extract_putevoy_list' retrieved from /opt/airflow/dags/dag_extract_putevoy_list.py
[2026-08-08T04:06:45.618+0000] {logging_mixin.py:190} INFO - [2026-08-08T04:06:45.618+0000] {dag.py:3239} INFO - Sync 1 DAGs
[2026-08-08T04:06:45.630+0000] {processor.py:208} INFO - Processing /opt/airflow/dags/dag_extract_putevoy_list.py took 0.036 seconds
[2026-08-08T05:18:09.101+0000] {processor.py:186} INFO - Started process (PID=7468) to work on /opt/airflow/dags/dag_extract_putevoy_list.py
[2026-08-08T05:18:09.103+0000] {processor.py:914} INFO - Processing file /opt/airflow/dags/dag_extract_putevoy_list.py for tasks to queue
[2026-08-08T05:18:09.104+0000] {logging_mixin.py:190} INFO - [2026-08-08T05:18:09.104+0000] {dagbag.py:588} INFO - Filling up the DagBag from /opt/airflow/dags/dag_extract_putevoy_list.py
[2026-08-08T05:18:09.113+0000] {processor.py:925} INFO - DAG(s) 'dag_extract_putevoy_list' retrieved from /opt/airflow/dags/dag_extract_putevoy_list.py
[2026-08-08T05:18:09.128+0000] {logging_mixin.py:190} INFO - [2026-08-08T05:18:09.128+0000] {dag.py:3239} INFO - Sync 1 DAGs
[2026-08-08T05:18:09.138+0000] {logging_mixin.py:190} INFO - [2026-08-08T05:18:09.138+0000] {dag.py:4180} INFO - Setting next_dagrun for dag_extract_putevoy_list to 2026-08-08 02:00:00+00:00, run_after=2026-08-09 02:00:00+00:00
[2026-08-08T05:18:09.149+0000] {processor.py:208} INFO - Processing /opt/airflow/dags/dag_extract_putevoy_list.py took 0.052 seconds
[2026-08-08T05:51:35.255+0000] {processor.py:186} INFO - Started process (PID=7509) to work on /opt/airflow/dags/dag_extract_putevoy_list.py
[2026-08-08T05:51:35.256+0000] {processor.py:914} INFO - Processing file /opt/airflow/dags/dag_extract_putevoy_list.py for tasks to queue
[2026-08-08T05:51:35.257+0000] {logging_mixin.py:190} INFO - [2026-08-08T05:51:35.257+0000] {dagbag.py:588} INFO - Filling up the DagBag from /opt/airflow/dags/dag_extract_putevoy_list.py
[2026-08-08T05:51:35.266+0000] {processor.py:925} INFO - DAG(s) 'dag_extract_putevoy_list' retrieved from /opt/airflow/dags/dag_extract_putevoy_list.py
[2026-08-08T05:51:35.278+0000] {logging_mixin.py:190} INFO - [2026-08-08T05:51:35.278+0000] {dag.py:3239} INFO - Sync 1 DAGs
[2026-08-08T05:51:35.288+0000] {logging_mixin.py:190} INFO - [2026-08-08T05:51:35.288+0000] {dag.py:4180} INFO - Setting next_dagrun for dag_extract_putevoy_list to 2026-08-08 02:00:00+00:00, run_after=2026-08-09 02:00:00+00:00
[2026-08-08T05:51:35.297+0000] {processor.py:208} INFO - Processing /opt/airflow/dags/dag_extract_putevoy_list.py took 0.046 seconds
[2026-08-08T05:52:05.764+0000] {processor.py:186} INFO - Started process (PID=7529) to work on /opt/airflow/dags/dag_extract_putevoy_list.py
[2026-08-08T05:52:05.766+0000] {processor.py:914} INFO - Processing file /opt/airflow/dags/dag_extract_putevoy_list.py for tasks to queue
[2026-08-08T05:52:05.767+0000] {logging_mixin.py:190} INFO - [2026-08-08T05:52:05.767+0000] {dagbag.py:588} INFO - Filling up the DagBag from /opt/airflow/dags/dag_extract_putevoy_list.py
[2026-08-08T05:52:05.775+0000] {processor.py:925} INFO - DAG(s) 'dag_extract_putevoy_list' retrieved from /opt/airflow/dags/dag_extract_putevoy_list.py
[2026-08-08T05:52:05.789+0000] {logging_mixin.py:190} INFO - [2026-08-08T05:52:05.789+0000] {dag.py:3239} INFO - Sync 1 DAGs
[2026-08-08T05:52:05.800+0000] {logging_mixin.py:190} INFO - [2026-08-08T05:52:05.800+0000] {dag.py:4180} INFO - Setting next_dagrun for dag_extract_putevoy_list to 2026-08-08 02:00:00+00:00, run_after=2026-08-09 02:00:00+00:00
[2026-08-08T05:52:05.808+0000] {processor.py:208} INFO - Processing /opt/airflow/dags/dag_extract_putevoy_list.py took 0.048 seconds
[2026-08-08T06:07:37.962+0000] {processor.py:186} INFO - Started process (PID=7552) to work on /opt/airflow/dags/dag_extract_putevoy_list.py
[2026-08-08T06:07:37.962+0000] {processor.py:914} INFO - Processing file /opt/airflow/dags/dag_extract_putevoy_list.py for tasks to queue
[2026-08-08T06:07:37.964+0000] {logging_mixin.py:190} INFO - [2026-08-08T06:07:37.963+0000] {dagbag.py:588} INFO - Filling up the DagBag from /opt/airflow/dags/dag_extract_putevoy_list.py
[2026-08-08T06:07:37.972+0000] {processor.py:925} INFO - DAG(s) 'dag_extract_putevoy_list' retrieved from /opt/airflow/dags/dag_extract_putevoy_list.py
[2026-08-08T06:07:37.985+0000] {logging_mixin.py:190} INFO - [2026-08-08T06:07:37.985+0000] {dag.py:3239} INFO - Sync 1 DAGs
[2026-08-08T06:07:37.994+0000] {logging_mixin.py:190} INFO - [2026-08-08T06:07:37.994+0000] {dag.py:4180} INFO - Setting next_dagrun for dag_extract_putevoy_list to 2026-08-08 02:00:00+00:00, run_after=2026-08-09 02:00:00+00:00
[2026-08-08T06:07:38.001+0000] {processor.py:208} INFO - Processing /opt/airflow/dags/dag_extract_putevoy_list.py took 0.042 seconds
[2026-08-08T06:19:36.503+0000] {processor.py:186} INFO - Started process (PID=7572) to work on /opt/airflow/dags/dag_extract_putevoy_list.py
[2026-08-08T06:19:36.504+0000] {processor.py:914} INFO - Processing file /opt/airflow/dags/dag_extract_putevoy_list.py for tasks to queue
[2026-08-08T06:19:36.505+0000] {logging_mixin.py:190} INFO - [2026-08-08T06:19:36.505+0000] {dagbag.py:588} INFO - Filling up the DagBag from /opt/airflow/dags/dag_extract_putevoy_list.py
[2026-08-08T06:19:36.511+0000] {processor.py:925} INFO - DAG(s) 'dag_extract_putevoy_list' retrieved from /opt/airflow/dags/dag_extract_putevoy_list.py
[2026-08-08T06:19:36.524+0000] {logging_mixin.py:190} INFO - [2026-08-08T06:19:36.524+0000] {dag.py:3239} INFO - Sync 1 DAGs
[2026-08-08T06:19:36.532+0000] {logging_mixin.py:190} INFO - [2026-08-08T06:19:36.532+0000] {dag.py:4180} INFO - Setting next_dagrun for dag_extract_putevoy_list to 2026-08-08 02:00:00+00:00, run_after=2026-08-09 02:00:00+00:00
[2026-08-08T06:19:36.539+0000] {processor.py:208} INFO - Processing /opt/airflow/dags/dag_extract_putevoy_list.py took 0.039 seconds
[2026-08-08T06:53:15.095+0000] {processor.py:186} INFO - Started process (PID=7595) to work on /opt/airflow/dags/dag_extract_putevoy_list.py
[2026-08-08T06:53:15.095+0000] {processor.py:914} INFO - Processing file /opt/airflow/dags/dag_extract_putevoy_list.py for tasks to queue
[2026-08-08T06:53:15.096+0000] {logging_mixin.py:190} INFO - [2026-08-08T06:53:15.096+0000] {dagbag.py:588} INFO - Filling up the DagBag from /opt/airflow/dags/dag_extract_putevoy_list.py
[2026-08-08T06:53:15.102+0000] {processor.py:925} INFO - DAG(s) 'dag_extract_putevoy_list' retrieved from /opt/airflow/dags/dag_extract_putevoy_list.py
[2026-08-08T06:53:15.113+0000] {logging_mixin.py:190} INFO - [2026-08-08T06:53:15.113+0000] {dag.py:3239} INFO - Sync 1 DAGs
[2026-08-08T06:53:15.122+0000] {logging_mixin.py:190} INFO - [2026-08-08T06:53:15.122+0000] {dag.py:4180} INFO - Setting next_dagrun for dag_extract_putevoy_list to 2026-08-08 02:00:00+00:00, run_after=2026-08-09 02:00:00+00:00
[2026-08-08T06:53:15.128+0000] {processor.py:208} INFO - Processing /opt/airflow/dags/dag_extract_putevoy_list.py took 0.037 seconds
[2026-08-08T07:20:09.176+0000] {processor.py:186} INFO - Started process (PID=7620) to work on /opt/airflow/dags/dag_extract_putevoy_list.py
[2026-08-08T07:20:09.177+0000] {processor.py:914} INFO - Processing file /opt/airflow/dags/dag_extract_putevoy_list.py for tasks to queue
[2026-08-08T07:20:09.179+0000] {logging_mixin.py:190} INFO - [2026-08-08T07:20:09.178+0000] {dagbag.py:588} INFO - Filling up the DagBag from /opt/airflow/dags/dag_extract_putevoy_list.py
[2026-08-08T07:20:09.188+0000] {processor.py:925} INFO - DAG(s) 'dag_extract_putevoy_list' retrieved from /opt/airflow/dags/dag_extract_putevoy_list.py
[2026-08-08T07:20:09.203+0000] {logging_mixin.py:190} INFO - [2026-08-08T07:20:09.203+0000] {dag.py:3239} INFO - Sync 1 DAGs
[2026-08-08T07:20:09.213+0000] {logging_mixin.py:190} INFO - [2026-08-08T07:20:09.212+0000] {dag.py:4180} INFO - Setting next_dagrun for dag_extract_putevoy_list to 2026-08-08 02:00:00+00:00, run_after=2026-08-09 02:00:00+00:00
[2026-08-08T07:20:09.220+0000] {processor.py:208} INFO - Processing /opt/airflow/dags/dag_extract_putevoy_list.py took 0.048 seconds
[2026-08-08T07:37:58.194+0000] {processor.py:186} INFO - Started process (PID=7643) to work on /opt/airflow/dags/dag_extract_putevoy_list.py
[2026-08-08T07:37:58.196+0000] {processor.py:914} INFO - Processing file /opt/airflow/dags/dag_extract_putevoy_list.py for tasks to queue
[2026-08-08T07:37:58.197+0000] {logging_mixin.py:190} INFO - [2026-08-08T07:37:58.197+0000] {dagbag.py:588} INFO - Filling up the DagBag from /opt/airflow/dags/dag_extract_putevoy_list.py
[2026-08-08T07:37:58.208+0000] {processor.py:925} INFO - DAG(s) 'dag_extract_putevoy_list' retrieved from /opt/airflow/dags/dag_extract_putevoy_list.py
[2026-08-08T07:37:58.224+0000] {logging_mixin.py:190} INFO - [2026-08-08T07:37:58.224+0000] {dag.py:3239} INFO - Sync 1 DAGs
[2026-08-08T07:37:58.235+0000] {logging_mixin.py:190} INFO - [2026-08-08T07:37:58.235+0000] {dag.py:4180} INFO - Setting next_dagrun for dag_extract_putevoy_list to 2026-08-08 02:00:00+00:00, run_after=2026-08-09 02:00:00+00:00
[2026-08-08T07:37:58.243+0000] {processor.py:208} INFO - Processing /opt/airflow/dags/dag_extract_putevoy_list.py took 0.053 seconds
[2026-08-08T08:21:06.198+0000] {processor.py:186} INFO - Started process (PID=7666) to work on /opt/airflow/dags/dag_extract_putevoy_list.py
[2026-08-08T08:21:06.198+0000] {processor.py:914} INFO - Processing file /opt/airflow/dags/dag_extract_putevoy_list.py for tasks to queue
[2026-08-08T08:21:06.199+0000] {logging_mixin.py:190} INFO - [2026-08-08T08:21:06.199+0000] {dagbag.py:588} INFO - Filling up the DagBag from /opt/airflow/dags/dag_extract_putevoy_list.py
[2026-08-08T08:21:06.207+0000] {processor.py:925} INFO - DAG(s) 'dag_extract_putevoy_list' retrieved from /opt/airflow/dags/dag_extract_putevoy_list.py
[2026-08-08T08:21:06.220+0000] {logging_mixin.py:190} INFO - [2026-08-08T08:21:06.220+0000] {dag.py:3239} INFO - Sync 1 DAGs
[2026-08-08T08:21:06.232+0000] {logging_mixin.py:190} INFO - [2026-08-08T08:21:06.231+0000] {dag.py:4180} INFO - Setting next_dagrun for dag_extract_putevoy_list to 2026-08-08 02:00:00+00:00, run_after=2026-08-09 02:00:00+00:00
[2026-08-08T08:21:06.238+0000] {processor.py:208} INFO - Processing /opt/airflow/dags/dag_extract_putevoy_list.py took 0.044 seconds
[2026-08-08T08:29:17.078+0000] {processor.py:186} INFO - Started process (PID=7689) to work on /opt/airflow/dags/dag_extract_putevoy_list.py
[2026-08-08T08:29:17.078+0000] {processor.py:914} INFO - Processing file /opt/airflow/dags/dag_extract_putevoy_list.py for tasks to queue
[2026-08-08T08:29:17.079+0000] {logging_mixin.py:190} INFO - [2026-08-08T08:29:17.079+0000] {dagbag.py:588} INFO - Filling up the DagBag from /opt/airflow/dags/dag_extract_putevoy_list.py
[2026-08-08T08:29:17.086+0000] {processor.py:925} INFO - DAG(s) 'dag_extract_putevoy_list' retrieved from /opt/airflow/dags/dag_extract_putevoy_list.py
[2026-08-08T08:29:17.100+0000] {logging_mixin.py:190} INFO - [2026-08-08T08:29:17.100+0000] {dag.py:3239} INFO - Sync 1 DAGs
[2026-08-08T08:29:17.110+0000] {logging_mixin.py:190} INFO - [2026-08-08T08:29:17.110+0000] {dag.py:4180} INFO - Setting next_dagrun for dag_extract_putevoy_list to 2026-08-08 02:00:00+00:00, run_after=2026-08-09 02:00:00+00:00
[2026-08-08T08:29:17.115+0000] {processor.py:208} INFO - Processing /opt/airflow/dags/dag_extract_putevoy_list.py took 0.042 seconds
[2026-08-08T09:01:30.330+0000] {processor.py:186} INFO - Started process (PID=7714) to work on /opt/airflow/dags/dag_extract_putevoy_list.py
[2026-08-08T09:01:30.331+0000] {processor.py:914} INFO - Processing file /opt/airflow/dags/dag_extract_putevoy_list.py for tasks to queue
[2026-08-08T09:01:30.332+0000] {logging_mixin.py:190} INFO - [2026-08-08T09:01:30.332+0000] {dagbag.py:588} INFO - Filling up the DagBag from /opt/airflow/dags/dag_extract_putevoy_list.py
[2026-08-08T09:01:30.341+0000] {processor.py:925} INFO - DAG(s) 'dag_extract_putevoy_list' retrieved from /opt/airflow/dags/dag_extract_putevoy_list.py
[2026-08-08T09:01:30.355+0000] {logging_mixin.py:190} INFO - [2026-08-08T09:01:30.355+0000] {dag.py:3239} INFO - Sync 1 DAGs
[2026-08-08T09:01:30.366+0000] {logging_mixin.py:190} INFO - [2026-08-08T09:01:30.366+0000] {dag.py:4180} INFO - Setting next_dagrun for dag_extract_putevoy_list to 2026-08-08 02:00:00+00:00, run_after=2026-08-09 02:00:00+00:00
[2026-08-08T09:01:30.374+0000] {processor.py:208} INFO - Processing /opt/airflow/dags/dag_extract_putevoy_list.py took 0.048 seconds
[2026-08-08T09:37:52.360+0000] {processor.py:186} INFO - Started process (PID=7737) to work on /opt/airflow/dags/dag_extract_putevoy_list.py
[2026-08-08T09:37:52.361+0000] {processor.py:914} INFO - Processing file /opt/airflow/dags/dag_extract_putevoy_list.py for tasks to queue
[2026-08-08T09:37:52.362+0000] {logging_mixin.py:190} INFO - [2026-08-08T09:37:52.362+0000] {dagbag.py:588} INFO - Filling up the DagBag from /opt/airflow/dags/dag_extract_putevoy_list.py
[2026-08-08T09:37:52.372+0000] {processor.py:925} INFO - DAG(s) 'dag_extract_putevoy_list' retrieved from /opt/airflow/dags/dag_extract_putevoy_list.py
[2026-08-08T09:37:52.391+0000] {logging_mixin.py:190} INFO - [2026-08-08T09:37:52.391+0000] {dag.py:3239} INFO - Sync 1 DAGs
[2026-08-08T09:37:52.402+0000] {logging_mixin.py:190} INFO - [2026-08-08T09:37:52.402+0000] {dag.py:4180} INFO - Setting next_dagrun for dag_extract_putevoy_list to 2026-08-08 02:00:00+00:00, run_after=2026-08-09 02:00:00+00:00
[2026-08-08T09:37:52.409+0000] {processor.py:208} INFO - Processing /opt/airflow/dags/dag_extract_putevoy_list.py took 0.053 seconds
[2026-08-08T09:54:26.435+0000] {processor.py:186} INFO - Started process (PID=7760) to work on /opt/airflow/dags/dag_extract_putevoy_list.py
[2026-08-08T09:54:26.435+0000] {processor.py:914} INFO - Processing file /opt/airflow/dags/dag_extract_putevoy_list.py for tasks to queue
[2026-08-08T09:54:26.437+0000] {logging_mixin.py:190} INFO - [2026-08-08T09:54:26.437+0000] {dagbag.py:588} INFO - Filling up the DagBag from /opt/airflow/dags/dag_extract_putevoy_list.py
[2026-08-08T09:54:26.444+0000] {processor.py:925} INFO - DAG(s) 'dag_extract_putevoy_list' retrieved from /opt/airflow/dags/dag_extract_putevoy_list.py
[2026-08-08T09:54:26.459+0000] {logging_mixin.py:190} INFO - [2026-08-08T09:54:26.459+0000] {dag.py:3239} INFO - Sync 1 DAGs
[2026-08-08T09:54:26.468+0000] {logging_mixin.py:190} INFO - [2026-08-08T09:54:26.468+0000] {dag.py:4180} INFO - Setting next_dagrun for dag_extract_putevoy_list to 2026-08-08 02:00:00+00:00, run_after=2026-08-09 02:00:00+00:00
[2026-08-08T09:54:26.474+0000] {processor.py:208} INFO - Processing /opt/airflow/dags/dag_extract_putevoy_list.py took 0.043 seconds
[2026-08-08T10:10:39.998+0000] {processor.py:186} INFO - Started process (PID=7783) to work on /opt/airflow/dags/dag_extract_putevoy_list.py
[2026-08-08T10:10:40.000+0000] {processor.py:914} INFO - Processing file /opt/airflow/dags/dag_extract_putevoy_list.py for tasks to queue
[2026-08-08T10:10:40.001+0000] {logging_mixin.py:190} INFO - [2026-08-08T10:10:40.001+0000] {dagbag.py:588} INFO - Filling up the DagBag from /opt/airflow/dags/dag_extract_putevoy_list.py
[2026-08-08T10:10:40.009+0000] {processor.py:925} INFO - DAG(s) 'dag_extract_putevoy_list' retrieved from /opt/airflow/dags/dag_extract_putevoy_list.py
[2026-08-08T10:10:40.022+0000] {logging_mixin.py:190} INFO - [2026-08-08T10:10:40.022+0000] {dag.py:3239} INFO - Sync 1 DAGs
[2026-08-08T10:10:40.030+0000] {logging_mixin.py:190} INFO - [2026-08-08T10:10:40.030+0000] {dag.py:4180} INFO - Setting next_dagrun for dag_extract_putevoy_list to 2026-08-08 02:00:00+00:00, run_after=2026-08-09 02:00:00+00:00
[2026-08-08T10:10:40.040+0000] {processor.py:208} INFO - Processing /opt/airflow/dags/dag_extract_putevoy_list.py took 0.044 seconds
[2026-08-08T10:56:36.155+0000] {processor.py:186} INFO - Started process (PID=7803) to work on /opt/airflow/dags/dag_extract_putevoy_list.py
[2026-08-08T10:56:36.156+0000] {processor.py:914} INFO - Processing file /opt/airflow/dags/dag_extract_putevoy_list.py for tasks to queue
[2026-08-08T10:56:36.157+0000] {logging_mixin.py:190} INFO - [2026-08-08T10:56:36.157+0000] {dagbag.py:588} INFO - Filling up the DagBag from /opt/airflow/dags/dag_extract_putevoy_list.py
[2026-08-08T10:56:36.167+0000] {processor.py:925} INFO - DAG(s) 'dag_extract_putevoy_list' retrieved from /opt/airflow/dags/dag_extract_putevoy_list.py
[2026-08-08T10:56:36.184+0000] {logging_mixin.py:190} INFO - [2026-08-08T10:56:36.183+0000] {dag.py:3239} INFO - Sync 1 DAGs
[2026-08-08T10:56:36.195+0000] {logging_mixin.py:190} INFO - [2026-08-08T10:56:36.194+0000] {dag.py:4180} INFO - Setting next_dagrun for dag_extract_putevoy_list to 2026-08-08 02:00:00+00:00, run_after=2026-08-09 02:00:00+00:00
[2026-08-08T10:56:36.202+0000] {processor.py:208} INFO - Processing /opt/airflow/dags/dag_extract_putevoy_list.py took 0.050 seconds
[2026-08-08T11:24:07.244+0000] {processor.py:186} INFO - Started process (PID=7826) to work on /opt/airflow/dags/dag_extract_putevoy_list.py
[2026-08-08T11:24:07.245+0000] {processor.py:914} INFO - Processing file /opt/airflow/dags/dag_extract_putevoy_list.py for tasks to queue
[2026-08-08T11:24:07.245+0000] {logging_mixin.py:190} INFO - [2026-08-08T11:24:07.245+0000] {dagbag.py:588} INFO - Filling up the DagBag from /opt/airflow/dags/dag_extract_putevoy_list.py
[2026-08-08T11:24:07.252+0000] {processor.py:925} INFO - DAG(s) 'dag_extract_putevoy_list' retrieved from /opt/airflow/dags/dag_extract_putevoy_list.py
[2026-08-08T11:24:07.263+0000] {logging_mixin.py:190} INFO - [2026-08-08T11:24:07.263+0000] {dag.py:3239} INFO - Sync 1 DAGs
[2026-08-08T11:24:07.273+0000] {logging_mixin.py:190} INFO - [2026-08-08T11:24:07.272+0000] {dag.py:4180} INFO - Setting next_dagrun for dag_extract_putevoy_list to 2026-08-08 02:00:00+00:00, run_after=2026-08-09 02:00:00+00:00
[2026-08-08T11:24:07.278+0000] {processor.py:208} INFO - Processing /opt/airflow/dags/dag_extract_putevoy_list.py took 0.037 seconds
[2026-08-08T12:15:51.421+0000] {processor.py:186} INFO - Started process (PID=7849) to work on /opt/airflow/dags/dag_extract_putevoy_list.py
[2026-08-08T12:15:51.422+0000] {processor.py:914} INFO - Processing file /opt/airflow/dags/dag_extract_putevoy_list.py for tasks to queue
[2026-08-08T12:15:51.423+0000] {logging_mixin.py:190} INFO - [2026-08-08T12:15:51.423+0000] {dagbag.py:588} INFO - Filling up the DagBag from /opt/airflow/dags/dag_extract_putevoy_list.py
[2026-08-08T12:15:51.430+0000] {processor.py:925} INFO - DAG(s) 'dag_extract_putevoy_list' retrieved from /opt/airflow/dags/dag_extract_putevoy_list.py
[2026-08-08T12:15:51.442+0000] {logging_mixin.py:190} INFO - [2026-08-08T12:15:51.442+0000] {dag.py:3239} INFO - Sync 1 DAGs
[2026-08-08T12:15:51.451+0000] {logging_mixin.py:190} INFO - [2026-08-08T12:15:51.451+0000] {dag.py:4180} INFO - Setting next_dagrun for dag_extract_putevoy_list to 2026-08-08 02:00:00+00:00, run_after=2026-08-09 02:00:00+00:00
[2026-08-08T12:15:51.460+0000] {processor.py:208} INFO - Processing /opt/airflow/dags/dag_extract_putevoy_list.py took 0.042 seconds
[2026-08-08T12:40:18.472+0000] {processor.py:186} INFO - Started process (PID=7869) to work on /opt/airflow/dags/dag_extract_putevoy_list.py
[2026-08-08T12:40:18.472+0000] {processor.py:914} INFO - Processing file /opt/airflow/dags/dag_extract_putevoy_list.py for tasks to queue
[2026-08-08T12:40:18.474+0000] {logging_mixin.py:190} INFO - [2026-08-08T12:40:18.473+0000] {dagbag.py:588} INFO - Filling up the DagBag from /opt/airflow/dags/dag_extract_putevoy_list.py
[2026-08-08T12:40:18.482+0000] {processor.py:925} INFO - DAG(s) 'dag_extract_putevoy_list' retrieved from /opt/airflow/dags/dag_extract_putevoy_list.py
[2026-08-08T12:40:18.498+0000] {logging_mixin.py:190} INFO - [2026-08-08T12:40:18.498+0000] {dag.py:3239} INFO - Sync 1 DAGs
[2026-08-08T12:40:18.510+0000] {logging_mixin.py:190} INFO - [2026-08-08T12:40:18.510+0000] {dag.py:4180} INFO - Setting next_dagrun for dag_extract_putevoy_list to 2026-08-08 02:00:00+00:00, run_after=2026-08-09 02:00:00+00:00
[2026-08-08T12:40:18.519+0000] {processor.py:208} INFO - Processing /opt/airflow/dags/dag_extract_putevoy_list.py took 0.051 seconds
[2026-08-08T13:26:04.656+0000] {processor.py:186} INFO - Started process (PID=7895) to work on /opt/airflow/dags/dag_extract_putevoy_list.py
[2026-08-08T13:26:04.657+0000] {processor.py:914} INFO - Processing file /opt/airflow/dags/dag_extract_putevoy_list.py for tasks to queue
[2026-08-08T13:26:04.658+0000] {logging_mixin.py:190} INFO - [2026-08-08T13:26:04.658+0000] {dagbag.py:588} INFO - Filling up the DagBag from /opt/airflow/dags/dag_extract_putevoy_list.py
[2026-08-08T13:26:04.666+0000] {processor.py:925} INFO - DAG(s) 'dag_extract_putevoy_list' retrieved from /opt/airflow/dags/dag_extract_putevoy_list.py
[2026-08-08T13:26:04.679+0000] {logging_mixin.py:190} INFO - [2026-08-08T13:26:04.679+0000] {dag.py:3239} INFO - Sync 1 DAGs
[2026-08-08T13:26:04.689+0000] {logging_mixin.py:190} INFO - [2026-08-08T13:26:04.689+0000] {dag.py:4180} INFO - Setting next_dagrun for dag_extract_putevoy_list to 2026-08-08 02:00:00+00:00, run_after=2026-08-09 02:00:00+00:00
[2026-08-08T13:26:04.696+0000] {processor.py:208} INFO - Processing /opt/airflow/dags/dag_extract_putevoy_list.py took 0.044 seconds
[2026-08-08T13:58:52.962+0000] {processor.py:186} INFO - Started process (PID=7915) to work on /opt/airflow/dags/dag_extract_putevoy_list.py
[2026-08-08T13:58:52.963+0000] {processor.py:914} INFO - Processing file /opt/airflow/dags/dag_extract_putevoy_list.py for tasks to queue
[2026-08-08T13:58:52.963+0000] {logging_mixin.py:190} INFO - [2026-08-08T13:58:52.963+0000] {dagbag.py:588} INFO - Filling up the DagBag from /opt/airflow/dags/dag_extract_putevoy_list.py
[2026-08-08T13:58:52.974+0000] {processor.py:925} INFO - DAG(s) 'dag_extract_putevoy_list' retrieved from /opt/airflow/dags/dag_extract_putevoy_list.py
[2026-08-08T13:58:52.990+0000] {logging_mixin.py:190} INFO - [2026-08-08T13:58:52.990+0000] {dag.py:3239} INFO - Sync 1 DAGs
[2026-08-08T13:58:53.003+0000] {logging_mixin.py:190} INFO - [2026-08-08T13:58:53.003+0000] {dag.py:4180} INFO - Setting next_dagrun for dag_extract_putevoy_list to 2026-08-08 02:00:00+00:00, run_after=2026-08-09 02:00:00+00:00
[2026-08-08T13:58:53.012+0000] {processor.py:208} INFO - Processing /opt/airflow/dags/dag_extract_putevoy_list.py took 0.054 seconds
[2026-08-08T14:42:39.644+0000] {processor.py:186} INFO - Started process (PID=7941) to work on /opt/airflow/dags/dag_extract_putevoy_list.py
[2026-08-08T14:42:39.644+0000] {processor.py:914} INFO - Processing file /opt/airflow/dags/dag_extract_putevoy_list.py for tasks to queue
[2026-08-08T14:42:39.644+0000] {logging_mixin.py:190} INFO - [2026-08-08T14:42:39.644+0000] {dagbag.py:588} INFO - Filling up the DagBag from /opt/airflow/dags/dag_extract_putevoy_list.py
[2026-08-08T14:42:39.650+0000] {processor.py:925} INFO - DAG(s) 'dag_extract_putevoy_list' retrieved from /opt/airflow/dags/dag_extract_putevoy_list.py
[2026-08-08T14:42:39.660+0000] {logging_mixin.py:190} INFO - [2026-08-08T14:42:39.659+0000] {dag.py:3239} INFO - Sync 1 DAGs
[2026-08-08T14:42:39.668+0000] {logging_mixin.py:190} INFO - [2026-08-08T14:42:39.668+0000] {dag.py:4180} INFO - Setting next_dagrun for dag_extract_putevoy_list to 2026-08-08 02:00:00+00:00, run_after=2026-08-09 02:00:00+00:00
[2026-08-08T14:42:39.674+0000] {processor.py:208} INFO - Processing /opt/airflow/dags/dag_extract_putevoy_list.py took 0.033 seconds
[2026-08-08T15:43:55.713+0000] {processor.py:186} INFO - Started process (PID=7964) to work on /opt/airflow/dags/dag_extract_putevoy_list.py
[2026-08-08T15:43:55.713+0000] {processor.py:914} INFO - Processing file /opt/airflow/dags/dag_extract_putevoy_list.py for tasks to queue
[2026-08-08T15:43:55.714+0000] {logging_mixin.py:190} INFO - [2026-08-08T15:43:55.714+0000] {dagbag.py:588} INFO - Filling up the DagBag from /opt/airflow/dags/dag_extract_putevoy_list.py
[2026-08-08T15:43:55.719+0000] {processor.py:925} INFO - DAG(s) 'dag_extract_putevoy_list' retrieved from /opt/airflow/dags/dag_extract_putevoy_list.py
[2026-08-08T15:43:55.728+0000] {logging_mixin.py:190} INFO - [2026-08-08T15:43:55.728+0000] {dag.py:3239} INFO - Sync 1 DAGs
[2026-08-08T15:43:55.737+0000] {logging_mixin.py:190} INFO - [2026-08-08T15:43:55.737+0000] {dag.py:4180} INFO - Setting next_dagrun for dag_extract_putevoy_list to 2026-08-08 02:00:00+00:00, run_after=2026-08-09 02:00:00+00:00
[2026-08-08T15:43:55.747+0000] {processor.py:208} INFO - Processing /opt/airflow/dags/dag_extract_putevoy_list.py took 0.037 seconds
[2026-08-08T16:17:06.925+0000] {processor.py:186} INFO - Started process (PID=7987) to work on /opt/airflow/dags/dag_extract_putevoy_list.py
[2026-08-08T16:17:06.926+0000] {processor.py:914} INFO - Processing file /opt/airflow/dags/dag_extract_putevoy_list.py for tasks to queue
[2026-08-08T16:17:06.926+0000] {logging_mixin.py:190} INFO - [2026-08-08T16:17:06.926+0000] {dagbag.py:588} INFO - Filling up the DagBag from /opt/airflow/dags/dag_extract_putevoy_list.py
[2026-08-08T16:17:06.932+0000] {processor.py:925} INFO - DAG(s) 'dag_extract_putevoy_list' retrieved from /opt/airflow/dags/dag_extract_putevoy_list.py
[2026-08-08T16:17:06.943+0000] {logging_mixin.py:190} INFO - [2026-08-08T16:17:06.943+0000] {dag.py:3239} INFO - Sync 1 DAGs
[2026-08-08T16:17:06.952+0000] {logging_mixin.py:190} INFO - [2026-08-08T16:17:06.952+0000] {dag.py:4180} INFO - Setting next_dagrun for dag_extract_putevoy_list to 2026-08-08 02:00:00+00:00, run_after=2026-08-09 02:00:00+00:00
[2026-08-08T16:17:06.959+0000] {processor.py:208} INFO - Processing /opt/airflow/dags/dag_extract_putevoy_list.py took 0.036 seconds
[2026-08-08T16:42:16.774+0000] {processor.py:186} INFO - Started process (PID=8010) to work on /opt/airflow/dags/dag_extract_putevoy_list.py
[2026-08-08T16:42:16.775+0000] {processor.py:914} INFO - Processing file /opt/airflow/dags/dag_extract_putevoy_list.py for tasks to queue
[2026-08-08T16:42:16.776+0000] {logging_mixin.py:190} INFO - [2026-08-08T16:42:16.776+0000] {dagbag.py:588} INFO - Filling up the DagBag from /opt/airflow/dags/dag_extract_putevoy_list.py
[2026-08-08T16:42:16.787+0000] {processor.py:925} INFO - DAG(s) 'dag_extract_putevoy_list' retrieved from /opt/airflow/dags/dag_extract_putevoy_list.py
[2026-08-08T16:42:16.801+0000] {logging_mixin.py:190} INFO - [2026-08-08T16:42:16.801+0000] {dag.py:3239} INFO - Sync 1 DAGs
[2026-08-08T16:42:16.811+0000] {logging_mixin.py:190} INFO - [2026-08-08T16:42:16.810+0000] {dag.py:4180} INFO - Setting next_dagrun for dag_extract_putevoy_list to 2026-08-08 02:00:00+00:00, run_after=2026-08-09 02:00:00+00:00
[2026-08-08T16:42:16.818+0000] {processor.py:208} INFO - Processing /opt/airflow/dags/dag_extract_putevoy_list.py took 0.047 seconds
[2026-08-08T16:59:30.341+0000] {processor.py:186} INFO - Started process (PID=8033) to work on /opt/airflow/dags/dag_extract_putevoy_list.py
[2026-08-08T16:59:30.342+0000] {processor.py:914} INFO - Processing file /opt/airflow/dags/dag_extract_putevoy_list.py for tasks to queue
[2026-08-08T16:59:30.343+0000] {logging_mixin.py:190} INFO - [2026-08-08T16:59:30.343+0000] {dagbag.py:588} INFO - Filling up the DagBag from /opt/airflow/dags/dag_extract_putevoy_list.py
[2026-08-08T16:59:30.352+0000] {processor.py:925} INFO - DAG(s) 'dag_extract_putevoy_list' retrieved from /opt/airflow/dags/dag_extract_putevoy_list.py
[2026-08-08T16:59:30.363+0000] {logging_mixin.py:190} INFO - [2026-08-08T16:59:30.363+0000] {dag.py:3239} INFO - Sync 1 DAGs
[2026-08-08T16:59:30.372+0000] {logging_mixin.py:190} INFO - [2026-08-08T16:59:30.372+0000] {dag.py:4180} INFO - Setting next_dagrun for dag_extract_putevoy_list to 2026-08-08 02:00:00+00:00, run_after=2026-08-09 02:00:00+00:00
[2026-08-08T16:59:30.380+0000] {processor.py:208} INFO - Processing /opt/airflow/dags/dag_extract_putevoy_list.py took 0.042 seconds
[2026-08-08T17:30:04.475+0000] {processor.py:186} INFO - Started process (PID=8056) to work on /opt/airflow/dags/dag_extract_putevoy_list.py
[2026-08-08T17:30:04.475+0000] {processor.py:914} INFO - Processing file /opt/airflow/dags/dag_extract_putevoy_list.py for tasks to queue
[2026-08-08T17:30:04.476+0000] {logging_mixin.py:190} INFO - [2026-08-08T17:30:04.476+0000] {dagbag.py:588} INFO - Filling up the DagBag from /opt/airflow/dags/dag_extract_putevoy_list.py
[2026-08-08T17:30:04.482+0000] {processor.py:925} INFO - DAG(s) 'dag_extract_putevoy_list' retrieved from /opt/airflow/dags/dag_extract_putevoy_list.py
[2026-08-08T17:30:04.496+0000] {logging_mixin.py:190} INFO - [2026-08-08T17:30:04.496+0000] {dag.py:3239} INFO - Sync 1 DAGs
[2026-08-08T17:30:04.505+0000] {logging_mixin.py:190} INFO - [2026-08-08T17:30:04.505+0000] {dag.py:4180} INFO - Setting next_dagrun for dag_extract_putevoy_list to 2026-08-08 02:00:00+00:00, run_after=2026-08-09 02:00:00+00:00
[2026-08-08T17:30:04.512+0000] {processor.py:208} INFO - Processing /opt/airflow/dags/dag_extract_putevoy_list.py took 0.042 seconds
[2026-08-08T18:03:04.925+0000] {processor.py:186} INFO - Started process (PID=8079) to work on /opt/airflow/dags/dag_extract_putevoy_list.py
[2026-08-08T18:03:04.925+0000] {processor.py:914} INFO - Processing file /opt/airflow/dags/dag_extract_putevoy_list.py for tasks to queue
[2026-08-08T18:03:04.926+0000] {logging_mixin.py:190} INFO - [2026-08-08T18:03:04.926+0000] {dagbag.py:588} INFO - Filling up the DagBag from /opt/airflow/dags/dag_extract_putevoy_list.py
[2026-08-08T18:03:04.935+0000] {processor.py:925} INFO - DAG(s) 'dag_extract_putevoy_list' retrieved from /opt/airflow/dags/dag_extract_putevoy_list.py
[2026-08-08T18:03:04.948+0000] {logging_mixin.py:190} INFO - [2026-08-08T18:03:04.948+0000] {dag.py:3239} INFO - Sync 1 DAGs
[2026-08-08T18:03:04.957+0000] {logging_mixin.py:190} INFO - [2026-08-08T18:03:04.957+0000] {dag.py:4180} INFO - Setting next_dagrun for dag_extract_putevoy_list to 2026-08-08 02:00:00+00:00, run_after=2026-08-09 02:00:00+00:00
[2026-08-08T18:03:04.962+0000] {processor.py:208} INFO - Processing /opt/airflow/dags/dag_extract_putevoy_list.py took 0.041 seconds
[2026-08-08T19:19:30.730+0000] {processor.py:186} INFO - Started process (PID=8099) to work on /opt/airflow/dags/dag_extract_putevoy_list.py
[2026-08-08T19:19:30.731+0000] {processor.py:914} INFO - Processing file /opt/airflow/dags/dag_extract_putevoy_list.py for tasks to queue
[2026-08-08T19:19:30.732+0000] {logging_mixin.py:190} INFO - [2026-08-08T19:19:30.732+0000] {dagbag.py:588} INFO - Filling up the DagBag from /opt/airflow/dags/dag_extract_putevoy_list.py
[2026-08-08T19:19:30.742+0000] {processor.py:925} INFO - DAG(s) 'dag_extract_putevoy_list' retrieved from /opt/airflow/dags/dag_extract_putevoy_list.py
[2026-08-08T19:19:30.755+0000] {logging_mixin.py:190} INFO - [2026-08-08T19:19:30.755+0000] {dag.py:3239} INFO - Sync 1 DAGs
[2026-08-08T19:19:30.764+0000] {logging_mixin.py:190} INFO - [2026-08-08T19:19:30.764+0000] {dag.py:4180} INFO - Setting next_dagrun for dag_extract_putevoy_list to 2026-08-08 02:00:00+00:00, run_after=2026-08-09 02:00:00+00:00
[2026-08-08T19:19:30.772+0000] {processor.py:208} INFO - Processing /opt/airflow/dags/dag_extract_putevoy_list.py took 0.044 seconds
[2026-08-08T19:36:44.835+0000] {processor.py:186} INFO - Started process (PID=8125) to work on /opt/airflow/dags/dag_extract_putevoy_list.py
[2026-08-08T19:36:44.836+0000] {processor.py:914} INFO - Processing file /opt/airflow/dags/dag_extract_putevoy_list.py for tasks to queue
[2026-08-08T19:36:44.836+0000] {logging_mixin.py:190} INFO - [2026-08-08T19:36:44.836+0000] {dagbag.py:588} INFO - Filling up the DagBag from /opt/airflow/dags/dag_extract_putevoy_list.py
[2026-08-08T19:36:44.842+0000] {processor.py:925} INFO - DAG(s) 'dag_extract_putevoy_list' retrieved from /opt/airflow/dags/dag_extract_putevoy_list.py
[2026-08-08T19:36:44.853+0000] {logging_mixin.py:190} INFO - [2026-08-08T19:36:44.853+0000] {dag.py:3239} INFO - Sync 1 DAGs
[2026-08-08T19:36:44.862+0000] {logging_mixin.py:190} INFO - [2026-08-08T19:36:44.862+0000] {dag.py:4180} INFO - Setting next_dagrun for dag_extract_putevoy_list to 2026-08-08 02:00:00+00:00, run_after=2026-08-09 02:00:00+00:00
[2026-08-08T19:36:44.868+0000] {processor.py:208} INFO - Processing /opt/airflow/dags/dag_extract_putevoy_list.py took 0.037 seconds
[2026-08-08T20:09:05.934+0000] {processor.py:186} INFO - Started process (PID=8146) to work on /opt/airflow/dags/dag_extract_putevoy_list.py
[2026-08-08T20:09:05.935+0000] {processor.py:914} INFO - Processing file /opt/airflow/dags/dag_extract_putevoy_list.py for tasks to queue
[2026-08-08T20:09:05.935+0000] {logging_mixin.py:190} INFO - [2026-08-08T20:09:05.935+0000] {dagbag.py:588} INFO - Filling up the DagBag from /opt/airflow/dags/dag_extract_putevoy_list.py
[2026-08-08T20:09:05.942+0000] {processor.py:925} INFO - DAG(s) 'dag_extract_putevoy_list' retrieved from /opt/airflow/dags/dag_extract_putevoy_list.py
[2026-08-08T20:09:05.953+0000] {logging_mixin.py:190} INFO - [2026-08-08T20:09:05.953+0000] {dag.py:3239} INFO - Sync 1 DAGs
[2026-08-08T20:09:05.964+0000] {logging_mixin.py:190} INFO - [2026-08-08T20:09:05.964+0000] {dag.py:4180} INFO - Setting next_dagrun for dag_extract_putevoy_list to 2026-08-08 02:00:00+00:00, run_after=2026-08-09 02:00:00+00:00
[2026-08-08T20:09:05.971+0000] {processor.py:208} INFO - Processing /opt/airflow/dags/dag_extract_putevoy_list.py took 0.040 seconds
[2026-08-08T20:56:17.553+0000] {processor.py:186} INFO - Started process (PID=8168) to work on /opt/airflow/dags/dag_extract_putevoy_list.py
[2026-08-08T20:56:17.554+0000] {processor.py:914} INFO - Processing file /opt/airflow/dags/dag_extract_putevoy_list.py for tasks to queue
[2026-08-08T20:56:17.555+0000] {logging_mixin.py:190} INFO - [2026-08-08T20:56:17.555+0000] {dagbag.py:588} INFO - Filling up the DagBag from /opt/airflow/dags/dag_extract_putevoy_list.py
[2026-08-08T20:56:17.563+0000] {processor.py:925} INFO - DAG(s) 'dag_extract_putevoy_list' retrieved from /opt/airflow/dags/dag_extract_putevoy_list.py
[2026-08-08T20:56:17.576+0000] {logging_mixin.py:190} INFO - [2026-08-08T20:56:17.576+0000] {dag.py:3239} INFO - Sync 1 DAGs
[2026-08-08T20:56:17.586+0000] {logging_mixin.py:190} INFO - [2026-08-08T20:56:17.586+0000] {dag.py:4180} INFO - Setting next_dagrun for dag_extract_putevoy_list to 2026-08-08 02:00:00+00:00, run_after=2026-08-09 02:00:00+00:00
[2026-08-08T20:56:17.592+0000] {processor.py:208} INFO - Processing /opt/airflow/dags/dag_extract_putevoy_list.py took 0.041 seconds
[2026-08-08T22:01:29.470+0000] {processor.py:186} INFO - Started process (PID=8188) to work on /opt/airflow/dags/dag_extract_putevoy_list.py
[2026-08-08T22:01:29.471+0000] {processor.py:914} INFO - Processing file /opt/airflow/dags/dag_extract_putevoy_list.py for tasks to queue
[2026-08-08T22:01:29.472+0000] {logging_mixin.py:190} INFO - [2026-08-08T22:01:29.472+0000] {dagbag.py:588} INFO - Filling up the DagBag from /opt/airflow/dags/dag_extract_putevoy_list.py
[2026-08-08T22:01:29.485+0000] {processor.py:925} INFO - DAG(s) 'dag_extract_putevoy_list' retrieved from /opt/airflow/dags/dag_extract_putevoy_list.py
[2026-08-08T22:01:29.500+0000] {logging_mixin.py:190} INFO - [2026-08-08T22:01:29.500+0000] {dag.py:3239} INFO - Sync 1 DAGs
[2026-08-08T22:01:29.509+0000] {logging_mixin.py:190} INFO - [2026-08-08T22:01:29.509+0000] {dag.py:4180} INFO - Setting next_dagrun for dag_extract_putevoy_list to 2026-08-08 02:00:00+00:00, run_after=2026-08-09 02:00:00+00:00
[2026-08-08T22:01:29.518+0000] {processor.py:208} INFO - Processing /opt/airflow/dags/dag_extract_putevoy_list.py took 0.051 seconds
[2026-08-08T22:34:05.747+0000] {processor.py:186} INFO - Started process (PID=8214) to work on /opt/airflow/dags/dag_extract_putevoy_list.py
[2026-08-08T22:34:05.748+0000] {processor.py:914} INFO - Processing file /opt/airflow/dags/dag_extract_putevoy_list.py for tasks to queue
[2026-08-08T22:34:05.748+0000] {logging_mixin.py:190} INFO - [2026-08-08T22:34:05.748+0000] {dagbag.py:588} INFO - Filling up the DagBag from /opt/airflow/dags/dag_extract_putevoy_list.py
[2026-08-08T22:34:05.756+0000] {processor.py:925} INFO - DAG(s) 'dag_extract_putevoy_list' retrieved from /opt/airflow/dags/dag_extract_putevoy_list.py
[2026-08-08T22:34:05.767+0000] {logging_mixin.py:190} INFO - [2026-08-08T22:34:05.767+0000] {dag.py:3239} INFO - Sync 1 DAGs
[2026-08-08T22:34:05.777+0000] {logging_mixin.py:190} INFO - [2026-08-08T22:34:05.777+0000] {dag.py:4180} INFO - Setting next_dagrun for dag_extract_putevoy_list to 2026-08-08 02:00:00+00:00, run_after=2026-08-09 02:00:00+00:00
[2026-08-08T22:34:05.783+0000] {processor.py:208} INFO - Processing /opt/airflow/dags/dag_extract_putevoy_list.py took 0.041 seconds
[2026-08-08T23:08:30.332+0000] {processor.py:186} INFO - Started process (PID=8237) to work on /opt/airflow/dags/dag_extract_putevoy_list.py
[2026-08-08T23:08:30.332+0000] {processor.py:914} INFO - Processing file /opt/airflow/dags/dag_extract_putevoy_list.py for tasks to queue
[2026-08-08T23:08:30.333+0000] {logging_mixin.py:190} INFO - [2026-08-08T23:08:30.333+0000] {dagbag.py:588} INFO - Filling up the DagBag from /opt/airflow/dags/dag_extract_putevoy_list.py
[2026-08-08T23:08:30.339+0000] {processor.py:925} INFO - DAG(s) 'dag_extract_putevoy_list' retrieved from /opt/airflow/dags/dag_extract_putevoy_list.py
[2026-08-08T23:08:30.351+0000] {logging_mixin.py:190} INFO - [2026-08-08T23:08:30.351+0000] {dag.py:3239} INFO - Sync 1 DAGs
[2026-08-08T23:08:30.361+0000] {logging_mixin.py:190} INFO - [2026-08-08T23:08:30.361+0000] {dag.py:4180} INFO - Setting next_dagrun for dag_extract_putevoy_list to 2026-08-08 02:00:00+00:00, run_after=2026-08-09 02:00:00+00:00
[2026-08-08T23:08:30.367+0000] {processor.py:208} INFO - Processing /opt/airflow/dags/dag_extract_putevoy_list.py took 0.038 seconds
[2026-08-08T23:43:12.467+0000] {processor.py:186} INFO - Started process (PID=8260) to work on /opt/airflow/dags/dag_extract_putevoy_list.py
[2026-08-08T23:43:12.467+0000] {processor.py:914} INFO - Processing file /opt/airflow/dags/dag_extract_putevoy_list.py for tasks to queue
[2026-08-08T23:43:12.468+0000] {logging_mixin.py:190} INFO - [2026-08-08T23:43:12.467+0000] {dagbag.py:588} INFO - Filling up the DagBag from /opt/airflow/dags/dag_extract_putevoy_list.py
[2026-08-08T23:43:12.473+0000] {processor.py:925} INFO - DAG(s) 'dag_extract_putevoy_list' retrieved from /opt/airflow/dags/dag_extract_putevoy_list.py
[2026-08-08T23:43:12.484+0000] {logging_mixin.py:190} INFO - [2026-08-08T23:43:12.484+0000] {dag.py:3239} INFO - Sync 1 DAGs
[2026-08-08T23:43:12.493+0000] {logging_mixin.py:190} INFO - [2026-08-08T23:43:12.493+0000] {dag.py:4180} INFO - Setting next_dagrun for dag_extract_putevoy_list to 2026-08-08 02:00:00+00:00, run_after=2026-08-09 02:00:00+00:00
[2026-08-08T23:43:12.499+0000] {processor.py:208} INFO - Processing /opt/airflow/dags/dag_extract_putevoy_list.py took 0.035 seconds
[2026-08-08T23:43:42.955+0000] {processor.py:186} INFO - Started process (PID=8280) to work on /opt/airflow/dags/dag_extract_putevoy_list.py
[2026-08-08T23:43:42.955+0000] {processor.py:914} INFO - Processing file /opt/airflow/dags/dag_extract_putevoy_list.py for tasks to queue
[2026-08-08T23:43:42.956+0000] {logging_mixin.py:190} INFO - [2026-08-08T23:43:42.956+0000] {dagbag.py:588} INFO - Filling up the DagBag from /opt/airflow/dags/dag_extract_putevoy_list.py
[2026-08-08T23:43:42.963+0000] {processor.py:925} INFO - DAG(s) 'dag_extract_putevoy_list' retrieved from /opt/airflow/dags/dag_extract_putevoy_list.py
[2026-08-08T23:43:42.976+0000] {logging_mixin.py:190} INFO - [2026-08-08T23:43:42.976+0000] {dag.py:3239} INFO - Sync 1 DAGs
[2026-08-08T23:43:42.985+0000] {logging_mixin.py:190} INFO - [2026-08-08T23:43:42.985+0000] {dag.py:4180} INFO - Setting next_dagrun for dag_extract_putevoy_list to 2026-08-08 02:00:00+00:00, run_after=2026-08-09 02:00:00+00:00
[2026-08-08T23:43:42.991+0000] {processor.py:208} INFO - Processing /opt/airflow/dags/dag_extract_putevoy_list.py took 0.040 seconds
