[2026-08-08T00:16:16.144+0000] {processor.py:186} INFO - Started process (PID=7277) to work on /opt/airflow/dags/dag_transform_mart.py
[2026-08-08T00:16:16.145+0000] {processor.py:914} INFO - Processing file /opt/airflow/dags/dag_transform_mart.py for tasks to queue
[2026-08-08T00:16:16.145+0000] {logging_mixin.py:190} INFO - [2026-08-08T00:16:16.145+0000] {dagbag.py:588} INFO - Filling up the DagBag from /opt/airflow/dags/dag_transform_mart.py
[2026-08-08T00:16:16.154+0000] {processor.py:925} INFO - DAG(s) 'dag_transform_mart' retrieved from /opt/airflow/dags/dag_transform_mart.py
[2026-08-08T00:16:16.169+0000] {logging_mixin.py:190} INFO - [2026-08-08T00:16:16.169+0000] {dag.py:3239} INFO - Sync 1 DAGs
[2026-08-08T00:16:16.179+0000] {logging_mixin.py:190} INFO - [2026-08-08T00:16:16.179+0000] {dag.py:4180} INFO - Setting next_dagrun for dag_transform_mart to 2026-08-07 03:30:00+00:00, run_after=2026-08-08 03:30:00+00:00
[2026-08-08T00:16:16.189+0000] {processor.py:208} INFO - Processing /opt/airflow/dags/dag_transform_mart.py took 0.050 seconds
[2026-08-08T01:07:44.294+0000] {processor.py:186} INFO - Started process (PID=7312) to work on /opt/airflow/dags/dag_transform_mart.py
[2026-08-08T01:07:44.295+0000] {processor.py:914} INFO - Processing file /opt/airflow/dags/dag_transform_mart.py for tasks to queue
[2026-08-08T01:07:44.297+0000] {logging_mixin.py:190} INFO - [2026-08-08T01:07:44.296+0000] {dagbag.py:588} INFO - Filling up the DagBag from /opt/airflow/dags/dag_transform_mart.py
[2026-08-08T01:07:44.306+0000] {processor.py:925} INFO - DAG(s) 'dag_transform_mart' retrieved from /opt/airflow/dags/dag_transform_mart.py
[2026-08-08T01:07:44.325+0000] {logging_mixin.py:190} INFO - [2026-08-08T01:07:44.325+0000] {dag.py:3239} INFO - Sync 1 DAGs
[2026-08-08T01:07:44.337+0000] {logging_mixin.py:190} INFO - [2026-08-08T01:07:44.337+0000] {dag.py:4180} INFO - Setting next_dagrun for dag_transform_mart to 2026-08-07 03:30:00+00:00, run_after=2026-08-08 03:30:00+00:00
[2026-08-08T01:07:44.346+0000] {processor.py:208} INFO - Processing /opt/airflow/dags/dag_transform_mart.py took 0.056 seconds
[2026-08-08T01:58:35.563+0000] {processor.py:186} INFO - Started process (PID=7332) to work on /opt/airflow/dags/dag_transform_mart.py
[2026-08-08T01:58:35.564+0000] {processor.py:914} INFO - Processing file /opt/airflow/dags/dag_transform_mart.py for tasks to queue
[2026-08-08T01:58:35.565+0000] {logging_mixin.py:190} INFO - [2026-08-08T01:58:35.565+0000] {dagbag.py:588} INFO - Filling up the DagBag from /opt/airflow/dags/dag_transform_mart.py
[2026-08-08T01:58:35.573+0000] {processor.py:925} INFO - DAG(s) 'dag_transform_mart' retrieved from /opt/airflow/dags/dag_transform_mart.py
[2026-08-08T01:58:35.586+0000] {logging_mixin.py:190} INFO - [2026-08-08T01:58:35.586+0000] {dag.py:3239} INFO - Sync 1 DAGs
[2026-08-08T01:58:35.596+0000] {logging_mixin.py:190} INFO - [2026-08-08T01:58:35.596+0000] {dag.py:4180} INFO - Setting next_dagrun for dag_transform_mart to 2026-08-07 03:30:00+00:00, run_after=2026-08-08 03:30:00+00:00
[2026-08-08T01:58:35.603+0000] {processor.py:208} INFO - Processing /opt/airflow/dags/dag_transform_mart.py took 0.044 seconds
[2026-08-08T02:48:12.882+0000] {processor.py:186} INFO - Started process (PID=7355) to work on /opt/airflow/dags/dag_transform_mart.py
[2026-08-08T02:48:12.882+0000] {processor.py:914} INFO - Processing file /opt/airflow/dags/dag_transform_mart.py for tasks to queue
[2026-08-08T02:48:12.883+0000] {logging_mixin.py:190} INFO - [2026-08-08T02:48:12.883+0000] {dagbag.py:588} INFO - Filling up the DagBag from /opt/airflow/dags/dag_transform_mart.py
[2026-08-08T02:48:12.892+0000] {processor.py:925} INFO - DAG(s) 'dag_transform_mart' retrieved from /opt/airflow/dags/dag_transform_mart.py
[2026-08-08T02:48:12.905+0000] {logging_mixin.py:190} INFO - [2026-08-08T02:48:12.905+0000] {dag.py:3239} INFO - Sync 1 DAGs
[2026-08-08T02:48:12.915+0000] {logging_mixin.py:190} INFO - [2026-08-08T02:48:12.915+0000] {dag.py:4180} INFO - Setting next_dagrun for dag_transform_mart to 2026-08-07 03:30:00+00:00, run_after=2026-08-08 03:30:00+00:00
[2026-08-08T02:48:12.923+0000] {processor.py:208} INFO - Processing /opt/airflow/dags/dag_transform_mart.py took 0.046 seconds
[2026-08-08T03:17:09.994+0000] {processor.py:186} INFO - Started process (PID=7390) to work on /opt/airflow/dags/dag_transform_mart.py
[2026-08-08T03:17:09.995+0000] {processor.py:914} INFO - Processing file /opt/airflow/dags/dag_transform_mart.py for tasks to queue
[2026-08-08T03:17:09.996+0000] {logging_mixin.py:190} INFO - [2026-08-08T03:17:09.996+0000] {dagbag.py:588} INFO - Filling up the DagBag from /opt/airflow/dags/dag_transform_mart.py
[2026-08-08T03:17:10.010+0000] {processor.py:925} INFO - DAG(s) 'dag_transform_mart' retrieved from /opt/airflow/dags/dag_transform_mart.py
[2026-08-08T03:17:10.041+0000] {logging_mixin.py:190} INFO - [2026-08-08T03:17:10.041+0000] {dag.py:3239} INFO - Sync 1 DAGs
[2026-08-08T03:17:10.058+0000] {logging_mixin.py:190} INFO - [2026-08-08T03:17:10.057+0000] {dag.py:4180} INFO - Setting next_dagrun for dag_transform_mart to 2026-08-07 03:30:00+00:00, run_after=2026-08-08 03:30:00+00:00
[2026-08-08T03:17:10.073+0000] {processor.py:208} INFO - Processing /opt/airflow/dags/dag_transform_mart.py took 0.085 seconds
[2026-08-08T04:06:45.594+0000] {processor.py:186} INFO - Started process (PID=7440) to work on /opt/airflow/dags/dag_transform_mart.py
[2026-08-08T04:06:45.595+0000] {processor.py:914} INFO - Processing file /opt/airflow/dags/dag_transform_mart.py for tasks to queue
[2026-08-08T04:06:45.596+0000] {logging_mixin.py:190} INFO - [2026-08-08T04:06:45.596+0000] {dagbag.py:588} INFO - Filling up the DagBag from /opt/airflow/dags/dag_transform_mart.py
[2026-08-08T04:06:45.607+0000] {processor.py:925} INFO - DAG(s) 'dag_transform_mart' retrieved from /opt/airflow/dags/dag_transform_mart.py
[2026-08-08T04:06:45.618+0000] {logging_mixin.py:190} INFO - [2026-08-08T04:06:45.618+0000] {dag.py:3239} INFO - Sync 1 DAGs
[2026-08-08T04:06:45.631+0000] {processor.py:208} INFO - Processing /opt/airflow/dags/dag_transform_mart.py took 0.041 seconds
[2026-08-08T05:18:09.097+0000] {processor.py:186} INFO - Started process (PID=7465) to work on /opt/airflow/dags/dag_transform_mart.py
[2026-08-08T05:18:09.098+0000] {processor.py:914} INFO - Processing file /opt/airflow/dags/dag_transform_mart.py for tasks to queue
[2026-08-08T05:18:09.099+0000] {logging_mixin.py:190} INFO - [2026-08-08T05:18:09.098+0000] {dagbag.py:588} INFO - Filling up the DagBag from /opt/airflow/dags/dag_transform_mart.py
[2026-08-08T05:18:09.107+0000] {processor.py:925} INFO - DAG(s) 'dag_transform_mart' retrieved from /opt/airflow/dags/dag_transform_mart.py
[2026-08-08T05:18:09.122+0000] {logging_mixin.py:190} INFO - [2026-08-08T05:18:09.122+0000] {dag.py:3239} INFO - Sync 1 DAGs
[2026-08-08T05:18:09.140+0000] {processor.py:208} INFO - Processing /opt/airflow/dags/dag_transform_mart.py took 0.048 seconds
[2026-08-08T05:51:35.250+0000] {processor.py:186} INFO - Started process (PID=7506) to work on /opt/airflow/dags/dag_transform_mart.py
[2026-08-08T05:51:35.251+0000] {processor.py:914} INFO - Processing file /opt/airflow/dags/dag_transform_mart.py for tasks to queue
[2026-08-08T05:51:35.252+0000] {logging_mixin.py:190} INFO - [2026-08-08T05:51:35.251+0000] {dagbag.py:588} INFO - Filling up the DagBag from /opt/airflow/dags/dag_transform_mart.py
[2026-08-08T05:51:35.260+0000] {processor.py:925} INFO - DAG(s) 'dag_transform_mart' retrieved from /opt/airflow/dags/dag_transform_mart.py
[2026-08-08T05:51:35.275+0000] {logging_mixin.py:190} INFO - [2026-08-08T05:51:35.275+0000] {dag.py:3239} INFO - Sync 1 DAGs
[2026-08-08T05:51:35.293+0000] {processor.py:208} INFO - Processing /opt/airflow/dags/dag_transform_mart.py took 0.049 seconds
[2026-08-08T05:52:05.758+0000] {processor.py:186} INFO - Started process (PID=7526) to work on /opt/airflow/dags/dag_transform_mart.py
[2026-08-08T05:52:05.759+0000] {processor.py:914} INFO - Processing file /opt/airflow/dags/dag_transform_mart.py for tasks to queue
[2026-08-08T05:52:05.760+0000] {logging_mixin.py:190} INFO - [2026-08-08T05:52:05.760+0000] {dagbag.py:588} INFO - Filling up the DagBag from /opt/airflow/dags/dag_transform_mart.py
[2026-08-08T05:52:05.769+0000] {processor.py:925} INFO - DAG(s) 'dag_transform_mart' retrieved from /opt/airflow/dags/dag_transform_mart.py
[2026-08-08T05:52:05.788+0000] {logging_mixin.py:190} INFO - [2026-08-08T05:52:05.787+0000] {dag.py:3239} INFO - Sync 1 DAGs
[2026-08-08T05:52:05.799+0000] {logging_mixin.py:190} INFO - [2026-08-08T05:52:05.799+0000] {dag.py:4180} INFO - Setting next_dagrun for dag_transform_mart to 2026-08-08 03:30:00+00:00, run_after=2026-08-09 03:30:00+00:00
[2026-08-08T05:52:05.808+0000] {processor.py:208} INFO - Processing /opt/airflow/dags/dag_transform_mart.py took 0.058 seconds
[2026-08-08T06:07:37.958+0000] {processor.py:186} INFO - Started process (PID=7549) to work on /opt/airflow/dags/dag_transform_mart.py
[2026-08-08T06:07:37.959+0000] {processor.py:914} INFO - Processing file /opt/airflow/dags/dag_transform_mart.py for tasks to queue
[2026-08-08T06:07:37.960+0000] {logging_mixin.py:190} INFO - [2026-08-08T06:07:37.959+0000] {dagbag.py:588} INFO - Filling up the DagBag from /opt/airflow/dags/dag_transform_mart.py
[2026-08-08T06:07:37.966+0000] {processor.py:925} INFO - DAG(s) 'dag_transform_mart' retrieved from /opt/airflow/dags/dag_transform_mart.py
[2026-08-08T06:07:37.981+0000] {logging_mixin.py:190} INFO - [2026-08-08T06:07:37.981+0000] {dag.py:3239} INFO - Sync 1 DAGs
[2026-08-08T06:07:37.990+0000] {logging_mixin.py:190} INFO - [2026-08-08T06:07:37.989+0000] {dag.py:4180} INFO - Setting next_dagrun for dag_transform_mart to 2026-08-08 03:30:00+00:00, run_after=2026-08-09 03:30:00+00:00
[2026-08-08T06:07:37.999+0000] {processor.py:208} INFO - Processing /opt/airflow/dags/dag_transform_mart.py took 0.044 seconds
[2026-08-08T06:19:36.500+0000] {processor.py:186} INFO - Started process (PID=7569) to work on /opt/airflow/dags/dag_transform_mart.py
[2026-08-08T06:19:36.500+0000] {processor.py:914} INFO - Processing file /opt/airflow/dags/dag_transform_mart.py for tasks to queue
[2026-08-08T06:19:36.501+0000] {logging_mixin.py:190} INFO - [2026-08-08T06:19:36.501+0000] {dagbag.py:588} INFO - Filling up the DagBag from /opt/airflow/dags/dag_transform_mart.py
[2026-08-08T06:19:36.507+0000] {processor.py:925} INFO - DAG(s) 'dag_transform_mart' retrieved from /opt/airflow/dags/dag_transform_mart.py
[2026-08-08T06:19:36.522+0000] {logging_mixin.py:190} INFO - [2026-08-08T06:19:36.522+0000] {dag.py:3239} INFO - Sync 1 DAGs
[2026-08-08T06:19:36.531+0000] {logging_mixin.py:190} INFO - [2026-08-08T06:19:36.531+0000] {dag.py:4180} INFO - Setting next_dagrun for dag_transform_mart to 2026-08-08 03:30:00+00:00, run_after=2026-08-09 03:30:00+00:00
[2026-08-08T06:19:36.539+0000] {processor.py:208} INFO - Processing /opt/airflow/dags/dag_transform_mart.py took 0.042 seconds
[2026-08-08T06:53:15.090+0000] {processor.py:186} INFO - Started process (PID=7592) to work on /opt/airflow/dags/dag_transform_mart.py
[2026-08-08T06:53:15.091+0000] {processor.py:914} INFO - Processing file /opt/airflow/dags/dag_transform_mart.py for tasks to queue
[2026-08-08T06:53:15.092+0000] {logging_mixin.py:190} INFO - [2026-08-08T06:53:15.092+0000] {dagbag.py:588} INFO - Filling up the DagBag from /opt/airflow/dags/dag_transform_mart.py
[2026-08-08T06:53:15.099+0000] {processor.py:925} INFO - DAG(s) 'dag_transform_mart' retrieved from /opt/airflow/dags/dag_transform_mart.py
[2026-08-08T06:53:15.112+0000] {logging_mixin.py:190} INFO - [2026-08-08T06:53:15.112+0000] {dag.py:3239} INFO - Sync 1 DAGs
[2026-08-08T06:53:15.122+0000] {logging_mixin.py:190} INFO - [2026-08-08T06:53:15.122+0000] {dag.py:4180} INFO - Setting next_dagrun for dag_transform_mart to 2026-08-08 03:30:00+00:00, run_after=2026-08-09 03:30:00+00:00
[2026-08-08T06:53:15.128+0000] {processor.py:208} INFO - Processing /opt/airflow/dags/dag_transform_mart.py took 0.043 seconds
[2026-08-08T07:20:09.172+0000] {processor.py:186} INFO - Started process (PID=7617) to work on /opt/airflow/dags/dag_transform_mart.py
[2026-08-08T07:20:09.173+0000] {processor.py:914} INFO - Processing file /opt/airflow/dags/dag_transform_mart.py for tasks to queue
[2026-08-08T07:20:09.174+0000] {logging_mixin.py:190} INFO - [2026-08-08T07:20:09.174+0000] {dagbag.py:588} INFO - Filling up the DagBag from /opt/airflow/dags/dag_transform_mart.py
[2026-08-08T07:20:09.184+0000] {processor.py:925} INFO - DAG(s) 'dag_transform_mart' retrieved from /opt/airflow/dags/dag_transform_mart.py
[2026-08-08T07:20:09.201+0000] {logging_mixin.py:190} INFO - [2026-08-08T07:20:09.201+0000] {dag.py:3239} INFO - Sync 1 DAGs
[2026-08-08T07:20:09.212+0000] {logging_mixin.py:190} INFO - [2026-08-08T07:20:09.212+0000] {dag.py:4180} INFO - Setting next_dagrun for dag_transform_mart to 2026-08-08 03:30:00+00:00, run_after=2026-08-09 03:30:00+00:00
[2026-08-08T07:20:09.223+0000] {processor.py:208} INFO - Processing /opt/airflow/dags/dag_transform_mart.py took 0.058 seconds
[2026-08-08T07:37:58.189+0000] {processor.py:186} INFO - Started process (PID=7640) to work on /opt/airflow/dags/dag_transform_mart.py
[2026-08-08T07:37:58.190+0000] {processor.py:914} INFO - Processing file /opt/airflow/dags/dag_transform_mart.py for tasks to queue
[2026-08-08T07:37:58.191+0000] {logging_mixin.py:190} INFO - [2026-08-08T07:37:58.191+0000] {dagbag.py:588} INFO - Filling up the DagBag from /opt/airflow/dags/dag_transform_mart.py
[2026-08-08T07:37:58.204+0000] {processor.py:925} INFO - DAG(s) 'dag_transform_mart' retrieved from /opt/airflow/dags/dag_transform_mart.py
[2026-08-08T07:37:58.222+0000] {logging_mixin.py:190} INFO - [2026-08-08T07:37:58.222+0000] {dag.py:3239} INFO - Sync 1 DAGs
[2026-08-08T07:37:58.234+0000] {logging_mixin.py:190} INFO - [2026-08-08T07:37:58.234+0000] {dag.py:4180} INFO - Setting next_dagrun for dag_transform_mart to 2026-08-08 03:30:00+00:00, run_after=2026-08-09 03:30:00+00:00
[2026-08-08T07:37:58.243+0000] {processor.py:208} INFO - Processing /opt/airflow/dags/dag_transform_mart.py took 0.059 seconds
[2026-08-08T08:21:06.192+0000] {processor.py:186} INFO - Started process (PID=7663) to work on /opt/airflow/dags/dag_transform_mart.py
[2026-08-08T08:21:06.193+0000] {processor.py:914} INFO - Processing file /opt/airflow/dags/dag_transform_mart.py for tasks to queue
[2026-08-08T08:21:06.194+0000] {logging_mixin.py:190} INFO - [2026-08-08T08:21:06.194+0000] {dagbag.py:588} INFO - Filling up the DagBag from /opt/airflow/dags/dag_transform_mart.py
[2026-08-08T08:21:06.203+0000] {processor.py:925} INFO - DAG(s) 'dag_transform_mart' retrieved from /opt/airflow/dags/dag_transform_mart.py
[2026-08-08T08:21:06.220+0000] {logging_mixin.py:190} INFO - [2026-08-08T08:21:06.220+0000] {dag.py:3239} INFO - Sync 1 DAGs
[2026-08-08T08:21:06.232+0000] {logging_mixin.py:190} INFO - [2026-08-08T08:21:06.231+0000] {dag.py:4180} INFO - Setting next_dagrun for dag_transform_mart to 2026-08-08 03:30:00+00:00, run_after=2026-08-09 03:30:00+00:00
[2026-08-08T08:21:06.238+0000] {processor.py:208} INFO - Processing /opt/airflow/dags/dag_transform_mart.py took 0.050 seconds
[2026-08-08T08:29:17.072+0000] {processor.py:186} INFO - Started process (PID=7686) to work on /opt/airflow/dags/dag_transform_mart.py
[2026-08-08T08:29:17.072+0000] {processor.py:914} INFO - Processing file /opt/airflow/dags/dag_transform_mart.py for tasks to queue
[2026-08-08T08:29:17.073+0000] {logging_mixin.py:190} INFO - [2026-08-08T08:29:17.073+0000] {dagbag.py:588} INFO - Filling up the DagBag from /opt/airflow/dags/dag_transform_mart.py
[2026-08-08T08:29:17.081+0000] {processor.py:925} INFO - DAG(s) 'dag_transform_mart' retrieved from /opt/airflow/dags/dag_transform_mart.py
[2026-08-08T08:29:17.097+0000] {logging_mixin.py:190} INFO - [2026-08-08T08:29:17.097+0000] {dag.py:3239} INFO - Sync 1 DAGs
[2026-08-08T08:29:17.108+0000] {logging_mixin.py:190} INFO - [2026-08-08T08:29:17.108+0000] {dag.py:4180} INFO - Setting next_dagrun for dag_transform_mart to 2026-08-08 03:30:00+00:00, run_after=2026-08-09 03:30:00+00:00
[2026-08-08T08:29:17.115+0000] {processor.py:208} INFO - Processing /opt/airflow/dags/dag_transform_mart.py took 0.050 seconds
[2026-08-08T09:01:30.326+0000] {processor.py:186} INFO - Started process (PID=7711) to work on /opt/airflow/dags/dag_transform_mart.py
[2026-08-08T09:01:30.326+0000] {processor.py:914} INFO - Processing file /opt/airflow/dags/dag_transform_mart.py for tasks to queue
[2026-08-08T09:01:30.327+0000] {logging_mixin.py:190} INFO - [2026-08-08T09:01:30.327+0000] {dagbag.py:588} INFO - Filling up the DagBag from /opt/airflow/dags/dag_transform_mart.py
[2026-08-08T09:01:30.337+0000] {processor.py:925} INFO - DAG(s) 'dag_transform_mart' retrieved from /opt/airflow/dags/dag_transform_mart.py
[2026-08-08T09:01:30.351+0000] {logging_mixin.py:190} INFO - [2026-08-08T09:01:30.351+0000] {dag.py:3239} INFO - Sync 1 DAGs
[2026-08-08T09:01:30.361+0000] {logging_mixin.py:190} INFO - [2026-08-08T09:01:30.361+0000] {dag.py:4180} INFO - Setting next_dagrun for dag_transform_mart to 2026-08-08 03:30:00+00:00, run_after=2026-08-09 03:30:00+00:00
[2026-08-08T09:01:30.371+0000] {processor.py:208} INFO - Processing /opt/airflow/dags/dag_transform_mart.py took 0.049 seconds
[2026-08-08T09:37:52.355+0000] {processor.py:186} INFO - Started process (PID=7734) to work on /opt/airflow/dags/dag_transform_mart.py
[2026-08-08T09:37:52.355+0000] {processor.py:914} INFO - Processing file /opt/airflow/dags/dag_transform_mart.py for tasks to queue
[2026-08-08T09:37:52.357+0000] {logging_mixin.py:190} INFO - [2026-08-08T09:37:52.357+0000] {dagbag.py:588} INFO - Filling up the DagBag from /opt/airflow/dags/dag_transform_mart.py
[2026-08-08T09:37:52.367+0000] {processor.py:925} INFO - DAG(s) 'dag_transform_mart' retrieved from /opt/airflow/dags/dag_transform_mart.py
[2026-08-08T09:37:52.382+0000] {logging_mixin.py:190} INFO - [2026-08-08T09:37:52.382+0000] {dag.py:3239} INFO - Sync 1 DAGs
[2026-08-08T09:37:52.393+0000] {logging_mixin.py:190} INFO - [2026-08-08T09:37:52.393+0000] {dag.py:4180} INFO - Setting next_dagrun for dag_transform_mart to 2026-08-08 03:30:00+00:00, run_after=2026-08-09 03:30:00+00:00
[2026-08-08T09:37:52.400+0000] {processor.py:208} INFO - Processing /opt/airflow/dags/dag_transform_mart.py took 0.052 seconds
[2026-08-08T09:54:26.430+0000] {processor.py:186} INFO - Started process (PID=7757) to work on /opt/airflow/dags/dag_transform_mart.py
[2026-08-08T09:54:26.431+0000] {processor.py:914} INFO - Processing file /opt/airflow/dags/dag_transform_mart.py for tasks to queue
[2026-08-08T09:54:26.432+0000] {logging_mixin.py:190} INFO - [2026-08-08T09:54:26.432+0000] {dagbag.py:588} INFO - Filling up the DagBag from /opt/airflow/dags/dag_transform_mart.py
[2026-08-08T09:54:26.439+0000] {processor.py:925} INFO - DAG(s) 'dag_transform_mart' retrieved from /opt/airflow/dags/dag_transform_mart.py
[2026-08-08T09:54:26.458+0000] {logging_mixin.py:190} INFO - [2026-08-08T09:54:26.458+0000] {dag.py:3239} INFO - Sync 1 DAGs
[2026-08-08T09:54:26.468+0000] {logging_mixin.py:190} INFO - [2026-08-08T09:54:26.468+0000] {dag.py:4180} INFO - Setting next_dagrun for dag_transform_mart to 2026-08-08 03:30:00+00:00, run_after=2026-08-09 03:30:00+00:00
[2026-08-08T09:54:26.475+0000] {processor.py:208} INFO - Processing /opt/airflow/dags/dag_transform_mart.py took 0.049 seconds
[2026-08-08T10:10:39.994+0000] {processor.py:186} INFO - Started process (PID=7780) to work on /opt/airflow/dags/dag_transform_mart.py
[2026-08-08T10:10:39.995+0000] {processor.py:914} INFO - Processing file /opt/airflow/dags/dag_transform_mart.py for tasks to queue
[2026-08-08T10:10:39.996+0000] {logging_mixin.py:190} INFO - [2026-08-08T10:10:39.996+0000] {dagbag.py:588} INFO - Filling up the DagBag from /opt/airflow/dags/dag_transform_mart.py
[2026-08-08T10:10:40.003+0000] {processor.py:925} INFO - DAG(s) 'dag_transform_mart' retrieved from /opt/airflow/dags/dag_transform_mart.py
[2026-08-08T10:10:40.017+0000] {logging_mixin.py:190} INFO - [2026-08-08T10:10:40.017+0000] {dag.py:3239} INFO - Sync 1 DAGs
[2026-08-08T10:10:40.027+0000] {logging_mixin.py:190} INFO - [2026-08-08T10:10:40.027+0000] {dag.py:4180} INFO - Setting next_dagrun for dag_transform_mart to 2026-08-08 03:30:00+00:00, run_after=2026-08-09 03:30:00+00:00
[2026-08-08T10:10:40.034+0000] {processor.py:208} INFO - Processing /opt/airflow/dags/dag_transform_mart.py took 0.045 seconds
[2026-08-08T10:56:36.150+0000] {processor.py:186} INFO - Started process (PID=7800) to work on /opt/airflow/dags/dag_transform_mart.py
[2026-08-08T10:56:36.151+0000] {processor.py:914} INFO - Processing file /opt/airflow/dags/dag_transform_mart.py for tasks to queue
[2026-08-08T10:56:36.152+0000] {logging_mixin.py:190} INFO - [2026-08-08T10:56:36.152+0000] {dagbag.py:588} INFO - Filling up the DagBag from /opt/airflow/dags/dag_transform_mart.py
[2026-08-08T10:56:36.161+0000] {processor.py:925} INFO - DAG(s) 'dag_transform_mart' retrieved from /opt/airflow/dags/dag_transform_mart.py
[2026-08-08T10:56:36.184+0000] {logging_mixin.py:190} INFO - [2026-08-08T10:56:36.184+0000] {dag.py:3239} INFO - Sync 1 DAGs
[2026-08-08T10:56:36.195+0000] {logging_mixin.py:190} INFO - [2026-08-08T10:56:36.194+0000] {dag.py:4180} INFO - Setting next_dagrun for dag_transform_mart to 2026-08-08 03:30:00+00:00, run_after=2026-08-09 03:30:00+00:00
[2026-08-08T10:56:36.202+0000] {processor.py:208} INFO - Processing /opt/airflow/dags/dag_transform_mart.py took 0.057 seconds
[2026-08-08T11:24:07.239+0000] {processor.py:186} INFO - Started process (PID=7823) to work on /opt/airflow/dags/dag_transform_mart.py
[2026-08-08T11:24:07.240+0000] {processor.py:914} INFO - Processing file /opt/airflow/dags/dag_transform_mart.py for tasks to queue
[2026-08-08T11:24:07.241+0000] {logging_mixin.py:190} INFO - [2026-08-08T11:24:07.241+0000] {dagbag.py:588} INFO - Filling up the DagBag from /opt/airflow/dags/dag_transform_mart.py
[2026-08-08T11:24:07.248+0000] {processor.py:925} INFO - DAG(s) 'dag_transform_mart' retrieved from /opt/airflow/dags/dag_transform_mart.py
[2026-08-08T11:24:07.261+0000] {logging_mixin.py:190} INFO - [2026-08-08T11:24:07.261+0000] {dag.py:3239} INFO - Sync 1 DAGs
[2026-08-08T11:24:07.271+0000] {logging_mixin.py:190} INFO - [2026-08-08T11:24:07.271+0000] {dag.py:4180} INFO - Setting next_dagrun for dag_transform_mart to 2026-08-08 03:30:00+00:00, run_after=2026-08-09 03:30:00+00:00
[2026-08-08T11:24:07.277+0000] {processor.py:208} INFO - Processing /opt/airflow/dags/dag_transform_mart.py took 0.043 seconds
[2026-08-08T12:15:51.416+0000] {processor.py:186} INFO - Started process (PID=7846) to work on /opt/airflow/dags/dag_transform_mart.py
[2026-08-08T12:15:51.417+0000] {processor.py:914} INFO - Processing file /opt/airflow/dags/dag_transform_mart.py for tasks to queue
[2026-08-08T12:15:51.418+0000] {logging_mixin.py:190} INFO - [2026-08-08T12:15:51.418+0000] {dagbag.py:588} INFO - Filling up the DagBag from /opt/airflow/dags/dag_transform_mart.py
[2026-08-08T12:15:51.425+0000] {processor.py:925} INFO - DAG(s) 'dag_transform_mart' retrieved from /opt/airflow/dags/dag_transform_mart.py
[2026-08-08T12:15:51.439+0000] {logging_mixin.py:190} INFO - [2026-08-08T12:15:51.438+0000] {dag.py:3239} INFO - Sync 1 DAGs
[2026-08-08T12:15:51.448+0000] {logging_mixin.py:190} INFO - [2026-08-08T12:15:51.448+0000] {dag.py:4180} INFO - Setting next_dagrun for dag_transform_mart to 2026-08-08 03:30:00+00:00, run_after=2026-08-09 03:30:00+00:00
[2026-08-08T12:15:51.455+0000] {processor.py:208} INFO - Processing /opt/airflow/dags/dag_transform_mart.py took 0.041 seconds
[2026-08-08T12:40:18.468+0000] {processor.py:186} INFO - Started process (PID=7866) to work on /opt/airflow/dags/dag_transform_mart.py
[2026-08-08T12:40:18.469+0000] {processor.py:914} INFO - Processing file /opt/airflow/dags/dag_transform_mart.py for tasks to queue
[2026-08-08T12:40:18.470+0000] {logging_mixin.py:190} INFO - [2026-08-08T12:40:18.470+0000] {dagbag.py:588} INFO - Filling up the DagBag from /opt/airflow/dags/dag_transform_mart.py
[2026-08-08T12:40:18.481+0000] {processor.py:925} INFO - DAG(s) 'dag_transform_mart' retrieved from /opt/airflow/dags/dag_transform_mart.py
[2026-08-08T12:40:18.498+0000] {logging_mixin.py:190} INFO - [2026-08-08T12:40:18.498+0000] {dag.py:3239} INFO - Sync 1 DAGs
[2026-08-08T12:40:18.509+0000] {logging_mixin.py:190} INFO - [2026-08-08T12:40:18.509+0000] {dag.py:4180} INFO - Setting next_dagrun for dag_transform_mart to 2026-08-08 03:30:00+00:00, run_after=2026-08-09 03:30:00+00:00
[2026-08-08T12:40:18.519+0000] {processor.py:208} INFO - Processing /opt/airflow/dags/dag_transform_mart.py took 0.058 seconds
[2026-08-08T13:26:04.651+0000] {processor.py:186} INFO - Started process (PID=7892) to work on /opt/airflow/dags/dag_transform_mart.py
[2026-08-08T13:26:04.652+0000] {processor.py:914} INFO - Processing file /opt/airflow/dags/dag_transform_mart.py for tasks to queue
[2026-08-08T13:26:04.653+0000] {logging_mixin.py:190} INFO - [2026-08-08T13:26:04.652+0000] {dagbag.py:588} INFO - Filling up the DagBag from /opt/airflow/dags/dag_transform_mart.py
[2026-08-08T13:26:04.662+0000] {processor.py:925} INFO - DAG(s) 'dag_transform_mart' retrieved from /opt/airflow/dags/dag_transform_mart.py
[2026-08-08T13:26:04.679+0000] {logging_mixin.py:190} INFO - [2026-08-08T13:26:04.678+0000] {dag.py:3239} INFO - Sync 1 DAGs
[2026-08-08T13:26:04.689+0000] {logging_mixin.py:190} INFO - [2026-08-08T13:26:04.689+0000] {dag.py:4180} INFO - Setting next_dagrun for dag_transform_mart to 2026-08-08 03:30:00+00:00, run_after=2026-08-09 03:30:00+00:00
[2026-08-08T13:26:04.696+0000] {processor.py:208} INFO - Processing /opt/airflow/dags/dag_transform_mart.py took 0.054 seconds
[2026-08-08T13:58:52.959+0000] {processor.py:186} INFO - Started process (PID=7912) to work on /opt/airflow/dags/dag_transform_mart.py
[2026-08-08T13:58:52.960+0000] {processor.py:914} INFO - Processing file /opt/airflow/dags/dag_transform_mart.py for tasks to queue
[2026-08-08T13:58:52.961+0000] {logging_mixin.py:190} INFO - [2026-08-08T13:58:52.960+0000] {dagbag.py:588} INFO - Filling up the DagBag from /opt/airflow/dags/dag_transform_mart.py
[2026-08-08T13:58:52.974+0000] {processor.py:925} INFO - DAG(s) 'dag_transform_mart' retrieved from /opt/airflow/dags/dag_transform_mart.py
[2026-08-08T13:58:52.989+0000] {logging_mixin.py:190} INFO - [2026-08-08T13:58:52.989+0000] {dag.py:3239} INFO - Sync 1 DAGs
[2026-08-08T13:58:53.003+0000] {logging_mixin.py:190} INFO - [2026-08-08T13:58:53.003+0000] {dag.py:4180} INFO - Setting next_dagrun for dag_transform_mart to 2026-08-08 03:30:00+00:00, run_after=2026-08-09 03:30:00+00:00
[2026-08-08T13:58:53.013+0000] {processor.py:208} INFO - Processing /opt/airflow/dags/dag_transform_mart.py took 0.059 seconds
[2026-08-08T14:42:39.640+0000] {processor.py:186} INFO - Started process (PID=7938) to work on /opt/airflow/dags/dag_transform_mart.py
[2026-08-08T14:42:39.641+0000] {processor.py:914} INFO - Processing file /opt/airflow/dags/dag_transform_mart.py for tasks to queue
[2026-08-08T14:42:39.641+0000] {logging_mixin.py:190} INFO - [2026-08-08T14:42:39.641+0000] {dagbag.py:588} INFO - Filling up the DagBag from /opt/airflow/dags/dag_transform_mart.py
[2026-08-08T14:42:39.647+0000] {processor.py:925} INFO - DAG(s) 'dag_transform_mart' retrieved from /opt/airflow/dags/dag_transform_mart.py
[2026-08-08T14:42:39.659+0000] {logging_mixin.py:190} INFO - [2026-08-08T14:42:39.659+0000] {dag.py:3239} INFO - Sync 1 DAGs
[2026-08-08T14:42:39.668+0000] {logging_mixin.py:190} INFO - [2026-08-08T14:42:39.668+0000] {dag.py:4180} INFO - Setting next_dagrun for dag_transform_mart to 2026-08-08 03:30:00+00:00, run_after=2026-08-09 03:30:00+00:00
[2026-08-08T14:42:39.674+0000] {processor.py:208} INFO - Processing /opt/airflow/dags/dag_transform_mart.py took 0.037 seconds
[2026-08-08T15:43:55.710+0000] {processor.py:186} INFO - Started process (PID=7961) to work on /opt/airflow/dags/dag_transform_mart.py
[2026-08-08T15:43:55.710+0000] {processor.py:914} INFO - Processing file /opt/airflow/dags/dag_transform_mart.py for tasks to queue
[2026-08-08T15:43:55.711+0000] {logging_mixin.py:190} INFO - [2026-08-08T15:43:55.710+0000] {dagbag.py:588} INFO - Filling up the DagBag from /opt/airflow/dags/dag_transform_mart.py
[2026-08-08T15:43:55.716+0000] {processor.py:925} INFO - DAG(s) 'dag_transform_mart' retrieved from /opt/airflow/dags/dag_transform_mart.py
[2026-08-08T15:43:55.728+0000] {logging_mixin.py:190} INFO - [2026-08-08T15:43:55.728+0000] {dag.py:3239} INFO - Sync 1 DAGs
[2026-08-08T15:43:55.739+0000] {logging_mixin.py:190} INFO - [2026-08-08T15:43:55.739+0000] {dag.py:4180} INFO - Setting next_dagrun for dag_transform_mart to 2026-08-08 03:30:00+00:00, run_after=2026-08-09 03:30:00+00:00
[2026-08-08T15:43:55.748+0000] {processor.py:208} INFO - Processing /opt/airflow/dags/dag_transform_mart.py took 0.042 seconds
[2026-08-08T16:17:06.921+0000] {processor.py:186} INFO - Started process (PID=7984) to work on /opt/airflow/dags/dag_transform_mart.py
[2026-08-08T16:17:06.922+0000] {processor.py:914} INFO - Processing file /opt/airflow/dags/dag_transform_mart.py for tasks to queue
[2026-08-08T16:17:06.923+0000] {logging_mixin.py:190} INFO - [2026-08-08T16:17:06.922+0000] {dagbag.py:588} INFO - Filling up the DagBag from /opt/airflow/dags/dag_transform_mart.py
[2026-08-08T16:17:06.929+0000] {processor.py:925} INFO - DAG(s) 'dag_transform_mart' retrieved from /opt/airflow/dags/dag_transform_mart.py
[2026-08-08T16:17:06.943+0000] {logging_mixin.py:190} INFO - [2026-08-08T16:17:06.942+0000] {dag.py:3239} INFO - Sync 1 DAGs
[2026-08-08T16:17:06.952+0000] {logging_mixin.py:190} INFO - [2026-08-08T16:17:06.952+0000] {dag.py:4180} INFO - Setting next_dagrun for dag_transform_mart to 2026-08-08 03:30:00+00:00, run_after=2026-08-09 03:30:00+00:00
[2026-08-08T16:17:06.958+0000] {processor.py:208} INFO - Processing /opt/airflow/dags/dag_transform_mart.py took 0.041 seconds
[2026-08-08T16:42:16.769+0000] {processor.py:186} INFO - Started process (PID=8007) to work on /opt/airflow/dags/dag_transform_mart.py
[2026-08-08T16:42:16.770+0000] {processor.py:914} INFO - Processing file /opt/airflow/dags/dag_transform_mart.py for tasks to queue
[2026-08-08T16:42:16.771+0000] {logging_mixin.py:190} INFO - [2026-08-08T16:42:16.771+0000] {dagbag.py:588} INFO - Filling up the DagBag from /opt/airflow/dags/dag_transform_mart.py
[2026-08-08T16:42:16.780+0000] {processor.py:925} INFO - DAG(s) 'dag_transform_mart' retrieved from /opt/airflow/dags/dag_transform_mart.py
[2026-08-08T16:42:16.799+0000] {logging_mixin.py:190} INFO - [2026-08-08T16:42:16.798+0000] {dag.py:3239} INFO - Sync 1 DAGs
[2026-08-08T16:42:16.810+0000] {logging_mixin.py:190} INFO - [2026-08-08T16:42:16.810+0000] {dag.py:4180} INFO - Setting next_dagrun for dag_transform_mart to 2026-08-08 03:30:00+00:00, run_after=2026-08-09 03:30:00+00:00
[2026-08-08T16:42:16.818+0000] {processor.py:208} INFO - Processing /opt/airflow/dags/dag_transform_mart.py took 0.054 seconds
[2026-08-08T16:59:30.336+0000] {processor.py:186} INFO - Started process (PID=8030) to work on /opt/airflow/dags/dag_transform_mart.py
[2026-08-08T16:59:30.337+0000] {processor.py:914} INFO - Processing file /opt/airflow/dags/dag_transform_mart.py for tasks to queue
[2026-08-08T16:59:30.338+0000] {logging_mixin.py:190} INFO - [2026-08-08T16:59:30.338+0000] {dagbag.py:588} INFO - Filling up the DagBag from /opt/airflow/dags/dag_transform_mart.py
[2026-08-08T16:59:30.345+0000] {processor.py:925} INFO - DAG(s) 'dag_transform_mart' retrieved from /opt/airflow/dags/dag_transform_mart.py
[2026-08-08T16:59:30.359+0000] {logging_mixin.py:190} INFO - [2026-08-08T16:59:30.358+0000] {dag.py:3239} INFO - Sync 1 DAGs
[2026-08-08T16:59:30.369+0000] {logging_mixin.py:190} INFO - [2026-08-08T16:59:30.369+0000] {dag.py:4180} INFO - Setting next_dagrun for dag_transform_mart to 2026-08-08 03:30:00+00:00, run_after=2026-08-09 03:30:00+00:00
[2026-08-08T16:59:30.376+0000] {processor.py:208} INFO - Processing /opt/airflow/dags/dag_transform_mart.py took 0.044 seconds
[2026-08-08T17:30:04.471+0000] {processor.py:186} INFO - Started process (PID=8053) to work on /opt/airflow/dags/dag_transform_mart.py
[2026-08-08T17:30:04.471+0000] {processor.py:914} INFO - Processing file /opt/airflow/dags/dag_transform_mart.py for tasks to queue
[2026-08-08T17:30:04.472+0000] {logging_mixin.py:190} INFO - [2026-08-08T17:30:04.472+0000] {dagbag.py:588} INFO - Filling up the DagBag from /opt/airflow/dags/dag_transform_mart.py
[2026-08-08T17:30:04.482+0000] {processor.py:925} INFO - DAG(s) 'dag_transform_mart' retrieved from /opt/airflow/dags/dag_transform_mart.py
[2026-08-08T17:30:04.496+0000] {logging_mixin.py:190} INFO - [2026-08-08T17:30:04.496+0000] {dag.py:3239} INFO - Sync 1 DAGs
[2026-08-08T17:30:04.505+0000] {logging_mixin.py:190} INFO - [2026-08-08T17:30:04.505+0000] {dag.py:4180} INFO - Setting next_dagrun for dag_transform_mart to 2026-08-08 03:30:00+00:00, run_after=2026-08-09 03:30:00+00:00
[2026-08-08T17:30:04.511+0000] {processor.py:208} INFO - Processing /opt/airflow/dags/dag_transform_mart.py took 0.047 seconds
[2026-08-08T18:03:04.919+0000] {processor.py:186} INFO - Started process (PID=8076) to work on /opt/airflow/dags/dag_transform_mart.py
[2026-08-08T18:03:04.919+0000] {processor.py:914} INFO - Processing file /opt/airflow/dags/dag_transform_mart.py for tasks to queue
[2026-08-08T18:03:04.920+0000] {logging_mixin.py:190} INFO - [2026-08-08T18:03:04.920+0000] {dagbag.py:588} INFO - Filling up the DagBag from /opt/airflow/dags/dag_transform_mart.py
[2026-08-08T18:03:04.928+0000] {processor.py:925} INFO - DAG(s) 'dag_transform_mart' retrieved from /opt/airflow/dags/dag_transform_mart.py
[2026-08-08T18:03:04.945+0000] {logging_mixin.py:190} INFO - [2026-08-08T18:03:04.945+0000] {dag.py:3239} INFO - Sync 1 DAGs
[2026-08-08T18:03:04.956+0000] {logging_mixin.py:190} INFO - [2026-08-08T18:03:04.956+0000] {dag.py:4180} INFO - Setting next_dagrun for dag_transform_mart to 2026-08-08 03:30:00+00:00, run_after=2026-08-09 03:30:00+00:00
[2026-08-08T18:03:04.962+0000] {processor.py:208} INFO - Processing /opt/airflow/dags/dag_transform_mart.py took 0.047 seconds
[2026-08-08T19:19:30.726+0000] {processor.py:186} INFO - Started process (PID=8096) to work on /opt/airflow/dags/dag_transform_mart.py
[2026-08-08T19:19:30.727+0000] {processor.py:914} INFO - Processing file /opt/airflow/dags/dag_transform_mart.py for tasks to queue
[2026-08-08T19:19:30.728+0000] {logging_mixin.py:190} INFO - [2026-08-08T19:19:30.727+0000] {dagbag.py:588} INFO - Filling up the DagBag from /opt/airflow/dags/dag_transform_mart.py
[2026-08-08T19:19:30.735+0000] {processor.py:925} INFO - DAG(s) 'dag_transform_mart' retrieved from /opt/airflow/dags/dag_transform_mart.py
[2026-08-08T19:19:30.752+0000] {logging_mixin.py:190} INFO - [2026-08-08T19:19:30.752+0000] {dag.py:3239} INFO - Sync 1 DAGs
[2026-08-08T19:19:30.762+0000] {logging_mixin.py:190} INFO - [2026-08-08T19:19:30.762+0000] {dag.py:4180} INFO - Setting next_dagrun for dag_transform_mart to 2026-08-08 03:30:00+00:00, run_after=2026-08-09 03:30:00+00:00
[2026-08-08T19:19:30.770+0000] {processor.py:208} INFO - Processing /opt/airflow/dags/dag_transform_mart.py took 0.048 seconds
[2026-08-08T19:36:44.830+0000] {processor.py:186} INFO - Started process (PID=8122) to work on /opt/airflow/dags/dag_transform_mart.py
[2026-08-08T19:36:44.831+0000] {processor.py:914} INFO - Processing file /opt/airflow/dags/dag_transform_mart.py for tasks to queue
[2026-08-08T19:36:44.832+0000] {logging_mixin.py:190} INFO - [2026-08-08T19:36:44.831+0000] {dagbag.py:588} INFO - Filling up the DagBag from /opt/airflow/dags/dag_transform_mart.py
[2026-08-08T19:36:44.839+0000] {processor.py:925} INFO - DAG(s) 'dag_transform_mart' retrieved from /opt/airflow/dags/dag_transform_mart.py
[2026-08-08T19:36:44.852+0000] {logging_mixin.py:190} INFO - [2026-08-08T19:36:44.852+0000] {dag.py:3239} INFO - Sync 1 DAGs
[2026-08-08T19:36:44.862+0000] {logging_mixin.py:190} INFO - [2026-08-08T19:36:44.862+0000] {dag.py:4180} INFO - Setting next_dagrun for dag_transform_mart to 2026-08-08 03:30:00+00:00, run_after=2026-08-09 03:30:00+00:00
[2026-08-08T19:36:44.868+0000] {processor.py:208} INFO - Processing /opt/airflow/dags/dag_transform_mart.py took 0.044 seconds
[2026-08-08T20:09:05.929+0000] {processor.py:186} INFO - Started process (PID=8143) to work on /opt/airflow/dags/dag_transform_mart.py
[2026-08-08T20:09:05.929+0000] {processor.py:914} INFO - Processing file /opt/airflow/dags/dag_transform_mart.py for tasks to queue
[2026-08-08T20:09:05.930+0000] {logging_mixin.py:190} INFO - [2026-08-08T20:09:05.930+0000] {dagbag.py:588} INFO - Filling up the DagBag from /opt/airflow/dags/dag_transform_mart.py
[2026-08-08T20:09:05.938+0000] {processor.py:925} INFO - DAG(s) 'dag_transform_mart' retrieved from /opt/airflow/dags/dag_transform_mart.py
[2026-08-08T20:09:05.952+0000] {logging_mixin.py:190} INFO - [2026-08-08T20:09:05.952+0000] {dag.py:3239} INFO - Sync 1 DAGs
[2026-08-08T20:09:05.964+0000] {logging_mixin.py:190} INFO - [2026-08-08T20:09:05.964+0000] {dag.py:4180} INFO - Setting next_dagrun for dag_transform_mart to 2026-08-08 03:30:00+00:00, run_after=2026-08-09 03:30:00+00:00
[2026-08-08T20:09:05.971+0000] {processor.py:208} INFO - Processing /opt/airflow/dags/dag_transform_mart.py took 0.045 seconds
[2026-08-08T20:56:17.549+0000] {processor.py:186} INFO - Started process (PID=8165) to work on /opt/airflow/dags/dag_transform_mart.py
[2026-08-08T20:56:17.549+0000] {processor.py:914} INFO - Processing file /opt/airflow/dags/dag_transform_mart.py for tasks to queue
[2026-08-08T20:56:17.550+0000] {logging_mixin.py:190} INFO - [2026-08-08T20:56:17.550+0000] {dagbag.py:588} INFO - Filling up the DagBag from /opt/airflow/dags/dag_transform_mart.py
[2026-08-08T20:56:17.557+0000] {processor.py:925} INFO - DAG(s) 'dag_transform_mart' retrieved from /opt/airflow/dags/dag_transform_mart.py
[2026-08-08T20:56:17.574+0000] {logging_mixin.py:190} INFO - [2026-08-08T20:56:17.574+0000] {dag.py:3239} INFO - Sync 1 DAGs
[2026-08-08T20:56:17.585+0000] {logging_mixin.py:190} INFO - [2026-08-08T20:56:17.585+0000] {dag.py:4180} INFO - Setting next_dagrun for dag_transform_mart to 2026-08-08 03:30:00+00:00, run_after=2026-08-09 03:30:00+00:00
[2026-08-08T20:56:17.592+0000] {processor.py:208} INFO - Processing /opt/airflow/dags/dag_transform_mart.py took 0.047 seconds
[2026-08-08T22:01:29.468+0000] {processor.py:186} INFO - Started process (PID=8185) to work on /opt/airflow/dags/dag_transform_mart.py
[2026-08-08T22:01:29.469+0000] {processor.py:914} INFO - Processing file /opt/airflow/dags/dag_transform_mart.py for tasks to queue
[2026-08-08T22:01:29.470+0000] {logging_mixin.py:190} INFO - [2026-08-08T22:01:29.470+0000] {dagbag.py:588} INFO - Filling up the DagBag from /opt/airflow/dags/dag_transform_mart.py
[2026-08-08T22:01:29.481+0000] {processor.py:925} INFO - DAG(s) 'dag_transform_mart' retrieved from /opt/airflow/dags/dag_transform_mart.py
[2026-08-08T22:01:29.497+0000] {logging_mixin.py:190} INFO - [2026-08-08T22:01:29.497+0000] {dag.py:3239} INFO - Sync 1 DAGs
[2026-08-08T22:01:29.509+0000] {logging_mixin.py:190} INFO - [2026-08-08T22:01:29.509+0000] {dag.py:4180} INFO - Setting next_dagrun for dag_transform_mart to 2026-08-08 03:30:00+00:00, run_after=2026-08-09 03:30:00+00:00
[2026-08-08T22:01:29.518+0000] {processor.py:208} INFO - Processing /opt/airflow/dags/dag_transform_mart.py took 0.055 seconds
[2026-08-08T22:34:05.741+0000] {processor.py:186} INFO - Started process (PID=8211) to work on /opt/airflow/dags/dag_transform_mart.py
[2026-08-08T22:34:05.742+0000] {processor.py:914} INFO - Processing file /opt/airflow/dags/dag_transform_mart.py for tasks to queue
[2026-08-08T22:34:05.743+0000] {logging_mixin.py:190} INFO - [2026-08-08T22:34:05.743+0000] {dagbag.py:588} INFO - Filling up the DagBag from /opt/airflow/dags/dag_transform_mart.py
[2026-08-08T22:34:05.752+0000] {processor.py:925} INFO - DAG(s) 'dag_transform_mart' retrieved from /opt/airflow/dags/dag_transform_mart.py
[2026-08-08T22:34:05.767+0000] {logging_mixin.py:190} INFO - [2026-08-08T22:34:05.766+0000] {dag.py:3239} INFO - Sync 1 DAGs
[2026-08-08T22:34:05.777+0000] {logging_mixin.py:190} INFO - [2026-08-08T22:34:05.777+0000] {dag.py:4180} INFO - Setting next_dagrun for dag_transform_mart to 2026-08-08 03:30:00+00:00, run_after=2026-08-09 03:30:00+00:00
[2026-08-08T22:34:05.783+0000] {processor.py:208} INFO - Processing /opt/airflow/dags/dag_transform_mart.py took 0.047 seconds
[2026-08-08T23:08:30.328+0000] {processor.py:186} INFO - Started process (PID=8234) to work on /opt/airflow/dags/dag_transform_mart.py
[2026-08-08T23:08:30.328+0000] {processor.py:914} INFO - Processing file /opt/airflow/dags/dag_transform_mart.py for tasks to queue
[2026-08-08T23:08:30.329+0000] {logging_mixin.py:190} INFO - [2026-08-08T23:08:30.329+0000] {dagbag.py:588} INFO - Filling up the DagBag from /opt/airflow/dags/dag_transform_mart.py
[2026-08-08T23:08:30.336+0000] {processor.py:925} INFO - DAG(s) 'dag_transform_mart' retrieved from /opt/airflow/dags/dag_transform_mart.py
[2026-08-08T23:08:30.350+0000] {logging_mixin.py:190} INFO - [2026-08-08T23:08:30.350+0000] {dag.py:3239} INFO - Sync 1 DAGs
[2026-08-08T23:08:30.361+0000] {logging_mixin.py:190} INFO - [2026-08-08T23:08:30.361+0000] {dag.py:4180} INFO - Setting next_dagrun for dag_transform_mart to 2026-08-08 03:30:00+00:00, run_after=2026-08-09 03:30:00+00:00
[2026-08-08T23:08:30.367+0000] {processor.py:208} INFO - Processing /opt/airflow/dags/dag_transform_mart.py took 0.044 seconds
[2026-08-08T23:43:12.462+0000] {processor.py:186} INFO - Started process (PID=8257) to work on /opt/airflow/dags/dag_transform_mart.py
[2026-08-08T23:43:12.463+0000] {processor.py:914} INFO - Processing file /opt/airflow/dags/dag_transform_mart.py for tasks to queue
[2026-08-08T23:43:12.463+0000] {logging_mixin.py:190} INFO - [2026-08-08T23:43:12.463+0000] {dagbag.py:588} INFO - Filling up the DagBag from /opt/airflow/dags/dag_transform_mart.py
[2026-08-08T23:43:12.469+0000] {processor.py:925} INFO - DAG(s) 'dag_transform_mart' retrieved from /opt/airflow/dags/dag_transform_mart.py
[2026-08-08T23:43:12.481+0000] {logging_mixin.py:190} INFO - [2026-08-08T23:43:12.481+0000] {dag.py:3239} INFO - Sync 1 DAGs
[2026-08-08T23:43:12.491+0000] {logging_mixin.py:190} INFO - [2026-08-08T23:43:12.491+0000] {dag.py:4180} INFO - Setting next_dagrun for dag_transform_mart to 2026-08-08 03:30:00+00:00, run_after=2026-08-09 03:30:00+00:00
[2026-08-08T23:43:12.498+0000] {processor.py:208} INFO - Processing /opt/airflow/dags/dag_transform_mart.py took 0.039 seconds
[2026-08-08T23:43:42.949+0000] {processor.py:186} INFO - Started process (PID=8277) to work on /opt/airflow/dags/dag_transform_mart.py
[2026-08-08T23:43:42.950+0000] {processor.py:914} INFO - Processing file /opt/airflow/dags/dag_transform_mart.py for tasks to queue
[2026-08-08T23:43:42.952+0000] {logging_mixin.py:190} INFO - [2026-08-08T23:43:42.951+0000] {dagbag.py:588} INFO - Filling up the DagBag from /opt/airflow/dags/dag_transform_mart.py
[2026-08-08T23:43:42.959+0000] {processor.py:925} INFO - DAG(s) 'dag_transform_mart' retrieved from /opt/airflow/dags/dag_transform_mart.py
[2026-08-08T23:43:42.974+0000] {logging_mixin.py:190} INFO - [2026-08-08T23:43:42.974+0000] {dag.py:3239} INFO - Sync 1 DAGs
[2026-08-08T23:43:42.985+0000] {logging_mixin.py:190} INFO - [2026-08-08T23:43:42.985+0000] {dag.py:4180} INFO - Setting next_dagrun for dag_transform_mart to 2026-08-08 03:30:00+00:00, run_after=2026-08-09 03:30:00+00:00
[2026-08-08T23:43:42.991+0000] {processor.py:208} INFO - Processing /opt/airflow/dags/dag_transform_mart.py took 0.049 seconds
