[2026-07-30T00:51:56.198+0000] {processor.py:186} INFO - Started process (PID=85114) to work on /opt/airflow/dags/dag_transform_mart.py
[2026-07-30T00:51:56.200+0000] {processor.py:914} INFO - Processing file /opt/airflow/dags/dag_transform_mart.py for tasks to queue
[2026-07-30T00:51:56.206+0000] {logging_mixin.py:190} INFO - [2026-07-30T00:51:56.204+0000] {dagbag.py:588} INFO - Filling up the DagBag from /opt/airflow/dags/dag_transform_mart.py
[2026-07-30T00:51:56.226+0000] {processor.py:925} INFO - DAG(s) 'dag_transform_mart' retrieved from /opt/airflow/dags/dag_transform_mart.py
[2026-07-30T00:51:56.263+0000] {logging_mixin.py:190} INFO - [2026-07-30T00:51:56.263+0000] {dag.py:3239} INFO - Sync 1 DAGs
[2026-07-30T00:51:56.284+0000] {logging_mixin.py:190} INFO - [2026-07-30T00:51:56.283+0000] {dag.py:4180} INFO - Setting next_dagrun for dag_transform_mart to 2026-07-29 03:30:00+00:00, run_after=2026-07-30 03:30:00+00:00
[2026-07-30T00:51:56.297+0000] {processor.py:208} INFO - Processing /opt/airflow/dags/dag_transform_mart.py took 0.108 seconds
[2026-07-30T01:49:28.590+0000] {processor.py:186} INFO - Started process (PID=85149) to work on /opt/airflow/dags/dag_transform_mart.py
[2026-07-30T01:49:28.590+0000] {processor.py:914} INFO - Processing file /opt/airflow/dags/dag_transform_mart.py for tasks to queue
[2026-07-30T01:49:28.592+0000] {logging_mixin.py:190} INFO - [2026-07-30T01:49:28.592+0000] {dagbag.py:588} INFO - Filling up the DagBag from /opt/airflow/dags/dag_transform_mart.py
[2026-07-30T01:49:28.600+0000] {processor.py:925} INFO - DAG(s) 'dag_transform_mart' retrieved from /opt/airflow/dags/dag_transform_mart.py
[2026-07-30T01:49:28.615+0000] {logging_mixin.py:190} INFO - [2026-07-30T01:49:28.615+0000] {dag.py:3239} INFO - Sync 1 DAGs
[2026-07-30T01:49:28.626+0000] {logging_mixin.py:190} INFO - [2026-07-30T01:49:28.626+0000] {dag.py:4180} INFO - Setting next_dagrun for dag_transform_mart to 2026-07-29 03:30:00+00:00, run_after=2026-07-30 03:30:00+00:00
[2026-07-30T01:49:28.632+0000] {processor.py:208} INFO - Processing /opt/airflow/dags/dag_transform_mart.py took 0.047 seconds
[2026-07-30T02:38:52.308+0000] {processor.py:186} INFO - Started process (PID=85169) to work on /opt/airflow/dags/dag_transform_mart.py
[2026-07-30T02:38:52.309+0000] {processor.py:914} INFO - Processing file /opt/airflow/dags/dag_transform_mart.py for tasks to queue
[2026-07-30T02:38:52.310+0000] {logging_mixin.py:190} INFO - [2026-07-30T02:38:52.310+0000] {dagbag.py:588} INFO - Filling up the DagBag from /opt/airflow/dags/dag_transform_mart.py
[2026-07-30T02:38:52.318+0000] {processor.py:925} INFO - DAG(s) 'dag_transform_mart' retrieved from /opt/airflow/dags/dag_transform_mart.py
[2026-07-30T02:38:52.332+0000] {logging_mixin.py:190} INFO - [2026-07-30T02:38:52.332+0000] {dag.py:3239} INFO - Sync 1 DAGs
[2026-07-30T02:38:52.341+0000] {logging_mixin.py:190} INFO - [2026-07-30T02:38:52.341+0000] {dag.py:4180} INFO - Setting next_dagrun for dag_transform_mart to 2026-07-29 03:30:00+00:00, run_after=2026-07-30 03:30:00+00:00
[2026-07-30T02:38:52.347+0000] {processor.py:208} INFO - Processing /opt/airflow/dags/dag_transform_mart.py took 0.044 seconds
[2026-07-30T03:14:16.742+0000] {processor.py:186} INFO - Started process (PID=85192) to work on /opt/airflow/dags/dag_transform_mart.py
[2026-07-30T03:14:16.743+0000] {processor.py:914} INFO - Processing file /opt/airflow/dags/dag_transform_mart.py for tasks to queue
[2026-07-30T03:14:16.745+0000] {logging_mixin.py:190} INFO - [2026-07-30T03:14:16.745+0000] {dagbag.py:588} INFO - Filling up the DagBag from /opt/airflow/dags/dag_transform_mart.py
[2026-07-30T03:14:16.758+0000] {processor.py:925} INFO - DAG(s) 'dag_transform_mart' retrieved from /opt/airflow/dags/dag_transform_mart.py
[2026-07-30T03:14:16.775+0000] {logging_mixin.py:190} INFO - [2026-07-30T03:14:16.775+0000] {dag.py:3239} INFO - Sync 1 DAGs
[2026-07-30T03:14:16.787+0000] {logging_mixin.py:190} INFO - [2026-07-30T03:14:16.787+0000] {dag.py:4180} INFO - Setting next_dagrun for dag_transform_mart to 2026-07-29 03:30:00+00:00, run_after=2026-07-30 03:30:00+00:00
[2026-07-30T03:14:16.793+0000] {processor.py:208} INFO - Processing /opt/airflow/dags/dag_transform_mart.py took 0.055 seconds
[2026-07-30T03:50:17.735+0000] {processor.py:186} INFO - Started process (PID=85212) to work on /opt/airflow/dags/dag_transform_mart.py
[2026-07-30T03:50:17.735+0000] {processor.py:914} INFO - Processing file /opt/airflow/dags/dag_transform_mart.py for tasks to queue
[2026-07-30T03:50:17.737+0000] {logging_mixin.py:190} INFO - [2026-07-30T03:50:17.737+0000] {dagbag.py:588} INFO - Filling up the DagBag from /opt/airflow/dags/dag_transform_mart.py
[2026-07-30T03:50:17.750+0000] {processor.py:925} INFO - DAG(s) 'dag_transform_mart' retrieved from /opt/airflow/dags/dag_transform_mart.py
[2026-07-30T03:50:17.766+0000] {logging_mixin.py:190} INFO - [2026-07-30T03:50:17.765+0000] {dag.py:3239} INFO - Sync 1 DAGs
[2026-07-30T03:50:17.777+0000] {logging_mixin.py:190} INFO - [2026-07-30T03:50:17.777+0000] {dag.py:4180} INFO - Setting next_dagrun for dag_transform_mart to 2026-07-29 03:30:00+00:00, run_after=2026-07-30 03:30:00+00:00
[2026-07-30T03:50:17.784+0000] {processor.py:208} INFO - Processing /opt/airflow/dags/dag_transform_mart.py took 0.058 seconds
[2026-07-30T05:10:00.618+0000] {processor.py:186} INFO - Started process (PID=85250) to work on /opt/airflow/dags/dag_transform_mart.py
[2026-07-30T05:10:00.619+0000] {processor.py:914} INFO - Processing file /opt/airflow/dags/dag_transform_mart.py for tasks to queue
[2026-07-30T05:10:00.621+0000] {logging_mixin.py:190} INFO - [2026-07-30T05:10:00.621+0000] {dagbag.py:588} INFO - Filling up the DagBag from /opt/airflow/dags/dag_transform_mart.py
[2026-07-30T05:10:00.629+0000] {processor.py:925} INFO - DAG(s) 'dag_transform_mart' retrieved from /opt/airflow/dags/dag_transform_mart.py
[2026-07-30T05:10:00.647+0000] {logging_mixin.py:190} INFO - [2026-07-30T05:10:00.647+0000] {dag.py:3239} INFO - Sync 1 DAGs
[2026-07-30T05:10:00.674+0000] {processor.py:208} INFO - Processing /opt/airflow/dags/dag_transform_mart.py took 0.065 seconds
[2026-07-30T06:06:17.349+0000] {processor.py:186} INFO - Started process (PID=85294) to work on /opt/airflow/dags/dag_transform_mart.py
[2026-07-30T06:06:17.352+0000] {processor.py:914} INFO - Processing file /opt/airflow/dags/dag_transform_mart.py for tasks to queue
[2026-07-30T06:06:17.361+0000] {logging_mixin.py:190} INFO - [2026-07-30T06:06:17.360+0000] {dagbag.py:588} INFO - Filling up the DagBag from /opt/airflow/dags/dag_transform_mart.py
[2026-07-30T06:06:17.398+0000] {processor.py:925} INFO - DAG(s) 'dag_transform_mart' retrieved from /opt/airflow/dags/dag_transform_mart.py
[2026-07-30T06:06:17.416+0000] {logging_mixin.py:190} INFO - [2026-07-30T06:06:17.416+0000] {dag.py:3239} INFO - Sync 1 DAGs
[2026-07-30T06:06:17.434+0000] {processor.py:208} INFO - Processing /opt/airflow/dags/dag_transform_mart.py took 0.110 seconds
[2026-07-30T07:09:40.497+0000] {processor.py:186} INFO - Started process (PID=85329) to work on /opt/airflow/dags/dag_transform_mart.py
[2026-07-30T07:09:40.498+0000] {processor.py:914} INFO - Processing file /opt/airflow/dags/dag_transform_mart.py for tasks to queue
[2026-07-30T07:09:40.500+0000] {logging_mixin.py:190} INFO - [2026-07-30T07:09:40.500+0000] {dagbag.py:588} INFO - Filling up the DagBag from /opt/airflow/dags/dag_transform_mart.py
[2026-07-30T07:09:40.513+0000] {processor.py:925} INFO - DAG(s) 'dag_transform_mart' retrieved from /opt/airflow/dags/dag_transform_mart.py
[2026-07-30T07:09:40.529+0000] {logging_mixin.py:190} INFO - [2026-07-30T07:09:40.529+0000] {dag.py:3239} INFO - Sync 1 DAGs
[2026-07-30T07:09:40.541+0000] {logging_mixin.py:190} INFO - [2026-07-30T07:09:40.541+0000] {dag.py:4180} INFO - Setting next_dagrun for dag_transform_mart to 2026-07-30 03:30:00+00:00, run_after=2026-07-31 03:30:00+00:00
[2026-07-30T07:09:40.551+0000] {processor.py:208} INFO - Processing /opt/airflow/dags/dag_transform_mart.py took 0.059 seconds
[2026-07-30T07:55:13.176+0000] {processor.py:186} INFO - Started process (PID=85352) to work on /opt/airflow/dags/dag_transform_mart.py
[2026-07-30T07:55:13.179+0000] {processor.py:914} INFO - Processing file /opt/airflow/dags/dag_transform_mart.py for tasks to queue
[2026-07-30T07:55:13.184+0000] {logging_mixin.py:190} INFO - [2026-07-30T07:55:13.184+0000] {dagbag.py:588} INFO - Filling up the DagBag from /opt/airflow/dags/dag_transform_mart.py
[2026-07-30T07:55:13.203+0000] {processor.py:925} INFO - DAG(s) 'dag_transform_mart' retrieved from /opt/airflow/dags/dag_transform_mart.py
[2026-07-30T07:55:13.230+0000] {logging_mixin.py:190} INFO - [2026-07-30T07:55:13.229+0000] {dag.py:3239} INFO - Sync 1 DAGs
[2026-07-30T07:55:13.251+0000] {logging_mixin.py:190} INFO - [2026-07-30T07:55:13.251+0000] {dag.py:4180} INFO - Setting next_dagrun for dag_transform_mart to 2026-07-30 03:30:00+00:00, run_after=2026-07-31 03:30:00+00:00
[2026-07-30T07:55:13.262+0000] {processor.py:208} INFO - Processing /opt/airflow/dags/dag_transform_mart.py took 0.099 seconds
[2026-07-30T07:55:43.807+0000] {processor.py:186} INFO - Started process (PID=85375) to work on /opt/airflow/dags/dag_transform_mart.py
[2026-07-30T07:55:43.808+0000] {processor.py:914} INFO - Processing file /opt/airflow/dags/dag_transform_mart.py for tasks to queue
[2026-07-30T07:55:43.811+0000] {logging_mixin.py:190} INFO - [2026-07-30T07:55:43.811+0000] {dagbag.py:588} INFO - Filling up the DagBag from /opt/airflow/dags/dag_transform_mart.py
[2026-07-30T07:55:43.824+0000] {processor.py:925} INFO - DAG(s) 'dag_transform_mart' retrieved from /opt/airflow/dags/dag_transform_mart.py
[2026-07-30T07:55:43.842+0000] {logging_mixin.py:190} INFO - [2026-07-30T07:55:43.841+0000] {dag.py:3239} INFO - Sync 1 DAGs
[2026-07-30T07:55:43.853+0000] {logging_mixin.py:190} INFO - [2026-07-30T07:55:43.853+0000] {dag.py:4180} INFO - Setting next_dagrun for dag_transform_mart to 2026-07-30 03:30:00+00:00, run_after=2026-07-31 03:30:00+00:00
[2026-07-30T07:55:43.861+0000] {processor.py:208} INFO - Processing /opt/airflow/dags/dag_transform_mart.py took 0.064 seconds
[2026-07-30T08:38:18.929+0000] {processor.py:186} INFO - Started process (PID=85395) to work on /opt/airflow/dags/dag_transform_mart.py
[2026-07-30T08:38:18.931+0000] {processor.py:914} INFO - Processing file /opt/airflow/dags/dag_transform_mart.py for tasks to queue
[2026-07-30T08:38:18.935+0000] {logging_mixin.py:190} INFO - [2026-07-30T08:38:18.934+0000] {dagbag.py:588} INFO - Filling up the DagBag from /opt/airflow/dags/dag_transform_mart.py
[2026-07-30T08:38:18.958+0000] {processor.py:925} INFO - DAG(s) 'dag_transform_mart' retrieved from /opt/airflow/dags/dag_transform_mart.py
[2026-07-30T08:38:18.981+0000] {logging_mixin.py:190} INFO - [2026-07-30T08:38:18.981+0000] {dag.py:3239} INFO - Sync 1 DAGs
[2026-07-30T08:38:18.996+0000] {logging_mixin.py:190} INFO - [2026-07-30T08:38:18.996+0000] {dag.py:4180} INFO - Setting next_dagrun for dag_transform_mart to 2026-07-30 03:30:00+00:00, run_after=2026-07-31 03:30:00+00:00
[2026-07-30T08:38:19.010+0000] {processor.py:208} INFO - Processing /opt/airflow/dags/dag_transform_mart.py took 0.091 seconds
[2026-07-30T09:55:24.834+0000] {processor.py:186} INFO - Started process (PID=85418) to work on /opt/airflow/dags/dag_transform_mart.py
[2026-07-30T09:55:24.836+0000] {processor.py:914} INFO - Processing file /opt/airflow/dags/dag_transform_mart.py for tasks to queue
[2026-07-30T09:55:24.846+0000] {logging_mixin.py:190} INFO - [2026-07-30T09:55:24.846+0000] {dagbag.py:588} INFO - Filling up the DagBag from /opt/airflow/dags/dag_transform_mart.py
[2026-07-30T09:55:24.861+0000] {processor.py:925} INFO - DAG(s) 'dag_transform_mart' retrieved from /opt/airflow/dags/dag_transform_mart.py
[2026-07-30T09:55:24.887+0000] {logging_mixin.py:190} INFO - [2026-07-30T09:55:24.887+0000] {dag.py:3239} INFO - Sync 1 DAGs
[2026-07-30T09:55:24.900+0000] {logging_mixin.py:190} INFO - [2026-07-30T09:55:24.900+0000] {dag.py:4180} INFO - Setting next_dagrun for dag_transform_mart to 2026-07-30 03:30:00+00:00, run_after=2026-07-31 03:30:00+00:00
[2026-07-30T09:55:24.907+0000] {processor.py:208} INFO - Processing /opt/airflow/dags/dag_transform_mart.py took 0.080 seconds
[2026-07-30T11:14:55.902+0000] {processor.py:186} INFO - Started process (PID=85438) to work on /opt/airflow/dags/dag_transform_mart.py
[2026-07-30T11:14:55.902+0000] {processor.py:914} INFO - Processing file /opt/airflow/dags/dag_transform_mart.py for tasks to queue
[2026-07-30T11:14:55.906+0000] {logging_mixin.py:190} INFO - [2026-07-30T11:14:55.905+0000] {dagbag.py:588} INFO - Filling up the DagBag from /opt/airflow/dags/dag_transform_mart.py
[2026-07-30T11:14:55.933+0000] {processor.py:925} INFO - DAG(s) 'dag_transform_mart' retrieved from /opt/airflow/dags/dag_transform_mart.py
[2026-07-30T11:14:55.969+0000] {logging_mixin.py:190} INFO - [2026-07-30T11:14:55.968+0000] {dag.py:3239} INFO - Sync 1 DAGs
[2026-07-30T11:14:55.986+0000] {logging_mixin.py:190} INFO - [2026-07-30T11:14:55.985+0000] {dag.py:4180} INFO - Setting next_dagrun for dag_transform_mart to 2026-07-30 03:30:00+00:00, run_after=2026-07-31 03:30:00+00:00
[2026-07-30T11:14:55.992+0000] {processor.py:208} INFO - Processing /opt/airflow/dags/dag_transform_mart.py took 0.096 seconds
[2026-07-30T12:00:46.119+0000] {processor.py:186} INFO - Started process (PID=85458) to work on /opt/airflow/dags/dag_transform_mart.py
[2026-07-30T12:00:46.121+0000] {processor.py:914} INFO - Processing file /opt/airflow/dags/dag_transform_mart.py for tasks to queue
[2026-07-30T12:00:46.126+0000] {logging_mixin.py:190} INFO - [2026-07-30T12:00:46.125+0000] {dagbag.py:588} INFO - Filling up the DagBag from /opt/airflow/dags/dag_transform_mart.py
[2026-07-30T12:00:46.147+0000] {processor.py:925} INFO - DAG(s) 'dag_transform_mart' retrieved from /opt/airflow/dags/dag_transform_mart.py
[2026-07-30T12:00:46.173+0000] {logging_mixin.py:190} INFO - [2026-07-30T12:00:46.173+0000] {dag.py:3239} INFO - Sync 1 DAGs
[2026-07-30T12:00:46.188+0000] {logging_mixin.py:190} INFO - [2026-07-30T12:00:46.187+0000] {dag.py:4180} INFO - Setting next_dagrun for dag_transform_mart to 2026-07-30 03:30:00+00:00, run_after=2026-07-31 03:30:00+00:00
[2026-07-30T12:00:46.200+0000] {processor.py:208} INFO - Processing /opt/airflow/dags/dag_transform_mart.py took 0.093 seconds
[2026-07-30T13:32:41.527+0000] {processor.py:186} INFO - Started process (PID=85478) to work on /opt/airflow/dags/dag_transform_mart.py
[2026-07-30T13:32:41.529+0000] {processor.py:914} INFO - Processing file /opt/airflow/dags/dag_transform_mart.py for tasks to queue
[2026-07-30T13:32:41.531+0000] {logging_mixin.py:190} INFO - [2026-07-30T13:32:41.531+0000] {dagbag.py:588} INFO - Filling up the DagBag from /opt/airflow/dags/dag_transform_mart.py
[2026-07-30T13:32:41.543+0000] {processor.py:925} INFO - DAG(s) 'dag_transform_mart' retrieved from /opt/airflow/dags/dag_transform_mart.py
[2026-07-30T13:32:41.562+0000] {logging_mixin.py:190} INFO - [2026-07-30T13:32:41.562+0000] {dag.py:3239} INFO - Sync 1 DAGs
[2026-07-30T13:32:41.574+0000] {logging_mixin.py:190} INFO - [2026-07-30T13:32:41.574+0000] {dag.py:4180} INFO - Setting next_dagrun for dag_transform_mart to 2026-07-30 03:30:00+00:00, run_after=2026-07-31 03:30:00+00:00
[2026-07-30T13:32:41.582+0000] {processor.py:208} INFO - Processing /opt/airflow/dags/dag_transform_mart.py took 0.062 seconds
[2026-07-30T14:33:21.413+0000] {processor.py:186} INFO - Started process (PID=85499) to work on /opt/airflow/dags/dag_transform_mart.py
[2026-07-30T14:33:21.415+0000] {processor.py:914} INFO - Processing file /opt/airflow/dags/dag_transform_mart.py for tasks to queue
[2026-07-30T14:33:21.417+0000] {logging_mixin.py:190} INFO - [2026-07-30T14:33:21.417+0000] {dagbag.py:588} INFO - Filling up the DagBag from /opt/airflow/dags/dag_transform_mart.py
[2026-07-30T14:33:21.440+0000] {processor.py:925} INFO - DAG(s) 'dag_transform_mart' retrieved from /opt/airflow/dags/dag_transform_mart.py
[2026-07-30T14:33:21.470+0000] {logging_mixin.py:190} INFO - [2026-07-30T14:33:21.469+0000] {dag.py:3239} INFO - Sync 1 DAGs
[2026-07-30T14:33:21.488+0000] {logging_mixin.py:190} INFO - [2026-07-30T14:33:21.488+0000] {dag.py:4180} INFO - Setting next_dagrun for dag_transform_mart to 2026-07-30 03:30:00+00:00, run_after=2026-07-31 03:30:00+00:00
[2026-07-30T14:33:21.497+0000] {processor.py:208} INFO - Processing /opt/airflow/dags/dag_transform_mart.py took 0.093 seconds
[2026-07-30T15:45:10.440+0000] {processor.py:186} INFO - Started process (PID=85524) to work on /opt/airflow/dags/dag_transform_mart.py
[2026-07-30T15:45:10.442+0000] {processor.py:914} INFO - Processing file /opt/airflow/dags/dag_transform_mart.py for tasks to queue
[2026-07-30T15:45:10.449+0000] {logging_mixin.py:190} INFO - [2026-07-30T15:45:10.447+0000] {dagbag.py:588} INFO - Filling up the DagBag from /opt/airflow/dags/dag_transform_mart.py
[2026-07-30T15:45:10.467+0000] {processor.py:925} INFO - DAG(s) 'dag_transform_mart' retrieved from /opt/airflow/dags/dag_transform_mart.py
[2026-07-30T15:45:10.495+0000] {logging_mixin.py:190} INFO - [2026-07-30T15:45:10.495+0000] {dag.py:3239} INFO - Sync 1 DAGs
[2026-07-30T15:45:10.508+0000] {logging_mixin.py:190} INFO - [2026-07-30T15:45:10.508+0000] {dag.py:4180} INFO - Setting next_dagrun for dag_transform_mart to 2026-07-30 03:30:00+00:00, run_after=2026-07-31 03:30:00+00:00
[2026-07-30T15:45:10.519+0000] {processor.py:208} INFO - Processing /opt/airflow/dags/dag_transform_mart.py took 0.086 seconds
[2026-07-30T16:18:11.777+0000] {processor.py:186} INFO - Started process (PID=85547) to work on /opt/airflow/dags/dag_transform_mart.py
[2026-07-30T16:18:11.779+0000] {processor.py:914} INFO - Processing file /opt/airflow/dags/dag_transform_mart.py for tasks to queue
[2026-07-30T16:18:11.782+0000] {logging_mixin.py:190} INFO - [2026-07-30T16:18:11.782+0000] {dagbag.py:588} INFO - Filling up the DagBag from /opt/airflow/dags/dag_transform_mart.py
[2026-07-30T16:18:11.794+0000] {processor.py:925} INFO - DAG(s) 'dag_transform_mart' retrieved from /opt/airflow/dags/dag_transform_mart.py
[2026-07-30T16:18:11.815+0000] {logging_mixin.py:190} INFO - [2026-07-30T16:18:11.815+0000] {dag.py:3239} INFO - Sync 1 DAGs
[2026-07-30T16:18:11.827+0000] {logging_mixin.py:190} INFO - [2026-07-30T16:18:11.827+0000] {dag.py:4180} INFO - Setting next_dagrun for dag_transform_mart to 2026-07-30 03:30:00+00:00, run_after=2026-07-31 03:30:00+00:00
[2026-07-30T16:18:11.835+0000] {processor.py:208} INFO - Processing /opt/airflow/dags/dag_transform_mart.py took 0.065 seconds
[2026-07-30T17:36:26.477+0000] {processor.py:186} INFO - Started process (PID=85576) to work on /opt/airflow/dags/dag_transform_mart.py
[2026-07-30T17:36:26.479+0000] {processor.py:914} INFO - Processing file /opt/airflow/dags/dag_transform_mart.py for tasks to queue
[2026-07-30T17:36:26.482+0000] {logging_mixin.py:190} INFO - [2026-07-30T17:36:26.482+0000] {dagbag.py:588} INFO - Filling up the DagBag from /opt/airflow/dags/dag_transform_mart.py
[2026-07-30T17:36:26.497+0000] {processor.py:925} INFO - DAG(s) 'dag_transform_mart' retrieved from /opt/airflow/dags/dag_transform_mart.py
[2026-07-30T17:36:26.520+0000] {logging_mixin.py:190} INFO - [2026-07-30T17:36:26.520+0000] {dag.py:3239} INFO - Sync 1 DAGs
[2026-07-30T17:36:26.531+0000] {logging_mixin.py:190} INFO - [2026-07-30T17:36:26.531+0000] {dag.py:4180} INFO - Setting next_dagrun for dag_transform_mart to 2026-07-30 03:30:00+00:00, run_after=2026-07-31 03:30:00+00:00
[2026-07-30T17:36:26.539+0000] {processor.py:208} INFO - Processing /opt/airflow/dags/dag_transform_mart.py took 0.069 seconds
[2026-07-30T18:48:10.198+0000] {processor.py:186} INFO - Started process (PID=85597) to work on /opt/airflow/dags/dag_transform_mart.py
[2026-07-30T18:48:10.199+0000] {processor.py:914} INFO - Processing file /opt/airflow/dags/dag_transform_mart.py for tasks to queue
[2026-07-30T18:48:10.204+0000] {logging_mixin.py:190} INFO - [2026-07-30T18:48:10.204+0000] {dagbag.py:588} INFO - Filling up the DagBag from /opt/airflow/dags/dag_transform_mart.py
[2026-07-30T18:48:10.223+0000] {processor.py:925} INFO - DAG(s) 'dag_transform_mart' retrieved from /opt/airflow/dags/dag_transform_mart.py
[2026-07-30T18:48:10.253+0000] {logging_mixin.py:190} INFO - [2026-07-30T18:48:10.253+0000] {dag.py:3239} INFO - Sync 1 DAGs
[2026-07-30T18:48:10.427+0000] {logging_mixin.py:190} INFO - [2026-07-30T18:48:10.427+0000] {dag.py:4180} INFO - Setting next_dagrun for dag_transform_mart to 2026-07-30 03:30:00+00:00, run_after=2026-07-31 03:30:00+00:00
[2026-07-30T18:48:10.433+0000] {processor.py:208} INFO - Processing /opt/airflow/dags/dag_transform_mart.py took 0.240 seconds
[2026-07-30T19:49:17.593+0000] {processor.py:186} INFO - Started process (PID=85625) to work on /opt/airflow/dags/dag_transform_mart.py
[2026-07-30T19:49:17.594+0000] {processor.py:914} INFO - Processing file /opt/airflow/dags/dag_transform_mart.py for tasks to queue
[2026-07-30T19:49:17.597+0000] {logging_mixin.py:190} INFO - [2026-07-30T19:49:17.597+0000] {dagbag.py:588} INFO - Filling up the DagBag from /opt/airflow/dags/dag_transform_mart.py
[2026-07-30T19:49:17.606+0000] {processor.py:925} INFO - DAG(s) 'dag_transform_mart' retrieved from /opt/airflow/dags/dag_transform_mart.py
[2026-07-30T19:49:17.622+0000] {logging_mixin.py:190} INFO - [2026-07-30T19:49:17.622+0000] {dag.py:3239} INFO - Sync 1 DAGs
[2026-07-30T19:49:17.632+0000] {logging_mixin.py:190} INFO - [2026-07-30T19:49:17.632+0000] {dag.py:4180} INFO - Setting next_dagrun for dag_transform_mart to 2026-07-30 03:30:00+00:00, run_after=2026-07-31 03:30:00+00:00
[2026-07-30T19:49:17.639+0000] {processor.py:208} INFO - Processing /opt/airflow/dags/dag_transform_mart.py took 0.051 seconds
[2026-07-30T20:07:27.279+0000] {processor.py:186} INFO - Started process (PID=85648) to work on /opt/airflow/dags/dag_transform_mart.py
[2026-07-30T20:07:27.280+0000] {processor.py:914} INFO - Processing file /opt/airflow/dags/dag_transform_mart.py for tasks to queue
[2026-07-30T20:07:27.281+0000] {logging_mixin.py:190} INFO - [2026-07-30T20:07:27.281+0000] {dagbag.py:588} INFO - Filling up the DagBag from /opt/airflow/dags/dag_transform_mart.py
[2026-07-30T20:07:27.286+0000] {processor.py:925} INFO - DAG(s) 'dag_transform_mart' retrieved from /opt/airflow/dags/dag_transform_mart.py
[2026-07-30T20:07:27.301+0000] {logging_mixin.py:190} INFO - [2026-07-30T20:07:27.301+0000] {dag.py:3239} INFO - Sync 1 DAGs
[2026-07-30T20:07:27.311+0000] {logging_mixin.py:190} INFO - [2026-07-30T20:07:27.311+0000] {dag.py:4180} INFO - Setting next_dagrun for dag_transform_mart to 2026-07-30 03:30:00+00:00, run_after=2026-07-31 03:30:00+00:00
[2026-07-30T20:07:27.319+0000] {processor.py:208} INFO - Processing /opt/airflow/dags/dag_transform_mart.py took 0.044 seconds
[2026-07-30T20:24:24.645+0000] {processor.py:186} INFO - Started process (PID=85671) to work on /opt/airflow/dags/dag_transform_mart.py
[2026-07-30T20:24:24.646+0000] {processor.py:914} INFO - Processing file /opt/airflow/dags/dag_transform_mart.py for tasks to queue
[2026-07-30T20:24:24.650+0000] {logging_mixin.py:190} INFO - [2026-07-30T20:24:24.649+0000] {dagbag.py:588} INFO - Filling up the DagBag from /opt/airflow/dags/dag_transform_mart.py
[2026-07-30T20:24:24.667+0000] {processor.py:925} INFO - DAG(s) 'dag_transform_mart' retrieved from /opt/airflow/dags/dag_transform_mart.py
[2026-07-30T20:24:24.689+0000] {logging_mixin.py:190} INFO - [2026-07-30T20:24:24.689+0000] {dag.py:3239} INFO - Sync 1 DAGs
[2026-07-30T20:24:24.820+0000] {logging_mixin.py:190} INFO - [2026-07-30T20:24:24.820+0000] {dag.py:4180} INFO - Setting next_dagrun for dag_transform_mart to 2026-07-30 03:30:00+00:00, run_after=2026-07-31 03:30:00+00:00
[2026-07-30T20:24:24.828+0000] {processor.py:208} INFO - Processing /opt/airflow/dags/dag_transform_mart.py took 0.189 seconds
[2026-07-30T20:50:30.203+0000] {processor.py:186} INFO - Started process (PID=85697) to work on /opt/airflow/dags/dag_transform_mart.py
[2026-07-30T20:50:30.204+0000] {processor.py:914} INFO - Processing file /opt/airflow/dags/dag_transform_mart.py for tasks to queue
[2026-07-30T20:50:30.206+0000] {logging_mixin.py:190} INFO - [2026-07-30T20:50:30.206+0000] {dagbag.py:588} INFO - Filling up the DagBag from /opt/airflow/dags/dag_transform_mart.py
[2026-07-30T20:50:30.217+0000] {processor.py:925} INFO - DAG(s) 'dag_transform_mart' retrieved from /opt/airflow/dags/dag_transform_mart.py
[2026-07-30T20:50:30.234+0000] {logging_mixin.py:190} INFO - [2026-07-30T20:50:30.234+0000] {dag.py:3239} INFO - Sync 1 DAGs
[2026-07-30T20:50:30.250+0000] {logging_mixin.py:190} INFO - [2026-07-30T20:50:30.250+0000] {dag.py:4180} INFO - Setting next_dagrun for dag_transform_mart to 2026-07-30 03:30:00+00:00, run_after=2026-07-31 03:30:00+00:00
[2026-07-30T20:50:30.260+0000] {processor.py:208} INFO - Processing /opt/airflow/dags/dag_transform_mart.py took 0.067 seconds
[2026-07-30T21:40:06.984+0000] {processor.py:186} INFO - Started process (PID=85717) to work on /opt/airflow/dags/dag_transform_mart.py
[2026-07-30T21:40:06.985+0000] {processor.py:914} INFO - Processing file /opt/airflow/dags/dag_transform_mart.py for tasks to queue
[2026-07-30T21:40:06.988+0000] {logging_mixin.py:190} INFO - [2026-07-30T21:40:06.988+0000] {dagbag.py:588} INFO - Filling up the DagBag from /opt/airflow/dags/dag_transform_mart.py
[2026-07-30T21:40:07.008+0000] {processor.py:925} INFO - DAG(s) 'dag_transform_mart' retrieved from /opt/airflow/dags/dag_transform_mart.py
[2026-07-30T21:40:07.029+0000] {logging_mixin.py:190} INFO - [2026-07-30T21:40:07.029+0000] {dag.py:3239} INFO - Sync 1 DAGs
[2026-07-30T21:40:07.042+0000] {logging_mixin.py:190} INFO - [2026-07-30T21:40:07.042+0000] {dag.py:4180} INFO - Setting next_dagrun for dag_transform_mart to 2026-07-30 03:30:00+00:00, run_after=2026-07-31 03:30:00+00:00
[2026-07-30T21:40:07.055+0000] {processor.py:208} INFO - Processing /opt/airflow/dags/dag_transform_mart.py took 0.081 seconds
[2026-07-30T22:02:41.004+0000] {processor.py:186} INFO - Started process (PID=85737) to work on /opt/airflow/dags/dag_transform_mart.py
[2026-07-30T22:02:41.005+0000] {processor.py:914} INFO - Processing file /opt/airflow/dags/dag_transform_mart.py for tasks to queue
[2026-07-30T22:02:41.007+0000] {logging_mixin.py:190} INFO - [2026-07-30T22:02:41.007+0000] {dagbag.py:588} INFO - Filling up the DagBag from /opt/airflow/dags/dag_transform_mart.py
[2026-07-30T22:02:41.015+0000] {processor.py:925} INFO - DAG(s) 'dag_transform_mart' retrieved from /opt/airflow/dags/dag_transform_mart.py
[2026-07-30T22:02:41.034+0000] {logging_mixin.py:190} INFO - [2026-07-30T22:02:41.034+0000] {dag.py:3239} INFO - Sync 1 DAGs
[2026-07-30T22:02:41.051+0000] {logging_mixin.py:190} INFO - [2026-07-30T22:02:41.051+0000] {dag.py:4180} INFO - Setting next_dagrun for dag_transform_mart to 2026-07-30 03:30:00+00:00, run_after=2026-07-31 03:30:00+00:00
[2026-07-30T22:02:41.061+0000] {processor.py:208} INFO - Processing /opt/airflow/dags/dag_transform_mart.py took 0.062 seconds
[2026-07-30T23:08:38.828+0000] {processor.py:186} INFO - Started process (PID=85761) to work on /opt/airflow/dags/dag_transform_mart.py
[2026-07-30T23:08:38.830+0000] {processor.py:914} INFO - Processing file /opt/airflow/dags/dag_transform_mart.py for tasks to queue
[2026-07-30T23:08:38.832+0000] {logging_mixin.py:190} INFO - [2026-07-30T23:08:38.832+0000] {dagbag.py:588} INFO - Filling up the DagBag from /opt/airflow/dags/dag_transform_mart.py
[2026-07-30T23:08:38.852+0000] {processor.py:925} INFO - DAG(s) 'dag_transform_mart' retrieved from /opt/airflow/dags/dag_transform_mart.py
[2026-07-30T23:08:38.872+0000] {logging_mixin.py:190} INFO - [2026-07-30T23:08:38.872+0000] {dag.py:3239} INFO - Sync 1 DAGs
[2026-07-30T23:08:38.884+0000] {logging_mixin.py:190} INFO - [2026-07-30T23:08:38.884+0000] {dag.py:4180} INFO - Setting next_dagrun for dag_transform_mart to 2026-07-30 03:30:00+00:00, run_after=2026-07-31 03:30:00+00:00
[2026-07-30T23:08:38.895+0000] {processor.py:208} INFO - Processing /opt/airflow/dags/dag_transform_mart.py took 0.076 seconds
[2026-07-30T23:42:56.574+0000] {processor.py:186} INFO - Started process (PID=85783) to work on /opt/airflow/dags/dag_transform_mart.py
[2026-07-30T23:42:56.575+0000] {processor.py:914} INFO - Processing file /opt/airflow/dags/dag_transform_mart.py for tasks to queue
[2026-07-30T23:42:56.577+0000] {logging_mixin.py:190} INFO - [2026-07-30T23:42:56.577+0000] {dagbag.py:588} INFO - Filling up the DagBag from /opt/airflow/dags/dag_transform_mart.py
[2026-07-30T23:42:56.592+0000] {processor.py:925} INFO - DAG(s) 'dag_transform_mart' retrieved from /opt/airflow/dags/dag_transform_mart.py
[2026-07-30T23:42:56.611+0000] {logging_mixin.py:190} INFO - [2026-07-30T23:42:56.611+0000] {dag.py:3239} INFO - Sync 1 DAGs
[2026-07-30T23:42:56.626+0000] {logging_mixin.py:190} INFO - [2026-07-30T23:42:56.626+0000] {dag.py:4180} INFO - Setting next_dagrun for dag_transform_mart to 2026-07-30 03:30:00+00:00, run_after=2026-07-31 03:30:00+00:00
[2026-07-30T23:42:56.634+0000] {processor.py:208} INFO - Processing /opt/airflow/dags/dag_transform_mart.py took 0.067 seconds
