[2026-07-31T00:10:37.736+0000] {processor.py:186} INFO - Started process (PID=85809) to work on /opt/airflow/dags/dag_extract_putevoy_list.py
[2026-07-31T00:10:37.737+0000] {processor.py:914} INFO - Processing file /opt/airflow/dags/dag_extract_putevoy_list.py for tasks to queue
[2026-07-31T00:10:37.741+0000] {logging_mixin.py:190} INFO - [2026-07-31T00:10:37.740+0000] {dagbag.py:588} INFO - Filling up the DagBag from /opt/airflow/dags/dag_extract_putevoy_list.py
[2026-07-31T00:10:37.756+0000] {processor.py:925} INFO - DAG(s) 'dag_extract_putevoy_list' retrieved from /opt/airflow/dags/dag_extract_putevoy_list.py
[2026-07-31T00:10:37.785+0000] {logging_mixin.py:190} INFO - [2026-07-31T00:10:37.785+0000] {dag.py:3239} INFO - Sync 1 DAGs
[2026-07-31T00:10:37.802+0000] {logging_mixin.py:190} INFO - [2026-07-31T00:10:37.802+0000] {dag.py:4180} INFO - Setting next_dagrun for dag_extract_putevoy_list to 2026-07-30 02:00:00+00:00, run_after=2026-07-31 02:00:00+00:00
[2026-07-31T00:10:37.811+0000] {processor.py:208} INFO - Processing /opt/airflow/dags/dag_extract_putevoy_list.py took 0.080 seconds
[2026-07-31T01:18:01.358+0000] {processor.py:186} INFO - Started process (PID=85844) to work on /opt/airflow/dags/dag_extract_putevoy_list.py
[2026-07-31T01:18:01.359+0000] {processor.py:914} INFO - Processing file /opt/airflow/dags/dag_extract_putevoy_list.py for tasks to queue
[2026-07-31T01:18:01.360+0000] {logging_mixin.py:190} INFO - [2026-07-31T01:18:01.360+0000] {dagbag.py:588} INFO - Filling up the DagBag from /opt/airflow/dags/dag_extract_putevoy_list.py
[2026-07-31T01:18:01.373+0000] {processor.py:925} INFO - DAG(s) 'dag_extract_putevoy_list' retrieved from /opt/airflow/dags/dag_extract_putevoy_list.py
[2026-07-31T01:18:01.402+0000] {logging_mixin.py:190} INFO - [2026-07-31T01:18:01.402+0000] {dag.py:3239} INFO - Sync 1 DAGs
[2026-07-31T01:18:01.415+0000] {logging_mixin.py:190} INFO - [2026-07-31T01:18:01.415+0000] {dag.py:4180} INFO - Setting next_dagrun for dag_extract_putevoy_list to 2026-07-30 02:00:00+00:00, run_after=2026-07-31 02:00:00+00:00
[2026-07-31T01:18:01.427+0000] {processor.py:208} INFO - Processing /opt/airflow/dags/dag_extract_putevoy_list.py took 0.079 seconds
[2026-07-31T02:08:56.183+0000] {processor.py:186} INFO - Started process (PID=85867) to work on /opt/airflow/dags/dag_extract_putevoy_list.py
[2026-07-31T02:08:56.184+0000] {processor.py:914} INFO - Processing file /opt/airflow/dags/dag_extract_putevoy_list.py for tasks to queue
[2026-07-31T02:08:56.186+0000] {logging_mixin.py:190} INFO - [2026-07-31T02:08:56.186+0000] {dagbag.py:588} INFO - Filling up the DagBag from /opt/airflow/dags/dag_extract_putevoy_list.py
[2026-07-31T02:08:56.199+0000] {processor.py:925} INFO - DAG(s) 'dag_extract_putevoy_list' retrieved from /opt/airflow/dags/dag_extract_putevoy_list.py
[2026-07-31T02:08:56.216+0000] {logging_mixin.py:190} INFO - [2026-07-31T02:08:56.216+0000] {dag.py:3239} INFO - Sync 1 DAGs
[2026-07-31T02:08:56.229+0000] {logging_mixin.py:190} INFO - [2026-07-31T02:08:56.229+0000] {dag.py:4180} INFO - Setting next_dagrun for dag_extract_putevoy_list to 2026-07-30 02:00:00+00:00, run_after=2026-07-31 02:00:00+00:00
[2026-07-31T02:08:56.239+0000] {processor.py:208} INFO - Processing /opt/airflow/dags/dag_extract_putevoy_list.py took 0.059 seconds
[2026-07-31T02:43:00.917+0000] {processor.py:186} INFO - Started process (PID=85920) to work on /opt/airflow/dags/dag_extract_putevoy_list.py
[2026-07-31T02:43:00.918+0000] {processor.py:914} INFO - Processing file /opt/airflow/dags/dag_extract_putevoy_list.py for tasks to queue
[2026-07-31T02:43:00.919+0000] {logging_mixin.py:190} INFO - [2026-07-31T02:43:00.919+0000] {dagbag.py:588} INFO - Filling up the DagBag from /opt/airflow/dags/dag_extract_putevoy_list.py
[2026-07-31T02:43:00.930+0000] {processor.py:925} INFO - DAG(s) 'dag_extract_putevoy_list' retrieved from /opt/airflow/dags/dag_extract_putevoy_list.py
[2026-07-31T02:43:00.945+0000] {logging_mixin.py:190} INFO - [2026-07-31T02:43:00.945+0000] {dag.py:3239} INFO - Sync 1 DAGs
[2026-07-31T02:43:00.961+0000] {processor.py:208} INFO - Processing /opt/airflow/dags/dag_extract_putevoy_list.py took 0.046 seconds
[2026-07-31T03:32:08.459+0000] {processor.py:186} INFO - Started process (PID=85940) to work on /opt/airflow/dags/dag_extract_putevoy_list.py
[2026-07-31T03:32:08.459+0000] {processor.py:914} INFO - Processing file /opt/airflow/dags/dag_extract_putevoy_list.py for tasks to queue
[2026-07-31T03:32:08.463+0000] {logging_mixin.py:190} INFO - [2026-07-31T03:32:08.463+0000] {dagbag.py:588} INFO - Filling up the DagBag from /opt/airflow/dags/dag_extract_putevoy_list.py
[2026-07-31T03:32:08.483+0000] {processor.py:925} INFO - DAG(s) 'dag_extract_putevoy_list' retrieved from /opt/airflow/dags/dag_extract_putevoy_list.py
[2026-07-31T03:32:08.529+0000] {logging_mixin.py:190} INFO - [2026-07-31T03:32:08.529+0000] {dag.py:3239} INFO - Sync 1 DAGs
[2026-07-31T03:32:08.577+0000] {processor.py:208} INFO - Processing /opt/airflow/dags/dag_extract_putevoy_list.py took 0.122 seconds
[2026-07-31T04:38:10.647+0000] {processor.py:186} INFO - Started process (PID=85987) to work on /opt/airflow/dags/dag_extract_putevoy_list.py
[2026-07-31T04:38:10.647+0000] {processor.py:914} INFO - Processing file /opt/airflow/dags/dag_extract_putevoy_list.py for tasks to queue
[2026-07-31T04:38:10.650+0000] {logging_mixin.py:190} INFO - [2026-07-31T04:38:10.649+0000] {dagbag.py:588} INFO - Filling up the DagBag from /opt/airflow/dags/dag_extract_putevoy_list.py
[2026-07-31T04:38:10.660+0000] {processor.py:925} INFO - DAG(s) 'dag_extract_putevoy_list' retrieved from /opt/airflow/dags/dag_extract_putevoy_list.py
[2026-07-31T04:38:10.682+0000] {logging_mixin.py:190} INFO - [2026-07-31T04:38:10.682+0000] {dag.py:3239} INFO - Sync 1 DAGs
[2026-07-31T04:38:10.703+0000] {logging_mixin.py:190} INFO - [2026-07-31T04:38:10.702+0000] {dag.py:4180} INFO - Setting next_dagrun for dag_extract_putevoy_list to 2026-07-31 02:00:00+00:00, run_after=2026-08-01 02:00:00+00:00
[2026-07-31T04:38:10.720+0000] {processor.py:208} INFO - Processing /opt/airflow/dags/dag_extract_putevoy_list.py took 0.080 seconds
[2026-07-31T04:47:17.340+0000] {processor.py:186} INFO - Started process (PID=86007) to work on /opt/airflow/dags/dag_extract_putevoy_list.py
[2026-07-31T04:47:17.340+0000] {processor.py:914} INFO - Processing file /opt/airflow/dags/dag_extract_putevoy_list.py for tasks to queue
[2026-07-31T04:47:17.342+0000] {logging_mixin.py:190} INFO - [2026-07-31T04:47:17.342+0000] {dagbag.py:588} INFO - Filling up the DagBag from /opt/airflow/dags/dag_extract_putevoy_list.py
[2026-07-31T04:47:17.351+0000] {processor.py:925} INFO - DAG(s) 'dag_extract_putevoy_list' retrieved from /opt/airflow/dags/dag_extract_putevoy_list.py
[2026-07-31T04:47:17.366+0000] {logging_mixin.py:190} INFO - [2026-07-31T04:47:17.366+0000] {dag.py:3239} INFO - Sync 1 DAGs
[2026-07-31T04:47:17.377+0000] {logging_mixin.py:190} INFO - [2026-07-31T04:47:17.377+0000] {dag.py:4180} INFO - Setting next_dagrun for dag_extract_putevoy_list to 2026-07-31 02:00:00+00:00, run_after=2026-08-01 02:00:00+00:00
[2026-07-31T04:47:17.387+0000] {processor.py:208} INFO - Processing /opt/airflow/dags/dag_extract_putevoy_list.py took 0.051 seconds
[2026-07-31T05:48:23.478+0000] {processor.py:186} INFO - Started process (PID=86039) to work on /opt/airflow/dags/dag_extract_putevoy_list.py
[2026-07-31T05:48:23.479+0000] {processor.py:914} INFO - Processing file /opt/airflow/dags/dag_extract_putevoy_list.py for tasks to queue
[2026-07-31T05:48:23.480+0000] {logging_mixin.py:190} INFO - [2026-07-31T05:48:23.480+0000] {dagbag.py:588} INFO - Filling up the DagBag from /opt/airflow/dags/dag_extract_putevoy_list.py
[2026-07-31T05:48:23.490+0000] {processor.py:925} INFO - DAG(s) 'dag_extract_putevoy_list' retrieved from /opt/airflow/dags/dag_extract_putevoy_list.py
[2026-07-31T05:48:23.505+0000] {logging_mixin.py:190} INFO - [2026-07-31T05:48:23.505+0000] {dag.py:3239} INFO - Sync 1 DAGs
[2026-07-31T05:48:23.520+0000] {logging_mixin.py:190} INFO - [2026-07-31T05:48:23.520+0000] {dag.py:4180} INFO - Setting next_dagrun for dag_extract_putevoy_list to 2026-07-31 02:00:00+00:00, run_after=2026-08-01 02:00:00+00:00
[2026-07-31T05:48:23.528+0000] {processor.py:208} INFO - Processing /opt/airflow/dags/dag_extract_putevoy_list.py took 0.053 seconds
[2026-07-31T06:32:56.242+0000] {processor.py:186} INFO - Started process (PID=86060) to work on /opt/airflow/dags/dag_extract_putevoy_list.py
[2026-07-31T06:32:56.243+0000] {processor.py:914} INFO - Processing file /opt/airflow/dags/dag_extract_putevoy_list.py for tasks to queue
[2026-07-31T06:32:56.245+0000] {logging_mixin.py:190} INFO - [2026-07-31T06:32:56.245+0000] {dagbag.py:588} INFO - Filling up the DagBag from /opt/airflow/dags/dag_extract_putevoy_list.py
[2026-07-31T06:32:56.252+0000] {processor.py:925} INFO - DAG(s) 'dag_extract_putevoy_list' retrieved from /opt/airflow/dags/dag_extract_putevoy_list.py
[2026-07-31T06:32:56.269+0000] {logging_mixin.py:190} INFO - [2026-07-31T06:32:56.269+0000] {dag.py:3239} INFO - Sync 1 DAGs
[2026-07-31T06:32:56.279+0000] {logging_mixin.py:190} INFO - [2026-07-31T06:32:56.279+0000] {dag.py:4180} INFO - Setting next_dagrun for dag_extract_putevoy_list to 2026-07-31 02:00:00+00:00, run_after=2026-08-01 02:00:00+00:00
[2026-07-31T06:32:56.286+0000] {processor.py:208} INFO - Processing /opt/airflow/dags/dag_extract_putevoy_list.py took 0.048 seconds
[2026-07-31T07:05:57.322+0000] {processor.py:186} INFO - Started process (PID=86088) to work on /opt/airflow/dags/dag_extract_putevoy_list.py
[2026-07-31T07:05:57.322+0000] {processor.py:914} INFO - Processing file /opt/airflow/dags/dag_extract_putevoy_list.py for tasks to queue
[2026-07-31T07:05:57.324+0000] {logging_mixin.py:190} INFO - [2026-07-31T07:05:57.324+0000] {dagbag.py:588} INFO - Filling up the DagBag from /opt/airflow/dags/dag_extract_putevoy_list.py
[2026-07-31T07:05:57.330+0000] {processor.py:925} INFO - DAG(s) 'dag_extract_putevoy_list' retrieved from /opt/airflow/dags/dag_extract_putevoy_list.py
[2026-07-31T07:05:57.348+0000] {logging_mixin.py:190} INFO - [2026-07-31T07:05:57.348+0000] {dag.py:3239} INFO - Sync 1 DAGs
[2026-07-31T07:05:57.358+0000] {logging_mixin.py:190} INFO - [2026-07-31T07:05:57.358+0000] {dag.py:4180} INFO - Setting next_dagrun for dag_extract_putevoy_list to 2026-07-31 02:00:00+00:00, run_after=2026-08-01 02:00:00+00:00
[2026-07-31T07:05:57.365+0000] {processor.py:208} INFO - Processing /opt/airflow/dags/dag_extract_putevoy_list.py took 0.047 seconds
[2026-07-31T07:50:24.026+0000] {processor.py:186} INFO - Started process (PID=86108) to work on /opt/airflow/dags/dag_extract_putevoy_list.py
[2026-07-31T07:50:24.028+0000] {processor.py:914} INFO - Processing file /opt/airflow/dags/dag_extract_putevoy_list.py for tasks to queue
[2026-07-31T07:50:24.030+0000] {logging_mixin.py:190} INFO - [2026-07-31T07:50:24.030+0000] {dagbag.py:588} INFO - Filling up the DagBag from /opt/airflow/dags/dag_extract_putevoy_list.py
[2026-07-31T07:50:24.043+0000] {processor.py:925} INFO - DAG(s) 'dag_extract_putevoy_list' retrieved from /opt/airflow/dags/dag_extract_putevoy_list.py
[2026-07-31T07:50:24.058+0000] {logging_mixin.py:190} INFO - [2026-07-31T07:50:24.058+0000] {dag.py:3239} INFO - Sync 1 DAGs
[2026-07-31T07:50:24.069+0000] {logging_mixin.py:190} INFO - [2026-07-31T07:50:24.069+0000] {dag.py:4180} INFO - Setting next_dagrun for dag_extract_putevoy_list to 2026-07-31 02:00:00+00:00, run_after=2026-08-01 02:00:00+00:00
[2026-07-31T07:50:24.078+0000] {processor.py:208} INFO - Processing /opt/airflow/dags/dag_extract_putevoy_list.py took 0.056 seconds
[2026-07-31T08:40:02.416+0000] {processor.py:186} INFO - Started process (PID=86134) to work on /opt/airflow/dags/dag_extract_putevoy_list.py
[2026-07-31T08:40:02.417+0000] {processor.py:914} INFO - Processing file /opt/airflow/dags/dag_extract_putevoy_list.py for tasks to queue
[2026-07-31T08:40:02.419+0000] {logging_mixin.py:190} INFO - [2026-07-31T08:40:02.419+0000] {dagbag.py:588} INFO - Filling up the DagBag from /opt/airflow/dags/dag_extract_putevoy_list.py
[2026-07-31T08:40:02.429+0000] {processor.py:925} INFO - DAG(s) 'dag_extract_putevoy_list' retrieved from /opt/airflow/dags/dag_extract_putevoy_list.py
[2026-07-31T08:40:02.449+0000] {logging_mixin.py:190} INFO - [2026-07-31T08:40:02.449+0000] {dag.py:3239} INFO - Sync 1 DAGs
[2026-07-31T08:40:02.462+0000] {logging_mixin.py:190} INFO - [2026-07-31T08:40:02.462+0000] {dag.py:4180} INFO - Setting next_dagrun for dag_extract_putevoy_list to 2026-07-31 02:00:00+00:00, run_after=2026-08-01 02:00:00+00:00
[2026-07-31T08:40:02.470+0000] {processor.py:208} INFO - Processing /opt/airflow/dags/dag_extract_putevoy_list.py took 0.058 seconds
[2026-07-31T08:51:15.808+0000] {processor.py:186} INFO - Started process (PID=86157) to work on /opt/airflow/dags/dag_extract_putevoy_list.py
[2026-07-31T08:51:15.809+0000] {processor.py:914} INFO - Processing file /opt/airflow/dags/dag_extract_putevoy_list.py for tasks to queue
[2026-07-31T08:51:15.810+0000] {logging_mixin.py:190} INFO - [2026-07-31T08:51:15.810+0000] {dagbag.py:588} INFO - Filling up the DagBag from /opt/airflow/dags/dag_extract_putevoy_list.py
[2026-07-31T08:51:15.818+0000] {processor.py:925} INFO - DAG(s) 'dag_extract_putevoy_list' retrieved from /opt/airflow/dags/dag_extract_putevoy_list.py
[2026-07-31T08:51:15.831+0000] {logging_mixin.py:190} INFO - [2026-07-31T08:51:15.831+0000] {dag.py:3239} INFO - Sync 1 DAGs
[2026-07-31T08:51:15.839+0000] {logging_mixin.py:190} INFO - [2026-07-31T08:51:15.839+0000] {dag.py:4180} INFO - Setting next_dagrun for dag_extract_putevoy_list to 2026-07-31 02:00:00+00:00, run_after=2026-08-01 02:00:00+00:00
[2026-07-31T08:51:15.847+0000] {processor.py:208} INFO - Processing /opt/airflow/dags/dag_extract_putevoy_list.py took 0.044 seconds
[2026-07-31T10:08:37.521+0000] {processor.py:186} INFO - Started process (PID=86180) to work on /opt/airflow/dags/dag_extract_putevoy_list.py
[2026-07-31T10:08:37.522+0000] {processor.py:914} INFO - Processing file /opt/airflow/dags/dag_extract_putevoy_list.py for tasks to queue
[2026-07-31T10:08:37.524+0000] {logging_mixin.py:190} INFO - [2026-07-31T10:08:37.524+0000] {dagbag.py:588} INFO - Filling up the DagBag from /opt/airflow/dags/dag_extract_putevoy_list.py
[2026-07-31T10:08:37.537+0000] {processor.py:925} INFO - DAG(s) 'dag_extract_putevoy_list' retrieved from /opt/airflow/dags/dag_extract_putevoy_list.py
[2026-07-31T10:08:37.562+0000] {logging_mixin.py:190} INFO - [2026-07-31T10:08:37.562+0000] {dag.py:3239} INFO - Sync 1 DAGs
[2026-07-31T10:08:37.583+0000] {logging_mixin.py:190} INFO - [2026-07-31T10:08:37.582+0000] {dag.py:4180} INFO - Setting next_dagrun for dag_extract_putevoy_list to 2026-07-31 02:00:00+00:00, run_after=2026-08-01 02:00:00+00:00
[2026-07-31T10:08:37.611+0000] {processor.py:208} INFO - Processing /opt/airflow/dags/dag_extract_putevoy_list.py took 0.096 seconds
[2026-07-31T11:25:59.457+0000] {processor.py:186} INFO - Started process (PID=86203) to work on /opt/airflow/dags/dag_extract_putevoy_list.py
[2026-07-31T11:25:59.458+0000] {processor.py:914} INFO - Processing file /opt/airflow/dags/dag_extract_putevoy_list.py for tasks to queue
[2026-07-31T11:25:59.460+0000] {logging_mixin.py:190} INFO - [2026-07-31T11:25:59.460+0000] {dagbag.py:588} INFO - Filling up the DagBag from /opt/airflow/dags/dag_extract_putevoy_list.py
[2026-07-31T11:25:59.479+0000] {processor.py:925} INFO - DAG(s) 'dag_extract_putevoy_list' retrieved from /opt/airflow/dags/dag_extract_putevoy_list.py
[2026-07-31T11:25:59.508+0000] {logging_mixin.py:190} INFO - [2026-07-31T11:25:59.508+0000] {dag.py:3239} INFO - Sync 1 DAGs
[2026-07-31T11:25:59.539+0000] {logging_mixin.py:190} INFO - [2026-07-31T11:25:59.539+0000] {dag.py:4180} INFO - Setting next_dagrun for dag_extract_putevoy_list to 2026-07-31 02:00:00+00:00, run_after=2026-08-01 02:00:00+00:00
[2026-07-31T11:25:59.550+0000] {processor.py:208} INFO - Processing /opt/airflow/dags/dag_extract_putevoy_list.py took 0.099 seconds
[2026-07-31T11:54:30.407+0000] {processor.py:186} INFO - Started process (PID=86226) to work on /opt/airflow/dags/dag_extract_putevoy_list.py
[2026-07-31T11:54:30.408+0000] {processor.py:914} INFO - Processing file /opt/airflow/dags/dag_extract_putevoy_list.py for tasks to queue
[2026-07-31T11:54:30.410+0000] {logging_mixin.py:190} INFO - [2026-07-31T11:54:30.410+0000] {dagbag.py:588} INFO - Filling up the DagBag from /opt/airflow/dags/dag_extract_putevoy_list.py
[2026-07-31T11:54:30.425+0000] {processor.py:925} INFO - DAG(s) 'dag_extract_putevoy_list' retrieved from /opt/airflow/dags/dag_extract_putevoy_list.py
[2026-07-31T11:54:30.448+0000] {logging_mixin.py:190} INFO - [2026-07-31T11:54:30.448+0000] {dag.py:3239} INFO - Sync 1 DAGs
[2026-07-31T11:54:30.463+0000] {logging_mixin.py:190} INFO - [2026-07-31T11:54:30.463+0000] {dag.py:4180} INFO - Setting next_dagrun for dag_extract_putevoy_list to 2026-07-31 02:00:00+00:00, run_after=2026-08-01 02:00:00+00:00
[2026-07-31T11:54:30.473+0000] {processor.py:208} INFO - Processing /opt/airflow/dags/dag_extract_putevoy_list.py took 0.072 seconds
[2026-07-31T12:55:10.590+0000] {processor.py:186} INFO - Started process (PID=86252) to work on /opt/airflow/dags/dag_extract_putevoy_list.py
[2026-07-31T12:55:10.590+0000] {processor.py:914} INFO - Processing file /opt/airflow/dags/dag_extract_putevoy_list.py for tasks to queue
[2026-07-31T12:55:10.592+0000] {logging_mixin.py:190} INFO - [2026-07-31T12:55:10.592+0000] {dagbag.py:588} INFO - Filling up the DagBag from /opt/airflow/dags/dag_extract_putevoy_list.py
[2026-07-31T12:55:10.603+0000] {processor.py:925} INFO - DAG(s) 'dag_extract_putevoy_list' retrieved from /opt/airflow/dags/dag_extract_putevoy_list.py
[2026-07-31T12:55:10.617+0000] {logging_mixin.py:190} INFO - [2026-07-31T12:55:10.617+0000] {dag.py:3239} INFO - Sync 1 DAGs
[2026-07-31T12:55:10.627+0000] {logging_mixin.py:190} INFO - [2026-07-31T12:55:10.627+0000] {dag.py:4180} INFO - Setting next_dagrun for dag_extract_putevoy_list to 2026-07-31 02:00:00+00:00, run_after=2026-08-01 02:00:00+00:00
[2026-07-31T12:55:10.635+0000] {processor.py:208} INFO - Processing /opt/airflow/dags/dag_extract_putevoy_list.py took 0.050 seconds
[2026-07-31T13:27:29.349+0000] {processor.py:186} INFO - Started process (PID=86272) to work on /opt/airflow/dags/dag_extract_putevoy_list.py
[2026-07-31T13:27:29.350+0000] {processor.py:914} INFO - Processing file /opt/airflow/dags/dag_extract_putevoy_list.py for tasks to queue
[2026-07-31T13:27:29.352+0000] {logging_mixin.py:190} INFO - [2026-07-31T13:27:29.352+0000] {dagbag.py:588} INFO - Filling up the DagBag from /opt/airflow/dags/dag_extract_putevoy_list.py
[2026-07-31T13:27:29.363+0000] {processor.py:925} INFO - DAG(s) 'dag_extract_putevoy_list' retrieved from /opt/airflow/dags/dag_extract_putevoy_list.py
[2026-07-31T13:27:29.378+0000] {logging_mixin.py:190} INFO - [2026-07-31T13:27:29.378+0000] {dag.py:3239} INFO - Sync 1 DAGs
[2026-07-31T13:27:29.391+0000] {logging_mixin.py:190} INFO - [2026-07-31T13:27:29.391+0000] {dag.py:4180} INFO - Setting next_dagrun for dag_extract_putevoy_list to 2026-07-31 02:00:00+00:00, run_after=2026-08-01 02:00:00+00:00
[2026-07-31T13:27:29.398+0000] {processor.py:208} INFO - Processing /opt/airflow/dags/dag_extract_putevoy_list.py took 0.053 seconds
[2026-07-31T14:28:44.578+0000] {processor.py:186} INFO - Started process (PID=86295) to work on /opt/airflow/dags/dag_extract_putevoy_list.py
[2026-07-31T14:28:44.580+0000] {processor.py:914} INFO - Processing file /opt/airflow/dags/dag_extract_putevoy_list.py for tasks to queue
[2026-07-31T14:28:44.585+0000] {logging_mixin.py:190} INFO - [2026-07-31T14:28:44.585+0000] {dagbag.py:588} INFO - Filling up the DagBag from /opt/airflow/dags/dag_extract_putevoy_list.py
[2026-07-31T14:28:44.594+0000] {processor.py:925} INFO - DAG(s) 'dag_extract_putevoy_list' retrieved from /opt/airflow/dags/dag_extract_putevoy_list.py
[2026-07-31T14:28:44.615+0000] {logging_mixin.py:190} INFO - [2026-07-31T14:28:44.615+0000] {dag.py:3239} INFO - Sync 1 DAGs
[2026-07-31T14:28:44.633+0000] {logging_mixin.py:190} INFO - [2026-07-31T14:28:44.633+0000] {dag.py:4180} INFO - Setting next_dagrun for dag_extract_putevoy_list to 2026-07-31 02:00:00+00:00, run_after=2026-08-01 02:00:00+00:00
[2026-07-31T14:28:44.645+0000] {processor.py:208} INFO - Processing /opt/airflow/dags/dag_extract_putevoy_list.py took 0.073 seconds
[2026-07-31T15:14:53.614+0000] {processor.py:186} INFO - Started process (PID=86324) to work on /opt/airflow/dags/dag_extract_putevoy_list.py
[2026-07-31T15:14:53.614+0000] {processor.py:914} INFO - Processing file /opt/airflow/dags/dag_extract_putevoy_list.py for tasks to queue
[2026-07-31T15:14:53.617+0000] {logging_mixin.py:190} INFO - [2026-07-31T15:14:53.617+0000] {dagbag.py:588} INFO - Filling up the DagBag from /opt/airflow/dags/dag_extract_putevoy_list.py
[2026-07-31T15:14:53.627+0000] {processor.py:925} INFO - DAG(s) 'dag_extract_putevoy_list' retrieved from /opt/airflow/dags/dag_extract_putevoy_list.py
[2026-07-31T15:14:53.641+0000] {logging_mixin.py:190} INFO - [2026-07-31T15:14:53.641+0000] {dag.py:3239} INFO - Sync 1 DAGs
[2026-07-31T15:14:53.649+0000] {logging_mixin.py:190} INFO - [2026-07-31T15:14:53.649+0000] {dag.py:4180} INFO - Setting next_dagrun for dag_extract_putevoy_list to 2026-07-31 02:00:00+00:00, run_after=2026-08-01 02:00:00+00:00
[2026-07-31T15:14:53.660+0000] {processor.py:208} INFO - Processing /opt/airflow/dags/dag_extract_putevoy_list.py took 0.050 seconds
[2026-07-31T15:32:16.812+0000] {processor.py:186} INFO - Started process (PID=86347) to work on /opt/airflow/dags/dag_extract_putevoy_list.py
[2026-07-31T15:32:16.813+0000] {processor.py:914} INFO - Processing file /opt/airflow/dags/dag_extract_putevoy_list.py for tasks to queue
[2026-07-31T15:32:16.816+0000] {logging_mixin.py:190} INFO - [2026-07-31T15:32:16.816+0000] {dagbag.py:588} INFO - Filling up the DagBag from /opt/airflow/dags/dag_extract_putevoy_list.py
[2026-07-31T15:32:16.825+0000] {processor.py:925} INFO - DAG(s) 'dag_extract_putevoy_list' retrieved from /opt/airflow/dags/dag_extract_putevoy_list.py
[2026-07-31T15:32:16.846+0000] {logging_mixin.py:190} INFO - [2026-07-31T15:32:16.846+0000] {dag.py:3239} INFO - Sync 1 DAGs
[2026-07-31T15:32:16.856+0000] {logging_mixin.py:190} INFO - [2026-07-31T15:32:16.856+0000] {dag.py:4180} INFO - Setting next_dagrun for dag_extract_putevoy_list to 2026-07-31 02:00:00+00:00, run_after=2026-08-01 02:00:00+00:00
[2026-07-31T15:32:16.864+0000] {processor.py:208} INFO - Processing /opt/airflow/dags/dag_extract_putevoy_list.py took 0.059 seconds
[2026-07-31T16:47:24.108+0000] {processor.py:186} INFO - Started process (PID=86367) to work on /opt/airflow/dags/dag_extract_putevoy_list.py
[2026-07-31T16:47:24.110+0000] {processor.py:914} INFO - Processing file /opt/airflow/dags/dag_extract_putevoy_list.py for tasks to queue
[2026-07-31T16:47:24.112+0000] {logging_mixin.py:190} INFO - [2026-07-31T16:47:24.111+0000] {dagbag.py:588} INFO - Filling up the DagBag from /opt/airflow/dags/dag_extract_putevoy_list.py
[2026-07-31T16:47:24.122+0000] {processor.py:925} INFO - DAG(s) 'dag_extract_putevoy_list' retrieved from /opt/airflow/dags/dag_extract_putevoy_list.py
[2026-07-31T16:47:24.138+0000] {logging_mixin.py:190} INFO - [2026-07-31T16:47:24.138+0000] {dag.py:3239} INFO - Sync 1 DAGs
[2026-07-31T16:47:24.149+0000] {logging_mixin.py:190} INFO - [2026-07-31T16:47:24.149+0000] {dag.py:4180} INFO - Setting next_dagrun for dag_extract_putevoy_list to 2026-07-31 02:00:00+00:00, run_after=2026-08-01 02:00:00+00:00
[2026-07-31T16:47:24.158+0000] {processor.py:208} INFO - Processing /opt/airflow/dags/dag_extract_putevoy_list.py took 0.055 seconds
[2026-07-31T18:00:16.724+0000] {processor.py:186} INFO - Started process (PID=86391) to work on /opt/airflow/dags/dag_extract_putevoy_list.py
[2026-07-31T18:00:16.724+0000] {processor.py:914} INFO - Processing file /opt/airflow/dags/dag_extract_putevoy_list.py for tasks to queue
[2026-07-31T18:00:16.728+0000] {logging_mixin.py:190} INFO - [2026-07-31T18:00:16.728+0000] {dagbag.py:588} INFO - Filling up the DagBag from /opt/airflow/dags/dag_extract_putevoy_list.py
[2026-07-31T18:00:16.739+0000] {processor.py:925} INFO - DAG(s) 'dag_extract_putevoy_list' retrieved from /opt/airflow/dags/dag_extract_putevoy_list.py
[2026-07-31T18:00:16.759+0000] {logging_mixin.py:190} INFO - [2026-07-31T18:00:16.759+0000] {dag.py:3239} INFO - Sync 1 DAGs
[2026-07-31T18:00:16.774+0000] {logging_mixin.py:190} INFO - [2026-07-31T18:00:16.774+0000] {dag.py:4180} INFO - Setting next_dagrun for dag_extract_putevoy_list to 2026-07-31 02:00:00+00:00, run_after=2026-08-01 02:00:00+00:00
[2026-07-31T18:00:16.783+0000] {processor.py:208} INFO - Processing /opt/airflow/dags/dag_extract_putevoy_list.py took 0.064 seconds
[2026-07-31T18:33:01.889+0000] {processor.py:186} INFO - Started process (PID=86416) to work on /opt/airflow/dags/dag_extract_putevoy_list.py
[2026-07-31T18:33:01.889+0000] {processor.py:914} INFO - Processing file /opt/airflow/dags/dag_extract_putevoy_list.py for tasks to queue
[2026-07-31T18:33:01.891+0000] {logging_mixin.py:190} INFO - [2026-07-31T18:33:01.890+0000] {dagbag.py:588} INFO - Filling up the DagBag from /opt/airflow/dags/dag_extract_putevoy_list.py
[2026-07-31T18:33:01.902+0000] {processor.py:925} INFO - DAG(s) 'dag_extract_putevoy_list' retrieved from /opt/airflow/dags/dag_extract_putevoy_list.py
[2026-07-31T18:33:01.918+0000] {logging_mixin.py:190} INFO - [2026-07-31T18:33:01.918+0000] {dag.py:3239} INFO - Sync 1 DAGs
[2026-07-31T18:33:01.927+0000] {logging_mixin.py:190} INFO - [2026-07-31T18:33:01.927+0000] {dag.py:4180} INFO - Setting next_dagrun for dag_extract_putevoy_list to 2026-07-31 02:00:00+00:00, run_after=2026-08-01 02:00:00+00:00
[2026-07-31T18:33:01.935+0000] {processor.py:208} INFO - Processing /opt/airflow/dags/dag_extract_putevoy_list.py took 0.049 seconds
[2026-07-31T18:33:32.467+0000] {processor.py:186} INFO - Started process (PID=86439) to work on /opt/airflow/dags/dag_extract_putevoy_list.py
[2026-07-31T18:33:32.468+0000] {processor.py:914} INFO - Processing file /opt/airflow/dags/dag_extract_putevoy_list.py for tasks to queue
[2026-07-31T18:33:32.470+0000] {logging_mixin.py:190} INFO - [2026-07-31T18:33:32.470+0000] {dagbag.py:588} INFO - Filling up the DagBag from /opt/airflow/dags/dag_extract_putevoy_list.py
[2026-07-31T18:33:32.481+0000] {processor.py:925} INFO - DAG(s) 'dag_extract_putevoy_list' retrieved from /opt/airflow/dags/dag_extract_putevoy_list.py
[2026-07-31T18:33:32.503+0000] {logging_mixin.py:190} INFO - [2026-07-31T18:33:32.503+0000] {dag.py:3239} INFO - Sync 1 DAGs
[2026-07-31T18:33:32.517+0000] {logging_mixin.py:190} INFO - [2026-07-31T18:33:32.517+0000] {dag.py:4180} INFO - Setting next_dagrun for dag_extract_putevoy_list to 2026-07-31 02:00:00+00:00, run_after=2026-08-01 02:00:00+00:00
[2026-07-31T18:33:32.528+0000] {processor.py:208} INFO - Processing /opt/airflow/dags/dag_extract_putevoy_list.py took 0.065 seconds
[2026-07-31T19:01:17.459+0000] {processor.py:186} INFO - Started process (PID=86459) to work on /opt/airflow/dags/dag_extract_putevoy_list.py
[2026-07-31T19:01:17.460+0000] {processor.py:914} INFO - Processing file /opt/airflow/dags/dag_extract_putevoy_list.py for tasks to queue
[2026-07-31T19:01:17.464+0000] {logging_mixin.py:190} INFO - [2026-07-31T19:01:17.464+0000] {dagbag.py:588} INFO - Filling up the DagBag from /opt/airflow/dags/dag_extract_putevoy_list.py
[2026-07-31T19:01:17.478+0000] {processor.py:925} INFO - DAG(s) 'dag_extract_putevoy_list' retrieved from /opt/airflow/dags/dag_extract_putevoy_list.py
[2026-07-31T19:01:17.493+0000] {logging_mixin.py:190} INFO - [2026-07-31T19:01:17.493+0000] {dag.py:3239} INFO - Sync 1 DAGs
[2026-07-31T19:01:17.505+0000] {logging_mixin.py:190} INFO - [2026-07-31T19:01:17.505+0000] {dag.py:4180} INFO - Setting next_dagrun for dag_extract_putevoy_list to 2026-07-31 02:00:00+00:00, run_after=2026-08-01 02:00:00+00:00
[2026-07-31T19:01:17.514+0000] {processor.py:208} INFO - Processing /opt/airflow/dags/dag_extract_putevoy_list.py took 0.060 seconds
[2026-07-31T19:53:23.216+0000] {processor.py:186} INFO - Started process (PID=86483) to work on /opt/airflow/dags/dag_extract_putevoy_list.py
[2026-07-31T19:53:23.217+0000] {processor.py:914} INFO - Processing file /opt/airflow/dags/dag_extract_putevoy_list.py for tasks to queue
[2026-07-31T19:53:23.219+0000] {logging_mixin.py:190} INFO - [2026-07-31T19:53:23.219+0000] {dagbag.py:588} INFO - Filling up the DagBag from /opt/airflow/dags/dag_extract_putevoy_list.py
[2026-07-31T19:53:23.234+0000] {processor.py:925} INFO - DAG(s) 'dag_extract_putevoy_list' retrieved from /opt/airflow/dags/dag_extract_putevoy_list.py
[2026-07-31T19:53:23.262+0000] {logging_mixin.py:190} INFO - [2026-07-31T19:53:23.262+0000] {dag.py:3239} INFO - Sync 1 DAGs
[2026-07-31T19:53:23.277+0000] {logging_mixin.py:190} INFO - [2026-07-31T19:53:23.277+0000] {dag.py:4180} INFO - Setting next_dagrun for dag_extract_putevoy_list to 2026-07-31 02:00:00+00:00, run_after=2026-08-01 02:00:00+00:00
[2026-07-31T19:53:23.289+0000] {processor.py:208} INFO - Processing /opt/airflow/dags/dag_extract_putevoy_list.py took 0.077 seconds
[2026-07-31T20:35:25.048+0000] {processor.py:186} INFO - Started process (PID=86508) to work on /opt/airflow/dags/dag_extract_putevoy_list.py
[2026-07-31T20:35:25.048+0000] {processor.py:914} INFO - Processing file /opt/airflow/dags/dag_extract_putevoy_list.py for tasks to queue
[2026-07-31T20:35:25.051+0000] {logging_mixin.py:190} INFO - [2026-07-31T20:35:25.051+0000] {dagbag.py:588} INFO - Filling up the DagBag from /opt/airflow/dags/dag_extract_putevoy_list.py
[2026-07-31T20:35:25.062+0000] {processor.py:925} INFO - DAG(s) 'dag_extract_putevoy_list' retrieved from /opt/airflow/dags/dag_extract_putevoy_list.py
[2026-07-31T20:35:25.078+0000] {logging_mixin.py:190} INFO - [2026-07-31T20:35:25.078+0000] {dag.py:3239} INFO - Sync 1 DAGs
[2026-07-31T20:35:25.090+0000] {logging_mixin.py:190} INFO - [2026-07-31T20:35:25.090+0000] {dag.py:4180} INFO - Setting next_dagrun for dag_extract_putevoy_list to 2026-07-31 02:00:00+00:00, run_after=2026-08-01 02:00:00+00:00
[2026-07-31T20:35:25.097+0000] {processor.py:208} INFO - Processing /opt/airflow/dags/dag_extract_putevoy_list.py took 0.053 seconds
[2026-07-31T20:52:09.572+0000] {processor.py:186} INFO - Started process (PID=86528) to work on /opt/airflow/dags/dag_extract_putevoy_list.py
[2026-07-31T20:52:09.572+0000] {processor.py:914} INFO - Processing file /opt/airflow/dags/dag_extract_putevoy_list.py for tasks to queue
[2026-07-31T20:52:09.574+0000] {logging_mixin.py:190} INFO - [2026-07-31T20:52:09.574+0000] {dagbag.py:588} INFO - Filling up the DagBag from /opt/airflow/dags/dag_extract_putevoy_list.py
[2026-07-31T20:52:09.583+0000] {processor.py:925} INFO - DAG(s) 'dag_extract_putevoy_list' retrieved from /opt/airflow/dags/dag_extract_putevoy_list.py
[2026-07-31T20:52:09.596+0000] {logging_mixin.py:190} INFO - [2026-07-31T20:52:09.596+0000] {dag.py:3239} INFO - Sync 1 DAGs
[2026-07-31T20:52:09.606+0000] {logging_mixin.py:190} INFO - [2026-07-31T20:52:09.606+0000] {dag.py:4180} INFO - Setting next_dagrun for dag_extract_putevoy_list to 2026-07-31 02:00:00+00:00, run_after=2026-08-01 02:00:00+00:00
[2026-07-31T20:52:09.614+0000] {processor.py:208} INFO - Processing /opt/airflow/dags/dag_extract_putevoy_list.py took 0.045 seconds
[2026-07-31T22:24:44.317+0000] {processor.py:186} INFO - Started process (PID=86554) to work on /opt/airflow/dags/dag_extract_putevoy_list.py
[2026-07-31T22:24:44.318+0000] {processor.py:914} INFO - Processing file /opt/airflow/dags/dag_extract_putevoy_list.py for tasks to queue
[2026-07-31T22:24:44.320+0000] {logging_mixin.py:190} INFO - [2026-07-31T22:24:44.319+0000] {dagbag.py:588} INFO - Filling up the DagBag from /opt/airflow/dags/dag_extract_putevoy_list.py
[2026-07-31T22:24:44.329+0000] {processor.py:925} INFO - DAG(s) 'dag_extract_putevoy_list' retrieved from /opt/airflow/dags/dag_extract_putevoy_list.py
[2026-07-31T22:24:44.348+0000] {logging_mixin.py:190} INFO - [2026-07-31T22:24:44.348+0000] {dag.py:3239} INFO - Sync 1 DAGs
[2026-07-31T22:24:44.358+0000] {logging_mixin.py:190} INFO - [2026-07-31T22:24:44.358+0000] {dag.py:4180} INFO - Setting next_dagrun for dag_extract_putevoy_list to 2026-07-31 02:00:00+00:00, run_after=2026-08-01 02:00:00+00:00
[2026-07-31T22:24:44.366+0000] {processor.py:208} INFO - Processing /opt/airflow/dags/dag_extract_putevoy_list.py took 0.052 seconds
[2026-07-31T22:40:45.250+0000] {processor.py:186} INFO - Started process (PID=86577) to work on /opt/airflow/dags/dag_extract_putevoy_list.py
[2026-07-31T22:40:45.252+0000] {processor.py:914} INFO - Processing file /opt/airflow/dags/dag_extract_putevoy_list.py for tasks to queue
[2026-07-31T22:40:45.254+0000] {logging_mixin.py:190} INFO - [2026-07-31T22:40:45.254+0000] {dagbag.py:588} INFO - Filling up the DagBag from /opt/airflow/dags/dag_extract_putevoy_list.py
[2026-07-31T22:40:45.265+0000] {processor.py:925} INFO - DAG(s) 'dag_extract_putevoy_list' retrieved from /opt/airflow/dags/dag_extract_putevoy_list.py
[2026-07-31T22:40:45.279+0000] {logging_mixin.py:190} INFO - [2026-07-31T22:40:45.279+0000] {dag.py:3239} INFO - Sync 1 DAGs
[2026-07-31T22:40:45.289+0000] {logging_mixin.py:190} INFO - [2026-07-31T22:40:45.289+0000] {dag.py:4180} INFO - Setting next_dagrun for dag_extract_putevoy_list to 2026-07-31 02:00:00+00:00, run_after=2026-08-01 02:00:00+00:00
[2026-07-31T22:40:45.298+0000] {processor.py:208} INFO - Processing /opt/airflow/dags/dag_extract_putevoy_list.py took 0.052 seconds
[2026-07-31T23:55:18.136+0000] {processor.py:186} INFO - Started process (PID=86601) to work on /opt/airflow/dags/dag_extract_putevoy_list.py
[2026-07-31T23:55:18.137+0000] {processor.py:914} INFO - Processing file /opt/airflow/dags/dag_extract_putevoy_list.py for tasks to queue
[2026-07-31T23:55:18.138+0000] {logging_mixin.py:190} INFO - [2026-07-31T23:55:18.138+0000] {dagbag.py:588} INFO - Filling up the DagBag from /opt/airflow/dags/dag_extract_putevoy_list.py
[2026-07-31T23:55:18.154+0000] {processor.py:925} INFO - DAG(s) 'dag_extract_putevoy_list' retrieved from /opt/airflow/dags/dag_extract_putevoy_list.py
[2026-07-31T23:55:18.170+0000] {logging_mixin.py:190} INFO - [2026-07-31T23:55:18.170+0000] {dag.py:3239} INFO - Sync 1 DAGs
[2026-07-31T23:55:18.186+0000] {logging_mixin.py:190} INFO - [2026-07-31T23:55:18.186+0000] {dag.py:4180} INFO - Setting next_dagrun for dag_extract_putevoy_list to 2026-07-31 02:00:00+00:00, run_after=2026-08-01 02:00:00+00:00
[2026-07-31T23:55:18.194+0000] {processor.py:208} INFO - Processing /opt/airflow/dags/dag_extract_putevoy_list.py took 0.061 seconds
