[2026-07-31T00:10:37.826+0000] {processor.py:186} INFO - Started process (PID=85817) to work on /opt/airflow/dags/dag_extract_dvizhenie.py
[2026-07-31T00:10:37.827+0000] {processor.py:914} INFO - Processing file /opt/airflow/dags/dag_extract_dvizhenie.py for tasks to queue
[2026-07-31T00:10:37.828+0000] {logging_mixin.py:190} INFO - [2026-07-31T00:10:37.828+0000] {dagbag.py:588} INFO - Filling up the DagBag from /opt/airflow/dags/dag_extract_dvizhenie.py
[2026-07-31T00:10:37.833+0000] {processor.py:925} INFO - DAG(s) 'dag_extract_dvizhenie' retrieved from /opt/airflow/dags/dag_extract_dvizhenie.py
[2026-07-31T00:10:37.848+0000] {logging_mixin.py:190} INFO - [2026-07-31T00:10:37.848+0000] {dag.py:3239} INFO - Sync 1 DAGs
[2026-07-31T00:10:37.862+0000] {processor.py:208} INFO - Processing /opt/airflow/dags/dag_extract_dvizhenie.py took 0.038 seconds
[2026-07-31T01:18:01.441+0000] {processor.py:186} INFO - Started process (PID=85851) to work on /opt/airflow/dags/dag_extract_dvizhenie.py
[2026-07-31T01:18:01.441+0000] {processor.py:914} INFO - Processing file /opt/airflow/dags/dag_extract_dvizhenie.py for tasks to queue
[2026-07-31T01:18:01.442+0000] {logging_mixin.py:190} INFO - [2026-07-31T01:18:01.442+0000] {dagbag.py:588} INFO - Filling up the DagBag from /opt/airflow/dags/dag_extract_dvizhenie.py
[2026-07-31T01:18:01.448+0000] {processor.py:925} INFO - DAG(s) 'dag_extract_dvizhenie' retrieved from /opt/airflow/dags/dag_extract_dvizhenie.py
[2026-07-31T01:18:01.458+0000] {logging_mixin.py:190} INFO - [2026-07-31T01:18:01.458+0000] {dag.py:3239} INFO - Sync 1 DAGs
[2026-07-31T01:18:01.471+0000] {processor.py:208} INFO - Processing /opt/airflow/dags/dag_extract_dvizhenie.py took 0.032 seconds
[2026-07-31T02:08:56.251+0000] {processor.py:186} INFO - Started process (PID=85874) to work on /opt/airflow/dags/dag_extract_dvizhenie.py
[2026-07-31T02:08:56.251+0000] {processor.py:914} INFO - Processing file /opt/airflow/dags/dag_extract_dvizhenie.py for tasks to queue
[2026-07-31T02:08:56.252+0000] {logging_mixin.py:190} INFO - [2026-07-31T02:08:56.252+0000] {dagbag.py:588} INFO - Filling up the DagBag from /opt/airflow/dags/dag_extract_dvizhenie.py
[2026-07-31T02:08:56.257+0000] {processor.py:925} INFO - DAG(s) 'dag_extract_dvizhenie' retrieved from /opt/airflow/dags/dag_extract_dvizhenie.py
[2026-07-31T02:08:56.266+0000] {logging_mixin.py:190} INFO - [2026-07-31T02:08:56.266+0000] {dag.py:3239} INFO - Sync 1 DAGs
[2026-07-31T02:08:56.278+0000] {processor.py:208} INFO - Processing /opt/airflow/dags/dag_extract_dvizhenie.py took 0.030 seconds
[2026-07-31T02:43:00.973+0000] {processor.py:186} INFO - Started process (PID=85927) to work on /opt/airflow/dags/dag_extract_dvizhenie.py
[2026-07-31T02:43:00.974+0000] {processor.py:914} INFO - Processing file /opt/airflow/dags/dag_extract_dvizhenie.py for tasks to queue
[2026-07-31T02:43:00.975+0000] {logging_mixin.py:190} INFO - [2026-07-31T02:43:00.975+0000] {dagbag.py:588} INFO - Filling up the DagBag from /opt/airflow/dags/dag_extract_dvizhenie.py
[2026-07-31T02:43:00.980+0000] {processor.py:925} INFO - DAG(s) 'dag_extract_dvizhenie' retrieved from /opt/airflow/dags/dag_extract_dvizhenie.py
[2026-07-31T02:43:00.990+0000] {logging_mixin.py:190} INFO - [2026-07-31T02:43:00.990+0000] {dag.py:3239} INFO - Sync 1 DAGs
[2026-07-31T02:43:01.001+0000] {processor.py:208} INFO - Processing /opt/airflow/dags/dag_extract_dvizhenie.py took 0.031 seconds
[2026-07-31T03:32:08.602+0000] {processor.py:186} INFO - Started process (PID=85952) to work on /opt/airflow/dags/dag_extract_dvizhenie.py
[2026-07-31T03:32:08.602+0000] {processor.py:914} INFO - Processing file /opt/airflow/dags/dag_extract_dvizhenie.py for tasks to queue
[2026-07-31T03:32:08.606+0000] {logging_mixin.py:190} INFO - [2026-07-31T03:32:08.606+0000] {dagbag.py:588} INFO - Filling up the DagBag from /opt/airflow/dags/dag_extract_dvizhenie.py
[2026-07-31T03:32:08.620+0000] {processor.py:925} INFO - DAG(s) 'dag_extract_dvizhenie' retrieved from /opt/airflow/dags/dag_extract_dvizhenie.py
[2026-07-31T03:32:08.639+0000] {logging_mixin.py:190} INFO - [2026-07-31T03:32:08.639+0000] {dag.py:3239} INFO - Sync 1 DAGs
[2026-07-31T03:32:08.668+0000] {processor.py:208} INFO - Processing /opt/airflow/dags/dag_extract_dvizhenie.py took 0.070 seconds
[2026-07-31T04:38:10.729+0000] {processor.py:186} INFO - Started process (PID=85994) to work on /opt/airflow/dags/dag_extract_dvizhenie.py
[2026-07-31T04:38:10.730+0000] {processor.py:914} INFO - Processing file /opt/airflow/dags/dag_extract_dvizhenie.py for tasks to queue
[2026-07-31T04:38:10.731+0000] {logging_mixin.py:190} INFO - [2026-07-31T04:38:10.731+0000] {dagbag.py:588} INFO - Filling up the DagBag from /opt/airflow/dags/dag_extract_dvizhenie.py
[2026-07-31T04:38:10.736+0000] {processor.py:925} INFO - DAG(s) 'dag_extract_dvizhenie' retrieved from /opt/airflow/dags/dag_extract_dvizhenie.py
[2026-07-31T04:38:10.747+0000] {logging_mixin.py:190} INFO - [2026-07-31T04:38:10.747+0000] {dag.py:3239} INFO - Sync 1 DAGs
[2026-07-31T04:38:10.763+0000] {processor.py:208} INFO - Processing /opt/airflow/dags/dag_extract_dvizhenie.py took 0.037 seconds
[2026-07-31T04:47:17.402+0000] {processor.py:186} INFO - Started process (PID=86014) to work on /opt/airflow/dags/dag_extract_dvizhenie.py
[2026-07-31T04:47:17.402+0000] {processor.py:914} INFO - Processing file /opt/airflow/dags/dag_extract_dvizhenie.py for tasks to queue
[2026-07-31T04:47:17.403+0000] {logging_mixin.py:190} INFO - [2026-07-31T04:47:17.403+0000] {dagbag.py:588} INFO - Filling up the DagBag from /opt/airflow/dags/dag_extract_dvizhenie.py
[2026-07-31T04:47:17.409+0000] {processor.py:925} INFO - DAG(s) 'dag_extract_dvizhenie' retrieved from /opt/airflow/dags/dag_extract_dvizhenie.py
[2026-07-31T04:47:17.426+0000] {logging_mixin.py:190} INFO - [2026-07-31T04:47:17.426+0000] {dag.py:3239} INFO - Sync 1 DAGs
[2026-07-31T04:47:17.445+0000] {processor.py:208} INFO - Processing /opt/airflow/dags/dag_extract_dvizhenie.py took 0.047 seconds
[2026-07-31T05:48:23.542+0000] {processor.py:186} INFO - Started process (PID=86046) to work on /opt/airflow/dags/dag_extract_dvizhenie.py
[2026-07-31T05:48:23.542+0000] {processor.py:914} INFO - Processing file /opt/airflow/dags/dag_extract_dvizhenie.py for tasks to queue
[2026-07-31T05:48:23.543+0000] {logging_mixin.py:190} INFO - [2026-07-31T05:48:23.543+0000] {dagbag.py:588} INFO - Filling up the DagBag from /opt/airflow/dags/dag_extract_dvizhenie.py
[2026-07-31T05:48:23.548+0000] {processor.py:925} INFO - DAG(s) 'dag_extract_dvizhenie' retrieved from /opt/airflow/dags/dag_extract_dvizhenie.py
[2026-07-31T05:48:23.558+0000] {logging_mixin.py:190} INFO - [2026-07-31T05:48:23.558+0000] {dag.py:3239} INFO - Sync 1 DAGs
[2026-07-31T05:48:23.571+0000] {processor.py:208} INFO - Processing /opt/airflow/dags/dag_extract_dvizhenie.py took 0.031 seconds
[2026-07-31T06:32:56.299+0000] {processor.py:186} INFO - Started process (PID=86069) to work on /opt/airflow/dags/dag_extract_dvizhenie.py
[2026-07-31T06:32:56.299+0000] {processor.py:914} INFO - Processing file /opt/airflow/dags/dag_extract_dvizhenie.py for tasks to queue
[2026-07-31T06:32:56.300+0000] {logging_mixin.py:190} INFO - [2026-07-31T06:32:56.300+0000] {dagbag.py:588} INFO - Filling up the DagBag from /opt/airflow/dags/dag_extract_dvizhenie.py
[2026-07-31T06:32:56.305+0000] {processor.py:925} INFO - DAG(s) 'dag_extract_dvizhenie' retrieved from /opt/airflow/dags/dag_extract_dvizhenie.py
[2026-07-31T06:32:56.316+0000] {logging_mixin.py:190} INFO - [2026-07-31T06:32:56.316+0000] {dag.py:3239} INFO - Sync 1 DAGs
[2026-07-31T06:32:56.331+0000] {processor.py:208} INFO - Processing /opt/airflow/dags/dag_extract_dvizhenie.py took 0.036 seconds
[2026-07-31T07:05:57.378+0000] {processor.py:186} INFO - Started process (PID=86095) to work on /opt/airflow/dags/dag_extract_dvizhenie.py
[2026-07-31T07:05:57.378+0000] {processor.py:914} INFO - Processing file /opt/airflow/dags/dag_extract_dvizhenie.py for tasks to queue
[2026-07-31T07:05:57.379+0000] {logging_mixin.py:190} INFO - [2026-07-31T07:05:57.379+0000] {dagbag.py:588} INFO - Filling up the DagBag from /opt/airflow/dags/dag_extract_dvizhenie.py
[2026-07-31T07:05:57.384+0000] {processor.py:925} INFO - DAG(s) 'dag_extract_dvizhenie' retrieved from /opt/airflow/dags/dag_extract_dvizhenie.py
[2026-07-31T07:05:57.395+0000] {logging_mixin.py:190} INFO - [2026-07-31T07:05:57.395+0000] {dag.py:3239} INFO - Sync 1 DAGs
[2026-07-31T07:05:57.407+0000] {processor.py:208} INFO - Processing /opt/airflow/dags/dag_extract_dvizhenie.py took 0.031 seconds
[2026-07-31T07:50:24.088+0000] {processor.py:186} INFO - Started process (PID=86115) to work on /opt/airflow/dags/dag_extract_dvizhenie.py
[2026-07-31T07:50:24.089+0000] {processor.py:914} INFO - Processing file /opt/airflow/dags/dag_extract_dvizhenie.py for tasks to queue
[2026-07-31T07:50:24.090+0000] {logging_mixin.py:190} INFO - [2026-07-31T07:50:24.089+0000] {dagbag.py:588} INFO - Filling up the DagBag from /opt/airflow/dags/dag_extract_dvizhenie.py
[2026-07-31T07:50:24.094+0000] {processor.py:925} INFO - DAG(s) 'dag_extract_dvizhenie' retrieved from /opt/airflow/dags/dag_extract_dvizhenie.py
[2026-07-31T07:50:24.104+0000] {logging_mixin.py:190} INFO - [2026-07-31T07:50:24.104+0000] {dag.py:3239} INFO - Sync 1 DAGs
[2026-07-31T07:50:24.115+0000] {processor.py:208} INFO - Processing /opt/airflow/dags/dag_extract_dvizhenie.py took 0.029 seconds
[2026-07-31T08:40:02.482+0000] {processor.py:186} INFO - Started process (PID=86141) to work on /opt/airflow/dags/dag_extract_dvizhenie.py
[2026-07-31T08:40:02.483+0000] {processor.py:914} INFO - Processing file /opt/airflow/dags/dag_extract_dvizhenie.py for tasks to queue
[2026-07-31T08:40:02.484+0000] {logging_mixin.py:190} INFO - [2026-07-31T08:40:02.483+0000] {dagbag.py:588} INFO - Filling up the DagBag from /opt/airflow/dags/dag_extract_dvizhenie.py
[2026-07-31T08:40:02.488+0000] {processor.py:925} INFO - DAG(s) 'dag_extract_dvizhenie' retrieved from /opt/airflow/dags/dag_extract_dvizhenie.py
[2026-07-31T08:40:02.498+0000] {logging_mixin.py:190} INFO - [2026-07-31T08:40:02.498+0000] {dag.py:3239} INFO - Sync 1 DAGs
[2026-07-31T08:40:02.509+0000] {processor.py:208} INFO - Processing /opt/airflow/dags/dag_extract_dvizhenie.py took 0.029 seconds
[2026-07-31T08:51:15.858+0000] {processor.py:186} INFO - Started process (PID=86164) to work on /opt/airflow/dags/dag_extract_dvizhenie.py
[2026-07-31T08:51:15.859+0000] {processor.py:914} INFO - Processing file /opt/airflow/dags/dag_extract_dvizhenie.py for tasks to queue
[2026-07-31T08:51:15.860+0000] {logging_mixin.py:190} INFO - [2026-07-31T08:51:15.860+0000] {dagbag.py:588} INFO - Filling up the DagBag from /opt/airflow/dags/dag_extract_dvizhenie.py
[2026-07-31T08:51:15.867+0000] {processor.py:925} INFO - DAG(s) 'dag_extract_dvizhenie' retrieved from /opt/airflow/dags/dag_extract_dvizhenie.py
[2026-07-31T08:51:15.879+0000] {logging_mixin.py:190} INFO - [2026-07-31T08:51:15.879+0000] {dag.py:3239} INFO - Sync 1 DAGs
[2026-07-31T08:51:15.893+0000] {processor.py:208} INFO - Processing /opt/airflow/dags/dag_extract_dvizhenie.py took 0.039 seconds
[2026-07-31T10:08:37.643+0000] {processor.py:186} INFO - Started process (PID=86187) to work on /opt/airflow/dags/dag_extract_dvizhenie.py
[2026-07-31T10:08:37.644+0000] {processor.py:914} INFO - Processing file /opt/airflow/dags/dag_extract_dvizhenie.py for tasks to queue
[2026-07-31T10:08:37.646+0000] {logging_mixin.py:190} INFO - [2026-07-31T10:08:37.646+0000] {dagbag.py:588} INFO - Filling up the DagBag from /opt/airflow/dags/dag_extract_dvizhenie.py
[2026-07-31T10:08:37.654+0000] {processor.py:925} INFO - DAG(s) 'dag_extract_dvizhenie' retrieved from /opt/airflow/dags/dag_extract_dvizhenie.py
[2026-07-31T10:08:37.673+0000] {logging_mixin.py:190} INFO - [2026-07-31T10:08:37.673+0000] {dag.py:3239} INFO - Sync 1 DAGs
[2026-07-31T10:08:37.693+0000] {processor.py:208} INFO - Processing /opt/airflow/dags/dag_extract_dvizhenie.py took 0.057 seconds
[2026-07-31T11:25:59.577+0000] {processor.py:186} INFO - Started process (PID=86211) to work on /opt/airflow/dags/dag_extract_dvizhenie.py
[2026-07-31T11:25:59.579+0000] {processor.py:914} INFO - Processing file /opt/airflow/dags/dag_extract_dvizhenie.py for tasks to queue
[2026-07-31T11:25:59.580+0000] {logging_mixin.py:190} INFO - [2026-07-31T11:25:59.580+0000] {dagbag.py:588} INFO - Filling up the DagBag from /opt/airflow/dags/dag_extract_dvizhenie.py
[2026-07-31T11:25:59.588+0000] {processor.py:925} INFO - DAG(s) 'dag_extract_dvizhenie' retrieved from /opt/airflow/dags/dag_extract_dvizhenie.py
[2026-07-31T11:25:59.602+0000] {logging_mixin.py:190} INFO - [2026-07-31T11:25:59.602+0000] {dag.py:3239} INFO - Sync 1 DAGs
[2026-07-31T11:25:59.620+0000] {processor.py:208} INFO - Processing /opt/airflow/dags/dag_extract_dvizhenie.py took 0.048 seconds
[2026-07-31T11:54:30.486+0000] {processor.py:186} INFO - Started process (PID=86233) to work on /opt/airflow/dags/dag_extract_dvizhenie.py
[2026-07-31T11:54:30.487+0000] {processor.py:914} INFO - Processing file /opt/airflow/dags/dag_extract_dvizhenie.py for tasks to queue
[2026-07-31T11:54:30.487+0000] {logging_mixin.py:190} INFO - [2026-07-31T11:54:30.487+0000] {dagbag.py:588} INFO - Filling up the DagBag from /opt/airflow/dags/dag_extract_dvizhenie.py
[2026-07-31T11:54:30.492+0000] {processor.py:925} INFO - DAG(s) 'dag_extract_dvizhenie' retrieved from /opt/airflow/dags/dag_extract_dvizhenie.py
[2026-07-31T11:54:30.502+0000] {logging_mixin.py:190} INFO - [2026-07-31T11:54:30.502+0000] {dag.py:3239} INFO - Sync 1 DAGs
[2026-07-31T11:54:30.513+0000] {processor.py:208} INFO - Processing /opt/airflow/dags/dag_extract_dvizhenie.py took 0.029 seconds
[2026-07-31T12:55:10.648+0000] {processor.py:186} INFO - Started process (PID=86259) to work on /opt/airflow/dags/dag_extract_dvizhenie.py
[2026-07-31T12:55:10.648+0000] {processor.py:914} INFO - Processing file /opt/airflow/dags/dag_extract_dvizhenie.py for tasks to queue
[2026-07-31T12:55:10.649+0000] {logging_mixin.py:190} INFO - [2026-07-31T12:55:10.649+0000] {dagbag.py:588} INFO - Filling up the DagBag from /opt/airflow/dags/dag_extract_dvizhenie.py
[2026-07-31T12:55:10.654+0000] {processor.py:925} INFO - DAG(s) 'dag_extract_dvizhenie' retrieved from /opt/airflow/dags/dag_extract_dvizhenie.py
[2026-07-31T12:55:10.663+0000] {logging_mixin.py:190} INFO - [2026-07-31T12:55:10.663+0000] {dag.py:3239} INFO - Sync 1 DAGs
[2026-07-31T12:55:10.675+0000] {processor.py:208} INFO - Processing /opt/airflow/dags/dag_extract_dvizhenie.py took 0.030 seconds
[2026-07-31T13:27:29.411+0000] {processor.py:186} INFO - Started process (PID=86279) to work on /opt/airflow/dags/dag_extract_dvizhenie.py
[2026-07-31T13:27:29.411+0000] {processor.py:914} INFO - Processing file /opt/airflow/dags/dag_extract_dvizhenie.py for tasks to queue
[2026-07-31T13:27:29.412+0000] {logging_mixin.py:190} INFO - [2026-07-31T13:27:29.412+0000] {dagbag.py:588} INFO - Filling up the DagBag from /opt/airflow/dags/dag_extract_dvizhenie.py
[2026-07-31T13:27:29.417+0000] {processor.py:925} INFO - DAG(s) 'dag_extract_dvizhenie' retrieved from /opt/airflow/dags/dag_extract_dvizhenie.py
[2026-07-31T13:27:29.426+0000] {logging_mixin.py:190} INFO - [2026-07-31T13:27:29.426+0000] {dag.py:3239} INFO - Sync 1 DAGs
[2026-07-31T13:27:29.443+0000] {processor.py:208} INFO - Processing /opt/airflow/dags/dag_extract_dvizhenie.py took 0.035 seconds
[2026-07-31T14:28:44.662+0000] {processor.py:186} INFO - Started process (PID=86303) to work on /opt/airflow/dags/dag_extract_dvizhenie.py
[2026-07-31T14:28:44.663+0000] {processor.py:914} INFO - Processing file /opt/airflow/dags/dag_extract_dvizhenie.py for tasks to queue
[2026-07-31T14:28:44.666+0000] {logging_mixin.py:190} INFO - [2026-07-31T14:28:44.666+0000] {dagbag.py:588} INFO - Filling up the DagBag from /opt/airflow/dags/dag_extract_dvizhenie.py
[2026-07-31T14:28:44.674+0000] {processor.py:925} INFO - DAG(s) 'dag_extract_dvizhenie' retrieved from /opt/airflow/dags/dag_extract_dvizhenie.py
[2026-07-31T14:28:44.692+0000] {logging_mixin.py:190} INFO - [2026-07-31T14:28:44.692+0000] {dag.py:3239} INFO - Sync 1 DAGs
[2026-07-31T14:28:44.709+0000] {processor.py:208} INFO - Processing /opt/airflow/dags/dag_extract_dvizhenie.py took 0.050 seconds
[2026-07-31T15:14:53.671+0000] {processor.py:186} INFO - Started process (PID=86331) to work on /opt/airflow/dags/dag_extract_dvizhenie.py
[2026-07-31T15:14:53.671+0000] {processor.py:914} INFO - Processing file /opt/airflow/dags/dag_extract_dvizhenie.py for tasks to queue
[2026-07-31T15:14:53.672+0000] {logging_mixin.py:190} INFO - [2026-07-31T15:14:53.672+0000] {dagbag.py:588} INFO - Filling up the DagBag from /opt/airflow/dags/dag_extract_dvizhenie.py
[2026-07-31T15:14:53.677+0000] {processor.py:925} INFO - DAG(s) 'dag_extract_dvizhenie' retrieved from /opt/airflow/dags/dag_extract_dvizhenie.py
[2026-07-31T15:14:53.686+0000] {logging_mixin.py:190} INFO - [2026-07-31T15:14:53.686+0000] {dag.py:3239} INFO - Sync 1 DAGs
[2026-07-31T15:14:53.698+0000] {processor.py:208} INFO - Processing /opt/airflow/dags/dag_extract_dvizhenie.py took 0.030 seconds
[2026-07-31T15:32:16.876+0000] {processor.py:186} INFO - Started process (PID=86354) to work on /opt/airflow/dags/dag_extract_dvizhenie.py
[2026-07-31T15:32:16.876+0000] {processor.py:914} INFO - Processing file /opt/airflow/dags/dag_extract_dvizhenie.py for tasks to queue
[2026-07-31T15:32:16.877+0000] {logging_mixin.py:190} INFO - [2026-07-31T15:32:16.877+0000] {dagbag.py:588} INFO - Filling up the DagBag from /opt/airflow/dags/dag_extract_dvizhenie.py
[2026-07-31T15:32:16.882+0000] {processor.py:925} INFO - DAG(s) 'dag_extract_dvizhenie' retrieved from /opt/airflow/dags/dag_extract_dvizhenie.py
[2026-07-31T15:32:16.891+0000] {logging_mixin.py:190} INFO - [2026-07-31T15:32:16.891+0000] {dag.py:3239} INFO - Sync 1 DAGs
[2026-07-31T15:32:16.904+0000] {processor.py:208} INFO - Processing /opt/airflow/dags/dag_extract_dvizhenie.py took 0.030 seconds
[2026-07-31T16:47:24.168+0000] {processor.py:186} INFO - Started process (PID=86374) to work on /opt/airflow/dags/dag_extract_dvizhenie.py
[2026-07-31T16:47:24.169+0000] {processor.py:914} INFO - Processing file /opt/airflow/dags/dag_extract_dvizhenie.py for tasks to queue
[2026-07-31T16:47:24.171+0000] {logging_mixin.py:190} INFO - [2026-07-31T16:47:24.171+0000] {dagbag.py:588} INFO - Filling up the DagBag from /opt/airflow/dags/dag_extract_dvizhenie.py
[2026-07-31T16:47:24.176+0000] {processor.py:925} INFO - DAG(s) 'dag_extract_dvizhenie' retrieved from /opt/airflow/dags/dag_extract_dvizhenie.py
[2026-07-31T16:47:24.190+0000] {logging_mixin.py:190} INFO - [2026-07-31T16:47:24.190+0000] {dag.py:3239} INFO - Sync 1 DAGs
[2026-07-31T16:47:24.198+0000] {logging_mixin.py:190} INFO - [2026-07-31T16:47:24.198+0000] {dag.py:4180} INFO - Setting next_dagrun for dag_extract_dvizhenie to 2026-07-31 14:00:00+00:00, run_after=2026-07-31 16:00:00+00:00
[2026-07-31T16:47:24.205+0000] {processor.py:208} INFO - Processing /opt/airflow/dags/dag_extract_dvizhenie.py took 0.040 seconds
[2026-07-31T18:00:16.799+0000] {processor.py:186} INFO - Started process (PID=86398) to work on /opt/airflow/dags/dag_extract_dvizhenie.py
[2026-07-31T18:00:16.799+0000] {processor.py:914} INFO - Processing file /opt/airflow/dags/dag_extract_dvizhenie.py for tasks to queue
[2026-07-31T18:00:16.800+0000] {logging_mixin.py:190} INFO - [2026-07-31T18:00:16.800+0000] {dagbag.py:588} INFO - Filling up the DagBag from /opt/airflow/dags/dag_extract_dvizhenie.py
[2026-07-31T18:00:16.806+0000] {processor.py:925} INFO - DAG(s) 'dag_extract_dvizhenie' retrieved from /opt/airflow/dags/dag_extract_dvizhenie.py
[2026-07-31T18:00:16.823+0000] {logging_mixin.py:190} INFO - [2026-07-31T18:00:16.823+0000] {dag.py:3239} INFO - Sync 1 DAGs
[2026-07-31T18:00:16.841+0000] {processor.py:208} INFO - Processing /opt/airflow/dags/dag_extract_dvizhenie.py took 0.046 seconds
[2026-07-31T18:33:01.943+0000] {processor.py:186} INFO - Started process (PID=86423) to work on /opt/airflow/dags/dag_extract_dvizhenie.py
[2026-07-31T18:33:01.943+0000] {processor.py:914} INFO - Processing file /opt/airflow/dags/dag_extract_dvizhenie.py for tasks to queue
[2026-07-31T18:33:01.944+0000] {logging_mixin.py:190} INFO - [2026-07-31T18:33:01.944+0000] {dagbag.py:588} INFO - Filling up the DagBag from /opt/airflow/dags/dag_extract_dvizhenie.py
[2026-07-31T18:33:01.949+0000] {processor.py:925} INFO - DAG(s) 'dag_extract_dvizhenie' retrieved from /opt/airflow/dags/dag_extract_dvizhenie.py
[2026-07-31T18:33:01.963+0000] {logging_mixin.py:190} INFO - [2026-07-31T18:33:01.963+0000] {dag.py:3239} INFO - Sync 1 DAGs
[2026-07-31T18:33:01.979+0000] {processor.py:208} INFO - Processing /opt/airflow/dags/dag_extract_dvizhenie.py took 0.039 seconds
[2026-07-31T18:33:32.543+0000] {processor.py:186} INFO - Started process (PID=86446) to work on /opt/airflow/dags/dag_extract_dvizhenie.py
[2026-07-31T18:33:32.543+0000] {processor.py:914} INFO - Processing file /opt/airflow/dags/dag_extract_dvizhenie.py for tasks to queue
[2026-07-31T18:33:32.545+0000] {logging_mixin.py:190} INFO - [2026-07-31T18:33:32.544+0000] {dagbag.py:588} INFO - Filling up the DagBag from /opt/airflow/dags/dag_extract_dvizhenie.py
[2026-07-31T18:33:32.551+0000] {processor.py:925} INFO - DAG(s) 'dag_extract_dvizhenie' retrieved from /opt/airflow/dags/dag_extract_dvizhenie.py
[2026-07-31T18:33:32.561+0000] {logging_mixin.py:190} INFO - [2026-07-31T18:33:32.561+0000] {dag.py:3239} INFO - Sync 1 DAGs
[2026-07-31T18:33:32.573+0000] {processor.py:208} INFO - Processing /opt/airflow/dags/dag_extract_dvizhenie.py took 0.034 seconds
[2026-07-31T19:01:17.526+0000] {processor.py:186} INFO - Started process (PID=86466) to work on /opt/airflow/dags/dag_extract_dvizhenie.py
[2026-07-31T19:01:17.527+0000] {processor.py:914} INFO - Processing file /opt/airflow/dags/dag_extract_dvizhenie.py for tasks to queue
[2026-07-31T19:01:17.528+0000] {logging_mixin.py:190} INFO - [2026-07-31T19:01:17.527+0000] {dagbag.py:588} INFO - Filling up the DagBag from /opt/airflow/dags/dag_extract_dvizhenie.py
[2026-07-31T19:01:17.532+0000] {processor.py:925} INFO - DAG(s) 'dag_extract_dvizhenie' retrieved from /opt/airflow/dags/dag_extract_dvizhenie.py
[2026-07-31T19:01:17.542+0000] {logging_mixin.py:190} INFO - [2026-07-31T19:01:17.542+0000] {dag.py:3239} INFO - Sync 1 DAGs
[2026-07-31T19:01:17.554+0000] {processor.py:208} INFO - Processing /opt/airflow/dags/dag_extract_dvizhenie.py took 0.030 seconds
[2026-07-31T19:53:23.305+0000] {processor.py:186} INFO - Started process (PID=86490) to work on /opt/airflow/dags/dag_extract_dvizhenie.py
[2026-07-31T19:53:23.305+0000] {processor.py:914} INFO - Processing file /opt/airflow/dags/dag_extract_dvizhenie.py for tasks to queue
[2026-07-31T19:53:23.306+0000] {logging_mixin.py:190} INFO - [2026-07-31T19:53:23.306+0000] {dagbag.py:588} INFO - Filling up the DagBag from /opt/airflow/dags/dag_extract_dvizhenie.py
[2026-07-31T19:53:23.312+0000] {processor.py:925} INFO - DAG(s) 'dag_extract_dvizhenie' retrieved from /opt/airflow/dags/dag_extract_dvizhenie.py
[2026-07-31T19:53:23.323+0000] {logging_mixin.py:190} INFO - [2026-07-31T19:53:23.323+0000] {dag.py:3239} INFO - Sync 1 DAGs
[2026-07-31T19:53:23.339+0000] {processor.py:208} INFO - Processing /opt/airflow/dags/dag_extract_dvizhenie.py took 0.038 seconds
[2026-07-31T20:35:25.110+0000] {processor.py:186} INFO - Started process (PID=86515) to work on /opt/airflow/dags/dag_extract_dvizhenie.py
[2026-07-31T20:35:25.110+0000] {processor.py:914} INFO - Processing file /opt/airflow/dags/dag_extract_dvizhenie.py for tasks to queue
[2026-07-31T20:35:25.111+0000] {logging_mixin.py:190} INFO - [2026-07-31T20:35:25.111+0000] {dagbag.py:588} INFO - Filling up the DagBag from /opt/airflow/dags/dag_extract_dvizhenie.py
[2026-07-31T20:35:25.116+0000] {processor.py:925} INFO - DAG(s) 'dag_extract_dvizhenie' retrieved from /opt/airflow/dags/dag_extract_dvizhenie.py
[2026-07-31T20:35:25.125+0000] {logging_mixin.py:190} INFO - [2026-07-31T20:35:25.125+0000] {dag.py:3239} INFO - Sync 1 DAGs
[2026-07-31T20:35:25.136+0000] {processor.py:208} INFO - Processing /opt/airflow/dags/dag_extract_dvizhenie.py took 0.029 seconds
[2026-07-31T20:52:09.624+0000] {processor.py:186} INFO - Started process (PID=86535) to work on /opt/airflow/dags/dag_extract_dvizhenie.py
[2026-07-31T20:52:09.624+0000] {processor.py:914} INFO - Processing file /opt/airflow/dags/dag_extract_dvizhenie.py for tasks to queue
[2026-07-31T20:52:09.625+0000] {logging_mixin.py:190} INFO - [2026-07-31T20:52:09.625+0000] {dagbag.py:588} INFO - Filling up the DagBag from /opt/airflow/dags/dag_extract_dvizhenie.py
[2026-07-31T20:52:09.630+0000] {processor.py:925} INFO - DAG(s) 'dag_extract_dvizhenie' retrieved from /opt/airflow/dags/dag_extract_dvizhenie.py
[2026-07-31T20:52:09.640+0000] {logging_mixin.py:190} INFO - [2026-07-31T20:52:09.640+0000] {dag.py:3239} INFO - Sync 1 DAGs
[2026-07-31T20:52:09.653+0000] {processor.py:208} INFO - Processing /opt/airflow/dags/dag_extract_dvizhenie.py took 0.031 seconds
[2026-07-31T22:24:44.383+0000] {processor.py:186} INFO - Started process (PID=86561) to work on /opt/airflow/dags/dag_extract_dvizhenie.py
[2026-07-31T22:24:44.384+0000] {processor.py:914} INFO - Processing file /opt/airflow/dags/dag_extract_dvizhenie.py for tasks to queue
[2026-07-31T22:24:44.385+0000] {logging_mixin.py:190} INFO - [2026-07-31T22:24:44.385+0000] {dagbag.py:588} INFO - Filling up the DagBag from /opt/airflow/dags/dag_extract_dvizhenie.py
[2026-07-31T22:24:44.389+0000] {processor.py:925} INFO - DAG(s) 'dag_extract_dvizhenie' retrieved from /opt/airflow/dags/dag_extract_dvizhenie.py
[2026-07-31T22:24:44.399+0000] {logging_mixin.py:190} INFO - [2026-07-31T22:24:44.399+0000] {dag.py:3239} INFO - Sync 1 DAGs
[2026-07-31T22:24:44.410+0000] {processor.py:208} INFO - Processing /opt/airflow/dags/dag_extract_dvizhenie.py took 0.030 seconds
[2026-07-31T22:40:45.311+0000] {processor.py:186} INFO - Started process (PID=86584) to work on /opt/airflow/dags/dag_extract_dvizhenie.py
[2026-07-31T22:40:45.311+0000] {processor.py:914} INFO - Processing file /opt/airflow/dags/dag_extract_dvizhenie.py for tasks to queue
[2026-07-31T22:40:45.312+0000] {logging_mixin.py:190} INFO - [2026-07-31T22:40:45.312+0000] {dagbag.py:588} INFO - Filling up the DagBag from /opt/airflow/dags/dag_extract_dvizhenie.py
[2026-07-31T22:40:45.317+0000] {processor.py:925} INFO - DAG(s) 'dag_extract_dvizhenie' retrieved from /opt/airflow/dags/dag_extract_dvizhenie.py
[2026-07-31T22:40:45.328+0000] {logging_mixin.py:190} INFO - [2026-07-31T22:40:45.328+0000] {dag.py:3239} INFO - Sync 1 DAGs
[2026-07-31T22:40:45.343+0000] {processor.py:208} INFO - Processing /opt/airflow/dags/dag_extract_dvizhenie.py took 0.036 seconds
[2026-07-31T23:55:18.209+0000] {processor.py:186} INFO - Started process (PID=86610) to work on /opt/airflow/dags/dag_extract_dvizhenie.py
[2026-07-31T23:55:18.209+0000] {processor.py:914} INFO - Processing file /opt/airflow/dags/dag_extract_dvizhenie.py for tasks to queue
[2026-07-31T23:55:18.210+0000] {logging_mixin.py:190} INFO - [2026-07-31T23:55:18.210+0000] {dagbag.py:588} INFO - Filling up the DagBag from /opt/airflow/dags/dag_extract_dvizhenie.py
[2026-07-31T23:55:18.216+0000] {processor.py:925} INFO - DAG(s) 'dag_extract_dvizhenie' retrieved from /opt/airflow/dags/dag_extract_dvizhenie.py
[2026-07-31T23:55:18.227+0000] {logging_mixin.py:190} INFO - [2026-07-31T23:55:18.227+0000] {dag.py:3239} INFO - Sync 1 DAGs
[2026-07-31T23:55:18.241+0000] {processor.py:208} INFO - Processing /opt/airflow/dags/dag_extract_dvizhenie.py took 0.036 seconds
