[2026-08-11T16:42:15.151+0000] {local_task_job_runner.py:123} INFO - ::group::Pre task execution logs
[2026-08-11T16:42:15.156+0000] {taskinstance.py:2613} INFO - Dependencies all met for dep_context=non-requeueable deps ti=<TaskInstance: dag_extract_dvizhenie.load_dvizhenie_lines manual__2026-08-11T16:41:25+00:00 [queued]>
[2026-08-11T16:42:15.159+0000] {taskinstance.py:2613} INFO - Dependencies all met for dep_context=requeueable deps ti=<TaskInstance: dag_extract_dvizhenie.load_dvizhenie_lines manual__2026-08-11T16:41:25+00:00 [queued]>
[2026-08-11T16:42:15.159+0000] {taskinstance.py:2866} INFO - Starting attempt 1 of 3
[2026-08-11T16:42:15.165+0000] {taskinstance.py:2889} INFO - Executing <Task(PythonOperator): load_dvizhenie_lines> on 2026-08-11 16:41:25+00:00
[2026-08-11T16:42:15.166+0000] {standard_task_runner.py:72} INFO - Started process 995 to run task
[2026-08-11T16:42:15.168+0000] {standard_task_runner.py:104} INFO - Running: ['***', 'tasks', 'run', 'dag_extract_dvizhenie', 'load_dvizhenie_lines', 'manual__2026-08-11T16:41:25+00:00', '--job-id', '2556', '--raw', '--subdir', 'DAGS_FOLDER/dag_extract_dvizhenie.py', '--cfg-path', '/tmp/tmpjkl_ix6p']
[2026-08-11T16:42:15.169+0000] {standard_task_runner.py:105} INFO - Job 2556: Subtask load_dvizhenie_lines
[2026-08-11T16:42:15.188+0000] {task_command.py:467} INFO - Running <TaskInstance: dag_extract_dvizhenie.load_dvizhenie_lines manual__2026-08-11T16:41:25+00:00 [running]> on host ce016640a6d7
[2026-08-11T16:42:15.217+0000] {taskinstance.py:3132} INFO - Exporting env vars: AIRFLOW_CTX_DAG_OWNER='bi' AIRFLOW_CTX_DAG_ID='dag_extract_dvizhenie' AIRFLOW_CTX_TASK_ID='load_dvizhenie_lines' AIRFLOW_CTX_EXECUTION_DATE='2026-08-11T16:41:25+00:00' AIRFLOW_CTX_TRY_NUMBER='1' AIRFLOW_CTX_DAG_RUN_ID='manual__2026-08-11T16:41:25+00:00'
[2026-08-11T16:42:15.217+0000] {taskinstance.py:731} INFO - ::endgroup::
[2026-08-11T16:42:15.282+0000] {base.py:84} INFO - Retrieving connection 'postgres_dwh'
[2026-08-11T16:42:15.286+0000] {taskinstance.py:3311} ERROR - Task failed with exception
Traceback (most recent call last):
  File "/home/airflow/.local/lib/python3.11/site-packages/airflow/models/taskinstance.py", line 767, in _execute_task
    result = _execute_callable(context=context, **execute_callable_kwargs)
             ^^^^^^^^^^^^^^^^^^^^^^^^^^^^^^^^^^^^^^^^^^^^^^^^^^^^^^^^^^^^^
  File "/home/airflow/.local/lib/python3.11/site-packages/airflow/models/taskinstance.py", line 733, in _execute_callable
    return ExecutionCallableRunner(
           ^^^^^^^^^^^^^^^^^^^^^^^^
  File "/home/airflow/.local/lib/python3.11/site-packages/airflow/utils/operator_helpers.py", line 252, in run
    return self.func(*args, **kwargs)
           ^^^^^^^^^^^^^^^^^^^^^^^^^^
  File "/home/airflow/.local/lib/python3.11/site-packages/airflow/models/baseoperator.py", line 417, in wrapper
    return func(self, *args, **kwargs)
           ^^^^^^^^^^^^^^^^^^^^^^^^^^^
  File "/home/airflow/.local/lib/python3.11/site-packages/airflow/operators/python.py", line 238, in execute
    return_value = self.execute_callable()
                   ^^^^^^^^^^^^^^^^^^^^^^^
  File "/home/airflow/.local/lib/python3.11/site-packages/airflow/operators/python.py", line 256, in execute_callable
    return runner.run(*self.op_args, **self.op_kwargs)
           ^^^^^^^^^^^^^^^^^^^^^^^^^^^^^^^^^^^^^^^^^^^
  File "/home/airflow/.local/lib/python3.11/site-packages/airflow/utils/operator_helpers.py", line 252, in run
    return self.func(*args, **kwargs)
           ^^^^^^^^^^^^^^^^^^^^^^^^^^
  File "/opt/airflow/dags/dag_extract_dvizhenie.py", line 137, in _load_lines
    cur.executemany(sql, lines); conn.commit(); cur.close(); conn.close()
    ^^^^^^^^^^^^^^^^^^^^^^^^^^^
psycopg2.errors.ForeignKeyViolation: insert or update on table "r1c_dvizhenie_produkcii_lines" violates foreign key constraint "r1c_dvizhenie_produkcii_lines_doc_id_fkey"
DETAIL:  Key (doc_id)=(40d74278-5f77-11ec-9c40-00505689c8d9) is not present in table "r1c_dvizhenie_produkcii".

[2026-08-11T16:42:15.291+0000] {taskinstance.py:1225} INFO - Marking task as UP_FOR_RETRY. dag_id=dag_extract_dvizhenie, task_id=load_dvizhenie_lines, run_id=manual__2026-08-11T16:41:25+00:00, execution_date=20260811T164125, start_date=20260811T164215, end_date=20260811T164215
[2026-08-11T16:42:15.296+0000] {taskinstance.py:340} INFO - ::group::Post task execution logs
[2026-08-11T16:42:15.296+0000] {standard_task_runner.py:124} ERROR - Failed to execute job 2556 for task load_dvizhenie_lines (insert or update on table "r1c_dvizhenie_produkcii_lines" violates foreign key constraint "r1c_dvizhenie_produkcii_lines_doc_id_fkey"
DETAIL:  Key (doc_id)=(40d74278-5f77-11ec-9c40-00505689c8d9) is not present in table "r1c_dvizhenie_produkcii".
; 995)
Traceback (most recent call last):
  File "/home/airflow/.local/lib/python3.11/site-packages/airflow/task/task_runner/standard_task_runner.py", line 117, in _start_by_fork
    ret = args.func(args, dag=self.dag)
          ^^^^^^^^^^^^^^^^^^^^^^^^^^^^^
  File "/home/airflow/.local/lib/python3.11/site-packages/airflow/cli/cli_config.py", line 49, in command
    return func(*args, **kwargs)
           ^^^^^^^^^^^^^^^^^^^^^
  File "/home/airflow/.local/lib/python3.11/site-packages/airflow/utils/cli.py", line 116, in wrapper
    return f(*args, **kwargs)
           ^^^^^^^^^^^^^^^^^^
  File "/home/airflow/.local/lib/python3.11/site-packages/airflow/cli/commands/task_command.py", line 483, in task_run
    task_return_code = _run_task_by_selected_method(args, _dag, ti)
                       ^^^^^^^^^^^^^^^^^^^^^^^^^^^^^^^^^^^^^^^^^^^^
  File "/home/airflow/.local/lib/python3.11/site-packages/airflow/cli/commands/task_command.py", line 256, in _run_task_by_selected_method
    return _run_raw_task(args, ti)
           ^^^^^^^^^^^^^^^^^^^^^^^
  File "/home/airflow/.local/lib/python3.11/site-packages/airflow/cli/commands/task_command.py", line 341, in _run_raw_task
    return ti._run_raw_task(
           ^^^^^^^^^^^^^^^^^
  File "/home/airflow/.local/lib/python3.11/site-packages/airflow/utils/session.py", line 97, in wrapper
    return func(*args, session=session, **kwargs)
           ^^^^^^^^^^^^^^^^^^^^^^^^^^^^^^^^^^^^^^
  File "/home/airflow/.local/lib/python3.11/site-packages/airflow/models/taskinstance.py", line 3005, in _run_raw_task
    return _run_raw_task(
           ^^^^^^^^^^^^^^
  File "/home/airflow/.local/lib/python3.11/site-packages/airflow/models/taskinstance.py", line 273, in _run_raw_task
    TaskInstance._execute_task_with_callbacks(
  File "/home/airflow/.local/lib/python3.11/site-packages/airflow/models/taskinstance.py", line 3159, in _execute_task_with_callbacks
    result = self._execute_task(context, task_orig)
             ^^^^^^^^^^^^^^^^^^^^^^^^^^^^^^^^^^^^^^
  File "/home/airflow/.local/lib/python3.11/site-packages/airflow/models/taskinstance.py", line 3183, in _execute_task
    return _execute_task(self, context, task_orig)
           ^^^^^^^^^^^^^^^^^^^^^^^^^^^^^^^^^^^^^^^
  File "/home/airflow/.local/lib/python3.11/site-packages/airflow/models/taskinstance.py", line 767, in _execute_task
    result = _execute_callable(context=context, **execute_callable_kwargs)
             ^^^^^^^^^^^^^^^^^^^^^^^^^^^^^^^^^^^^^^^^^^^^^^^^^^^^^^^^^^^^^
  File "/home/airflow/.local/lib/python3.11/site-packages/airflow/models/taskinstance.py", line 733, in _execute_callable
    return ExecutionCallableRunner(
           ^^^^^^^^^^^^^^^^^^^^^^^^
  File "/home/airflow/.local/lib/python3.11/site-packages/airflow/utils/operator_helpers.py", line 252, in run
    return self.func(*args, **kwargs)
           ^^^^^^^^^^^^^^^^^^^^^^^^^^
  File "/home/airflow/.local/lib/python3.11/site-packages/airflow/models/baseoperator.py", line 417, in wrapper
    return func(self, *args, **kwargs)
           ^^^^^^^^^^^^^^^^^^^^^^^^^^^
  File "/home/airflow/.local/lib/python3.11/site-packages/airflow/operators/python.py", line 238, in execute
    return_value = self.execute_callable()
                   ^^^^^^^^^^^^^^^^^^^^^^^
  File "/home/airflow/.local/lib/python3.11/site-packages/airflow/operators/python.py", line 256, in execute_callable
    return runner.run(*self.op_args, **self.op_kwargs)
           ^^^^^^^^^^^^^^^^^^^^^^^^^^^^^^^^^^^^^^^^^^^
  File "/home/airflow/.local/lib/python3.11/site-packages/airflow/utils/operator_helpers.py", line 252, in run
    return self.func(*args, **kwargs)
           ^^^^^^^^^^^^^^^^^^^^^^^^^^
  File "/opt/airflow/dags/dag_extract_dvizhenie.py", line 137, in _load_lines
    cur.executemany(sql, lines); conn.commit(); cur.close(); conn.close()
    ^^^^^^^^^^^^^^^^^^^^^^^^^^^
psycopg2.errors.ForeignKeyViolation: insert or update on table "r1c_dvizhenie_produkcii_lines" violates foreign key constraint "r1c_dvizhenie_produkcii_lines_doc_id_fkey"
DETAIL:  Key (doc_id)=(40d74278-5f77-11ec-9c40-00505689c8d9) is not present in table "r1c_dvizhenie_produkcii".

[2026-08-11T16:42:15.306+0000] {local_task_job_runner.py:266} INFO - Task exited with return code 1
[2026-08-11T16:42:15.315+0000] {taskinstance.py:3895} INFO - 0 downstream tasks scheduled from follow-on schedule check
[2026-08-11T16:42:15.316+0000] {local_task_job_runner.py:245} INFO - ::endgroup::
