[2026-08-06T00:39:39.912+0000] {processor.py:186} INFO - Started process (PID=5279) to work on /opt/airflow/dags/dag_transform_mart.py
[2026-08-06T00:39:39.912+0000] {processor.py:914} INFO - Processing file /opt/airflow/dags/dag_transform_mart.py for tasks to queue
[2026-08-06T00:39:39.913+0000] {logging_mixin.py:190} INFO - [2026-08-06T00:39:39.913+0000] {dagbag.py:588} INFO - Filling up the DagBag from /opt/airflow/dags/dag_transform_mart.py
[2026-08-06T00:39:39.922+0000] {processor.py:925} INFO - DAG(s) 'dag_transform_mart' retrieved from /opt/airflow/dags/dag_transform_mart.py
[2026-08-06T00:39:39.936+0000] {logging_mixin.py:190} INFO - [2026-08-06T00:39:39.936+0000] {dag.py:3239} INFO - Sync 1 DAGs
[2026-08-06T00:39:39.947+0000] {logging_mixin.py:190} INFO - [2026-08-06T00:39:39.947+0000] {dag.py:4180} INFO - Setting next_dagrun for dag_transform_mart to 2026-08-05 03:30:00+00:00, run_after=2026-08-06 03:30:00+00:00
[2026-08-06T00:39:39.952+0000] {processor.py:208} INFO - Processing /opt/airflow/dags/dag_transform_mart.py took 0.045 seconds
[2026-08-06T01:45:53.280+0000] {processor.py:186} INFO - Started process (PID=5299) to work on /opt/airflow/dags/dag_transform_mart.py
[2026-08-06T01:45:53.281+0000] {processor.py:914} INFO - Processing file /opt/airflow/dags/dag_transform_mart.py for tasks to queue
[2026-08-06T01:45:53.282+0000] {logging_mixin.py:190} INFO - [2026-08-06T01:45:53.282+0000] {dagbag.py:588} INFO - Filling up the DagBag from /opt/airflow/dags/dag_transform_mart.py
[2026-08-06T01:45:53.292+0000] {processor.py:925} INFO - DAG(s) 'dag_transform_mart' retrieved from /opt/airflow/dags/dag_transform_mart.py
[2026-08-06T01:45:53.308+0000] {logging_mixin.py:190} INFO - [2026-08-06T01:45:53.308+0000] {dag.py:3239} INFO - Sync 1 DAGs
[2026-08-06T01:45:53.321+0000] {logging_mixin.py:190} INFO - [2026-08-06T01:45:53.320+0000] {dag.py:4180} INFO - Setting next_dagrun for dag_transform_mart to 2026-08-05 03:30:00+00:00, run_after=2026-08-06 03:30:00+00:00
[2026-08-06T01:45:53.327+0000] {processor.py:208} INFO - Processing /opt/airflow/dags/dag_transform_mart.py took 0.053 seconds
[2026-08-06T03:05:22.508+0000] {processor.py:186} INFO - Started process (PID=5340) to work on /opt/airflow/dags/dag_transform_mart.py
[2026-08-06T03:05:22.508+0000] {processor.py:914} INFO - Processing file /opt/airflow/dags/dag_transform_mart.py for tasks to queue
[2026-08-06T03:05:22.509+0000] {logging_mixin.py:190} INFO - [2026-08-06T03:05:22.509+0000] {dagbag.py:588} INFO - Filling up the DagBag from /opt/airflow/dags/dag_transform_mart.py
[2026-08-06T03:05:22.525+0000] {processor.py:925} INFO - DAG(s) 'dag_transform_mart' retrieved from /opt/airflow/dags/dag_transform_mart.py
[2026-08-06T03:05:22.541+0000] {logging_mixin.py:190} INFO - [2026-08-06T03:05:22.541+0000] {dag.py:3239} INFO - Sync 1 DAGs
[2026-08-06T03:05:22.554+0000] {logging_mixin.py:190} INFO - [2026-08-06T03:05:22.554+0000] {dag.py:4180} INFO - Setting next_dagrun for dag_transform_mart to 2026-08-05 03:30:00+00:00, run_after=2026-08-06 03:30:00+00:00
[2026-08-06T03:05:22.560+0000] {processor.py:208} INFO - Processing /opt/airflow/dags/dag_transform_mart.py took 0.056 seconds
[2026-08-06T03:39:31.916+0000] {processor.py:186} INFO - Started process (PID=5367) to work on /opt/airflow/dags/dag_transform_mart.py
[2026-08-06T03:39:31.917+0000] {processor.py:914} INFO - Processing file /opt/airflow/dags/dag_transform_mart.py for tasks to queue
[2026-08-06T03:39:31.919+0000] {logging_mixin.py:190} INFO - [2026-08-06T03:39:31.919+0000] {dagbag.py:588} INFO - Filling up the DagBag from /opt/airflow/dags/dag_transform_mart.py
[2026-08-06T03:39:31.934+0000] {processor.py:925} INFO - DAG(s) 'dag_transform_mart' retrieved from /opt/airflow/dags/dag_transform_mart.py
[2026-08-06T03:39:31.951+0000] {logging_mixin.py:190} INFO - [2026-08-06T03:39:31.950+0000] {dag.py:3239} INFO - Sync 1 DAGs
[2026-08-06T03:39:32.002+0000] {processor.py:208} INFO - Processing /opt/airflow/dags/dag_transform_mart.py took 0.092 seconds
[2026-08-06T03:40:02.508+0000] {processor.py:186} INFO - Started process (PID=5401) to work on /opt/airflow/dags/dag_transform_mart.py
[2026-08-06T03:40:02.510+0000] {processor.py:914} INFO - Processing file /opt/airflow/dags/dag_transform_mart.py for tasks to queue
[2026-08-06T03:40:02.511+0000] {logging_mixin.py:190} INFO - [2026-08-06T03:40:02.511+0000] {dagbag.py:588} INFO - Filling up the DagBag from /opt/airflow/dags/dag_transform_mart.py
[2026-08-06T03:40:02.521+0000] {processor.py:925} INFO - DAG(s) 'dag_transform_mart' retrieved from /opt/airflow/dags/dag_transform_mart.py
[2026-08-06T03:40:02.537+0000] {logging_mixin.py:190} INFO - [2026-08-06T03:40:02.537+0000] {dag.py:3239} INFO - Sync 1 DAGs
[2026-08-06T03:40:02.553+0000] {processor.py:208} INFO - Processing /opt/airflow/dags/dag_transform_mart.py took 0.052 seconds
[2026-08-06T04:29:48.827+0000] {processor.py:186} INFO - Started process (PID=5421) to work on /opt/airflow/dags/dag_transform_mart.py
[2026-08-06T04:29:48.828+0000] {processor.py:914} INFO - Processing file /opt/airflow/dags/dag_transform_mart.py for tasks to queue
[2026-08-06T04:29:48.829+0000] {logging_mixin.py:190} INFO - [2026-08-06T04:29:48.828+0000] {dagbag.py:588} INFO - Filling up the DagBag from /opt/airflow/dags/dag_transform_mart.py
[2026-08-06T04:29:48.840+0000] {processor.py:925} INFO - DAG(s) 'dag_transform_mart' retrieved from /opt/airflow/dags/dag_transform_mart.py
[2026-08-06T04:29:48.857+0000] {logging_mixin.py:190} INFO - [2026-08-06T04:29:48.857+0000] {dag.py:3239} INFO - Sync 1 DAGs
[2026-08-06T04:29:48.877+0000] {processor.py:208} INFO - Processing /opt/airflow/dags/dag_transform_mart.py took 0.055 seconds
[2026-08-06T04:45:41.967+0000] {processor.py:186} INFO - Started process (PID=5468) to work on /opt/airflow/dags/dag_transform_mart.py
[2026-08-06T04:45:41.968+0000] {processor.py:914} INFO - Processing file /opt/airflow/dags/dag_transform_mart.py for tasks to queue
[2026-08-06T04:45:41.969+0000] {logging_mixin.py:190} INFO - [2026-08-06T04:45:41.969+0000] {dagbag.py:588} INFO - Filling up the DagBag from /opt/airflow/dags/dag_transform_mart.py
[2026-08-06T04:45:41.976+0000] {processor.py:925} INFO - DAG(s) 'dag_transform_mart' retrieved from /opt/airflow/dags/dag_transform_mart.py
[2026-08-06T04:45:41.989+0000] {logging_mixin.py:190} INFO - [2026-08-06T04:45:41.989+0000] {dag.py:3239} INFO - Sync 1 DAGs
[2026-08-06T04:45:42.003+0000] {processor.py:208} INFO - Processing /opt/airflow/dags/dag_transform_mart.py took 0.041 seconds
[2026-08-06T05:03:10.459+0000] {processor.py:186} INFO - Started process (PID=5491) to work on /opt/airflow/dags/dag_transform_mart.py
[2026-08-06T05:03:10.460+0000] {processor.py:914} INFO - Processing file /opt/airflow/dags/dag_transform_mart.py for tasks to queue
[2026-08-06T05:03:10.461+0000] {logging_mixin.py:190} INFO - [2026-08-06T05:03:10.460+0000] {dagbag.py:588} INFO - Filling up the DagBag from /opt/airflow/dags/dag_transform_mart.py
[2026-08-06T05:03:10.467+0000] {processor.py:925} INFO - DAG(s) 'dag_transform_mart' retrieved from /opt/airflow/dags/dag_transform_mart.py
[2026-08-06T05:03:10.483+0000] {logging_mixin.py:190} INFO - [2026-08-06T05:03:10.482+0000] {dag.py:3239} INFO - Sync 1 DAGs
[2026-08-06T05:03:10.493+0000] {logging_mixin.py:190} INFO - [2026-08-06T05:03:10.493+0000] {dag.py:4180} INFO - Setting next_dagrun for dag_transform_mart to 2026-08-06 03:30:00+00:00, run_after=2026-08-07 03:30:00+00:00
[2026-08-06T05:03:10.501+0000] {processor.py:208} INFO - Processing /opt/airflow/dags/dag_transform_mart.py took 0.047 seconds
[2026-08-06T05:36:48.793+0000] {processor.py:186} INFO - Started process (PID=5515) to work on /opt/airflow/dags/dag_transform_mart.py
[2026-08-06T05:36:48.837+0000] {processor.py:914} INFO - Processing file /opt/airflow/dags/dag_transform_mart.py for tasks to queue
[2026-08-06T05:36:48.840+0000] {logging_mixin.py:190} INFO - [2026-08-06T05:36:48.839+0000] {dagbag.py:588} INFO - Filling up the DagBag from /opt/airflow/dags/dag_transform_mart.py
[2026-08-06T05:36:48.859+0000] {processor.py:925} INFO - DAG(s) 'dag_transform_mart' retrieved from /opt/airflow/dags/dag_transform_mart.py
[2026-08-06T05:36:48.878+0000] {logging_mixin.py:190} INFO - [2026-08-06T05:36:48.878+0000] {dag.py:3239} INFO - Sync 1 DAGs
[2026-08-06T05:36:48.895+0000] {logging_mixin.py:190} INFO - [2026-08-06T05:36:48.895+0000] {dag.py:4180} INFO - Setting next_dagrun for dag_transform_mart to 2026-08-06 03:30:00+00:00, run_after=2026-08-07 03:30:00+00:00
[2026-08-06T05:36:48.908+0000] {processor.py:208} INFO - Processing /opt/airflow/dags/dag_transform_mart.py took 0.124 seconds
[2026-08-06T06:15:24.423+0000] {processor.py:186} INFO - Started process (PID=5537) to work on /opt/airflow/dags/dag_transform_mart.py
[2026-08-06T06:15:24.424+0000] {processor.py:914} INFO - Processing file /opt/airflow/dags/dag_transform_mart.py for tasks to queue
[2026-08-06T06:15:24.425+0000] {logging_mixin.py:190} INFO - [2026-08-06T06:15:24.425+0000] {dagbag.py:588} INFO - Filling up the DagBag from /opt/airflow/dags/dag_transform_mart.py
[2026-08-06T06:15:24.443+0000] {processor.py:925} INFO - DAG(s) 'dag_transform_mart' retrieved from /opt/airflow/dags/dag_transform_mart.py
[2026-08-06T06:15:24.458+0000] {logging_mixin.py:190} INFO - [2026-08-06T06:15:24.458+0000] {dag.py:3239} INFO - Sync 1 DAGs
[2026-08-06T06:15:24.469+0000] {logging_mixin.py:190} INFO - [2026-08-06T06:15:24.469+0000] {dag.py:4180} INFO - Setting next_dagrun for dag_transform_mart to 2026-08-06 03:30:00+00:00, run_after=2026-08-07 03:30:00+00:00
[2026-08-06T06:15:24.476+0000] {processor.py:208} INFO - Processing /opt/airflow/dags/dag_transform_mart.py took 0.058 seconds
[2026-08-06T06:47:03.792+0000] {processor.py:186} INFO - Started process (PID=5557) to work on /opt/airflow/dags/dag_transform_mart.py
[2026-08-06T06:47:03.793+0000] {processor.py:914} INFO - Processing file /opt/airflow/dags/dag_transform_mart.py for tasks to queue
[2026-08-06T06:47:03.794+0000] {logging_mixin.py:190} INFO - [2026-08-06T06:47:03.794+0000] {dagbag.py:588} INFO - Filling up the DagBag from /opt/airflow/dags/dag_transform_mart.py
[2026-08-06T06:47:03.802+0000] {processor.py:925} INFO - DAG(s) 'dag_transform_mart' retrieved from /opt/airflow/dags/dag_transform_mart.py
[2026-08-06T06:47:03.824+0000] {logging_mixin.py:190} INFO - [2026-08-06T06:47:03.823+0000] {dag.py:3239} INFO - Sync 1 DAGs
[2026-08-06T06:47:03.837+0000] {logging_mixin.py:190} INFO - [2026-08-06T06:47:03.837+0000] {dag.py:4180} INFO - Setting next_dagrun for dag_transform_mart to 2026-08-06 03:30:00+00:00, run_after=2026-08-07 03:30:00+00:00
[2026-08-06T06:47:03.845+0000] {processor.py:208} INFO - Processing /opt/airflow/dags/dag_transform_mart.py took 0.058 seconds
[2026-08-06T07:11:12.377+0000] {processor.py:186} INFO - Started process (PID=5585) to work on /opt/airflow/dags/dag_transform_mart.py
[2026-08-06T07:11:12.377+0000] {processor.py:914} INFO - Processing file /opt/airflow/dags/dag_transform_mart.py for tasks to queue
[2026-08-06T07:11:12.378+0000] {logging_mixin.py:190} INFO - [2026-08-06T07:11:12.378+0000] {dagbag.py:588} INFO - Filling up the DagBag from /opt/airflow/dags/dag_transform_mart.py
[2026-08-06T07:11:12.384+0000] {processor.py:925} INFO - DAG(s) 'dag_transform_mart' retrieved from /opt/airflow/dags/dag_transform_mart.py
[2026-08-06T07:11:12.397+0000] {logging_mixin.py:190} INFO - [2026-08-06T07:11:12.397+0000] {dag.py:3239} INFO - Sync 1 DAGs
[2026-08-06T07:11:12.408+0000] {logging_mixin.py:190} INFO - [2026-08-06T07:11:12.408+0000] {dag.py:4180} INFO - Setting next_dagrun for dag_transform_mart to 2026-08-06 03:30:00+00:00, run_after=2026-08-07 03:30:00+00:00
[2026-08-06T07:11:12.414+0000] {processor.py:208} INFO - Processing /opt/airflow/dags/dag_transform_mart.py took 0.040 seconds
[2026-08-06T07:16:29.479+0000] {processor.py:186} INFO - Started process (PID=5603) to work on /opt/airflow/dags/dag_transform_mart.py
[2026-08-06T07:16:29.481+0000] {processor.py:914} INFO - Processing file /opt/airflow/dags/dag_transform_mart.py for tasks to queue
[2026-08-06T07:16:29.482+0000] {logging_mixin.py:190} INFO - [2026-08-06T07:16:29.481+0000] {dagbag.py:588} INFO - Filling up the DagBag from /opt/airflow/dags/dag_transform_mart.py
[2026-08-06T07:16:29.497+0000] {processor.py:925} INFO - DAG(s) 'dag_transform_mart' retrieved from /opt/airflow/dags/dag_transform_mart.py
[2026-08-06T07:16:29.659+0000] {logging_mixin.py:190} INFO - [2026-08-06T07:16:29.658+0000] {dag.py:3239} INFO - Sync 1 DAGs
[2026-08-06T07:16:29.680+0000] {logging_mixin.py:190} INFO - [2026-08-06T07:16:29.680+0000] {dag.py:4180} INFO - Setting next_dagrun for dag_transform_mart to 2026-08-06 03:30:00+00:00, run_after=2026-08-07 03:30:00+00:00
[2026-08-06T07:16:29.714+0000] {processor.py:208} INFO - Processing /opt/airflow/dags/dag_transform_mart.py took 0.241 seconds
[2026-08-06T07:50:31.634+0000] {processor.py:186} INFO - Started process (PID=5626) to work on /opt/airflow/dags/dag_transform_mart.py
[2026-08-06T07:50:31.634+0000] {processor.py:914} INFO - Processing file /opt/airflow/dags/dag_transform_mart.py for tasks to queue
[2026-08-06T07:50:31.635+0000] {logging_mixin.py:190} INFO - [2026-08-06T07:50:31.635+0000] {dagbag.py:588} INFO - Filling up the DagBag from /opt/airflow/dags/dag_transform_mart.py
[2026-08-06T07:50:31.642+0000] {processor.py:925} INFO - DAG(s) 'dag_transform_mart' retrieved from /opt/airflow/dags/dag_transform_mart.py
[2026-08-06T07:50:31.656+0000] {logging_mixin.py:190} INFO - [2026-08-06T07:50:31.656+0000] {dag.py:3239} INFO - Sync 1 DAGs
[2026-08-06T07:50:31.666+0000] {logging_mixin.py:190} INFO - [2026-08-06T07:50:31.666+0000] {dag.py:4180} INFO - Setting next_dagrun for dag_transform_mart to 2026-08-06 03:30:00+00:00, run_after=2026-08-07 03:30:00+00:00
[2026-08-06T07:50:31.674+0000] {processor.py:208} INFO - Processing /opt/airflow/dags/dag_transform_mart.py took 0.043 seconds
[2026-08-06T08:35:18.923+0000] {processor.py:186} INFO - Started process (PID=5649) to work on /opt/airflow/dags/dag_transform_mart.py
[2026-08-06T08:35:18.924+0000] {processor.py:914} INFO - Processing file /opt/airflow/dags/dag_transform_mart.py for tasks to queue
[2026-08-06T08:35:18.924+0000] {logging_mixin.py:190} INFO - [2026-08-06T08:35:18.924+0000] {dagbag.py:588} INFO - Filling up the DagBag from /opt/airflow/dags/dag_transform_mart.py
[2026-08-06T08:35:18.933+0000] {processor.py:925} INFO - DAG(s) 'dag_transform_mart' retrieved from /opt/airflow/dags/dag_transform_mart.py
[2026-08-06T08:35:18.951+0000] {logging_mixin.py:190} INFO - [2026-08-06T08:35:18.951+0000] {dag.py:3239} INFO - Sync 1 DAGs
[2026-08-06T08:35:18.963+0000] {logging_mixin.py:190} INFO - [2026-08-06T08:35:18.963+0000] {dag.py:4180} INFO - Setting next_dagrun for dag_transform_mart to 2026-08-06 03:30:00+00:00, run_after=2026-08-07 03:30:00+00:00
[2026-08-06T08:35:18.972+0000] {processor.py:208} INFO - Processing /opt/airflow/dags/dag_transform_mart.py took 0.056 seconds
[2026-08-06T09:18:23.557+0000] {processor.py:186} INFO - Started process (PID=5672) to work on /opt/airflow/dags/dag_transform_mart.py
[2026-08-06T09:18:23.557+0000] {processor.py:914} INFO - Processing file /opt/airflow/dags/dag_transform_mart.py for tasks to queue
[2026-08-06T09:18:23.558+0000] {logging_mixin.py:190} INFO - [2026-08-06T09:18:23.558+0000] {dagbag.py:588} INFO - Filling up the DagBag from /opt/airflow/dags/dag_transform_mart.py
[2026-08-06T09:18:23.564+0000] {processor.py:925} INFO - DAG(s) 'dag_transform_mart' retrieved from /opt/airflow/dags/dag_transform_mart.py
[2026-08-06T09:18:23.578+0000] {logging_mixin.py:190} INFO - [2026-08-06T09:18:23.578+0000] {dag.py:3239} INFO - Sync 1 DAGs
[2026-08-06T09:18:23.588+0000] {logging_mixin.py:190} INFO - [2026-08-06T09:18:23.588+0000] {dag.py:4180} INFO - Setting next_dagrun for dag_transform_mart to 2026-08-06 03:30:00+00:00, run_after=2026-08-07 03:30:00+00:00
[2026-08-06T09:18:23.595+0000] {processor.py:208} INFO - Processing /opt/airflow/dags/dag_transform_mart.py took 0.043 seconds
[2026-08-06T09:34:32.598+0000] {processor.py:186} INFO - Started process (PID=5697) to work on /opt/airflow/dags/dag_transform_mart.py
[2026-08-06T09:34:32.599+0000] {processor.py:914} INFO - Processing file /opt/airflow/dags/dag_transform_mart.py for tasks to queue
[2026-08-06T09:34:32.599+0000] {logging_mixin.py:190} INFO - [2026-08-06T09:34:32.599+0000] {dagbag.py:588} INFO - Filling up the DagBag from /opt/airflow/dags/dag_transform_mart.py
[2026-08-06T09:34:32.606+0000] {processor.py:925} INFO - DAG(s) 'dag_transform_mart' retrieved from /opt/airflow/dags/dag_transform_mart.py
[2026-08-06T09:34:32.786+0000] {logging_mixin.py:190} INFO - [2026-08-06T09:34:32.786+0000] {dag.py:3239} INFO - Sync 1 DAGs
[2026-08-06T09:34:32.816+0000] {logging_mixin.py:190} INFO - [2026-08-06T09:34:32.816+0000] {dag.py:4180} INFO - Setting next_dagrun for dag_transform_mart to 2026-08-06 03:30:00+00:00, run_after=2026-08-07 03:30:00+00:00
[2026-08-06T09:34:32.843+0000] {processor.py:208} INFO - Processing /opt/airflow/dags/dag_transform_mart.py took 0.248 seconds
[2026-08-06T10:19:25.397+0000] {processor.py:186} INFO - Started process (PID=5720) to work on /opt/airflow/dags/dag_transform_mart.py
[2026-08-06T10:19:25.398+0000] {processor.py:914} INFO - Processing file /opt/airflow/dags/dag_transform_mart.py for tasks to queue
[2026-08-06T10:19:25.399+0000] {logging_mixin.py:190} INFO - [2026-08-06T10:19:25.399+0000] {dagbag.py:588} INFO - Filling up the DagBag from /opt/airflow/dags/dag_transform_mart.py
[2026-08-06T10:19:25.409+0000] {processor.py:925} INFO - DAG(s) 'dag_transform_mart' retrieved from /opt/airflow/dags/dag_transform_mart.py
[2026-08-06T10:19:25.424+0000] {logging_mixin.py:190} INFO - [2026-08-06T10:19:25.424+0000] {dag.py:3239} INFO - Sync 1 DAGs
[2026-08-06T10:19:25.435+0000] {logging_mixin.py:190} INFO - [2026-08-06T10:19:25.435+0000] {dag.py:4180} INFO - Setting next_dagrun for dag_transform_mart to 2026-08-06 03:30:00+00:00, run_after=2026-08-07 03:30:00+00:00
[2026-08-06T10:19:25.441+0000] {processor.py:208} INFO - Processing /opt/airflow/dags/dag_transform_mart.py took 0.048 seconds
[2026-08-06T10:50:29.558+0000] {processor.py:186} INFO - Started process (PID=5740) to work on /opt/airflow/dags/dag_transform_mart.py
[2026-08-06T10:50:29.559+0000] {processor.py:914} INFO - Processing file /opt/airflow/dags/dag_transform_mart.py for tasks to queue
[2026-08-06T10:50:29.560+0000] {logging_mixin.py:190} INFO - [2026-08-06T10:50:29.560+0000] {dagbag.py:588} INFO - Filling up the DagBag from /opt/airflow/dags/dag_transform_mart.py
[2026-08-06T10:50:29.567+0000] {processor.py:925} INFO - DAG(s) 'dag_transform_mart' retrieved from /opt/airflow/dags/dag_transform_mart.py
[2026-08-06T10:50:29.584+0000] {logging_mixin.py:190} INFO - [2026-08-06T10:50:29.584+0000] {dag.py:3239} INFO - Sync 1 DAGs
[2026-08-06T10:50:29.594+0000] {logging_mixin.py:190} INFO - [2026-08-06T10:50:29.594+0000] {dag.py:4180} INFO - Setting next_dagrun for dag_transform_mart to 2026-08-06 03:30:00+00:00, run_after=2026-08-07 03:30:00+00:00
[2026-08-06T10:50:29.603+0000] {processor.py:208} INFO - Processing /opt/airflow/dags/dag_transform_mart.py took 0.048 seconds
[2026-08-06T12:06:24.034+0000] {processor.py:186} INFO - Started process (PID=5769) to work on /opt/airflow/dags/dag_transform_mart.py
[2026-08-06T12:06:24.035+0000] {processor.py:914} INFO - Processing file /opt/airflow/dags/dag_transform_mart.py for tasks to queue
[2026-08-06T12:06:24.036+0000] {logging_mixin.py:190} INFO - [2026-08-06T12:06:24.036+0000] {dagbag.py:588} INFO - Filling up the DagBag from /opt/airflow/dags/dag_transform_mart.py
[2026-08-06T12:06:24.044+0000] {processor.py:925} INFO - DAG(s) 'dag_transform_mart' retrieved from /opt/airflow/dags/dag_transform_mart.py
[2026-08-06T12:06:24.059+0000] {logging_mixin.py:190} INFO - [2026-08-06T12:06:24.059+0000] {dag.py:3239} INFO - Sync 1 DAGs
[2026-08-06T12:06:24.070+0000] {logging_mixin.py:190} INFO - [2026-08-06T12:06:24.070+0000] {dag.py:4180} INFO - Setting next_dagrun for dag_transform_mart to 2026-08-06 03:30:00+00:00, run_after=2026-08-07 03:30:00+00:00
[2026-08-06T12:06:24.076+0000] {processor.py:208} INFO - Processing /opt/airflow/dags/dag_transform_mart.py took 0.047 seconds
[2026-08-06T12:39:03.996+0000] {processor.py:186} INFO - Started process (PID=5790) to work on /opt/airflow/dags/dag_transform_mart.py
[2026-08-06T12:39:03.997+0000] {processor.py:914} INFO - Processing file /opt/airflow/dags/dag_transform_mart.py for tasks to queue
[2026-08-06T12:39:03.998+0000] {logging_mixin.py:190} INFO - [2026-08-06T12:39:03.998+0000] {dagbag.py:588} INFO - Filling up the DagBag from /opt/airflow/dags/dag_transform_mart.py
[2026-08-06T12:39:04.009+0000] {processor.py:925} INFO - DAG(s) 'dag_transform_mart' retrieved from /opt/airflow/dags/dag_transform_mart.py
[2026-08-06T12:39:04.028+0000] {logging_mixin.py:190} INFO - [2026-08-06T12:39:04.028+0000] {dag.py:3239} INFO - Sync 1 DAGs
[2026-08-06T12:39:04.042+0000] {logging_mixin.py:190} INFO - [2026-08-06T12:39:04.042+0000] {dag.py:4180} INFO - Setting next_dagrun for dag_transform_mart to 2026-08-06 03:30:00+00:00, run_after=2026-08-07 03:30:00+00:00
[2026-08-06T12:39:04.052+0000] {processor.py:208} INFO - Processing /opt/airflow/dags/dag_transform_mart.py took 0.060 seconds
[2026-08-06T13:10:58.940+0000] {processor.py:186} INFO - Started process (PID=5815) to work on /opt/airflow/dags/dag_transform_mart.py
[2026-08-06T13:10:58.940+0000] {processor.py:914} INFO - Processing file /opt/airflow/dags/dag_transform_mart.py for tasks to queue
[2026-08-06T13:10:58.941+0000] {logging_mixin.py:190} INFO - [2026-08-06T13:10:58.941+0000] {dagbag.py:588} INFO - Filling up the DagBag from /opt/airflow/dags/dag_transform_mart.py
[2026-08-06T13:10:58.949+0000] {processor.py:925} INFO - DAG(s) 'dag_transform_mart' retrieved from /opt/airflow/dags/dag_transform_mart.py
[2026-08-06T13:10:58.962+0000] {logging_mixin.py:190} INFO - [2026-08-06T13:10:58.962+0000] {dag.py:3239} INFO - Sync 1 DAGs
[2026-08-06T13:10:58.971+0000] {logging_mixin.py:190} INFO - [2026-08-06T13:10:58.971+0000] {dag.py:4180} INFO - Setting next_dagrun for dag_transform_mart to 2026-08-06 03:30:00+00:00, run_after=2026-08-07 03:30:00+00:00
[2026-08-06T13:10:58.977+0000] {processor.py:208} INFO - Processing /opt/airflow/dags/dag_transform_mart.py took 0.042 seconds
[2026-08-06T13:56:24.877+0000] {processor.py:186} INFO - Started process (PID=5840) to work on /opt/airflow/dags/dag_transform_mart.py
[2026-08-06T13:56:24.878+0000] {processor.py:914} INFO - Processing file /opt/airflow/dags/dag_transform_mart.py for tasks to queue
[2026-08-06T13:56:24.879+0000] {logging_mixin.py:190} INFO - [2026-08-06T13:56:24.879+0000] {dagbag.py:588} INFO - Filling up the DagBag from /opt/airflow/dags/dag_transform_mart.py
[2026-08-06T13:56:24.887+0000] {processor.py:925} INFO - DAG(s) 'dag_transform_mart' retrieved from /opt/airflow/dags/dag_transform_mart.py
[2026-08-06T13:56:24.903+0000] {logging_mixin.py:190} INFO - [2026-08-06T13:56:24.903+0000] {dag.py:3239} INFO - Sync 1 DAGs
[2026-08-06T13:56:24.913+0000] {logging_mixin.py:190} INFO - [2026-08-06T13:56:24.913+0000] {dag.py:4180} INFO - Setting next_dagrun for dag_transform_mart to 2026-08-06 03:30:00+00:00, run_after=2026-08-07 03:30:00+00:00
[2026-08-06T13:56:24.921+0000] {processor.py:208} INFO - Processing /opt/airflow/dags/dag_transform_mart.py took 0.049 seconds
[2026-08-06T14:40:21.817+0000] {processor.py:186} INFO - Started process (PID=5866) to work on /opt/airflow/dags/dag_transform_mart.py
[2026-08-06T14:40:21.818+0000] {processor.py:914} INFO - Processing file /opt/airflow/dags/dag_transform_mart.py for tasks to queue
[2026-08-06T14:40:21.818+0000] {logging_mixin.py:190} INFO - [2026-08-06T14:40:21.818+0000] {dagbag.py:588} INFO - Filling up the DagBag from /opt/airflow/dags/dag_transform_mart.py
[2026-08-06T14:40:21.825+0000] {processor.py:925} INFO - DAG(s) 'dag_transform_mart' retrieved from /opt/airflow/dags/dag_transform_mart.py
[2026-08-06T14:40:21.838+0000] {logging_mixin.py:190} INFO - [2026-08-06T14:40:21.837+0000] {dag.py:3239} INFO - Sync 1 DAGs
[2026-08-06T14:40:21.848+0000] {logging_mixin.py:190} INFO - [2026-08-06T14:40:21.848+0000] {dag.py:4180} INFO - Setting next_dagrun for dag_transform_mart to 2026-08-06 03:30:00+00:00, run_after=2026-08-07 03:30:00+00:00
[2026-08-06T14:40:21.857+0000] {processor.py:208} INFO - Processing /opt/airflow/dags/dag_transform_mart.py took 0.043 seconds
[2026-08-06T15:13:08.682+0000] {processor.py:186} INFO - Started process (PID=5889) to work on /opt/airflow/dags/dag_transform_mart.py
[2026-08-06T15:13:08.683+0000] {processor.py:914} INFO - Processing file /opt/airflow/dags/dag_transform_mart.py for tasks to queue
[2026-08-06T15:13:08.683+0000] {logging_mixin.py:190} INFO - [2026-08-06T15:13:08.683+0000] {dagbag.py:588} INFO - Filling up the DagBag from /opt/airflow/dags/dag_transform_mart.py
[2026-08-06T15:13:08.692+0000] {processor.py:925} INFO - DAG(s) 'dag_transform_mart' retrieved from /opt/airflow/dags/dag_transform_mart.py
[2026-08-06T15:13:08.707+0000] {logging_mixin.py:190} INFO - [2026-08-06T15:13:08.707+0000] {dag.py:3239} INFO - Sync 1 DAGs
[2026-08-06T15:13:08.718+0000] {logging_mixin.py:190} INFO - [2026-08-06T15:13:08.718+0000] {dag.py:4180} INFO - Setting next_dagrun for dag_transform_mart to 2026-08-06 03:30:00+00:00, run_after=2026-08-07 03:30:00+00:00
[2026-08-06T15:13:08.725+0000] {processor.py:208} INFO - Processing /opt/airflow/dags/dag_transform_mart.py took 0.047 seconds
[2026-08-06T15:42:09.880+0000] {processor.py:186} INFO - Started process (PID=5917) to work on /opt/airflow/dags/dag_transform_mart.py
[2026-08-06T15:42:09.881+0000] {processor.py:914} INFO - Processing file /opt/airflow/dags/dag_transform_mart.py for tasks to queue
[2026-08-06T15:42:09.882+0000] {logging_mixin.py:190} INFO - [2026-08-06T15:42:09.882+0000] {dagbag.py:588} INFO - Filling up the DagBag from /opt/airflow/dags/dag_transform_mart.py
[2026-08-06T15:42:09.889+0000] {processor.py:925} INFO - DAG(s) 'dag_transform_mart' retrieved from /opt/airflow/dags/dag_transform_mart.py
[2026-08-06T15:42:09.904+0000] {logging_mixin.py:190} INFO - [2026-08-06T15:42:09.903+0000] {dag.py:3239} INFO - Sync 1 DAGs
[2026-08-06T15:42:09.914+0000] {logging_mixin.py:190} INFO - [2026-08-06T15:42:09.913+0000] {dag.py:4180} INFO - Setting next_dagrun for dag_transform_mart to 2026-08-06 03:30:00+00:00, run_after=2026-08-07 03:30:00+00:00
[2026-08-06T15:42:09.922+0000] {processor.py:208} INFO - Processing /opt/airflow/dags/dag_transform_mart.py took 0.046 seconds
[2026-08-06T16:25:28.647+0000] {processor.py:186} INFO - Started process (PID=5940) to work on /opt/airflow/dags/dag_transform_mart.py
[2026-08-06T16:25:28.648+0000] {processor.py:914} INFO - Processing file /opt/airflow/dags/dag_transform_mart.py for tasks to queue
[2026-08-06T16:25:28.649+0000] {logging_mixin.py:190} INFO - [2026-08-06T16:25:28.648+0000] {dagbag.py:588} INFO - Filling up the DagBag from /opt/airflow/dags/dag_transform_mart.py
[2026-08-06T16:25:28.658+0000] {processor.py:925} INFO - DAG(s) 'dag_transform_mart' retrieved from /opt/airflow/dags/dag_transform_mart.py
[2026-08-06T16:25:28.675+0000] {logging_mixin.py:190} INFO - [2026-08-06T16:25:28.675+0000] {dag.py:3239} INFO - Sync 1 DAGs
[2026-08-06T16:25:28.688+0000] {logging_mixin.py:190} INFO - [2026-08-06T16:25:28.688+0000] {dag.py:4180} INFO - Setting next_dagrun for dag_transform_mart to 2026-08-06 03:30:00+00:00, run_after=2026-08-07 03:30:00+00:00
[2026-08-06T16:25:28.697+0000] {processor.py:208} INFO - Processing /opt/airflow/dags/dag_transform_mart.py took 0.055 seconds
[2026-08-06T16:58:02.040+0000] {processor.py:186} INFO - Started process (PID=5963) to work on /opt/airflow/dags/dag_transform_mart.py
[2026-08-06T16:58:02.040+0000] {processor.py:914} INFO - Processing file /opt/airflow/dags/dag_transform_mart.py for tasks to queue
[2026-08-06T16:58:02.041+0000] {logging_mixin.py:190} INFO - [2026-08-06T16:58:02.041+0000] {dagbag.py:588} INFO - Filling up the DagBag from /opt/airflow/dags/dag_transform_mart.py
[2026-08-06T16:58:02.046+0000] {processor.py:925} INFO - DAG(s) 'dag_transform_mart' retrieved from /opt/airflow/dags/dag_transform_mart.py
[2026-08-06T16:58:02.058+0000] {logging_mixin.py:190} INFO - [2026-08-06T16:58:02.058+0000] {dag.py:3239} INFO - Sync 1 DAGs
[2026-08-06T16:58:02.066+0000] {logging_mixin.py:190} INFO - [2026-08-06T16:58:02.066+0000] {dag.py:4180} INFO - Setting next_dagrun for dag_transform_mart to 2026-08-06 03:30:00+00:00, run_after=2026-08-07 03:30:00+00:00
[2026-08-06T16:58:02.072+0000] {processor.py:208} INFO - Processing /opt/airflow/dags/dag_transform_mart.py took 0.035 seconds
[2026-08-06T17:26:30.048+0000] {processor.py:186} INFO - Started process (PID=5986) to work on /opt/airflow/dags/dag_transform_mart.py
[2026-08-06T17:26:30.050+0000] {processor.py:914} INFO - Processing file /opt/airflow/dags/dag_transform_mart.py for tasks to queue
[2026-08-06T17:26:30.051+0000] {logging_mixin.py:190} INFO - [2026-08-06T17:26:30.050+0000] {dagbag.py:588} INFO - Filling up the DagBag from /opt/airflow/dags/dag_transform_mart.py
[2026-08-06T17:26:30.059+0000] {processor.py:925} INFO - DAG(s) 'dag_transform_mart' retrieved from /opt/airflow/dags/dag_transform_mart.py
[2026-08-06T17:26:30.075+0000] {logging_mixin.py:190} INFO - [2026-08-06T17:26:30.075+0000] {dag.py:3239} INFO - Sync 1 DAGs
[2026-08-06T17:26:30.087+0000] {logging_mixin.py:190} INFO - [2026-08-06T17:26:30.087+0000] {dag.py:4180} INFO - Setting next_dagrun for dag_transform_mart to 2026-08-06 03:30:00+00:00, run_after=2026-08-07 03:30:00+00:00
[2026-08-06T17:26:30.094+0000] {processor.py:208} INFO - Processing /opt/airflow/dags/dag_transform_mart.py took 0.051 seconds
[2026-08-06T17:59:13.739+0000] {processor.py:186} INFO - Started process (PID=6006) to work on /opt/airflow/dags/dag_transform_mart.py
[2026-08-06T17:59:13.740+0000] {processor.py:914} INFO - Processing file /opt/airflow/dags/dag_transform_mart.py for tasks to queue
[2026-08-06T17:59:13.741+0000] {logging_mixin.py:190} INFO - [2026-08-06T17:59:13.741+0000] {dagbag.py:588} INFO - Filling up the DagBag from /opt/airflow/dags/dag_transform_mart.py
[2026-08-06T17:59:13.748+0000] {processor.py:925} INFO - DAG(s) 'dag_transform_mart' retrieved from /opt/airflow/dags/dag_transform_mart.py
[2026-08-06T17:59:13.767+0000] {logging_mixin.py:190} INFO - [2026-08-06T17:59:13.767+0000] {dag.py:3239} INFO - Sync 1 DAGs
[2026-08-06T17:59:13.778+0000] {logging_mixin.py:190} INFO - [2026-08-06T17:59:13.777+0000] {dag.py:4180} INFO - Setting next_dagrun for dag_transform_mart to 2026-08-06 03:30:00+00:00, run_after=2026-08-07 03:30:00+00:00
[2026-08-06T17:59:13.785+0000] {processor.py:208} INFO - Processing /opt/airflow/dags/dag_transform_mart.py took 0.051 seconds
[2026-08-06T18:27:31.555+0000] {processor.py:186} INFO - Started process (PID=6032) to work on /opt/airflow/dags/dag_transform_mart.py
[2026-08-06T18:27:31.556+0000] {processor.py:914} INFO - Processing file /opt/airflow/dags/dag_transform_mart.py for tasks to queue
[2026-08-06T18:27:31.557+0000] {logging_mixin.py:190} INFO - [2026-08-06T18:27:31.556+0000] {dagbag.py:588} INFO - Filling up the DagBag from /opt/airflow/dags/dag_transform_mart.py
[2026-08-06T18:27:31.564+0000] {processor.py:925} INFO - DAG(s) 'dag_transform_mart' retrieved from /opt/airflow/dags/dag_transform_mart.py
[2026-08-06T18:27:31.578+0000] {logging_mixin.py:190} INFO - [2026-08-06T18:27:31.578+0000] {dag.py:3239} INFO - Sync 1 DAGs
[2026-08-06T18:27:31.589+0000] {logging_mixin.py:190} INFO - [2026-08-06T18:27:31.589+0000] {dag.py:4180} INFO - Setting next_dagrun for dag_transform_mart to 2026-08-06 03:30:00+00:00, run_after=2026-08-07 03:30:00+00:00
[2026-08-06T18:27:31.599+0000] {processor.py:208} INFO - Processing /opt/airflow/dags/dag_transform_mart.py took 0.047 seconds
[2026-08-06T19:00:54.058+0000] {processor.py:186} INFO - Started process (PID=6052) to work on /opt/airflow/dags/dag_transform_mart.py
[2026-08-06T19:00:54.059+0000] {processor.py:914} INFO - Processing file /opt/airflow/dags/dag_transform_mart.py for tasks to queue
[2026-08-06T19:00:54.060+0000] {logging_mixin.py:190} INFO - [2026-08-06T19:00:54.059+0000] {dagbag.py:588} INFO - Filling up the DagBag from /opt/airflow/dags/dag_transform_mart.py
[2026-08-06T19:00:54.069+0000] {processor.py:925} INFO - DAG(s) 'dag_transform_mart' retrieved from /opt/airflow/dags/dag_transform_mart.py
[2026-08-06T19:00:54.088+0000] {logging_mixin.py:190} INFO - [2026-08-06T19:00:54.088+0000] {dag.py:3239} INFO - Sync 1 DAGs
[2026-08-06T19:00:54.100+0000] {logging_mixin.py:190} INFO - [2026-08-06T19:00:54.100+0000] {dag.py:4180} INFO - Setting next_dagrun for dag_transform_mart to 2026-08-06 03:30:00+00:00, run_after=2026-08-07 03:30:00+00:00
[2026-08-06T19:00:54.110+0000] {processor.py:208} INFO - Processing /opt/airflow/dags/dag_transform_mart.py took 0.057 seconds
[2026-08-06T19:44:26.039+0000] {processor.py:186} INFO - Started process (PID=6072) to work on /opt/airflow/dags/dag_transform_mart.py
[2026-08-06T19:44:26.039+0000] {processor.py:914} INFO - Processing file /opt/airflow/dags/dag_transform_mart.py for tasks to queue
[2026-08-06T19:44:26.040+0000] {logging_mixin.py:190} INFO - [2026-08-06T19:44:26.040+0000] {dagbag.py:588} INFO - Filling up the DagBag from /opt/airflow/dags/dag_transform_mart.py
[2026-08-06T19:44:26.051+0000] {processor.py:925} INFO - DAG(s) 'dag_transform_mart' retrieved from /opt/airflow/dags/dag_transform_mart.py
[2026-08-06T19:44:26.069+0000] {logging_mixin.py:190} INFO - [2026-08-06T19:44:26.069+0000] {dag.py:3239} INFO - Sync 1 DAGs
[2026-08-06T19:44:26.083+0000] {logging_mixin.py:190} INFO - [2026-08-06T19:44:26.083+0000] {dag.py:4180} INFO - Setting next_dagrun for dag_transform_mart to 2026-08-06 03:30:00+00:00, run_after=2026-08-07 03:30:00+00:00
[2026-08-06T19:44:26.092+0000] {processor.py:208} INFO - Processing /opt/airflow/dags/dag_transform_mart.py took 0.058 seconds
[2026-08-06T19:59:54.091+0000] {processor.py:186} INFO - Started process (PID=6095) to work on /opt/airflow/dags/dag_transform_mart.py
[2026-08-06T19:59:54.092+0000] {processor.py:914} INFO - Processing file /opt/airflow/dags/dag_transform_mart.py for tasks to queue
[2026-08-06T19:59:54.093+0000] {logging_mixin.py:190} INFO - [2026-08-06T19:59:54.093+0000] {dagbag.py:588} INFO - Filling up the DagBag from /opt/airflow/dags/dag_transform_mart.py
[2026-08-06T19:59:54.101+0000] {processor.py:925} INFO - DAG(s) 'dag_transform_mart' retrieved from /opt/airflow/dags/dag_transform_mart.py
[2026-08-06T19:59:54.121+0000] {logging_mixin.py:190} INFO - [2026-08-06T19:59:54.121+0000] {dag.py:3239} INFO - Sync 1 DAGs
[2026-08-06T19:59:54.134+0000] {logging_mixin.py:190} INFO - [2026-08-06T19:59:54.134+0000] {dag.py:4180} INFO - Setting next_dagrun for dag_transform_mart to 2026-08-06 03:30:00+00:00, run_after=2026-08-07 03:30:00+00:00
[2026-08-06T19:59:54.142+0000] {processor.py:208} INFO - Processing /opt/airflow/dags/dag_transform_mart.py took 0.058 seconds
[2026-08-06T20:33:11.770+0000] {processor.py:186} INFO - Started process (PID=6118) to work on /opt/airflow/dags/dag_transform_mart.py
[2026-08-06T20:33:11.770+0000] {processor.py:914} INFO - Processing file /opt/airflow/dags/dag_transform_mart.py for tasks to queue
[2026-08-06T20:33:11.771+0000] {logging_mixin.py:190} INFO - [2026-08-06T20:33:11.771+0000] {dagbag.py:588} INFO - Filling up the DagBag from /opt/airflow/dags/dag_transform_mart.py
[2026-08-06T20:33:11.778+0000] {processor.py:925} INFO - DAG(s) 'dag_transform_mart' retrieved from /opt/airflow/dags/dag_transform_mart.py
[2026-08-06T20:33:11.791+0000] {logging_mixin.py:190} INFO - [2026-08-06T20:33:11.791+0000] {dag.py:3239} INFO - Sync 1 DAGs
[2026-08-06T20:33:11.801+0000] {logging_mixin.py:190} INFO - [2026-08-06T20:33:11.801+0000] {dag.py:4180} INFO - Setting next_dagrun for dag_transform_mart to 2026-08-06 03:30:00+00:00, run_after=2026-08-07 03:30:00+00:00
[2026-08-06T20:33:11.808+0000] {processor.py:208} INFO - Processing /opt/airflow/dags/dag_transform_mart.py took 0.043 seconds
[2026-08-06T20:50:20.806+0000] {processor.py:186} INFO - Started process (PID=6141) to work on /opt/airflow/dags/dag_transform_mart.py
[2026-08-06T20:50:20.806+0000] {processor.py:914} INFO - Processing file /opt/airflow/dags/dag_transform_mart.py for tasks to queue
[2026-08-06T20:50:20.807+0000] {logging_mixin.py:190} INFO - [2026-08-06T20:50:20.807+0000] {dagbag.py:588} INFO - Filling up the DagBag from /opt/airflow/dags/dag_transform_mart.py
[2026-08-06T20:50:20.815+0000] {processor.py:925} INFO - DAG(s) 'dag_transform_mart' retrieved from /opt/airflow/dags/dag_transform_mart.py
[2026-08-06T20:50:20.830+0000] {logging_mixin.py:190} INFO - [2026-08-06T20:50:20.830+0000] {dag.py:3239} INFO - Sync 1 DAGs
[2026-08-06T20:50:20.842+0000] {logging_mixin.py:190} INFO - [2026-08-06T20:50:20.842+0000] {dag.py:4180} INFO - Setting next_dagrun for dag_transform_mart to 2026-08-06 03:30:00+00:00, run_after=2026-08-07 03:30:00+00:00
[2026-08-06T20:50:20.850+0000] {processor.py:208} INFO - Processing /opt/airflow/dags/dag_transform_mart.py took 0.051 seconds
[2026-08-06T21:06:18.390+0000] {processor.py:186} INFO - Started process (PID=6167) to work on /opt/airflow/dags/dag_transform_mart.py
[2026-08-06T21:06:18.391+0000] {processor.py:914} INFO - Processing file /opt/airflow/dags/dag_transform_mart.py for tasks to queue
[2026-08-06T21:06:18.393+0000] {logging_mixin.py:190} INFO - [2026-08-06T21:06:18.392+0000] {dagbag.py:588} INFO - Filling up the DagBag from /opt/airflow/dags/dag_transform_mart.py
[2026-08-06T21:06:18.408+0000] {processor.py:925} INFO - DAG(s) 'dag_transform_mart' retrieved from /opt/airflow/dags/dag_transform_mart.py
[2026-08-06T21:06:18.431+0000] {logging_mixin.py:190} INFO - [2026-08-06T21:06:18.431+0000] {dag.py:3239} INFO - Sync 1 DAGs
[2026-08-06T21:06:18.448+0000] {logging_mixin.py:190} INFO - [2026-08-06T21:06:18.447+0000] {dag.py:4180} INFO - Setting next_dagrun for dag_transform_mart to 2026-08-06 03:30:00+00:00, run_after=2026-08-07 03:30:00+00:00
[2026-08-06T21:06:18.460+0000] {processor.py:208} INFO - Processing /opt/airflow/dags/dag_transform_mart.py took 0.077 seconds
[2026-08-06T21:54:41.420+0000] {processor.py:186} INFO - Started process (PID=6187) to work on /opt/airflow/dags/dag_transform_mart.py
[2026-08-06T21:54:41.421+0000] {processor.py:914} INFO - Processing file /opt/airflow/dags/dag_transform_mart.py for tasks to queue
[2026-08-06T21:54:41.422+0000] {logging_mixin.py:190} INFO - [2026-08-06T21:54:41.422+0000] {dagbag.py:588} INFO - Filling up the DagBag from /opt/airflow/dags/dag_transform_mart.py
[2026-08-06T21:54:41.429+0000] {processor.py:925} INFO - DAG(s) 'dag_transform_mart' retrieved from /opt/airflow/dags/dag_transform_mart.py
[2026-08-06T21:54:41.447+0000] {logging_mixin.py:190} INFO - [2026-08-06T21:54:41.447+0000] {dag.py:3239} INFO - Sync 1 DAGs
[2026-08-06T21:54:41.458+0000] {logging_mixin.py:190} INFO - [2026-08-06T21:54:41.458+0000] {dag.py:4180} INFO - Setting next_dagrun for dag_transform_mart to 2026-08-06 03:30:00+00:00, run_after=2026-08-07 03:30:00+00:00
[2026-08-06T21:54:41.466+0000] {processor.py:208} INFO - Processing /opt/airflow/dags/dag_transform_mart.py took 0.050 seconds
[2026-08-06T22:29:44.077+0000] {processor.py:186} INFO - Started process (PID=6210) to work on /opt/airflow/dags/dag_transform_mart.py
[2026-08-06T22:29:44.078+0000] {processor.py:914} INFO - Processing file /opt/airflow/dags/dag_transform_mart.py for tasks to queue
[2026-08-06T22:29:44.079+0000] {logging_mixin.py:190} INFO - [2026-08-06T22:29:44.079+0000] {dagbag.py:588} INFO - Filling up the DagBag from /opt/airflow/dags/dag_transform_mart.py
[2026-08-06T22:29:44.088+0000] {processor.py:925} INFO - DAG(s) 'dag_transform_mart' retrieved from /opt/airflow/dags/dag_transform_mart.py
[2026-08-06T22:29:44.105+0000] {logging_mixin.py:190} INFO - [2026-08-06T22:29:44.105+0000] {dag.py:3239} INFO - Sync 1 DAGs
[2026-08-06T22:29:44.115+0000] {logging_mixin.py:190} INFO - [2026-08-06T22:29:44.115+0000] {dag.py:4180} INFO - Setting next_dagrun for dag_transform_mart to 2026-08-06 03:30:00+00:00, run_after=2026-08-07 03:30:00+00:00
[2026-08-06T22:29:44.123+0000] {processor.py:208} INFO - Processing /opt/airflow/dags/dag_transform_mart.py took 0.050 seconds
[2026-08-06T23:18:37.682+0000] {processor.py:186} INFO - Started process (PID=6233) to work on /opt/airflow/dags/dag_transform_mart.py
[2026-08-06T23:18:37.682+0000] {processor.py:914} INFO - Processing file /opt/airflow/dags/dag_transform_mart.py for tasks to queue
[2026-08-06T23:18:37.683+0000] {logging_mixin.py:190} INFO - [2026-08-06T23:18:37.683+0000] {dagbag.py:588} INFO - Filling up the DagBag from /opt/airflow/dags/dag_transform_mart.py
[2026-08-06T23:18:37.691+0000] {processor.py:925} INFO - DAG(s) 'dag_transform_mart' retrieved from /opt/airflow/dags/dag_transform_mart.py
[2026-08-06T23:18:37.708+0000] {logging_mixin.py:190} INFO - [2026-08-06T23:18:37.708+0000] {dag.py:3239} INFO - Sync 1 DAGs
[2026-08-06T23:18:37.722+0000] {logging_mixin.py:190} INFO - [2026-08-06T23:18:37.722+0000] {dag.py:4180} INFO - Setting next_dagrun for dag_transform_mart to 2026-08-06 03:30:00+00:00, run_after=2026-08-07 03:30:00+00:00
[2026-08-06T23:18:37.729+0000] {processor.py:208} INFO - Processing /opt/airflow/dags/dag_transform_mart.py took 0.053 seconds
[2026-08-06T23:37:30.627+0000] {processor.py:186} INFO - Started process (PID=6253) to work on /opt/airflow/dags/dag_transform_mart.py
[2026-08-06T23:37:30.627+0000] {processor.py:914} INFO - Processing file /opt/airflow/dags/dag_transform_mart.py for tasks to queue
[2026-08-06T23:37:30.629+0000] {logging_mixin.py:190} INFO - [2026-08-06T23:37:30.629+0000] {dagbag.py:588} INFO - Filling up the DagBag from /opt/airflow/dags/dag_transform_mart.py
[2026-08-06T23:37:30.636+0000] {processor.py:925} INFO - DAG(s) 'dag_transform_mart' retrieved from /opt/airflow/dags/dag_transform_mart.py
[2026-08-06T23:37:30.654+0000] {logging_mixin.py:190} INFO - [2026-08-06T23:37:30.654+0000] {dag.py:3239} INFO - Sync 1 DAGs
[2026-08-06T23:37:30.665+0000] {logging_mixin.py:190} INFO - [2026-08-06T23:37:30.664+0000] {dag.py:4180} INFO - Setting next_dagrun for dag_transform_mart to 2026-08-06 03:30:00+00:00, run_after=2026-08-07 03:30:00+00:00
[2026-08-06T23:37:30.673+0000] {processor.py:208} INFO - Processing /opt/airflow/dags/dag_transform_mart.py took 0.052 seconds
[2026-08-06T23:53:00.307+0000] {processor.py:186} INFO - Started process (PID=6276) to work on /opt/airflow/dags/dag_transform_mart.py
[2026-08-06T23:53:00.307+0000] {processor.py:914} INFO - Processing file /opt/airflow/dags/dag_transform_mart.py for tasks to queue
[2026-08-06T23:53:00.308+0000] {logging_mixin.py:190} INFO - [2026-08-06T23:53:00.308+0000] {dagbag.py:588} INFO - Filling up the DagBag from /opt/airflow/dags/dag_transform_mart.py
[2026-08-06T23:53:00.316+0000] {processor.py:925} INFO - DAG(s) 'dag_transform_mart' retrieved from /opt/airflow/dags/dag_transform_mart.py
[2026-08-06T23:53:00.329+0000] {logging_mixin.py:190} INFO - [2026-08-06T23:53:00.328+0000] {dag.py:3239} INFO - Sync 1 DAGs
[2026-08-06T23:53:00.336+0000] {logging_mixin.py:190} INFO - [2026-08-06T23:53:00.336+0000] {dag.py:4180} INFO - Setting next_dagrun for dag_transform_mart to 2026-08-06 03:30:00+00:00, run_after=2026-08-07 03:30:00+00:00
[2026-08-06T23:53:00.342+0000] {processor.py:208} INFO - Processing /opt/airflow/dags/dag_transform_mart.py took 0.038 seconds
