[2026-08-06T00:39:39.965+0000] {processor.py:186} INFO - Started process (PID=5289) to work on /opt/airflow/dags/dag_extract_dvizhenie.py
[2026-08-06T00:39:39.965+0000] {processor.py:914} INFO - Processing file /opt/airflow/dags/dag_extract_dvizhenie.py for tasks to queue
[2026-08-06T00:39:39.966+0000] {logging_mixin.py:190} INFO - [2026-08-06T00:39:39.966+0000] {dagbag.py:588} INFO - Filling up the DagBag from /opt/airflow/dags/dag_extract_dvizhenie.py
[2026-08-06T00:39:39.971+0000] {processor.py:925} INFO - DAG(s) 'dag_extract_dvizhenie' retrieved from /opt/airflow/dags/dag_extract_dvizhenie.py
[2026-08-06T00:39:39.982+0000] {logging_mixin.py:190} INFO - [2026-08-06T00:39:39.982+0000] {dag.py:3239} INFO - Sync 1 DAGs
[2026-08-06T00:39:39.994+0000] {processor.py:208} INFO - Processing /opt/airflow/dags/dag_extract_dvizhenie.py took 0.031 seconds
[2026-08-06T01:45:53.340+0000] {processor.py:186} INFO - Started process (PID=5309) to work on /opt/airflow/dags/dag_extract_dvizhenie.py
[2026-08-06T01:45:53.340+0000] {processor.py:914} INFO - Processing file /opt/airflow/dags/dag_extract_dvizhenie.py for tasks to queue
[2026-08-06T01:45:53.341+0000] {logging_mixin.py:190} INFO - [2026-08-06T01:45:53.340+0000] {dagbag.py:588} INFO - Filling up the DagBag from /opt/airflow/dags/dag_extract_dvizhenie.py
[2026-08-06T01:45:53.346+0000] {processor.py:925} INFO - DAG(s) 'dag_extract_dvizhenie' retrieved from /opt/airflow/dags/dag_extract_dvizhenie.py
[2026-08-06T01:45:53.357+0000] {logging_mixin.py:190} INFO - [2026-08-06T01:45:53.357+0000] {dag.py:3239} INFO - Sync 1 DAGs
[2026-08-06T01:45:53.371+0000] {processor.py:208} INFO - Processing /opt/airflow/dags/dag_extract_dvizhenie.py took 0.034 seconds
[2026-08-06T03:05:22.572+0000] {processor.py:186} INFO - Started process (PID=5350) to work on /opt/airflow/dags/dag_extract_dvizhenie.py
[2026-08-06T03:05:22.573+0000] {processor.py:914} INFO - Processing file /opt/airflow/dags/dag_extract_dvizhenie.py for tasks to queue
[2026-08-06T03:05:22.573+0000] {logging_mixin.py:190} INFO - [2026-08-06T03:05:22.573+0000] {dagbag.py:588} INFO - Filling up the DagBag from /opt/airflow/dags/dag_extract_dvizhenie.py
[2026-08-06T03:05:22.579+0000] {processor.py:925} INFO - DAG(s) 'dag_extract_dvizhenie' retrieved from /opt/airflow/dags/dag_extract_dvizhenie.py
[2026-08-06T03:05:22.589+0000] {logging_mixin.py:190} INFO - [2026-08-06T03:05:22.589+0000] {dag.py:3239} INFO - Sync 1 DAGs
[2026-08-06T03:05:22.601+0000] {processor.py:208} INFO - Processing /opt/airflow/dags/dag_extract_dvizhenie.py took 0.031 seconds
[2026-08-06T03:39:32.031+0000] {processor.py:186} INFO - Started process (PID=5391) to work on /opt/airflow/dags/dag_extract_dvizhenie.py
[2026-08-06T03:39:32.032+0000] {processor.py:914} INFO - Processing file /opt/airflow/dags/dag_extract_dvizhenie.py for tasks to queue
[2026-08-06T03:39:32.033+0000] {logging_mixin.py:190} INFO - [2026-08-06T03:39:32.033+0000] {dagbag.py:588} INFO - Filling up the DagBag from /opt/airflow/dags/dag_extract_dvizhenie.py
[2026-08-06T03:39:32.045+0000] {processor.py:925} INFO - DAG(s) 'dag_extract_dvizhenie' retrieved from /opt/airflow/dags/dag_extract_dvizhenie.py
[2026-08-06T03:39:32.066+0000] {logging_mixin.py:190} INFO - [2026-08-06T03:39:32.066+0000] {dag.py:3239} INFO - Sync 1 DAGs
[2026-08-06T03:39:32.096+0000] {processor.py:208} INFO - Processing /opt/airflow/dags/dag_extract_dvizhenie.py took 0.074 seconds
[2026-08-06T03:40:02.565+0000] {processor.py:186} INFO - Started process (PID=5411) to work on /opt/airflow/dags/dag_extract_dvizhenie.py
[2026-08-06T03:40:02.566+0000] {processor.py:914} INFO - Processing file /opt/airflow/dags/dag_extract_dvizhenie.py for tasks to queue
[2026-08-06T03:40:02.566+0000] {logging_mixin.py:190} INFO - [2026-08-06T03:40:02.566+0000] {dagbag.py:588} INFO - Filling up the DagBag from /opt/airflow/dags/dag_extract_dvizhenie.py
[2026-08-06T03:40:02.571+0000] {processor.py:925} INFO - DAG(s) 'dag_extract_dvizhenie' retrieved from /opt/airflow/dags/dag_extract_dvizhenie.py
[2026-08-06T03:40:02.581+0000] {logging_mixin.py:190} INFO - [2026-08-06T03:40:02.581+0000] {dag.py:3239} INFO - Sync 1 DAGs
[2026-08-06T03:40:02.592+0000] {processor.py:208} INFO - Processing /opt/airflow/dags/dag_extract_dvizhenie.py took 0.030 seconds
[2026-08-06T04:29:48.888+0000] {processor.py:186} INFO - Started process (PID=5431) to work on /opt/airflow/dags/dag_extract_dvizhenie.py
[2026-08-06T04:29:48.889+0000] {processor.py:914} INFO - Processing file /opt/airflow/dags/dag_extract_dvizhenie.py for tasks to queue
[2026-08-06T04:29:48.889+0000] {logging_mixin.py:190} INFO - [2026-08-06T04:29:48.889+0000] {dagbag.py:588} INFO - Filling up the DagBag from /opt/airflow/dags/dag_extract_dvizhenie.py
[2026-08-06T04:29:48.893+0000] {processor.py:925} INFO - DAG(s) 'dag_extract_dvizhenie' retrieved from /opt/airflow/dags/dag_extract_dvizhenie.py
[2026-08-06T04:29:48.903+0000] {logging_mixin.py:190} INFO - [2026-08-06T04:29:48.903+0000] {dag.py:3239} INFO - Sync 1 DAGs
[2026-08-06T04:29:48.915+0000] {processor.py:208} INFO - Processing /opt/airflow/dags/dag_extract_dvizhenie.py took 0.029 seconds
[2026-08-06T04:45:42.015+0000] {processor.py:186} INFO - Started process (PID=5478) to work on /opt/airflow/dags/dag_extract_dvizhenie.py
[2026-08-06T04:45:42.015+0000] {processor.py:914} INFO - Processing file /opt/airflow/dags/dag_extract_dvizhenie.py for tasks to queue
[2026-08-06T04:45:42.016+0000] {logging_mixin.py:190} INFO - [2026-08-06T04:45:42.015+0000] {dagbag.py:588} INFO - Filling up the DagBag from /opt/airflow/dags/dag_extract_dvizhenie.py
[2026-08-06T04:45:42.020+0000] {processor.py:925} INFO - DAG(s) 'dag_extract_dvizhenie' retrieved from /opt/airflow/dags/dag_extract_dvizhenie.py
[2026-08-06T04:45:42.030+0000] {logging_mixin.py:190} INFO - [2026-08-06T04:45:42.030+0000] {dag.py:3239} INFO - Sync 1 DAGs
[2026-08-06T04:45:42.042+0000] {processor.py:208} INFO - Processing /opt/airflow/dags/dag_extract_dvizhenie.py took 0.029 seconds
[2026-08-06T05:03:10.515+0000] {processor.py:186} INFO - Started process (PID=5500) to work on /opt/airflow/dags/dag_extract_dvizhenie.py
[2026-08-06T05:03:10.515+0000] {processor.py:914} INFO - Processing file /opt/airflow/dags/dag_extract_dvizhenie.py for tasks to queue
[2026-08-06T05:03:10.516+0000] {logging_mixin.py:190} INFO - [2026-08-06T05:03:10.516+0000] {dagbag.py:588} INFO - Filling up the DagBag from /opt/airflow/dags/dag_extract_dvizhenie.py
[2026-08-06T05:03:10.522+0000] {processor.py:925} INFO - DAG(s) 'dag_extract_dvizhenie' retrieved from /opt/airflow/dags/dag_extract_dvizhenie.py
[2026-08-06T05:03:10.536+0000] {logging_mixin.py:190} INFO - [2026-08-06T05:03:10.536+0000] {dag.py:3239} INFO - Sync 1 DAGs
[2026-08-06T05:03:10.551+0000] {processor.py:208} INFO - Processing /opt/airflow/dags/dag_extract_dvizhenie.py took 0.039 seconds
[2026-08-06T05:36:48.924+0000] {processor.py:186} INFO - Started process (PID=5527) to work on /opt/airflow/dags/dag_extract_dvizhenie.py
[2026-08-06T05:36:48.925+0000] {processor.py:914} INFO - Processing file /opt/airflow/dags/dag_extract_dvizhenie.py for tasks to queue
[2026-08-06T05:36:48.925+0000] {logging_mixin.py:190} INFO - [2026-08-06T05:36:48.925+0000] {dagbag.py:588} INFO - Filling up the DagBag from /opt/airflow/dags/dag_extract_dvizhenie.py
[2026-08-06T05:36:48.932+0000] {processor.py:925} INFO - DAG(s) 'dag_extract_dvizhenie' retrieved from /opt/airflow/dags/dag_extract_dvizhenie.py
[2026-08-06T05:36:48.943+0000] {logging_mixin.py:190} INFO - [2026-08-06T05:36:48.943+0000] {dag.py:3239} INFO - Sync 1 DAGs
[2026-08-06T05:36:48.958+0000] {processor.py:208} INFO - Processing /opt/airflow/dags/dag_extract_dvizhenie.py took 0.037 seconds
[2026-08-06T06:15:24.487+0000] {processor.py:186} INFO - Started process (PID=5547) to work on /opt/airflow/dags/dag_extract_dvizhenie.py
[2026-08-06T06:15:24.488+0000] {processor.py:914} INFO - Processing file /opt/airflow/dags/dag_extract_dvizhenie.py for tasks to queue
[2026-08-06T06:15:24.488+0000] {logging_mixin.py:190} INFO - [2026-08-06T06:15:24.488+0000] {dagbag.py:588} INFO - Filling up the DagBag from /opt/airflow/dags/dag_extract_dvizhenie.py
[2026-08-06T06:15:24.492+0000] {processor.py:925} INFO - DAG(s) 'dag_extract_dvizhenie' retrieved from /opt/airflow/dags/dag_extract_dvizhenie.py
[2026-08-06T06:15:24.502+0000] {logging_mixin.py:190} INFO - [2026-08-06T06:15:24.502+0000] {dag.py:3239} INFO - Sync 1 DAGs
[2026-08-06T06:15:24.514+0000] {processor.py:208} INFO - Processing /opt/airflow/dags/dag_extract_dvizhenie.py took 0.029 seconds
[2026-08-06T06:47:03.860+0000] {processor.py:186} INFO - Started process (PID=5568) to work on /opt/airflow/dags/dag_extract_dvizhenie.py
[2026-08-06T06:47:03.860+0000] {processor.py:914} INFO - Processing file /opt/airflow/dags/dag_extract_dvizhenie.py for tasks to queue
[2026-08-06T06:47:03.860+0000] {logging_mixin.py:190} INFO - [2026-08-06T06:47:03.860+0000] {dagbag.py:588} INFO - Filling up the DagBag from /opt/airflow/dags/dag_extract_dvizhenie.py
[2026-08-06T06:47:03.866+0000] {processor.py:925} INFO - DAG(s) 'dag_extract_dvizhenie' retrieved from /opt/airflow/dags/dag_extract_dvizhenie.py
[2026-08-06T06:47:03.877+0000] {logging_mixin.py:190} INFO - [2026-08-06T06:47:03.877+0000] {dag.py:3239} INFO - Sync 1 DAGs
[2026-08-06T06:47:03.892+0000] {processor.py:208} INFO - Processing /opt/airflow/dags/dag_extract_dvizhenie.py took 0.035 seconds
[2026-08-06T07:11:12.310+0000] {processor.py:186} INFO - Started process (PID=5580) to work on /opt/airflow/dags/dag_extract_dvizhenie.py
[2026-08-06T07:11:12.311+0000] {processor.py:914} INFO - Processing file /opt/airflow/dags/dag_extract_dvizhenie.py for tasks to queue
[2026-08-06T07:11:12.312+0000] {logging_mixin.py:190} INFO - [2026-08-06T07:11:12.311+0000] {dagbag.py:588} INFO - Filling up the DagBag from /opt/airflow/dags/dag_extract_dvizhenie.py
[2026-08-06T07:11:12.322+0000] {processor.py:925} INFO - DAG(s) 'dag_extract_dvizhenie' retrieved from /opt/airflow/dags/dag_extract_dvizhenie.py
[2026-08-06T07:11:12.334+0000] {logging_mixin.py:190} INFO - [2026-08-06T07:11:12.334+0000] {taskinstance.py:3313} ERROR - {'DAG Id': 'dag_extract_dvizhenie', 'Task Id': 'extract_dvizhenie', 'Run Id': 'scheduled__2026-08-06T02:00:00+00:00', 'Hostname': 'ce016640a6d7'}
[2026-08-06T07:11:12.342+0000] {logging_mixin.py:190} INFO - [2026-08-06T07:11:12.342+0000] {taskinstance.py:1225} INFO - Marking task as FAILED. dag_id=dag_extract_dvizhenie, task_id=extract_dvizhenie, run_id=scheduled__2026-08-06T02:00:00+00:00, execution_date=20260806T020000, start_date=20260806T064703, end_date=20260806T071112
[2026-08-06T07:11:12.346+0000] {logging_mixin.py:190} INFO - [2026-08-06T07:11:12.346+0000] {processor.py:876} INFO - Executed callback for <TaskInstance: dag_extract_dvizhenie.extract_dvizhenie scheduled__2026-08-06T02:00:00+00:00 [failed]> in state failed
[2026-08-06T07:11:12.353+0000] {logging_mixin.py:190} INFO - [2026-08-06T07:11:12.353+0000] {dag.py:3239} INFO - Sync 1 DAGs
[2026-08-06T07:11:12.364+0000] {processor.py:208} INFO - Processing /opt/airflow/dags/dag_extract_dvizhenie.py took 0.060 seconds
[2026-08-06T07:16:29.732+0000] {processor.py:186} INFO - Started process (PID=5613) to work on /opt/airflow/dags/dag_extract_dvizhenie.py
[2026-08-06T07:16:29.732+0000] {processor.py:914} INFO - Processing file /opt/airflow/dags/dag_extract_dvizhenie.py for tasks to queue
[2026-08-06T07:16:29.733+0000] {logging_mixin.py:190} INFO - [2026-08-06T07:16:29.732+0000] {dagbag.py:588} INFO - Filling up the DagBag from /opt/airflow/dags/dag_extract_dvizhenie.py
[2026-08-06T07:16:29.738+0000] {processor.py:925} INFO - DAG(s) 'dag_extract_dvizhenie' retrieved from /opt/airflow/dags/dag_extract_dvizhenie.py
[2026-08-06T07:16:29.757+0000] {logging_mixin.py:190} INFO - [2026-08-06T07:16:29.757+0000] {dag.py:3239} INFO - Sync 1 DAGs
[2026-08-06T07:16:29.770+0000] {processor.py:208} INFO - Processing /opt/airflow/dags/dag_extract_dvizhenie.py took 0.041 seconds
[2026-08-06T07:50:31.687+0000] {processor.py:186} INFO - Started process (PID=5636) to work on /opt/airflow/dags/dag_extract_dvizhenie.py
[2026-08-06T07:50:31.687+0000] {processor.py:914} INFO - Processing file /opt/airflow/dags/dag_extract_dvizhenie.py for tasks to queue
[2026-08-06T07:50:31.688+0000] {logging_mixin.py:190} INFO - [2026-08-06T07:50:31.688+0000] {dagbag.py:588} INFO - Filling up the DagBag from /opt/airflow/dags/dag_extract_dvizhenie.py
[2026-08-06T07:50:31.694+0000] {processor.py:925} INFO - DAG(s) 'dag_extract_dvizhenie' retrieved from /opt/airflow/dags/dag_extract_dvizhenie.py
[2026-08-06T07:50:31.705+0000] {logging_mixin.py:190} INFO - [2026-08-06T07:50:31.705+0000] {dag.py:3239} INFO - Sync 1 DAGs
[2026-08-06T07:50:31.720+0000] {processor.py:208} INFO - Processing /opt/airflow/dags/dag_extract_dvizhenie.py took 0.037 seconds
[2026-08-06T08:35:18.984+0000] {processor.py:186} INFO - Started process (PID=5659) to work on /opt/airflow/dags/dag_extract_dvizhenie.py
[2026-08-06T08:35:18.984+0000] {processor.py:914} INFO - Processing file /opt/airflow/dags/dag_extract_dvizhenie.py for tasks to queue
[2026-08-06T08:35:18.984+0000] {logging_mixin.py:190} INFO - [2026-08-06T08:35:18.984+0000] {dagbag.py:588} INFO - Filling up the DagBag from /opt/airflow/dags/dag_extract_dvizhenie.py
[2026-08-06T08:35:18.989+0000] {processor.py:925} INFO - DAG(s) 'dag_extract_dvizhenie' retrieved from /opt/airflow/dags/dag_extract_dvizhenie.py
[2026-08-06T08:35:18.998+0000] {logging_mixin.py:190} INFO - [2026-08-06T08:35:18.998+0000] {dag.py:3239} INFO - Sync 1 DAGs
[2026-08-06T08:35:19.010+0000] {processor.py:208} INFO - Processing /opt/airflow/dags/dag_extract_dvizhenie.py took 0.029 seconds
[2026-08-06T09:18:23.608+0000] {processor.py:186} INFO - Started process (PID=5682) to work on /opt/airflow/dags/dag_extract_dvizhenie.py
[2026-08-06T09:18:23.609+0000] {processor.py:914} INFO - Processing file /opt/airflow/dags/dag_extract_dvizhenie.py for tasks to queue
[2026-08-06T09:18:23.609+0000] {logging_mixin.py:190} INFO - [2026-08-06T09:18:23.609+0000] {dagbag.py:588} INFO - Filling up the DagBag from /opt/airflow/dags/dag_extract_dvizhenie.py
[2026-08-06T09:18:23.615+0000] {processor.py:925} INFO - DAG(s) 'dag_extract_dvizhenie' retrieved from /opt/airflow/dags/dag_extract_dvizhenie.py
[2026-08-06T09:18:23.625+0000] {logging_mixin.py:190} INFO - [2026-08-06T09:18:23.625+0000] {dag.py:3239} INFO - Sync 1 DAGs
[2026-08-06T09:18:23.637+0000] {processor.py:208} INFO - Processing /opt/airflow/dags/dag_extract_dvizhenie.py took 0.031 seconds
[2026-08-06T09:18:23.846+0000] {processor.py:186} INFO - Started process (PID=5692) to work on /opt/airflow/dags/dag_extract_dvizhenie.py
[2026-08-06T09:18:23.846+0000] {processor.py:914} INFO - Processing file /opt/airflow/dags/dag_extract_dvizhenie.py for tasks to queue
[2026-08-06T09:18:23.847+0000] {logging_mixin.py:190} INFO - [2026-08-06T09:18:23.847+0000] {dagbag.py:588} INFO - Filling up the DagBag from /opt/airflow/dags/dag_extract_dvizhenie.py
[2026-08-06T09:18:23.853+0000] {processor.py:925} INFO - DAG(s) 'dag_extract_dvizhenie' retrieved from /opt/airflow/dags/dag_extract_dvizhenie.py
[2026-08-06T09:18:23.862+0000] {logging_mixin.py:190} INFO - [2026-08-06T09:18:23.861+0000] {taskinstance.py:3313} ERROR - {'DAG Id': 'dag_extract_dvizhenie', 'Task Id': 'extract_dvizhenie', 'Run Id': 'scheduled__2026-08-06T06:00:00+00:00', 'Hostname': 'ce016640a6d7'}
[2026-08-06T09:18:23.870+0000] {logging_mixin.py:190} INFO - [2026-08-06T09:18:23.869+0000] {taskinstance.py:1225} INFO - Marking task as UP_FOR_RETRY. dag_id=dag_extract_dvizhenie, task_id=extract_dvizhenie, run_id=scheduled__2026-08-06T06:00:00+00:00, execution_date=20260806T060000, start_date=20260806T083539, end_date=20260806T091823
[2026-08-06T09:18:23.874+0000] {logging_mixin.py:190} INFO - [2026-08-06T09:18:23.874+0000] {processor.py:876} INFO - Executed callback for <TaskInstance: dag_extract_dvizhenie.extract_dvizhenie scheduled__2026-08-06T06:00:00+00:00 [up_for_retry]> in state up_for_retry
[2026-08-06T09:18:23.879+0000] {logging_mixin.py:190} INFO - [2026-08-06T09:18:23.879+0000] {dag.py:3239} INFO - Sync 1 DAGs
[2026-08-06T09:18:23.889+0000] {processor.py:208} INFO - Processing /opt/airflow/dags/dag_extract_dvizhenie.py took 0.046 seconds
[2026-08-06T09:34:32.880+0000] {processor.py:186} INFO - Started process (PID=5707) to work on /opt/airflow/dags/dag_extract_dvizhenie.py
[2026-08-06T09:34:32.880+0000] {processor.py:914} INFO - Processing file /opt/airflow/dags/dag_extract_dvizhenie.py for tasks to queue
[2026-08-06T09:34:32.881+0000] {logging_mixin.py:190} INFO - [2026-08-06T09:34:32.881+0000] {dagbag.py:588} INFO - Filling up the DagBag from /opt/airflow/dags/dag_extract_dvizhenie.py
[2026-08-06T09:34:32.889+0000] {processor.py:925} INFO - DAG(s) 'dag_extract_dvizhenie' retrieved from /opt/airflow/dags/dag_extract_dvizhenie.py
[2026-08-06T09:34:32.904+0000] {logging_mixin.py:190} INFO - [2026-08-06T09:34:32.903+0000] {dag.py:3239} INFO - Sync 1 DAGs
[2026-08-06T09:34:32.922+0000] {processor.py:208} INFO - Processing /opt/airflow/dags/dag_extract_dvizhenie.py took 0.048 seconds
[2026-08-06T10:19:25.455+0000] {processor.py:186} INFO - Started process (PID=5730) to work on /opt/airflow/dags/dag_extract_dvizhenie.py
[2026-08-06T10:19:25.455+0000] {processor.py:914} INFO - Processing file /opt/airflow/dags/dag_extract_dvizhenie.py for tasks to queue
[2026-08-06T10:19:25.456+0000] {logging_mixin.py:190} INFO - [2026-08-06T10:19:25.455+0000] {dagbag.py:588} INFO - Filling up the DagBag from /opt/airflow/dags/dag_extract_dvizhenie.py
[2026-08-06T10:19:25.462+0000] {processor.py:925} INFO - DAG(s) 'dag_extract_dvizhenie' retrieved from /opt/airflow/dags/dag_extract_dvizhenie.py
[2026-08-06T10:19:25.472+0000] {logging_mixin.py:190} INFO - [2026-08-06T10:19:25.472+0000] {dag.py:3239} INFO - Sync 1 DAGs
[2026-08-06T10:19:25.483+0000] {processor.py:208} INFO - Processing /opt/airflow/dags/dag_extract_dvizhenie.py took 0.032 seconds
[2026-08-06T10:50:29.615+0000] {processor.py:186} INFO - Started process (PID=5750) to work on /opt/airflow/dags/dag_extract_dvizhenie.py
[2026-08-06T10:50:29.615+0000] {processor.py:914} INFO - Processing file /opt/airflow/dags/dag_extract_dvizhenie.py for tasks to queue
[2026-08-06T10:50:29.615+0000] {logging_mixin.py:190} INFO - [2026-08-06T10:50:29.615+0000] {dagbag.py:588} INFO - Filling up the DagBag from /opt/airflow/dags/dag_extract_dvizhenie.py
[2026-08-06T10:50:29.620+0000] {processor.py:925} INFO - DAG(s) 'dag_extract_dvizhenie' retrieved from /opt/airflow/dags/dag_extract_dvizhenie.py
[2026-08-06T10:50:29.630+0000] {logging_mixin.py:190} INFO - [2026-08-06T10:50:29.630+0000] {dag.py:3239} INFO - Sync 1 DAGs
[2026-08-06T10:50:29.641+0000] {processor.py:208} INFO - Processing /opt/airflow/dags/dag_extract_dvizhenie.py took 0.029 seconds
[2026-08-06T12:06:24.088+0000] {processor.py:186} INFO - Started process (PID=5779) to work on /opt/airflow/dags/dag_extract_dvizhenie.py
[2026-08-06T12:06:24.088+0000] {processor.py:914} INFO - Processing file /opt/airflow/dags/dag_extract_dvizhenie.py for tasks to queue
[2026-08-06T12:06:24.089+0000] {logging_mixin.py:190} INFO - [2026-08-06T12:06:24.089+0000] {dagbag.py:588} INFO - Filling up the DagBag from /opt/airflow/dags/dag_extract_dvizhenie.py
[2026-08-06T12:06:24.093+0000] {processor.py:925} INFO - DAG(s) 'dag_extract_dvizhenie' retrieved from /opt/airflow/dags/dag_extract_dvizhenie.py
[2026-08-06T12:06:24.103+0000] {logging_mixin.py:190} INFO - [2026-08-06T12:06:24.103+0000] {dag.py:3239} INFO - Sync 1 DAGs
[2026-08-06T12:06:24.114+0000] {processor.py:208} INFO - Processing /opt/airflow/dags/dag_extract_dvizhenie.py took 0.028 seconds
[2026-08-06T12:39:04.067+0000] {processor.py:186} INFO - Started process (PID=5800) to work on /opt/airflow/dags/dag_extract_dvizhenie.py
[2026-08-06T12:39:04.067+0000] {processor.py:914} INFO - Processing file /opt/airflow/dags/dag_extract_dvizhenie.py for tasks to queue
[2026-08-06T12:39:04.068+0000] {logging_mixin.py:190} INFO - [2026-08-06T12:39:04.068+0000] {dagbag.py:588} INFO - Filling up the DagBag from /opt/airflow/dags/dag_extract_dvizhenie.py
[2026-08-06T12:39:04.074+0000] {processor.py:925} INFO - DAG(s) 'dag_extract_dvizhenie' retrieved from /opt/airflow/dags/dag_extract_dvizhenie.py
[2026-08-06T12:39:04.087+0000] {logging_mixin.py:190} INFO - [2026-08-06T12:39:04.087+0000] {dag.py:3239} INFO - Sync 1 DAGs
[2026-08-06T12:39:04.101+0000] {processor.py:208} INFO - Processing /opt/airflow/dags/dag_extract_dvizhenie.py took 0.037 seconds
[2026-08-06T13:10:58.989+0000] {processor.py:186} INFO - Started process (PID=5825) to work on /opt/airflow/dags/dag_extract_dvizhenie.py
[2026-08-06T13:10:58.989+0000] {processor.py:914} INFO - Processing file /opt/airflow/dags/dag_extract_dvizhenie.py for tasks to queue
[2026-08-06T13:10:58.989+0000] {logging_mixin.py:190} INFO - [2026-08-06T13:10:58.989+0000] {dagbag.py:588} INFO - Filling up the DagBag from /opt/airflow/dags/dag_extract_dvizhenie.py
[2026-08-06T13:10:58.994+0000] {processor.py:925} INFO - DAG(s) 'dag_extract_dvizhenie' retrieved from /opt/airflow/dags/dag_extract_dvizhenie.py
[2026-08-06T13:10:59.003+0000] {logging_mixin.py:190} INFO - [2026-08-06T13:10:59.003+0000] {dag.py:3239} INFO - Sync 1 DAGs
[2026-08-06T13:10:59.015+0000] {processor.py:208} INFO - Processing /opt/airflow/dags/dag_extract_dvizhenie.py took 0.029 seconds
[2026-08-06T13:11:00.294+0000] {processor.py:186} INFO - Started process (PID=5835) to work on /opt/airflow/dags/dag_extract_dvizhenie.py
[2026-08-06T13:11:00.295+0000] {processor.py:914} INFO - Processing file /opt/airflow/dags/dag_extract_dvizhenie.py for tasks to queue
[2026-08-06T13:11:00.296+0000] {logging_mixin.py:190} INFO - [2026-08-06T13:11:00.296+0000] {dagbag.py:588} INFO - Filling up the DagBag from /opt/airflow/dags/dag_extract_dvizhenie.py
[2026-08-06T13:11:00.305+0000] {processor.py:925} INFO - DAG(s) 'dag_extract_dvizhenie' retrieved from /opt/airflow/dags/dag_extract_dvizhenie.py
[2026-08-06T13:11:00.316+0000] {logging_mixin.py:190} INFO - [2026-08-06T13:11:00.315+0000] {taskinstance.py:3313} ERROR - {'DAG Id': 'dag_extract_dvizhenie', 'Task Id': 'extract_dvizhenie', 'Run Id': 'scheduled__2026-08-06T10:00:00+00:00', 'Hostname': 'ce016640a6d7'}
[2026-08-06T13:11:00.324+0000] {logging_mixin.py:190} INFO - [2026-08-06T13:11:00.323+0000] {taskinstance.py:1225} INFO - Marking task as UP_FOR_RETRY. dag_id=dag_extract_dvizhenie, task_id=extract_dvizhenie, run_id=scheduled__2026-08-06T10:00:00+00:00, execution_date=20260806T100000, start_date=20260806T123926, end_date=20260806T131100
[2026-08-06T13:11:00.328+0000] {logging_mixin.py:190} INFO - [2026-08-06T13:11:00.328+0000] {processor.py:876} INFO - Executed callback for <TaskInstance: dag_extract_dvizhenie.extract_dvizhenie scheduled__2026-08-06T10:00:00+00:00 [up_for_retry]> in state up_for_retry
[2026-08-06T13:11:00.334+0000] {logging_mixin.py:190} INFO - [2026-08-06T13:11:00.334+0000] {dag.py:3239} INFO - Sync 1 DAGs
[2026-08-06T13:11:00.344+0000] {processor.py:208} INFO - Processing /opt/airflow/dags/dag_extract_dvizhenie.py took 0.055 seconds
[2026-08-06T13:56:24.934+0000] {processor.py:186} INFO - Started process (PID=5850) to work on /opt/airflow/dags/dag_extract_dvizhenie.py
[2026-08-06T13:56:24.935+0000] {processor.py:914} INFO - Processing file /opt/airflow/dags/dag_extract_dvizhenie.py for tasks to queue
[2026-08-06T13:56:24.935+0000] {logging_mixin.py:190} INFO - [2026-08-06T13:56:24.935+0000] {dagbag.py:588} INFO - Filling up the DagBag from /opt/airflow/dags/dag_extract_dvizhenie.py
[2026-08-06T13:56:24.939+0000] {processor.py:925} INFO - DAG(s) 'dag_extract_dvizhenie' retrieved from /opt/airflow/dags/dag_extract_dvizhenie.py
[2026-08-06T13:56:24.949+0000] {logging_mixin.py:190} INFO - [2026-08-06T13:56:24.949+0000] {dag.py:3239} INFO - Sync 1 DAGs
[2026-08-06T13:56:24.963+0000] {processor.py:208} INFO - Processing /opt/airflow/dags/dag_extract_dvizhenie.py took 0.031 seconds
[2026-08-06T14:40:21.868+0000] {processor.py:186} INFO - Started process (PID=5876) to work on /opt/airflow/dags/dag_extract_dvizhenie.py
[2026-08-06T14:40:21.868+0000] {processor.py:914} INFO - Processing file /opt/airflow/dags/dag_extract_dvizhenie.py for tasks to queue
[2026-08-06T14:40:21.869+0000] {logging_mixin.py:190} INFO - [2026-08-06T14:40:21.868+0000] {dagbag.py:588} INFO - Filling up the DagBag from /opt/airflow/dags/dag_extract_dvizhenie.py
[2026-08-06T14:40:21.873+0000] {processor.py:925} INFO - DAG(s) 'dag_extract_dvizhenie' retrieved from /opt/airflow/dags/dag_extract_dvizhenie.py
[2026-08-06T14:40:21.883+0000] {logging_mixin.py:190} INFO - [2026-08-06T14:40:21.883+0000] {dag.py:3239} INFO - Sync 1 DAGs
[2026-08-06T14:40:21.894+0000] {processor.py:208} INFO - Processing /opt/airflow/dags/dag_extract_dvizhenie.py took 0.029 seconds
[2026-08-06T15:13:08.737+0000] {processor.py:186} INFO - Started process (PID=5899) to work on /opt/airflow/dags/dag_extract_dvizhenie.py
[2026-08-06T15:13:08.737+0000] {processor.py:914} INFO - Processing file /opt/airflow/dags/dag_extract_dvizhenie.py for tasks to queue
[2026-08-06T15:13:08.738+0000] {logging_mixin.py:190} INFO - [2026-08-06T15:13:08.738+0000] {dagbag.py:588} INFO - Filling up the DagBag from /opt/airflow/dags/dag_extract_dvizhenie.py
[2026-08-06T15:13:08.743+0000] {processor.py:925} INFO - DAG(s) 'dag_extract_dvizhenie' retrieved from /opt/airflow/dags/dag_extract_dvizhenie.py
[2026-08-06T15:13:08.754+0000] {logging_mixin.py:190} INFO - [2026-08-06T15:13:08.754+0000] {dag.py:3239} INFO - Sync 1 DAGs
[2026-08-06T15:13:08.767+0000] {processor.py:208} INFO - Processing /opt/airflow/dags/dag_extract_dvizhenie.py took 0.033 seconds
[2026-08-06T15:13:09.757+0000] {processor.py:186} INFO - Started process (PID=5909) to work on /opt/airflow/dags/dag_extract_dvizhenie.py
[2026-08-06T15:13:09.758+0000] {processor.py:914} INFO - Processing file /opt/airflow/dags/dag_extract_dvizhenie.py for tasks to queue
[2026-08-06T15:13:09.759+0000] {logging_mixin.py:190} INFO - [2026-08-06T15:13:09.758+0000] {dagbag.py:588} INFO - Filling up the DagBag from /opt/airflow/dags/dag_extract_dvizhenie.py
[2026-08-06T15:13:09.767+0000] {processor.py:925} INFO - DAG(s) 'dag_extract_dvizhenie' retrieved from /opt/airflow/dags/dag_extract_dvizhenie.py
[2026-08-06T15:13:09.779+0000] {logging_mixin.py:190} INFO - [2026-08-06T15:13:09.779+0000] {taskinstance.py:3313} ERROR - {'DAG Id': 'dag_extract_dvizhenie', 'Task Id': 'extract_dvizhenie', 'Run Id': 'scheduled__2026-08-06T12:00:00+00:00', 'Hostname': 'ce016640a6d7'}
[2026-08-06T15:13:09.787+0000] {logging_mixin.py:190} INFO - [2026-08-06T15:13:09.787+0000] {taskinstance.py:1225} INFO - Marking task as UP_FOR_RETRY. dag_id=dag_extract_dvizhenie, task_id=extract_dvizhenie, run_id=scheduled__2026-08-06T12:00:00+00:00, execution_date=20260806T120000, start_date=20260806T144035, end_date=20260806T151309
[2026-08-06T15:13:09.792+0000] {logging_mixin.py:190} INFO - [2026-08-06T15:13:09.791+0000] {processor.py:876} INFO - Executed callback for <TaskInstance: dag_extract_dvizhenie.extract_dvizhenie scheduled__2026-08-06T12:00:00+00:00 [up_for_retry]> in state up_for_retry
[2026-08-06T15:13:09.797+0000] {logging_mixin.py:190} INFO - [2026-08-06T15:13:09.797+0000] {dag.py:3239} INFO - Sync 1 DAGs
[2026-08-06T15:13:09.808+0000] {processor.py:208} INFO - Processing /opt/airflow/dags/dag_extract_dvizhenie.py took 0.055 seconds
[2026-08-06T15:42:09.935+0000] {processor.py:186} INFO - Started process (PID=5927) to work on /opt/airflow/dags/dag_extract_dvizhenie.py
[2026-08-06T15:42:09.935+0000] {processor.py:914} INFO - Processing file /opt/airflow/dags/dag_extract_dvizhenie.py for tasks to queue
[2026-08-06T15:42:09.935+0000] {logging_mixin.py:190} INFO - [2026-08-06T15:42:09.935+0000] {dagbag.py:588} INFO - Filling up the DagBag from /opt/airflow/dags/dag_extract_dvizhenie.py
[2026-08-06T15:42:09.940+0000] {processor.py:925} INFO - DAG(s) 'dag_extract_dvizhenie' retrieved from /opt/airflow/dags/dag_extract_dvizhenie.py
[2026-08-06T15:42:09.950+0000] {logging_mixin.py:190} INFO - [2026-08-06T15:42:09.950+0000] {dag.py:3239} INFO - Sync 1 DAGs
[2026-08-06T15:42:09.961+0000] {processor.py:208} INFO - Processing /opt/airflow/dags/dag_extract_dvizhenie.py took 0.029 seconds
[2026-08-06T16:25:28.709+0000] {processor.py:186} INFO - Started process (PID=5950) to work on /opt/airflow/dags/dag_extract_dvizhenie.py
[2026-08-06T16:25:28.709+0000] {processor.py:914} INFO - Processing file /opt/airflow/dags/dag_extract_dvizhenie.py for tasks to queue
[2026-08-06T16:25:28.709+0000] {logging_mixin.py:190} INFO - [2026-08-06T16:25:28.709+0000] {dagbag.py:588} INFO - Filling up the DagBag from /opt/airflow/dags/dag_extract_dvizhenie.py
[2026-08-06T16:25:28.714+0000] {processor.py:925} INFO - DAG(s) 'dag_extract_dvizhenie' retrieved from /opt/airflow/dags/dag_extract_dvizhenie.py
[2026-08-06T16:25:28.723+0000] {logging_mixin.py:190} INFO - [2026-08-06T16:25:28.723+0000] {dag.py:3239} INFO - Sync 1 DAGs
[2026-08-06T16:25:28.735+0000] {processor.py:208} INFO - Processing /opt/airflow/dags/dag_extract_dvizhenie.py took 0.029 seconds
[2026-08-06T16:58:02.084+0000] {processor.py:186} INFO - Started process (PID=5973) to work on /opt/airflow/dags/dag_extract_dvizhenie.py
[2026-08-06T16:58:02.084+0000] {processor.py:914} INFO - Processing file /opt/airflow/dags/dag_extract_dvizhenie.py for tasks to queue
[2026-08-06T16:58:02.085+0000] {logging_mixin.py:190} INFO - [2026-08-06T16:58:02.084+0000] {dagbag.py:588} INFO - Filling up the DagBag from /opt/airflow/dags/dag_extract_dvizhenie.py
[2026-08-06T16:58:02.089+0000] {processor.py:925} INFO - DAG(s) 'dag_extract_dvizhenie' retrieved from /opt/airflow/dags/dag_extract_dvizhenie.py
[2026-08-06T16:58:02.099+0000] {logging_mixin.py:190} INFO - [2026-08-06T16:58:02.099+0000] {dag.py:3239} INFO - Sync 1 DAGs
[2026-08-06T16:58:02.111+0000] {processor.py:208} INFO - Processing /opt/airflow/dags/dag_extract_dvizhenie.py took 0.029 seconds
[2026-08-06T17:26:30.106+0000] {processor.py:186} INFO - Started process (PID=5996) to work on /opt/airflow/dags/dag_extract_dvizhenie.py
[2026-08-06T17:26:30.107+0000] {processor.py:914} INFO - Processing file /opt/airflow/dags/dag_extract_dvizhenie.py for tasks to queue
[2026-08-06T17:26:30.107+0000] {logging_mixin.py:190} INFO - [2026-08-06T17:26:30.107+0000] {dagbag.py:588} INFO - Filling up the DagBag from /opt/airflow/dags/dag_extract_dvizhenie.py
[2026-08-06T17:26:30.113+0000] {processor.py:925} INFO - DAG(s) 'dag_extract_dvizhenie' retrieved from /opt/airflow/dags/dag_extract_dvizhenie.py
[2026-08-06T17:26:30.122+0000] {logging_mixin.py:190} INFO - [2026-08-06T17:26:30.122+0000] {dag.py:3239} INFO - Sync 1 DAGs
[2026-08-06T17:26:30.134+0000] {processor.py:208} INFO - Processing /opt/airflow/dags/dag_extract_dvizhenie.py took 0.030 seconds
[2026-08-06T17:59:13.798+0000] {processor.py:186} INFO - Started process (PID=6016) to work on /opt/airflow/dags/dag_extract_dvizhenie.py
[2026-08-06T17:59:13.798+0000] {processor.py:914} INFO - Processing file /opt/airflow/dags/dag_extract_dvizhenie.py for tasks to queue
[2026-08-06T17:59:13.799+0000] {logging_mixin.py:190} INFO - [2026-08-06T17:59:13.799+0000] {dagbag.py:588} INFO - Filling up the DagBag from /opt/airflow/dags/dag_extract_dvizhenie.py
[2026-08-06T17:59:13.803+0000] {processor.py:925} INFO - DAG(s) 'dag_extract_dvizhenie' retrieved from /opt/airflow/dags/dag_extract_dvizhenie.py
[2026-08-06T17:59:13.813+0000] {logging_mixin.py:190} INFO - [2026-08-06T17:59:13.813+0000] {dag.py:3239} INFO - Sync 1 DAGs
[2026-08-06T17:59:13.824+0000] {processor.py:208} INFO - Processing /opt/airflow/dags/dag_extract_dvizhenie.py took 0.028 seconds
[2026-08-06T18:27:31.613+0000] {processor.py:186} INFO - Started process (PID=6041) to work on /opt/airflow/dags/dag_extract_dvizhenie.py
[2026-08-06T18:27:31.614+0000] {processor.py:914} INFO - Processing file /opt/airflow/dags/dag_extract_dvizhenie.py for tasks to queue
[2026-08-06T18:27:31.615+0000] {logging_mixin.py:190} INFO - [2026-08-06T18:27:31.615+0000] {dagbag.py:588} INFO - Filling up the DagBag from /opt/airflow/dags/dag_extract_dvizhenie.py
[2026-08-06T18:27:31.621+0000] {processor.py:925} INFO - DAG(s) 'dag_extract_dvizhenie' retrieved from /opt/airflow/dags/dag_extract_dvizhenie.py
[2026-08-06T18:27:31.636+0000] {logging_mixin.py:190} INFO - [2026-08-06T18:27:31.636+0000] {dag.py:3239} INFO - Sync 1 DAGs
[2026-08-06T18:27:31.650+0000] {processor.py:208} INFO - Processing /opt/airflow/dags/dag_extract_dvizhenie.py took 0.040 seconds
[2026-08-06T19:00:54.121+0000] {processor.py:186} INFO - Started process (PID=6062) to work on /opt/airflow/dags/dag_extract_dvizhenie.py
[2026-08-06T19:00:54.122+0000] {processor.py:914} INFO - Processing file /opt/airflow/dags/dag_extract_dvizhenie.py for tasks to queue
[2026-08-06T19:00:54.122+0000] {logging_mixin.py:190} INFO - [2026-08-06T19:00:54.122+0000] {dagbag.py:588} INFO - Filling up the DagBag from /opt/airflow/dags/dag_extract_dvizhenie.py
[2026-08-06T19:00:54.127+0000] {processor.py:925} INFO - DAG(s) 'dag_extract_dvizhenie' retrieved from /opt/airflow/dags/dag_extract_dvizhenie.py
[2026-08-06T19:00:54.136+0000] {logging_mixin.py:190} INFO - [2026-08-06T19:00:54.136+0000] {dag.py:3239} INFO - Sync 1 DAGs
[2026-08-06T19:00:54.147+0000] {processor.py:208} INFO - Processing /opt/airflow/dags/dag_extract_dvizhenie.py took 0.028 seconds
[2026-08-06T19:44:26.107+0000] {processor.py:186} INFO - Started process (PID=6083) to work on /opt/airflow/dags/dag_extract_dvizhenie.py
[2026-08-06T19:44:26.108+0000] {processor.py:914} INFO - Processing file /opt/airflow/dags/dag_extract_dvizhenie.py for tasks to queue
[2026-08-06T19:44:26.108+0000] {logging_mixin.py:190} INFO - [2026-08-06T19:44:26.108+0000] {dagbag.py:588} INFO - Filling up the DagBag from /opt/airflow/dags/dag_extract_dvizhenie.py
[2026-08-06T19:44:26.114+0000] {processor.py:925} INFO - DAG(s) 'dag_extract_dvizhenie' retrieved from /opt/airflow/dags/dag_extract_dvizhenie.py
[2026-08-06T19:44:26.125+0000] {logging_mixin.py:190} INFO - [2026-08-06T19:44:26.125+0000] {dag.py:3239} INFO - Sync 1 DAGs
[2026-08-06T19:44:26.140+0000] {processor.py:208} INFO - Processing /opt/airflow/dags/dag_extract_dvizhenie.py took 0.036 seconds
[2026-08-06T19:59:54.154+0000] {processor.py:186} INFO - Started process (PID=6105) to work on /opt/airflow/dags/dag_extract_dvizhenie.py
[2026-08-06T19:59:54.154+0000] {processor.py:914} INFO - Processing file /opt/airflow/dags/dag_extract_dvizhenie.py for tasks to queue
[2026-08-06T19:59:54.155+0000] {logging_mixin.py:190} INFO - [2026-08-06T19:59:54.155+0000] {dagbag.py:588} INFO - Filling up the DagBag from /opt/airflow/dags/dag_extract_dvizhenie.py
[2026-08-06T19:59:54.159+0000] {processor.py:925} INFO - DAG(s) 'dag_extract_dvizhenie' retrieved from /opt/airflow/dags/dag_extract_dvizhenie.py
[2026-08-06T19:59:54.169+0000] {logging_mixin.py:190} INFO - [2026-08-06T19:59:54.169+0000] {dag.py:3239} INFO - Sync 1 DAGs
[2026-08-06T19:59:54.180+0000] {processor.py:208} INFO - Processing /opt/airflow/dags/dag_extract_dvizhenie.py took 0.028 seconds
[2026-08-06T20:33:11.819+0000] {processor.py:186} INFO - Started process (PID=6128) to work on /opt/airflow/dags/dag_extract_dvizhenie.py
[2026-08-06T20:33:11.819+0000] {processor.py:914} INFO - Processing file /opt/airflow/dags/dag_extract_dvizhenie.py for tasks to queue
[2026-08-06T20:33:11.820+0000] {logging_mixin.py:190} INFO - [2026-08-06T20:33:11.820+0000] {dagbag.py:588} INFO - Filling up the DagBag from /opt/airflow/dags/dag_extract_dvizhenie.py
[2026-08-06T20:33:11.824+0000] {processor.py:925} INFO - DAG(s) 'dag_extract_dvizhenie' retrieved from /opt/airflow/dags/dag_extract_dvizhenie.py
[2026-08-06T20:33:11.834+0000] {logging_mixin.py:190} INFO - [2026-08-06T20:33:11.834+0000] {dag.py:3239} INFO - Sync 1 DAGs
[2026-08-06T20:33:11.846+0000] {processor.py:208} INFO - Processing /opt/airflow/dags/dag_extract_dvizhenie.py took 0.029 seconds
[2026-08-06T20:50:20.863+0000] {processor.py:186} INFO - Started process (PID=6151) to work on /opt/airflow/dags/dag_extract_dvizhenie.py
[2026-08-06T20:50:20.864+0000] {processor.py:914} INFO - Processing file /opt/airflow/dags/dag_extract_dvizhenie.py for tasks to queue
[2026-08-06T20:50:20.864+0000] {logging_mixin.py:190} INFO - [2026-08-06T20:50:20.864+0000] {dagbag.py:588} INFO - Filling up the DagBag from /opt/airflow/dags/dag_extract_dvizhenie.py
[2026-08-06T20:50:20.869+0000] {processor.py:925} INFO - DAG(s) 'dag_extract_dvizhenie' retrieved from /opt/airflow/dags/dag_extract_dvizhenie.py
[2026-08-06T20:50:20.878+0000] {logging_mixin.py:190} INFO - [2026-08-06T20:50:20.878+0000] {dag.py:3239} INFO - Sync 1 DAGs
[2026-08-06T20:50:20.890+0000] {processor.py:208} INFO - Processing /opt/airflow/dags/dag_extract_dvizhenie.py took 0.029 seconds
[2026-08-06T21:06:18.472+0000] {processor.py:186} INFO - Started process (PID=6177) to work on /opt/airflow/dags/dag_extract_dvizhenie.py
[2026-08-06T21:06:18.473+0000] {processor.py:914} INFO - Processing file /opt/airflow/dags/dag_extract_dvizhenie.py for tasks to queue
[2026-08-06T21:06:18.473+0000] {logging_mixin.py:190} INFO - [2026-08-06T21:06:18.473+0000] {dagbag.py:588} INFO - Filling up the DagBag from /opt/airflow/dags/dag_extract_dvizhenie.py
[2026-08-06T21:06:18.478+0000] {processor.py:925} INFO - DAG(s) 'dag_extract_dvizhenie' retrieved from /opt/airflow/dags/dag_extract_dvizhenie.py
[2026-08-06T21:06:18.488+0000] {logging_mixin.py:190} INFO - [2026-08-06T21:06:18.488+0000] {dag.py:3239} INFO - Sync 1 DAGs
[2026-08-06T21:06:18.502+0000] {processor.py:208} INFO - Processing /opt/airflow/dags/dag_extract_dvizhenie.py took 0.032 seconds
[2026-08-06T21:54:41.479+0000] {processor.py:186} INFO - Started process (PID=6197) to work on /opt/airflow/dags/dag_extract_dvizhenie.py
[2026-08-06T21:54:41.479+0000] {processor.py:914} INFO - Processing file /opt/airflow/dags/dag_extract_dvizhenie.py for tasks to queue
[2026-08-06T21:54:41.480+0000] {logging_mixin.py:190} INFO - [2026-08-06T21:54:41.479+0000] {dagbag.py:588} INFO - Filling up the DagBag from /opt/airflow/dags/dag_extract_dvizhenie.py
[2026-08-06T21:54:41.484+0000] {processor.py:925} INFO - DAG(s) 'dag_extract_dvizhenie' retrieved from /opt/airflow/dags/dag_extract_dvizhenie.py
[2026-08-06T21:54:41.495+0000] {logging_mixin.py:190} INFO - [2026-08-06T21:54:41.495+0000] {dag.py:3239} INFO - Sync 1 DAGs
[2026-08-06T21:54:41.506+0000] {processor.py:208} INFO - Processing /opt/airflow/dags/dag_extract_dvizhenie.py took 0.031 seconds
[2026-08-06T22:29:44.136+0000] {processor.py:186} INFO - Started process (PID=6220) to work on /opt/airflow/dags/dag_extract_dvizhenie.py
[2026-08-06T22:29:44.137+0000] {processor.py:914} INFO - Processing file /opt/airflow/dags/dag_extract_dvizhenie.py for tasks to queue
[2026-08-06T22:29:44.137+0000] {logging_mixin.py:190} INFO - [2026-08-06T22:29:44.137+0000] {dagbag.py:588} INFO - Filling up the DagBag from /opt/airflow/dags/dag_extract_dvizhenie.py
[2026-08-06T22:29:44.142+0000] {processor.py:925} INFO - DAG(s) 'dag_extract_dvizhenie' retrieved from /opt/airflow/dags/dag_extract_dvizhenie.py
[2026-08-06T22:29:44.152+0000] {logging_mixin.py:190} INFO - [2026-08-06T22:29:44.152+0000] {dag.py:3239} INFO - Sync 1 DAGs
[2026-08-06T22:29:44.164+0000] {processor.py:208} INFO - Processing /opt/airflow/dags/dag_extract_dvizhenie.py took 0.030 seconds
[2026-08-06T23:18:37.741+0000] {processor.py:186} INFO - Started process (PID=6243) to work on /opt/airflow/dags/dag_extract_dvizhenie.py
[2026-08-06T23:18:37.742+0000] {processor.py:914} INFO - Processing file /opt/airflow/dags/dag_extract_dvizhenie.py for tasks to queue
[2026-08-06T23:18:37.742+0000] {logging_mixin.py:190} INFO - [2026-08-06T23:18:37.742+0000] {dagbag.py:588} INFO - Filling up the DagBag from /opt/airflow/dags/dag_extract_dvizhenie.py
[2026-08-06T23:18:37.747+0000] {processor.py:925} INFO - DAG(s) 'dag_extract_dvizhenie' retrieved from /opt/airflow/dags/dag_extract_dvizhenie.py
[2026-08-06T23:18:37.757+0000] {logging_mixin.py:190} INFO - [2026-08-06T23:18:37.757+0000] {dag.py:3239} INFO - Sync 1 DAGs
[2026-08-06T23:18:37.768+0000] {processor.py:208} INFO - Processing /opt/airflow/dags/dag_extract_dvizhenie.py took 0.029 seconds
[2026-08-06T23:37:30.685+0000] {processor.py:186} INFO - Started process (PID=6263) to work on /opt/airflow/dags/dag_extract_dvizhenie.py
[2026-08-06T23:37:30.685+0000] {processor.py:914} INFO - Processing file /opt/airflow/dags/dag_extract_dvizhenie.py for tasks to queue
[2026-08-06T23:37:30.685+0000] {logging_mixin.py:190} INFO - [2026-08-06T23:37:30.685+0000] {dagbag.py:588} INFO - Filling up the DagBag from /opt/airflow/dags/dag_extract_dvizhenie.py
[2026-08-06T23:37:30.690+0000] {processor.py:925} INFO - DAG(s) 'dag_extract_dvizhenie' retrieved from /opt/airflow/dags/dag_extract_dvizhenie.py
[2026-08-06T23:37:30.699+0000] {logging_mixin.py:190} INFO - [2026-08-06T23:37:30.699+0000] {dag.py:3239} INFO - Sync 1 DAGs
[2026-08-06T23:37:30.711+0000] {processor.py:208} INFO - Processing /opt/airflow/dags/dag_extract_dvizhenie.py took 0.029 seconds
[2026-08-06T23:53:00.354+0000] {processor.py:186} INFO - Started process (PID=6286) to work on /opt/airflow/dags/dag_extract_dvizhenie.py
[2026-08-06T23:53:00.355+0000] {processor.py:914} INFO - Processing file /opt/airflow/dags/dag_extract_dvizhenie.py for tasks to queue
[2026-08-06T23:53:00.355+0000] {logging_mixin.py:190} INFO - [2026-08-06T23:53:00.355+0000] {dagbag.py:588} INFO - Filling up the DagBag from /opt/airflow/dags/dag_extract_dvizhenie.py
[2026-08-06T23:53:00.361+0000] {processor.py:925} INFO - DAG(s) 'dag_extract_dvizhenie' retrieved from /opt/airflow/dags/dag_extract_dvizhenie.py
[2026-08-06T23:53:00.372+0000] {logging_mixin.py:190} INFO - [2026-08-06T23:53:00.372+0000] {dag.py:3239} INFO - Sync 1 DAGs
[2026-08-06T23:53:00.392+0000] {processor.py:208} INFO - Processing /opt/airflow/dags/dag_extract_dvizhenie.py took 0.040 seconds
