[2026-08-06T00:39:39.915+0000] {processor.py:186} INFO - Started process (PID=5282) to work on /opt/airflow/dags/dag_extract_putevoy_list.py
[2026-08-06T00:39:39.915+0000] {processor.py:914} INFO - Processing file /opt/airflow/dags/dag_extract_putevoy_list.py for tasks to queue
[2026-08-06T00:39:39.916+0000] {logging_mixin.py:190} INFO - [2026-08-06T00:39:39.916+0000] {dagbag.py:588} INFO - Filling up the DagBag from /opt/airflow/dags/dag_extract_putevoy_list.py
[2026-08-06T00:39:39.925+0000] {processor.py:925} INFO - DAG(s) 'dag_extract_putevoy_list' retrieved from /opt/airflow/dags/dag_extract_putevoy_list.py
[2026-08-06T00:39:39.936+0000] {logging_mixin.py:190} INFO - [2026-08-06T00:39:39.936+0000] {dag.py:3239} INFO - Sync 1 DAGs
[2026-08-06T00:39:39.947+0000] {logging_mixin.py:190} INFO - [2026-08-06T00:39:39.947+0000] {dag.py:4180} INFO - Setting next_dagrun for dag_extract_putevoy_list to 2026-08-05 02:00:00+00:00, run_after=2026-08-06 02:00:00+00:00
[2026-08-06T00:39:39.952+0000] {processor.py:208} INFO - Processing /opt/airflow/dags/dag_extract_putevoy_list.py took 0.041 seconds
[2026-08-06T01:45:53.282+0000] {processor.py:186} INFO - Started process (PID=5302) to work on /opt/airflow/dags/dag_extract_putevoy_list.py
[2026-08-06T01:45:53.282+0000] {processor.py:914} INFO - Processing file /opt/airflow/dags/dag_extract_putevoy_list.py for tasks to queue
[2026-08-06T01:45:53.283+0000] {logging_mixin.py:190} INFO - [2026-08-06T01:45:53.283+0000] {dagbag.py:588} INFO - Filling up the DagBag from /opt/airflow/dags/dag_extract_putevoy_list.py
[2026-08-06T01:45:53.292+0000] {processor.py:925} INFO - DAG(s) 'dag_extract_putevoy_list' retrieved from /opt/airflow/dags/dag_extract_putevoy_list.py
[2026-08-06T01:45:53.308+0000] {logging_mixin.py:190} INFO - [2026-08-06T01:45:53.308+0000] {dag.py:3239} INFO - Sync 1 DAGs
[2026-08-06T01:45:53.320+0000] {logging_mixin.py:190} INFO - [2026-08-06T01:45:53.320+0000] {dag.py:4180} INFO - Setting next_dagrun for dag_extract_putevoy_list to 2026-08-05 02:00:00+00:00, run_after=2026-08-06 02:00:00+00:00
[2026-08-06T01:45:53.327+0000] {processor.py:208} INFO - Processing /opt/airflow/dags/dag_extract_putevoy_list.py took 0.048 seconds
[2026-08-06T03:05:22.511+0000] {processor.py:186} INFO - Started process (PID=5343) to work on /opt/airflow/dags/dag_extract_putevoy_list.py
[2026-08-06T03:05:22.511+0000] {processor.py:914} INFO - Processing file /opt/airflow/dags/dag_extract_putevoy_list.py for tasks to queue
[2026-08-06T03:05:22.511+0000] {logging_mixin.py:190} INFO - [2026-08-06T03:05:22.511+0000] {dagbag.py:588} INFO - Filling up the DagBag from /opt/airflow/dags/dag_extract_putevoy_list.py
[2026-08-06T03:05:22.525+0000] {processor.py:925} INFO - DAG(s) 'dag_extract_putevoy_list' retrieved from /opt/airflow/dags/dag_extract_putevoy_list.py
[2026-08-06T03:05:22.541+0000] {logging_mixin.py:190} INFO - [2026-08-06T03:05:22.541+0000] {dag.py:3239} INFO - Sync 1 DAGs
[2026-08-06T03:05:22.560+0000] {processor.py:208} INFO - Processing /opt/airflow/dags/dag_extract_putevoy_list.py took 0.052 seconds
[2026-08-06T03:39:31.925+0000] {processor.py:186} INFO - Started process (PID=5370) to work on /opt/airflow/dags/dag_extract_putevoy_list.py
[2026-08-06T03:39:31.926+0000] {processor.py:914} INFO - Processing file /opt/airflow/dags/dag_extract_putevoy_list.py for tasks to queue
[2026-08-06T03:39:31.929+0000] {logging_mixin.py:190} INFO - [2026-08-06T03:39:31.929+0000] {dagbag.py:588} INFO - Filling up the DagBag from /opt/airflow/dags/dag_extract_putevoy_list.py
[2026-08-06T03:39:31.939+0000] {processor.py:925} INFO - DAG(s) 'dag_extract_putevoy_list' retrieved from /opt/airflow/dags/dag_extract_putevoy_list.py
[2026-08-06T03:39:31.979+0000] {logging_mixin.py:190} INFO - [2026-08-06T03:39:31.979+0000] {dag.py:3239} INFO - Sync 1 DAGs
[2026-08-06T03:39:32.011+0000] {processor.py:208} INFO - Processing /opt/airflow/dags/dag_extract_putevoy_list.py took 0.089 seconds
[2026-08-06T03:40:02.516+0000] {processor.py:186} INFO - Started process (PID=5404) to work on /opt/airflow/dags/dag_extract_putevoy_list.py
[2026-08-06T03:40:02.518+0000] {processor.py:914} INFO - Processing file /opt/airflow/dags/dag_extract_putevoy_list.py for tasks to queue
[2026-08-06T03:40:02.518+0000] {logging_mixin.py:190} INFO - [2026-08-06T03:40:02.518+0000] {dagbag.py:588} INFO - Filling up the DagBag from /opt/airflow/dags/dag_extract_putevoy_list.py
[2026-08-06T03:40:02.528+0000] {processor.py:925} INFO - DAG(s) 'dag_extract_putevoy_list' retrieved from /opt/airflow/dags/dag_extract_putevoy_list.py
[2026-08-06T03:40:02.540+0000] {logging_mixin.py:190} INFO - [2026-08-06T03:40:02.540+0000] {dag.py:3239} INFO - Sync 1 DAGs
[2026-08-06T03:40:02.554+0000] {processor.py:208} INFO - Processing /opt/airflow/dags/dag_extract_putevoy_list.py took 0.043 seconds
[2026-08-06T04:29:48.829+0000] {processor.py:186} INFO - Started process (PID=5424) to work on /opt/airflow/dags/dag_extract_putevoy_list.py
[2026-08-06T04:29:48.830+0000] {processor.py:914} INFO - Processing file /opt/airflow/dags/dag_extract_putevoy_list.py for tasks to queue
[2026-08-06T04:29:48.831+0000] {logging_mixin.py:190} INFO - [2026-08-06T04:29:48.831+0000] {dagbag.py:588} INFO - Filling up the DagBag from /opt/airflow/dags/dag_extract_putevoy_list.py
[2026-08-06T04:29:48.843+0000] {processor.py:925} INFO - DAG(s) 'dag_extract_putevoy_list' retrieved from /opt/airflow/dags/dag_extract_putevoy_list.py
[2026-08-06T04:29:48.858+0000] {logging_mixin.py:190} INFO - [2026-08-06T04:29:48.858+0000] {dag.py:3239} INFO - Sync 1 DAGs
[2026-08-06T04:29:48.876+0000] {processor.py:208} INFO - Processing /opt/airflow/dags/dag_extract_putevoy_list.py took 0.051 seconds
[2026-08-06T04:45:41.973+0000] {processor.py:186} INFO - Started process (PID=5471) to work on /opt/airflow/dags/dag_extract_putevoy_list.py
[2026-08-06T04:45:41.973+0000] {processor.py:914} INFO - Processing file /opt/airflow/dags/dag_extract_putevoy_list.py for tasks to queue
[2026-08-06T04:45:41.974+0000] {logging_mixin.py:190} INFO - [2026-08-06T04:45:41.974+0000] {dagbag.py:588} INFO - Filling up the DagBag from /opt/airflow/dags/dag_extract_putevoy_list.py
[2026-08-06T04:45:41.980+0000] {processor.py:925} INFO - DAG(s) 'dag_extract_putevoy_list' retrieved from /opt/airflow/dags/dag_extract_putevoy_list.py
[2026-08-06T04:45:41.991+0000] {logging_mixin.py:190} INFO - [2026-08-06T04:45:41.991+0000] {dag.py:3239} INFO - Sync 1 DAGs
[2026-08-06T04:45:42.005+0000] {processor.py:208} INFO - Processing /opt/airflow/dags/dag_extract_putevoy_list.py took 0.035 seconds
[2026-08-06T05:03:10.464+0000] {processor.py:186} INFO - Started process (PID=5494) to work on /opt/airflow/dags/dag_extract_putevoy_list.py
[2026-08-06T05:03:10.464+0000] {processor.py:914} INFO - Processing file /opt/airflow/dags/dag_extract_putevoy_list.py for tasks to queue
[2026-08-06T05:03:10.465+0000] {logging_mixin.py:190} INFO - [2026-08-06T05:03:10.465+0000] {dagbag.py:588} INFO - Filling up the DagBag from /opt/airflow/dags/dag_extract_putevoy_list.py
[2026-08-06T05:03:10.474+0000] {processor.py:925} INFO - DAG(s) 'dag_extract_putevoy_list' retrieved from /opt/airflow/dags/dag_extract_putevoy_list.py
[2026-08-06T05:03:10.487+0000] {logging_mixin.py:190} INFO - [2026-08-06T05:03:10.487+0000] {dag.py:3239} INFO - Sync 1 DAGs
[2026-08-06T05:03:10.497+0000] {logging_mixin.py:190} INFO - [2026-08-06T05:03:10.497+0000] {dag.py:4180} INFO - Setting next_dagrun for dag_extract_putevoy_list to 2026-08-06 02:00:00+00:00, run_after=2026-08-07 02:00:00+00:00
[2026-08-06T05:03:10.506+0000] {processor.py:208} INFO - Processing /opt/airflow/dags/dag_extract_putevoy_list.py took 0.046 seconds
[2026-08-06T05:36:48.847+0000] {processor.py:186} INFO - Started process (PID=5518) to work on /opt/airflow/dags/dag_extract_putevoy_list.py
[2026-08-06T05:36:48.849+0000] {processor.py:914} INFO - Processing file /opt/airflow/dags/dag_extract_putevoy_list.py for tasks to queue
[2026-08-06T05:36:48.851+0000] {logging_mixin.py:190} INFO - [2026-08-06T05:36:48.850+0000] {dagbag.py:588} INFO - Filling up the DagBag from /opt/airflow/dags/dag_extract_putevoy_list.py
[2026-08-06T05:36:48.862+0000] {processor.py:925} INFO - DAG(s) 'dag_extract_putevoy_list' retrieved from /opt/airflow/dags/dag_extract_putevoy_list.py
[2026-08-06T05:36:48.878+0000] {logging_mixin.py:190} INFO - [2026-08-06T05:36:48.878+0000] {dag.py:3239} INFO - Sync 1 DAGs
[2026-08-06T05:36:48.895+0000] {logging_mixin.py:190} INFO - [2026-08-06T05:36:48.895+0000] {dag.py:4180} INFO - Setting next_dagrun for dag_extract_putevoy_list to 2026-08-06 02:00:00+00:00, run_after=2026-08-07 02:00:00+00:00
[2026-08-06T05:36:48.906+0000] {processor.py:208} INFO - Processing /opt/airflow/dags/dag_extract_putevoy_list.py took 0.066 seconds
[2026-08-06T06:15:24.426+0000] {processor.py:186} INFO - Started process (PID=5540) to work on /opt/airflow/dags/dag_extract_putevoy_list.py
[2026-08-06T06:15:24.427+0000] {processor.py:914} INFO - Processing file /opt/airflow/dags/dag_extract_putevoy_list.py for tasks to queue
[2026-08-06T06:15:24.427+0000] {logging_mixin.py:190} INFO - [2026-08-06T06:15:24.427+0000] {dagbag.py:588} INFO - Filling up the DagBag from /opt/airflow/dags/dag_extract_putevoy_list.py
[2026-08-06T06:15:24.443+0000] {processor.py:925} INFO - DAG(s) 'dag_extract_putevoy_list' retrieved from /opt/airflow/dags/dag_extract_putevoy_list.py
[2026-08-06T06:15:24.458+0000] {logging_mixin.py:190} INFO - [2026-08-06T06:15:24.458+0000] {dag.py:3239} INFO - Sync 1 DAGs
[2026-08-06T06:15:24.469+0000] {logging_mixin.py:190} INFO - [2026-08-06T06:15:24.469+0000] {dag.py:4180} INFO - Setting next_dagrun for dag_extract_putevoy_list to 2026-08-06 02:00:00+00:00, run_after=2026-08-07 02:00:00+00:00
[2026-08-06T06:15:24.476+0000] {processor.py:208} INFO - Processing /opt/airflow/dags/dag_extract_putevoy_list.py took 0.053 seconds
[2026-08-06T06:47:03.797+0000] {processor.py:186} INFO - Started process (PID=5560) to work on /opt/airflow/dags/dag_extract_putevoy_list.py
[2026-08-06T06:47:03.798+0000] {processor.py:914} INFO - Processing file /opt/airflow/dags/dag_extract_putevoy_list.py for tasks to queue
[2026-08-06T06:47:03.799+0000] {logging_mixin.py:190} INFO - [2026-08-06T06:47:03.799+0000] {dagbag.py:588} INFO - Filling up the DagBag from /opt/airflow/dags/dag_extract_putevoy_list.py
[2026-08-06T06:47:03.809+0000] {processor.py:925} INFO - DAG(s) 'dag_extract_putevoy_list' retrieved from /opt/airflow/dags/dag_extract_putevoy_list.py
[2026-08-06T06:47:03.827+0000] {logging_mixin.py:190} INFO - [2026-08-06T06:47:03.827+0000] {dag.py:3239} INFO - Sync 1 DAGs
[2026-08-06T06:47:03.838+0000] {logging_mixin.py:190} INFO - [2026-08-06T06:47:03.838+0000] {dag.py:4180} INFO - Setting next_dagrun for dag_extract_putevoy_list to 2026-08-06 02:00:00+00:00, run_after=2026-08-07 02:00:00+00:00
[2026-08-06T06:47:03.848+0000] {processor.py:208} INFO - Processing /opt/airflow/dags/dag_extract_putevoy_list.py took 0.055 seconds
[2026-08-06T07:11:12.381+0000] {processor.py:186} INFO - Started process (PID=5588) to work on /opt/airflow/dags/dag_extract_putevoy_list.py
[2026-08-06T07:11:12.381+0000] {processor.py:914} INFO - Processing file /opt/airflow/dags/dag_extract_putevoy_list.py for tasks to queue
[2026-08-06T07:11:12.382+0000] {logging_mixin.py:190} INFO - [2026-08-06T07:11:12.382+0000] {dagbag.py:588} INFO - Filling up the DagBag from /opt/airflow/dags/dag_extract_putevoy_list.py
[2026-08-06T07:11:12.388+0000] {processor.py:925} INFO - DAG(s) 'dag_extract_putevoy_list' retrieved from /opt/airflow/dags/dag_extract_putevoy_list.py
[2026-08-06T07:11:12.400+0000] {logging_mixin.py:190} INFO - [2026-08-06T07:11:12.400+0000] {dag.py:3239} INFO - Sync 1 DAGs
[2026-08-06T07:11:12.410+0000] {logging_mixin.py:190} INFO - [2026-08-06T07:11:12.410+0000] {dag.py:4180} INFO - Setting next_dagrun for dag_extract_putevoy_list to 2026-08-06 02:00:00+00:00, run_after=2026-08-07 02:00:00+00:00
[2026-08-06T07:11:12.416+0000] {processor.py:208} INFO - Processing /opt/airflow/dags/dag_extract_putevoy_list.py took 0.039 seconds
[2026-08-06T07:16:29.485+0000] {processor.py:186} INFO - Started process (PID=5606) to work on /opt/airflow/dags/dag_extract_putevoy_list.py
[2026-08-06T07:16:29.487+0000] {processor.py:914} INFO - Processing file /opt/airflow/dags/dag_extract_putevoy_list.py for tasks to queue
[2026-08-06T07:16:29.489+0000] {logging_mixin.py:190} INFO - [2026-08-06T07:16:29.489+0000] {dagbag.py:588} INFO - Filling up the DagBag from /opt/airflow/dags/dag_extract_putevoy_list.py
[2026-08-06T07:16:29.499+0000] {processor.py:925} INFO - DAG(s) 'dag_extract_putevoy_list' retrieved from /opt/airflow/dags/dag_extract_putevoy_list.py
[2026-08-06T07:16:29.658+0000] {logging_mixin.py:190} INFO - [2026-08-06T07:16:29.658+0000] {dag.py:3239} INFO - Sync 1 DAGs
[2026-08-06T07:16:29.680+0000] {logging_mixin.py:190} INFO - [2026-08-06T07:16:29.680+0000] {dag.py:4180} INFO - Setting next_dagrun for dag_extract_putevoy_list to 2026-08-06 02:00:00+00:00, run_after=2026-08-07 02:00:00+00:00
[2026-08-06T07:16:29.715+0000] {processor.py:208} INFO - Processing /opt/airflow/dags/dag_extract_putevoy_list.py took 0.235 seconds
[2026-08-06T07:50:31.640+0000] {processor.py:186} INFO - Started process (PID=5629) to work on /opt/airflow/dags/dag_extract_putevoy_list.py
[2026-08-06T07:50:31.641+0000] {processor.py:914} INFO - Processing file /opt/airflow/dags/dag_extract_putevoy_list.py for tasks to queue
[2026-08-06T07:50:31.641+0000] {logging_mixin.py:190} INFO - [2026-08-06T07:50:31.641+0000] {dagbag.py:588} INFO - Filling up the DagBag from /opt/airflow/dags/dag_extract_putevoy_list.py
[2026-08-06T07:50:31.648+0000] {processor.py:925} INFO - DAG(s) 'dag_extract_putevoy_list' retrieved from /opt/airflow/dags/dag_extract_putevoy_list.py
[2026-08-06T07:50:31.660+0000] {logging_mixin.py:190} INFO - [2026-08-06T07:50:31.660+0000] {dag.py:3239} INFO - Sync 1 DAGs
[2026-08-06T07:50:31.669+0000] {logging_mixin.py:190} INFO - [2026-08-06T07:50:31.669+0000] {dag.py:4180} INFO - Setting next_dagrun for dag_extract_putevoy_list to 2026-08-06 02:00:00+00:00, run_after=2026-08-07 02:00:00+00:00
[2026-08-06T07:50:31.678+0000] {processor.py:208} INFO - Processing /opt/airflow/dags/dag_extract_putevoy_list.py took 0.042 seconds
[2026-08-06T08:35:18.928+0000] {processor.py:186} INFO - Started process (PID=5652) to work on /opt/airflow/dags/dag_extract_putevoy_list.py
[2026-08-06T08:35:18.929+0000] {processor.py:914} INFO - Processing file /opt/airflow/dags/dag_extract_putevoy_list.py for tasks to queue
[2026-08-06T08:35:18.930+0000] {logging_mixin.py:190} INFO - [2026-08-06T08:35:18.930+0000] {dagbag.py:588} INFO - Filling up the DagBag from /opt/airflow/dags/dag_extract_putevoy_list.py
[2026-08-06T08:35:18.939+0000] {processor.py:925} INFO - DAG(s) 'dag_extract_putevoy_list' retrieved from /opt/airflow/dags/dag_extract_putevoy_list.py
[2026-08-06T08:35:18.954+0000] {logging_mixin.py:190} INFO - [2026-08-06T08:35:18.954+0000] {dag.py:3239} INFO - Sync 1 DAGs
[2026-08-06T08:35:18.963+0000] {logging_mixin.py:190} INFO - [2026-08-06T08:35:18.963+0000] {dag.py:4180} INFO - Setting next_dagrun for dag_extract_putevoy_list to 2026-08-06 02:00:00+00:00, run_after=2026-08-07 02:00:00+00:00
[2026-08-06T08:35:18.972+0000] {processor.py:208} INFO - Processing /opt/airflow/dags/dag_extract_putevoy_list.py took 0.048 seconds
[2026-08-06T09:18:23.562+0000] {processor.py:186} INFO - Started process (PID=5675) to work on /opt/airflow/dags/dag_extract_putevoy_list.py
[2026-08-06T09:18:23.562+0000] {processor.py:914} INFO - Processing file /opt/airflow/dags/dag_extract_putevoy_list.py for tasks to queue
[2026-08-06T09:18:23.563+0000] {logging_mixin.py:190} INFO - [2026-08-06T09:18:23.563+0000] {dagbag.py:588} INFO - Filling up the DagBag from /opt/airflow/dags/dag_extract_putevoy_list.py
[2026-08-06T09:18:23.568+0000] {processor.py:925} INFO - DAG(s) 'dag_extract_putevoy_list' retrieved from /opt/airflow/dags/dag_extract_putevoy_list.py
[2026-08-06T09:18:23.580+0000] {logging_mixin.py:190} INFO - [2026-08-06T09:18:23.580+0000] {dag.py:3239} INFO - Sync 1 DAGs
[2026-08-06T09:18:23.589+0000] {logging_mixin.py:190} INFO - [2026-08-06T09:18:23.589+0000] {dag.py:4180} INFO - Setting next_dagrun for dag_extract_putevoy_list to 2026-08-06 02:00:00+00:00, run_after=2026-08-07 02:00:00+00:00
[2026-08-06T09:18:23.595+0000] {processor.py:208} INFO - Processing /opt/airflow/dags/dag_extract_putevoy_list.py took 0.036 seconds
[2026-08-06T09:34:32.603+0000] {processor.py:186} INFO - Started process (PID=5700) to work on /opt/airflow/dags/dag_extract_putevoy_list.py
[2026-08-06T09:34:32.604+0000] {processor.py:914} INFO - Processing file /opt/airflow/dags/dag_extract_putevoy_list.py for tasks to queue
[2026-08-06T09:34:32.605+0000] {logging_mixin.py:190} INFO - [2026-08-06T09:34:32.604+0000] {dagbag.py:588} INFO - Filling up the DagBag from /opt/airflow/dags/dag_extract_putevoy_list.py
[2026-08-06T09:34:32.761+0000] {processor.py:925} INFO - DAG(s) 'dag_extract_putevoy_list' retrieved from /opt/airflow/dags/dag_extract_putevoy_list.py
[2026-08-06T09:34:32.807+0000] {logging_mixin.py:190} INFO - [2026-08-06T09:34:32.807+0000] {dag.py:3239} INFO - Sync 1 DAGs
[2026-08-06T09:34:32.829+0000] {logging_mixin.py:190} INFO - [2026-08-06T09:34:32.829+0000] {dag.py:4180} INFO - Setting next_dagrun for dag_extract_putevoy_list to 2026-08-06 02:00:00+00:00, run_after=2026-08-07 02:00:00+00:00
[2026-08-06T09:34:32.855+0000] {processor.py:208} INFO - Processing /opt/airflow/dags/dag_extract_putevoy_list.py took 0.256 seconds
[2026-08-06T10:19:25.401+0000] {processor.py:186} INFO - Started process (PID=5723) to work on /opt/airflow/dags/dag_extract_putevoy_list.py
[2026-08-06T10:19:25.401+0000] {processor.py:914} INFO - Processing file /opt/airflow/dags/dag_extract_putevoy_list.py for tasks to queue
[2026-08-06T10:19:25.402+0000] {logging_mixin.py:190} INFO - [2026-08-06T10:19:25.402+0000] {dagbag.py:588} INFO - Filling up the DagBag from /opt/airflow/dags/dag_extract_putevoy_list.py
[2026-08-06T10:19:25.410+0000] {processor.py:925} INFO - DAG(s) 'dag_extract_putevoy_list' retrieved from /opt/airflow/dags/dag_extract_putevoy_list.py
[2026-08-06T10:19:25.424+0000] {logging_mixin.py:190} INFO - [2026-08-06T10:19:25.424+0000] {dag.py:3239} INFO - Sync 1 DAGs
[2026-08-06T10:19:25.435+0000] {logging_mixin.py:190} INFO - [2026-08-06T10:19:25.435+0000] {dag.py:4180} INFO - Setting next_dagrun for dag_extract_putevoy_list to 2026-08-06 02:00:00+00:00, run_after=2026-08-07 02:00:00+00:00
[2026-08-06T10:19:25.441+0000] {processor.py:208} INFO - Processing /opt/airflow/dags/dag_extract_putevoy_list.py took 0.043 seconds
[2026-08-06T10:50:29.563+0000] {processor.py:186} INFO - Started process (PID=5743) to work on /opt/airflow/dags/dag_extract_putevoy_list.py
[2026-08-06T10:50:29.563+0000] {processor.py:914} INFO - Processing file /opt/airflow/dags/dag_extract_putevoy_list.py for tasks to queue
[2026-08-06T10:50:29.565+0000] {logging_mixin.py:190} INFO - [2026-08-06T10:50:29.565+0000] {dagbag.py:588} INFO - Filling up the DagBag from /opt/airflow/dags/dag_extract_putevoy_list.py
[2026-08-06T10:50:29.574+0000] {processor.py:925} INFO - DAG(s) 'dag_extract_putevoy_list' retrieved from /opt/airflow/dags/dag_extract_putevoy_list.py
[2026-08-06T10:50:29.588+0000] {logging_mixin.py:190} INFO - [2026-08-06T10:50:29.587+0000] {dag.py:3239} INFO - Sync 1 DAGs
[2026-08-06T10:50:29.599+0000] {logging_mixin.py:190} INFO - [2026-08-06T10:50:29.599+0000] {dag.py:4180} INFO - Setting next_dagrun for dag_extract_putevoy_list to 2026-08-06 02:00:00+00:00, run_after=2026-08-07 02:00:00+00:00
[2026-08-06T10:50:29.607+0000] {processor.py:208} INFO - Processing /opt/airflow/dags/dag_extract_putevoy_list.py took 0.047 seconds
[2026-08-06T12:06:24.040+0000] {processor.py:186} INFO - Started process (PID=5772) to work on /opt/airflow/dags/dag_extract_putevoy_list.py
[2026-08-06T12:06:24.041+0000] {processor.py:914} INFO - Processing file /opt/airflow/dags/dag_extract_putevoy_list.py for tasks to queue
[2026-08-06T12:06:24.041+0000] {logging_mixin.py:190} INFO - [2026-08-06T12:06:24.041+0000] {dagbag.py:588} INFO - Filling up the DagBag from /opt/airflow/dags/dag_extract_putevoy_list.py
[2026-08-06T12:06:24.048+0000] {processor.py:925} INFO - DAG(s) 'dag_extract_putevoy_list' retrieved from /opt/airflow/dags/dag_extract_putevoy_list.py
[2026-08-06T12:06:24.061+0000] {logging_mixin.py:190} INFO - [2026-08-06T12:06:24.061+0000] {dag.py:3239} INFO - Sync 1 DAGs
[2026-08-06T12:06:24.071+0000] {logging_mixin.py:190} INFO - [2026-08-06T12:06:24.071+0000] {dag.py:4180} INFO - Setting next_dagrun for dag_extract_putevoy_list to 2026-08-06 02:00:00+00:00, run_after=2026-08-07 02:00:00+00:00
[2026-08-06T12:06:24.077+0000] {processor.py:208} INFO - Processing /opt/airflow/dags/dag_extract_putevoy_list.py took 0.041 seconds
[2026-08-06T12:39:04.001+0000] {processor.py:186} INFO - Started process (PID=5793) to work on /opt/airflow/dags/dag_extract_putevoy_list.py
[2026-08-06T12:39:04.002+0000] {processor.py:914} INFO - Processing file /opt/airflow/dags/dag_extract_putevoy_list.py for tasks to queue
[2026-08-06T12:39:04.005+0000] {logging_mixin.py:190} INFO - [2026-08-06T12:39:04.004+0000] {dagbag.py:588} INFO - Filling up the DagBag from /opt/airflow/dags/dag_extract_putevoy_list.py
[2026-08-06T12:39:04.015+0000] {processor.py:925} INFO - DAG(s) 'dag_extract_putevoy_list' retrieved from /opt/airflow/dags/dag_extract_putevoy_list.py
[2026-08-06T12:39:04.032+0000] {logging_mixin.py:190} INFO - [2026-08-06T12:39:04.032+0000] {dag.py:3239} INFO - Sync 1 DAGs
[2026-08-06T12:39:04.043+0000] {logging_mixin.py:190} INFO - [2026-08-06T12:39:04.043+0000] {dag.py:4180} INFO - Setting next_dagrun for dag_extract_putevoy_list to 2026-08-06 02:00:00+00:00, run_after=2026-08-07 02:00:00+00:00
[2026-08-06T12:39:04.053+0000] {processor.py:208} INFO - Processing /opt/airflow/dags/dag_extract_putevoy_list.py took 0.055 seconds
[2026-08-06T13:10:58.943+0000] {processor.py:186} INFO - Started process (PID=5818) to work on /opt/airflow/dags/dag_extract_putevoy_list.py
[2026-08-06T13:10:58.943+0000] {processor.py:914} INFO - Processing file /opt/airflow/dags/dag_extract_putevoy_list.py for tasks to queue
[2026-08-06T13:10:58.944+0000] {logging_mixin.py:190} INFO - [2026-08-06T13:10:58.944+0000] {dagbag.py:588} INFO - Filling up the DagBag from /opt/airflow/dags/dag_extract_putevoy_list.py
[2026-08-06T13:10:58.950+0000] {processor.py:925} INFO - DAG(s) 'dag_extract_putevoy_list' retrieved from /opt/airflow/dags/dag_extract_putevoy_list.py
[2026-08-06T13:10:58.962+0000] {logging_mixin.py:190} INFO - [2026-08-06T13:10:58.962+0000] {dag.py:3239} INFO - Sync 1 DAGs
[2026-08-06T13:10:58.971+0000] {logging_mixin.py:190} INFO - [2026-08-06T13:10:58.971+0000] {dag.py:4180} INFO - Setting next_dagrun for dag_extract_putevoy_list to 2026-08-06 02:00:00+00:00, run_after=2026-08-07 02:00:00+00:00
[2026-08-06T13:10:58.978+0000] {processor.py:208} INFO - Processing /opt/airflow/dags/dag_extract_putevoy_list.py took 0.038 seconds
[2026-08-06T13:56:24.883+0000] {processor.py:186} INFO - Started process (PID=5843) to work on /opt/airflow/dags/dag_extract_putevoy_list.py
[2026-08-06T13:56:24.884+0000] {processor.py:914} INFO - Processing file /opt/airflow/dags/dag_extract_putevoy_list.py for tasks to queue
[2026-08-06T13:56:24.885+0000] {logging_mixin.py:190} INFO - [2026-08-06T13:56:24.885+0000] {dagbag.py:588} INFO - Filling up the DagBag from /opt/airflow/dags/dag_extract_putevoy_list.py
[2026-08-06T13:56:24.893+0000] {processor.py:925} INFO - DAG(s) 'dag_extract_putevoy_list' retrieved from /opt/airflow/dags/dag_extract_putevoy_list.py
[2026-08-06T13:56:24.908+0000] {logging_mixin.py:190} INFO - [2026-08-06T13:56:24.907+0000] {dag.py:3239} INFO - Sync 1 DAGs
[2026-08-06T13:56:24.917+0000] {logging_mixin.py:190} INFO - [2026-08-06T13:56:24.916+0000] {dag.py:4180} INFO - Setting next_dagrun for dag_extract_putevoy_list to 2026-08-06 02:00:00+00:00, run_after=2026-08-07 02:00:00+00:00
[2026-08-06T13:56:24.924+0000] {processor.py:208} INFO - Processing /opt/airflow/dags/dag_extract_putevoy_list.py took 0.045 seconds
[2026-08-06T14:40:21.821+0000] {processor.py:186} INFO - Started process (PID=5869) to work on /opt/airflow/dags/dag_extract_putevoy_list.py
[2026-08-06T14:40:21.821+0000] {processor.py:914} INFO - Processing file /opt/airflow/dags/dag_extract_putevoy_list.py for tasks to queue
[2026-08-06T14:40:21.822+0000] {logging_mixin.py:190} INFO - [2026-08-06T14:40:21.822+0000] {dagbag.py:588} INFO - Filling up the DagBag from /opt/airflow/dags/dag_extract_putevoy_list.py
[2026-08-06T14:40:21.829+0000] {processor.py:925} INFO - DAG(s) 'dag_extract_putevoy_list' retrieved from /opt/airflow/dags/dag_extract_putevoy_list.py
[2026-08-06T14:40:21.840+0000] {logging_mixin.py:190} INFO - [2026-08-06T14:40:21.840+0000] {dag.py:3239} INFO - Sync 1 DAGs
[2026-08-06T14:40:21.849+0000] {logging_mixin.py:190} INFO - [2026-08-06T14:40:21.848+0000] {dag.py:4180} INFO - Setting next_dagrun for dag_extract_putevoy_list to 2026-08-06 02:00:00+00:00, run_after=2026-08-07 02:00:00+00:00
[2026-08-06T14:40:21.857+0000] {processor.py:208} INFO - Processing /opt/airflow/dags/dag_extract_putevoy_list.py took 0.038 seconds
[2026-08-06T15:13:08.688+0000] {processor.py:186} INFO - Started process (PID=5892) to work on /opt/airflow/dags/dag_extract_putevoy_list.py
[2026-08-06T15:13:08.689+0000] {processor.py:914} INFO - Processing file /opt/airflow/dags/dag_extract_putevoy_list.py for tasks to queue
[2026-08-06T15:13:08.690+0000] {logging_mixin.py:190} INFO - [2026-08-06T15:13:08.689+0000] {dagbag.py:588} INFO - Filling up the DagBag from /opt/airflow/dags/dag_extract_putevoy_list.py
[2026-08-06T15:13:08.697+0000] {processor.py:925} INFO - DAG(s) 'dag_extract_putevoy_list' retrieved from /opt/airflow/dags/dag_extract_putevoy_list.py
[2026-08-06T15:13:08.710+0000] {logging_mixin.py:190} INFO - [2026-08-06T15:13:08.710+0000] {dag.py:3239} INFO - Sync 1 DAGs
[2026-08-06T15:13:08.720+0000] {logging_mixin.py:190} INFO - [2026-08-06T15:13:08.720+0000] {dag.py:4180} INFO - Setting next_dagrun for dag_extract_putevoy_list to 2026-08-06 02:00:00+00:00, run_after=2026-08-07 02:00:00+00:00
[2026-08-06T15:13:08.726+0000] {processor.py:208} INFO - Processing /opt/airflow/dags/dag_extract_putevoy_list.py took 0.042 seconds
[2026-08-06T15:42:09.887+0000] {processor.py:186} INFO - Started process (PID=5920) to work on /opt/airflow/dags/dag_extract_putevoy_list.py
[2026-08-06T15:42:09.888+0000] {processor.py:914} INFO - Processing file /opt/airflow/dags/dag_extract_putevoy_list.py for tasks to queue
[2026-08-06T15:42:09.889+0000] {logging_mixin.py:190} INFO - [2026-08-06T15:42:09.889+0000] {dagbag.py:588} INFO - Filling up the DagBag from /opt/airflow/dags/dag_extract_putevoy_list.py
[2026-08-06T15:42:09.897+0000] {processor.py:925} INFO - DAG(s) 'dag_extract_putevoy_list' retrieved from /opt/airflow/dags/dag_extract_putevoy_list.py
[2026-08-06T15:42:09.908+0000] {logging_mixin.py:190} INFO - [2026-08-06T15:42:09.908+0000] {dag.py:3239} INFO - Sync 1 DAGs
[2026-08-06T15:42:09.916+0000] {logging_mixin.py:190} INFO - [2026-08-06T15:42:09.916+0000] {dag.py:4180} INFO - Setting next_dagrun for dag_extract_putevoy_list to 2026-08-06 02:00:00+00:00, run_after=2026-08-07 02:00:00+00:00
[2026-08-06T15:42:09.925+0000] {processor.py:208} INFO - Processing /opt/airflow/dags/dag_extract_putevoy_list.py took 0.041 seconds
[2026-08-06T16:25:28.650+0000] {processor.py:186} INFO - Started process (PID=5943) to work on /opt/airflow/dags/dag_extract_putevoy_list.py
[2026-08-06T16:25:28.650+0000] {processor.py:914} INFO - Processing file /opt/airflow/dags/dag_extract_putevoy_list.py for tasks to queue
[2026-08-06T16:25:28.652+0000] {logging_mixin.py:190} INFO - [2026-08-06T16:25:28.652+0000] {dagbag.py:588} INFO - Filling up the DagBag from /opt/airflow/dags/dag_extract_putevoy_list.py
[2026-08-06T16:25:28.662+0000] {processor.py:925} INFO - DAG(s) 'dag_extract_putevoy_list' retrieved from /opt/airflow/dags/dag_extract_putevoy_list.py
[2026-08-06T16:25:28.677+0000] {logging_mixin.py:190} INFO - [2026-08-06T16:25:28.677+0000] {dag.py:3239} INFO - Sync 1 DAGs
[2026-08-06T16:25:28.688+0000] {logging_mixin.py:190} INFO - [2026-08-06T16:25:28.688+0000] {dag.py:4180} INFO - Setting next_dagrun for dag_extract_putevoy_list to 2026-08-06 02:00:00+00:00, run_after=2026-08-07 02:00:00+00:00
[2026-08-06T16:25:28.697+0000] {processor.py:208} INFO - Processing /opt/airflow/dags/dag_extract_putevoy_list.py took 0.051 seconds
[2026-08-06T16:58:02.043+0000] {processor.py:186} INFO - Started process (PID=5966) to work on /opt/airflow/dags/dag_extract_putevoy_list.py
[2026-08-06T16:58:02.044+0000] {processor.py:914} INFO - Processing file /opt/airflow/dags/dag_extract_putevoy_list.py for tasks to queue
[2026-08-06T16:58:02.044+0000] {logging_mixin.py:190} INFO - [2026-08-06T16:58:02.044+0000] {dagbag.py:588} INFO - Filling up the DagBag from /opt/airflow/dags/dag_extract_putevoy_list.py
[2026-08-06T16:58:02.049+0000] {processor.py:925} INFO - DAG(s) 'dag_extract_putevoy_list' retrieved from /opt/airflow/dags/dag_extract_putevoy_list.py
[2026-08-06T16:58:02.059+0000] {logging_mixin.py:190} INFO - [2026-08-06T16:58:02.059+0000] {dag.py:3239} INFO - Sync 1 DAGs
[2026-08-06T16:58:02.067+0000] {logging_mixin.py:190} INFO - [2026-08-06T16:58:02.067+0000] {dag.py:4180} INFO - Setting next_dagrun for dag_extract_putevoy_list to 2026-08-06 02:00:00+00:00, run_after=2026-08-07 02:00:00+00:00
[2026-08-06T16:58:02.072+0000] {processor.py:208} INFO - Processing /opt/airflow/dags/dag_extract_putevoy_list.py took 0.031 seconds
[2026-08-06T17:26:30.054+0000] {processor.py:186} INFO - Started process (PID=5989) to work on /opt/airflow/dags/dag_extract_putevoy_list.py
[2026-08-06T17:26:30.055+0000] {processor.py:914} INFO - Processing file /opt/airflow/dags/dag_extract_putevoy_list.py for tasks to queue
[2026-08-06T17:26:30.057+0000] {logging_mixin.py:190} INFO - [2026-08-06T17:26:30.057+0000] {dagbag.py:588} INFO - Filling up the DagBag from /opt/airflow/dags/dag_extract_putevoy_list.py
[2026-08-06T17:26:30.066+0000] {processor.py:925} INFO - DAG(s) 'dag_extract_putevoy_list' retrieved from /opt/airflow/dags/dag_extract_putevoy_list.py
[2026-08-06T17:26:30.081+0000] {logging_mixin.py:190} INFO - [2026-08-06T17:26:30.081+0000] {dag.py:3239} INFO - Sync 1 DAGs
[2026-08-06T17:26:30.090+0000] {logging_mixin.py:190} INFO - [2026-08-06T17:26:30.090+0000] {dag.py:4180} INFO - Setting next_dagrun for dag_extract_putevoy_list to 2026-08-06 02:00:00+00:00, run_after=2026-08-07 02:00:00+00:00
[2026-08-06T17:26:30.098+0000] {processor.py:208} INFO - Processing /opt/airflow/dags/dag_extract_putevoy_list.py took 0.047 seconds
[2026-08-06T17:59:13.744+0000] {processor.py:186} INFO - Started process (PID=6009) to work on /opt/airflow/dags/dag_extract_putevoy_list.py
[2026-08-06T17:59:13.745+0000] {processor.py:914} INFO - Processing file /opt/airflow/dags/dag_extract_putevoy_list.py for tasks to queue
[2026-08-06T17:59:13.746+0000] {logging_mixin.py:190} INFO - [2026-08-06T17:59:13.746+0000] {dagbag.py:588} INFO - Filling up the DagBag from /opt/airflow/dags/dag_extract_putevoy_list.py
[2026-08-06T17:59:13.754+0000] {processor.py:925} INFO - DAG(s) 'dag_extract_putevoy_list' retrieved from /opt/airflow/dags/dag_extract_putevoy_list.py
[2026-08-06T17:59:13.769+0000] {logging_mixin.py:190} INFO - [2026-08-06T17:59:13.769+0000] {dag.py:3239} INFO - Sync 1 DAGs
[2026-08-06T17:59:13.778+0000] {logging_mixin.py:190} INFO - [2026-08-06T17:59:13.778+0000] {dag.py:4180} INFO - Setting next_dagrun for dag_extract_putevoy_list to 2026-08-06 02:00:00+00:00, run_after=2026-08-07 02:00:00+00:00
[2026-08-06T17:59:13.786+0000] {processor.py:208} INFO - Processing /opt/airflow/dags/dag_extract_putevoy_list.py took 0.045 seconds
[2026-08-06T18:27:31.561+0000] {processor.py:186} INFO - Started process (PID=6035) to work on /opt/airflow/dags/dag_extract_putevoy_list.py
[2026-08-06T18:27:31.562+0000] {processor.py:914} INFO - Processing file /opt/airflow/dags/dag_extract_putevoy_list.py for tasks to queue
[2026-08-06T18:27:31.563+0000] {logging_mixin.py:190} INFO - [2026-08-06T18:27:31.563+0000] {dagbag.py:588} INFO - Filling up the DagBag from /opt/airflow/dags/dag_extract_putevoy_list.py
[2026-08-06T18:27:31.569+0000] {processor.py:925} INFO - DAG(s) 'dag_extract_putevoy_list' retrieved from /opt/airflow/dags/dag_extract_putevoy_list.py
[2026-08-06T18:27:31.582+0000] {logging_mixin.py:190} INFO - [2026-08-06T18:27:31.582+0000] {dag.py:3239} INFO - Sync 1 DAGs
[2026-08-06T18:27:31.596+0000] {logging_mixin.py:190} INFO - [2026-08-06T18:27:31.596+0000] {dag.py:4180} INFO - Setting next_dagrun for dag_extract_putevoy_list to 2026-08-06 02:00:00+00:00, run_after=2026-08-07 02:00:00+00:00
[2026-08-06T18:27:31.604+0000] {processor.py:208} INFO - Processing /opt/airflow/dags/dag_extract_putevoy_list.py took 0.047 seconds
[2026-08-06T19:00:54.062+0000] {processor.py:186} INFO - Started process (PID=6055) to work on /opt/airflow/dags/dag_extract_putevoy_list.py
[2026-08-06T19:00:54.063+0000] {processor.py:914} INFO - Processing file /opt/airflow/dags/dag_extract_putevoy_list.py for tasks to queue
[2026-08-06T19:00:54.064+0000] {logging_mixin.py:190} INFO - [2026-08-06T19:00:54.064+0000] {dagbag.py:588} INFO - Filling up the DagBag from /opt/airflow/dags/dag_extract_putevoy_list.py
[2026-08-06T19:00:54.074+0000] {processor.py:925} INFO - DAG(s) 'dag_extract_putevoy_list' retrieved from /opt/airflow/dags/dag_extract_putevoy_list.py
[2026-08-06T19:00:54.090+0000] {logging_mixin.py:190} INFO - [2026-08-06T19:00:54.090+0000] {dag.py:3239} INFO - Sync 1 DAGs
[2026-08-06T19:00:54.100+0000] {logging_mixin.py:190} INFO - [2026-08-06T19:00:54.100+0000] {dag.py:4180} INFO - Setting next_dagrun for dag_extract_putevoy_list to 2026-08-06 02:00:00+00:00, run_after=2026-08-07 02:00:00+00:00
[2026-08-06T19:00:54.110+0000] {processor.py:208} INFO - Processing /opt/airflow/dags/dag_extract_putevoy_list.py took 0.052 seconds
[2026-08-06T19:44:26.043+0000] {processor.py:186} INFO - Started process (PID=6075) to work on /opt/airflow/dags/dag_extract_putevoy_list.py
[2026-08-06T19:44:26.045+0000] {processor.py:914} INFO - Processing file /opt/airflow/dags/dag_extract_putevoy_list.py for tasks to queue
[2026-08-06T19:44:26.046+0000] {logging_mixin.py:190} INFO - [2026-08-06T19:44:26.045+0000] {dagbag.py:588} INFO - Filling up the DagBag from /opt/airflow/dags/dag_extract_putevoy_list.py
[2026-08-06T19:44:26.056+0000] {processor.py:925} INFO - DAG(s) 'dag_extract_putevoy_list' retrieved from /opt/airflow/dags/dag_extract_putevoy_list.py
[2026-08-06T19:44:26.072+0000] {logging_mixin.py:190} INFO - [2026-08-06T19:44:26.071+0000] {dag.py:3239} INFO - Sync 1 DAGs
[2026-08-06T19:44:26.083+0000] {logging_mixin.py:190} INFO - [2026-08-06T19:44:26.083+0000] {dag.py:4180} INFO - Setting next_dagrun for dag_extract_putevoy_list to 2026-08-06 02:00:00+00:00, run_after=2026-08-07 02:00:00+00:00
[2026-08-06T19:44:26.093+0000] {processor.py:208} INFO - Processing /opt/airflow/dags/dag_extract_putevoy_list.py took 0.053 seconds
[2026-08-06T19:59:54.096+0000] {processor.py:186} INFO - Started process (PID=6098) to work on /opt/airflow/dags/dag_extract_putevoy_list.py
[2026-08-06T19:59:54.097+0000] {processor.py:914} INFO - Processing file /opt/airflow/dags/dag_extract_putevoy_list.py for tasks to queue
[2026-08-06T19:59:54.098+0000] {logging_mixin.py:190} INFO - [2026-08-06T19:59:54.098+0000] {dagbag.py:588} INFO - Filling up the DagBag from /opt/airflow/dags/dag_extract_putevoy_list.py
[2026-08-06T19:59:54.107+0000] {processor.py:925} INFO - DAG(s) 'dag_extract_putevoy_list' retrieved from /opt/airflow/dags/dag_extract_putevoy_list.py
[2026-08-06T19:59:54.124+0000] {logging_mixin.py:190} INFO - [2026-08-06T19:59:54.124+0000] {dag.py:3239} INFO - Sync 1 DAGs
[2026-08-06T19:59:54.134+0000] {logging_mixin.py:190} INFO - [2026-08-06T19:59:54.134+0000] {dag.py:4180} INFO - Setting next_dagrun for dag_extract_putevoy_list to 2026-08-06 02:00:00+00:00, run_after=2026-08-07 02:00:00+00:00
[2026-08-06T19:59:54.142+0000] {processor.py:208} INFO - Processing /opt/airflow/dags/dag_extract_putevoy_list.py took 0.050 seconds
[2026-08-06T20:33:11.774+0000] {processor.py:186} INFO - Started process (PID=6121) to work on /opt/airflow/dags/dag_extract_putevoy_list.py
[2026-08-06T20:33:11.774+0000] {processor.py:914} INFO - Processing file /opt/airflow/dags/dag_extract_putevoy_list.py for tasks to queue
[2026-08-06T20:33:11.775+0000] {logging_mixin.py:190} INFO - [2026-08-06T20:33:11.775+0000] {dagbag.py:588} INFO - Filling up the DagBag from /opt/airflow/dags/dag_extract_putevoy_list.py
[2026-08-06T20:33:11.781+0000] {processor.py:925} INFO - DAG(s) 'dag_extract_putevoy_list' retrieved from /opt/airflow/dags/dag_extract_putevoy_list.py
[2026-08-06T20:33:11.793+0000] {logging_mixin.py:190} INFO - [2026-08-06T20:33:11.793+0000] {dag.py:3239} INFO - Sync 1 DAGs
[2026-08-06T20:33:11.802+0000] {logging_mixin.py:190} INFO - [2026-08-06T20:33:11.802+0000] {dag.py:4180} INFO - Setting next_dagrun for dag_extract_putevoy_list to 2026-08-06 02:00:00+00:00, run_after=2026-08-07 02:00:00+00:00
[2026-08-06T20:33:11.809+0000] {processor.py:208} INFO - Processing /opt/airflow/dags/dag_extract_putevoy_list.py took 0.038 seconds
[2026-08-06T20:50:20.810+0000] {processor.py:186} INFO - Started process (PID=6144) to work on /opt/airflow/dags/dag_extract_putevoy_list.py
[2026-08-06T20:50:20.811+0000] {processor.py:914} INFO - Processing file /opt/airflow/dags/dag_extract_putevoy_list.py for tasks to queue
[2026-08-06T20:50:20.812+0000] {logging_mixin.py:190} INFO - [2026-08-06T20:50:20.812+0000] {dagbag.py:588} INFO - Filling up the DagBag from /opt/airflow/dags/dag_extract_putevoy_list.py
[2026-08-06T20:50:20.820+0000] {processor.py:925} INFO - DAG(s) 'dag_extract_putevoy_list' retrieved from /opt/airflow/dags/dag_extract_putevoy_list.py
[2026-08-06T20:50:20.836+0000] {logging_mixin.py:190} INFO - [2026-08-06T20:50:20.836+0000] {dag.py:3239} INFO - Sync 1 DAGs
[2026-08-06T20:50:20.846+0000] {logging_mixin.py:190} INFO - [2026-08-06T20:50:20.845+0000] {dag.py:4180} INFO - Setting next_dagrun for dag_extract_putevoy_list to 2026-08-06 02:00:00+00:00, run_after=2026-08-07 02:00:00+00:00
[2026-08-06T20:50:20.854+0000] {processor.py:208} INFO - Processing /opt/airflow/dags/dag_extract_putevoy_list.py took 0.047 seconds
[2026-08-06T21:06:18.398+0000] {processor.py:186} INFO - Started process (PID=6170) to work on /opt/airflow/dags/dag_extract_putevoy_list.py
[2026-08-06T21:06:18.400+0000] {processor.py:914} INFO - Processing file /opt/airflow/dags/dag_extract_putevoy_list.py for tasks to queue
[2026-08-06T21:06:18.401+0000] {logging_mixin.py:190} INFO - [2026-08-06T21:06:18.401+0000] {dagbag.py:588} INFO - Filling up the DagBag from /opt/airflow/dags/dag_extract_putevoy_list.py
[2026-08-06T21:06:18.413+0000] {processor.py:925} INFO - DAG(s) 'dag_extract_putevoy_list' retrieved from /opt/airflow/dags/dag_extract_putevoy_list.py
[2026-08-06T21:06:18.432+0000] {logging_mixin.py:190} INFO - [2026-08-06T21:06:18.432+0000] {dag.py:3239} INFO - Sync 1 DAGs
[2026-08-06T21:06:18.449+0000] {logging_mixin.py:190} INFO - [2026-08-06T21:06:18.448+0000] {dag.py:4180} INFO - Setting next_dagrun for dag_extract_putevoy_list to 2026-08-06 02:00:00+00:00, run_after=2026-08-07 02:00:00+00:00
[2026-08-06T21:06:18.459+0000] {processor.py:208} INFO - Processing /opt/airflow/dags/dag_extract_putevoy_list.py took 0.067 seconds
[2026-08-06T21:54:41.424+0000] {processor.py:186} INFO - Started process (PID=6190) to work on /opt/airflow/dags/dag_extract_putevoy_list.py
[2026-08-06T21:54:41.425+0000] {processor.py:914} INFO - Processing file /opt/airflow/dags/dag_extract_putevoy_list.py for tasks to queue
[2026-08-06T21:54:41.426+0000] {logging_mixin.py:190} INFO - [2026-08-06T21:54:41.426+0000] {dagbag.py:588} INFO - Filling up the DagBag from /opt/airflow/dags/dag_extract_putevoy_list.py
[2026-08-06T21:54:41.436+0000] {processor.py:925} INFO - DAG(s) 'dag_extract_putevoy_list' retrieved from /opt/airflow/dags/dag_extract_putevoy_list.py
[2026-08-06T21:54:41.449+0000] {logging_mixin.py:190} INFO - [2026-08-06T21:54:41.449+0000] {dag.py:3239} INFO - Sync 1 DAGs
[2026-08-06T21:54:41.458+0000] {logging_mixin.py:190} INFO - [2026-08-06T21:54:41.458+0000] {dag.py:4180} INFO - Setting next_dagrun for dag_extract_putevoy_list to 2026-08-06 02:00:00+00:00, run_after=2026-08-07 02:00:00+00:00
[2026-08-06T21:54:41.466+0000] {processor.py:208} INFO - Processing /opt/airflow/dags/dag_extract_putevoy_list.py took 0.045 seconds
[2026-08-06T22:29:44.082+0000] {processor.py:186} INFO - Started process (PID=6213) to work on /opt/airflow/dags/dag_extract_putevoy_list.py
[2026-08-06T22:29:44.084+0000] {processor.py:914} INFO - Processing file /opt/airflow/dags/dag_extract_putevoy_list.py for tasks to queue
[2026-08-06T22:29:44.085+0000] {logging_mixin.py:190} INFO - [2026-08-06T22:29:44.085+0000] {dagbag.py:588} INFO - Filling up the DagBag from /opt/airflow/dags/dag_extract_putevoy_list.py
[2026-08-06T22:29:44.095+0000] {processor.py:925} INFO - DAG(s) 'dag_extract_putevoy_list' retrieved from /opt/airflow/dags/dag_extract_putevoy_list.py
[2026-08-06T22:29:44.107+0000] {logging_mixin.py:190} INFO - [2026-08-06T22:29:44.107+0000] {dag.py:3239} INFO - Sync 1 DAGs
[2026-08-06T22:29:44.118+0000] {logging_mixin.py:190} INFO - [2026-08-06T22:29:44.118+0000] {dag.py:4180} INFO - Setting next_dagrun for dag_extract_putevoy_list to 2026-08-06 02:00:00+00:00, run_after=2026-08-07 02:00:00+00:00
[2026-08-06T22:29:44.126+0000] {processor.py:208} INFO - Processing /opt/airflow/dags/dag_extract_putevoy_list.py took 0.048 seconds
[2026-08-06T23:18:37.682+0000] {processor.py:186} INFO - Started process (PID=6236) to work on /opt/airflow/dags/dag_extract_putevoy_list.py
[2026-08-06T23:18:37.683+0000] {processor.py:914} INFO - Processing file /opt/airflow/dags/dag_extract_putevoy_list.py for tasks to queue
[2026-08-06T23:18:37.684+0000] {logging_mixin.py:190} INFO - [2026-08-06T23:18:37.683+0000] {dagbag.py:588} INFO - Filling up the DagBag from /opt/airflow/dags/dag_extract_putevoy_list.py
[2026-08-06T23:18:37.691+0000] {processor.py:925} INFO - DAG(s) 'dag_extract_putevoy_list' retrieved from /opt/airflow/dags/dag_extract_putevoy_list.py
[2026-08-06T23:18:37.708+0000] {logging_mixin.py:190} INFO - [2026-08-06T23:18:37.708+0000] {dag.py:3239} INFO - Sync 1 DAGs
[2026-08-06T23:18:37.722+0000] {logging_mixin.py:190} INFO - [2026-08-06T23:18:37.722+0000] {dag.py:4180} INFO - Setting next_dagrun for dag_extract_putevoy_list to 2026-08-06 02:00:00+00:00, run_after=2026-08-07 02:00:00+00:00
[2026-08-06T23:18:37.729+0000] {processor.py:208} INFO - Processing /opt/airflow/dags/dag_extract_putevoy_list.py took 0.049 seconds
[2026-08-06T23:37:30.632+0000] {processor.py:186} INFO - Started process (PID=6256) to work on /opt/airflow/dags/dag_extract_putevoy_list.py
[2026-08-06T23:37:30.632+0000] {processor.py:914} INFO - Processing file /opt/airflow/dags/dag_extract_putevoy_list.py for tasks to queue
[2026-08-06T23:37:30.633+0000] {logging_mixin.py:190} INFO - [2026-08-06T23:37:30.633+0000] {dagbag.py:588} INFO - Filling up the DagBag from /opt/airflow/dags/dag_extract_putevoy_list.py
[2026-08-06T23:37:30.642+0000] {processor.py:925} INFO - DAG(s) 'dag_extract_putevoy_list' retrieved from /opt/airflow/dags/dag_extract_putevoy_list.py
[2026-08-06T23:37:30.656+0000] {logging_mixin.py:190} INFO - [2026-08-06T23:37:30.656+0000] {dag.py:3239} INFO - Sync 1 DAGs
[2026-08-06T23:37:30.666+0000] {logging_mixin.py:190} INFO - [2026-08-06T23:37:30.666+0000] {dag.py:4180} INFO - Setting next_dagrun for dag_extract_putevoy_list to 2026-08-06 02:00:00+00:00, run_after=2026-08-07 02:00:00+00:00
[2026-08-06T23:37:30.673+0000] {processor.py:208} INFO - Processing /opt/airflow/dags/dag_extract_putevoy_list.py took 0.045 seconds
[2026-08-06T23:53:00.310+0000] {processor.py:186} INFO - Started process (PID=6279) to work on /opt/airflow/dags/dag_extract_putevoy_list.py
[2026-08-06T23:53:00.311+0000] {processor.py:914} INFO - Processing file /opt/airflow/dags/dag_extract_putevoy_list.py for tasks to queue
[2026-08-06T23:53:00.311+0000] {logging_mixin.py:190} INFO - [2026-08-06T23:53:00.311+0000] {dagbag.py:588} INFO - Filling up the DagBag from /opt/airflow/dags/dag_extract_putevoy_list.py
[2026-08-06T23:53:00.318+0000] {processor.py:925} INFO - DAG(s) 'dag_extract_putevoy_list' retrieved from /opt/airflow/dags/dag_extract_putevoy_list.py
[2026-08-06T23:53:00.329+0000] {logging_mixin.py:190} INFO - [2026-08-06T23:53:00.328+0000] {dag.py:3239} INFO - Sync 1 DAGs
[2026-08-06T23:53:00.336+0000] {logging_mixin.py:190} INFO - [2026-08-06T23:53:00.336+0000] {dag.py:4180} INFO - Setting next_dagrun for dag_extract_putevoy_list to 2026-08-06 02:00:00+00:00, run_after=2026-08-07 02:00:00+00:00
[2026-08-06T23:53:00.342+0000] {processor.py:208} INFO - Processing /opt/airflow/dags/dag_extract_putevoy_list.py took 0.034 seconds
