[2026-08-06T00:39:40.006+0000] {processor.py:186} INFO - Started process (PID=5294) to work on /opt/airflow/dags/dag_extract_catalogs.py
[2026-08-06T00:39:40.006+0000] {processor.py:914} INFO - Processing file /opt/airflow/dags/dag_extract_catalogs.py for tasks to queue
[2026-08-06T00:39:40.007+0000] {logging_mixin.py:190} INFO - [2026-08-06T00:39:40.006+0000] {dagbag.py:588} INFO - Filling up the DagBag from /opt/airflow/dags/dag_extract_catalogs.py
[2026-08-06T00:39:40.012+0000] {processor.py:925} INFO - DAG(s) 'dag_extract_catalogs' retrieved from /opt/airflow/dags/dag_extract_catalogs.py
[2026-08-06T00:39:40.022+0000] {logging_mixin.py:190} INFO - [2026-08-06T00:39:40.022+0000] {dag.py:3239} INFO - Sync 1 DAGs
[2026-08-06T00:39:40.030+0000] {logging_mixin.py:190} INFO - [2026-08-06T00:39:40.030+0000] {dag.py:4180} INFO - Setting next_dagrun for dag_extract_catalogs to 2026-08-05 01:00:00+00:00, run_after=2026-08-06 01:00:00+00:00
[2026-08-06T00:39:40.035+0000] {processor.py:208} INFO - Processing /opt/airflow/dags/dag_extract_catalogs.py took 0.032 seconds
[2026-08-06T01:45:53.343+0000] {processor.py:186} INFO - Started process (PID=5312) to work on /opt/airflow/dags/dag_extract_catalogs.py
[2026-08-06T01:45:53.343+0000] {processor.py:914} INFO - Processing file /opt/airflow/dags/dag_extract_catalogs.py for tasks to queue
[2026-08-06T01:45:53.343+0000] {logging_mixin.py:190} INFO - [2026-08-06T01:45:53.343+0000] {dagbag.py:588} INFO - Filling up the DagBag from /opt/airflow/dags/dag_extract_catalogs.py
[2026-08-06T01:45:53.348+0000] {processor.py:925} INFO - DAG(s) 'dag_extract_catalogs' retrieved from /opt/airflow/dags/dag_extract_catalogs.py
[2026-08-06T01:45:53.359+0000] {logging_mixin.py:190} INFO - [2026-08-06T01:45:53.359+0000] {dag.py:3239} INFO - Sync 1 DAGs
[2026-08-06T01:45:53.366+0000] {logging_mixin.py:190} INFO - [2026-08-06T01:45:53.366+0000] {dag.py:4180} INFO - Setting next_dagrun for dag_extract_catalogs to 2026-08-05 01:00:00+00:00, run_after=2026-08-06 01:00:00+00:00
[2026-08-06T01:45:53.372+0000] {processor.py:208} INFO - Processing /opt/airflow/dags/dag_extract_catalogs.py took 0.032 seconds
[2026-08-06T03:05:22.613+0000] {processor.py:186} INFO - Started process (PID=5355) to work on /opt/airflow/dags/dag_extract_catalogs.py
[2026-08-06T03:05:22.614+0000] {processor.py:914} INFO - Processing file /opt/airflow/dags/dag_extract_catalogs.py for tasks to queue
[2026-08-06T03:05:22.614+0000] {logging_mixin.py:190} INFO - [2026-08-06T03:05:22.614+0000] {dagbag.py:588} INFO - Filling up the DagBag from /opt/airflow/dags/dag_extract_catalogs.py
[2026-08-06T03:05:22.620+0000] {processor.py:925} INFO - DAG(s) 'dag_extract_catalogs' retrieved from /opt/airflow/dags/dag_extract_catalogs.py
[2026-08-06T03:05:22.630+0000] {logging_mixin.py:190} INFO - [2026-08-06T03:05:22.630+0000] {dag.py:3239} INFO - Sync 1 DAGs
[2026-08-06T03:05:22.642+0000] {processor.py:208} INFO - Processing /opt/airflow/dags/dag_extract_catalogs.py took 0.031 seconds
[2026-08-06T03:39:32.058+0000] {processor.py:186} INFO - Started process (PID=5394) to work on /opt/airflow/dags/dag_extract_catalogs.py
[2026-08-06T03:39:32.059+0000] {processor.py:914} INFO - Processing file /opt/airflow/dags/dag_extract_catalogs.py for tasks to queue
[2026-08-06T03:39:32.060+0000] {logging_mixin.py:190} INFO - [2026-08-06T03:39:32.060+0000] {dagbag.py:588} INFO - Filling up the DagBag from /opt/airflow/dags/dag_extract_catalogs.py
[2026-08-06T03:39:32.076+0000] {processor.py:925} INFO - DAG(s) 'dag_extract_catalogs' retrieved from /opt/airflow/dags/dag_extract_catalogs.py
[2026-08-06T03:39:32.097+0000] {logging_mixin.py:190} INFO - [2026-08-06T03:39:32.096+0000] {dag.py:3239} INFO - Sync 1 DAGs
[2026-08-06T03:39:32.121+0000] {processor.py:208} INFO - Processing /opt/airflow/dags/dag_extract_catalogs.py took 0.069 seconds
[2026-08-06T03:40:02.604+0000] {processor.py:186} INFO - Started process (PID=5416) to work on /opt/airflow/dags/dag_extract_catalogs.py
[2026-08-06T03:40:02.604+0000] {processor.py:914} INFO - Processing file /opt/airflow/dags/dag_extract_catalogs.py for tasks to queue
[2026-08-06T03:40:02.605+0000] {logging_mixin.py:190} INFO - [2026-08-06T03:40:02.604+0000] {dagbag.py:588} INFO - Filling up the DagBag from /opt/airflow/dags/dag_extract_catalogs.py
[2026-08-06T03:40:02.610+0000] {processor.py:925} INFO - DAG(s) 'dag_extract_catalogs' retrieved from /opt/airflow/dags/dag_extract_catalogs.py
[2026-08-06T03:40:02.620+0000] {logging_mixin.py:190} INFO - [2026-08-06T03:40:02.620+0000] {dag.py:3239} INFO - Sync 1 DAGs
[2026-08-06T03:40:02.631+0000] {processor.py:208} INFO - Processing /opt/airflow/dags/dag_extract_catalogs.py took 0.030 seconds
[2026-08-06T04:29:48.926+0000] {processor.py:186} INFO - Started process (PID=5436) to work on /opt/airflow/dags/dag_extract_catalogs.py
[2026-08-06T04:29:48.926+0000] {processor.py:914} INFO - Processing file /opt/airflow/dags/dag_extract_catalogs.py for tasks to queue
[2026-08-06T04:29:48.927+0000] {logging_mixin.py:190} INFO - [2026-08-06T04:29:48.927+0000] {dagbag.py:588} INFO - Filling up the DagBag from /opt/airflow/dags/dag_extract_catalogs.py
[2026-08-06T04:29:48.932+0000] {processor.py:925} INFO - DAG(s) 'dag_extract_catalogs' retrieved from /opt/airflow/dags/dag_extract_catalogs.py
[2026-08-06T04:29:48.941+0000] {logging_mixin.py:190} INFO - [2026-08-06T04:29:48.941+0000] {dag.py:3239} INFO - Sync 1 DAGs
[2026-08-06T04:29:48.953+0000] {processor.py:208} INFO - Processing /opt/airflow/dags/dag_extract_catalogs.py took 0.029 seconds
[2026-08-06T04:45:42.053+0000] {processor.py:186} INFO - Started process (PID=5483) to work on /opt/airflow/dags/dag_extract_catalogs.py
[2026-08-06T04:45:42.053+0000] {processor.py:914} INFO - Processing file /opt/airflow/dags/dag_extract_catalogs.py for tasks to queue
[2026-08-06T04:45:42.053+0000] {logging_mixin.py:190} INFO - [2026-08-06T04:45:42.053+0000] {dagbag.py:588} INFO - Filling up the DagBag from /opt/airflow/dags/dag_extract_catalogs.py
[2026-08-06T04:45:42.058+0000] {processor.py:925} INFO - DAG(s) 'dag_extract_catalogs' retrieved from /opt/airflow/dags/dag_extract_catalogs.py
[2026-08-06T04:45:42.068+0000] {logging_mixin.py:190} INFO - [2026-08-06T04:45:42.068+0000] {dag.py:3239} INFO - Sync 1 DAGs
[2026-08-06T04:45:42.079+0000] {processor.py:208} INFO - Processing /opt/airflow/dags/dag_extract_catalogs.py took 0.029 seconds
[2026-08-06T05:03:10.521+0000] {processor.py:186} INFO - Started process (PID=5504) to work on /opt/airflow/dags/dag_extract_catalogs.py
[2026-08-06T05:03:10.521+0000] {processor.py:914} INFO - Processing file /opt/airflow/dags/dag_extract_catalogs.py for tasks to queue
[2026-08-06T05:03:10.522+0000] {logging_mixin.py:190} INFO - [2026-08-06T05:03:10.522+0000] {dagbag.py:588} INFO - Filling up the DagBag from /opt/airflow/dags/dag_extract_catalogs.py
[2026-08-06T05:03:10.530+0000] {processor.py:925} INFO - DAG(s) 'dag_extract_catalogs' retrieved from /opt/airflow/dags/dag_extract_catalogs.py
[2026-08-06T05:03:10.543+0000] {logging_mixin.py:190} INFO - [2026-08-06T05:03:10.543+0000] {dag.py:3239} INFO - Sync 1 DAGs
[2026-08-06T05:03:10.557+0000] {processor.py:208} INFO - Processing /opt/airflow/dags/dag_extract_catalogs.py took 0.039 seconds
[2026-08-06T05:36:48.972+0000] {processor.py:186} INFO - Started process (PID=5532) to work on /opt/airflow/dags/dag_extract_catalogs.py
[2026-08-06T05:36:48.973+0000] {processor.py:914} INFO - Processing file /opt/airflow/dags/dag_extract_catalogs.py for tasks to queue
[2026-08-06T05:36:48.973+0000] {logging_mixin.py:190} INFO - [2026-08-06T05:36:48.973+0000] {dagbag.py:588} INFO - Filling up the DagBag from /opt/airflow/dags/dag_extract_catalogs.py
[2026-08-06T05:36:48.980+0000] {processor.py:925} INFO - DAG(s) 'dag_extract_catalogs' retrieved from /opt/airflow/dags/dag_extract_catalogs.py
[2026-08-06T05:36:48.993+0000] {logging_mixin.py:190} INFO - [2026-08-06T05:36:48.993+0000] {dag.py:3239} INFO - Sync 1 DAGs
[2026-08-06T05:36:49.008+0000] {processor.py:208} INFO - Processing /opt/airflow/dags/dag_extract_catalogs.py took 0.038 seconds
[2026-08-06T06:15:24.525+0000] {processor.py:186} INFO - Started process (PID=5552) to work on /opt/airflow/dags/dag_extract_catalogs.py
[2026-08-06T06:15:24.525+0000] {processor.py:914} INFO - Processing file /opt/airflow/dags/dag_extract_catalogs.py for tasks to queue
[2026-08-06T06:15:24.526+0000] {logging_mixin.py:190} INFO - [2026-08-06T06:15:24.526+0000] {dagbag.py:588} INFO - Filling up the DagBag from /opt/airflow/dags/dag_extract_catalogs.py
[2026-08-06T06:15:24.531+0000] {processor.py:925} INFO - DAG(s) 'dag_extract_catalogs' retrieved from /opt/airflow/dags/dag_extract_catalogs.py
[2026-08-06T06:15:24.541+0000] {logging_mixin.py:190} INFO - [2026-08-06T06:15:24.541+0000] {dag.py:3239} INFO - Sync 1 DAGs
[2026-08-06T06:15:24.548+0000] {logging_mixin.py:190} INFO - [2026-08-06T06:15:24.548+0000] {dag.py:4180} INFO - Setting next_dagrun for dag_extract_catalogs to 2026-08-06 01:00:00+00:00, run_after=2026-08-07 01:00:00+00:00
[2026-08-06T06:15:24.553+0000] {processor.py:208} INFO - Processing /opt/airflow/dags/dag_extract_catalogs.py took 0.030 seconds
[2026-08-06T06:47:03.907+0000] {processor.py:186} INFO - Started process (PID=5573) to work on /opt/airflow/dags/dag_extract_catalogs.py
[2026-08-06T06:47:03.908+0000] {processor.py:914} INFO - Processing file /opt/airflow/dags/dag_extract_catalogs.py for tasks to queue
[2026-08-06T06:47:03.908+0000] {logging_mixin.py:190} INFO - [2026-08-06T06:47:03.908+0000] {dagbag.py:588} INFO - Filling up the DagBag from /opt/airflow/dags/dag_extract_catalogs.py
[2026-08-06T06:47:03.914+0000] {processor.py:925} INFO - DAG(s) 'dag_extract_catalogs' retrieved from /opt/airflow/dags/dag_extract_catalogs.py
[2026-08-06T06:47:03.927+0000] {logging_mixin.py:190} INFO - [2026-08-06T06:47:03.927+0000] {dag.py:3239} INFO - Sync 1 DAGs
[2026-08-06T06:47:03.940+0000] {logging_mixin.py:190} INFO - [2026-08-06T06:47:03.940+0000] {dag.py:4180} INFO - Setting next_dagrun for dag_extract_catalogs to 2026-08-06 01:00:00+00:00, run_after=2026-08-07 01:00:00+00:00
[2026-08-06T06:47:03.946+0000] {processor.py:208} INFO - Processing /opt/airflow/dags/dag_extract_catalogs.py took 0.042 seconds
[2026-08-06T07:11:12.427+0000] {processor.py:186} INFO - Started process (PID=5595) to work on /opt/airflow/dags/dag_extract_catalogs.py
[2026-08-06T07:11:12.427+0000] {processor.py:914} INFO - Processing file /opt/airflow/dags/dag_extract_catalogs.py for tasks to queue
[2026-08-06T07:11:12.427+0000] {logging_mixin.py:190} INFO - [2026-08-06T07:11:12.427+0000] {dagbag.py:588} INFO - Filling up the DagBag from /opt/airflow/dags/dag_extract_catalogs.py
[2026-08-06T07:11:12.432+0000] {processor.py:925} INFO - DAG(s) 'dag_extract_catalogs' retrieved from /opt/airflow/dags/dag_extract_catalogs.py
[2026-08-06T07:11:12.443+0000] {logging_mixin.py:190} INFO - [2026-08-06T07:11:12.443+0000] {dag.py:3239} INFO - Sync 1 DAGs
[2026-08-06T07:11:12.451+0000] {logging_mixin.py:190} INFO - [2026-08-06T07:11:12.451+0000] {dag.py:4180} INFO - Setting next_dagrun for dag_extract_catalogs to 2026-08-06 01:00:00+00:00, run_after=2026-08-07 01:00:00+00:00
[2026-08-06T07:11:12.456+0000] {processor.py:208} INFO - Processing /opt/airflow/dags/dag_extract_catalogs.py took 0.032 seconds
[2026-08-06T07:16:29.783+0000] {processor.py:186} INFO - Started process (PID=5618) to work on /opt/airflow/dags/dag_extract_catalogs.py
[2026-08-06T07:16:29.783+0000] {processor.py:914} INFO - Processing file /opt/airflow/dags/dag_extract_catalogs.py for tasks to queue
[2026-08-06T07:16:29.784+0000] {logging_mixin.py:190} INFO - [2026-08-06T07:16:29.784+0000] {dagbag.py:588} INFO - Filling up the DagBag from /opt/airflow/dags/dag_extract_catalogs.py
[2026-08-06T07:16:29.789+0000] {processor.py:925} INFO - DAG(s) 'dag_extract_catalogs' retrieved from /opt/airflow/dags/dag_extract_catalogs.py
[2026-08-06T07:16:29.800+0000] {logging_mixin.py:190} INFO - [2026-08-06T07:16:29.800+0000] {dag.py:3239} INFO - Sync 1 DAGs
[2026-08-06T07:16:29.808+0000] {logging_mixin.py:190} INFO - [2026-08-06T07:16:29.808+0000] {dag.py:4180} INFO - Setting next_dagrun for dag_extract_catalogs to 2026-08-06 01:00:00+00:00, run_after=2026-08-07 01:00:00+00:00
[2026-08-06T07:16:29.814+0000] {processor.py:208} INFO - Processing /opt/airflow/dags/dag_extract_catalogs.py took 0.034 seconds
[2026-08-06T07:50:31.693+0000] {processor.py:186} INFO - Started process (PID=5639) to work on /opt/airflow/dags/dag_extract_catalogs.py
[2026-08-06T07:50:31.694+0000] {processor.py:914} INFO - Processing file /opt/airflow/dags/dag_extract_catalogs.py for tasks to queue
[2026-08-06T07:50:31.694+0000] {logging_mixin.py:190} INFO - [2026-08-06T07:50:31.694+0000] {dagbag.py:588} INFO - Filling up the DagBag from /opt/airflow/dags/dag_extract_catalogs.py
[2026-08-06T07:50:31.701+0000] {processor.py:925} INFO - DAG(s) 'dag_extract_catalogs' retrieved from /opt/airflow/dags/dag_extract_catalogs.py
[2026-08-06T07:50:31.717+0000] {logging_mixin.py:190} INFO - [2026-08-06T07:50:31.717+0000] {dag.py:3239} INFO - Sync 1 DAGs
[2026-08-06T07:50:31.725+0000] {logging_mixin.py:190} INFO - [2026-08-06T07:50:31.725+0000] {dag.py:4180} INFO - Setting next_dagrun for dag_extract_catalogs to 2026-08-06 01:00:00+00:00, run_after=2026-08-07 01:00:00+00:00
[2026-08-06T07:50:31.730+0000] {processor.py:208} INFO - Processing /opt/airflow/dags/dag_extract_catalogs.py took 0.039 seconds
[2026-08-06T08:35:19.021+0000] {processor.py:186} INFO - Started process (PID=5664) to work on /opt/airflow/dags/dag_extract_catalogs.py
[2026-08-06T08:35:19.021+0000] {processor.py:914} INFO - Processing file /opt/airflow/dags/dag_extract_catalogs.py for tasks to queue
[2026-08-06T08:35:19.022+0000] {logging_mixin.py:190} INFO - [2026-08-06T08:35:19.022+0000] {dagbag.py:588} INFO - Filling up the DagBag from /opt/airflow/dags/dag_extract_catalogs.py
[2026-08-06T08:35:19.027+0000] {processor.py:925} INFO - DAG(s) 'dag_extract_catalogs' retrieved from /opt/airflow/dags/dag_extract_catalogs.py
[2026-08-06T08:35:19.036+0000] {logging_mixin.py:190} INFO - [2026-08-06T08:35:19.036+0000] {dag.py:3239} INFO - Sync 1 DAGs
[2026-08-06T08:35:19.044+0000] {logging_mixin.py:190} INFO - [2026-08-06T08:35:19.044+0000] {dag.py:4180} INFO - Setting next_dagrun for dag_extract_catalogs to 2026-08-06 01:00:00+00:00, run_after=2026-08-07 01:00:00+00:00
[2026-08-06T08:35:19.048+0000] {processor.py:208} INFO - Processing /opt/airflow/dags/dag_extract_catalogs.py took 0.030 seconds
[2026-08-06T09:18:23.648+0000] {processor.py:186} INFO - Started process (PID=5687) to work on /opt/airflow/dags/dag_extract_catalogs.py
[2026-08-06T09:18:23.648+0000] {processor.py:914} INFO - Processing file /opt/airflow/dags/dag_extract_catalogs.py for tasks to queue
[2026-08-06T09:18:23.649+0000] {logging_mixin.py:190} INFO - [2026-08-06T09:18:23.649+0000] {dagbag.py:588} INFO - Filling up the DagBag from /opt/airflow/dags/dag_extract_catalogs.py
[2026-08-06T09:18:23.653+0000] {processor.py:925} INFO - DAG(s) 'dag_extract_catalogs' retrieved from /opt/airflow/dags/dag_extract_catalogs.py
[2026-08-06T09:18:23.663+0000] {logging_mixin.py:190} INFO - [2026-08-06T09:18:23.663+0000] {dag.py:3239} INFO - Sync 1 DAGs
[2026-08-06T09:18:23.671+0000] {logging_mixin.py:190} INFO - [2026-08-06T09:18:23.671+0000] {dag.py:4180} INFO - Setting next_dagrun for dag_extract_catalogs to 2026-08-06 01:00:00+00:00, run_after=2026-08-07 01:00:00+00:00
[2026-08-06T09:18:23.676+0000] {processor.py:208} INFO - Processing /opt/airflow/dags/dag_extract_catalogs.py took 0.030 seconds
[2026-08-06T09:34:32.937+0000] {processor.py:186} INFO - Started process (PID=5712) to work on /opt/airflow/dags/dag_extract_catalogs.py
[2026-08-06T09:34:32.937+0000] {processor.py:914} INFO - Processing file /opt/airflow/dags/dag_extract_catalogs.py for tasks to queue
[2026-08-06T09:34:32.938+0000] {logging_mixin.py:190} INFO - [2026-08-06T09:34:32.938+0000] {dagbag.py:588} INFO - Filling up the DagBag from /opt/airflow/dags/dag_extract_catalogs.py
[2026-08-06T09:34:32.944+0000] {processor.py:925} INFO - DAG(s) 'dag_extract_catalogs' retrieved from /opt/airflow/dags/dag_extract_catalogs.py
[2026-08-06T09:34:32.957+0000] {logging_mixin.py:190} INFO - [2026-08-06T09:34:32.957+0000] {dag.py:3239} INFO - Sync 1 DAGs
[2026-08-06T09:34:32.968+0000] {logging_mixin.py:190} INFO - [2026-08-06T09:34:32.968+0000] {dag.py:4180} INFO - Setting next_dagrun for dag_extract_catalogs to 2026-08-06 01:00:00+00:00, run_after=2026-08-07 01:00:00+00:00
[2026-08-06T09:34:32.978+0000] {processor.py:208} INFO - Processing /opt/airflow/dags/dag_extract_catalogs.py took 0.045 seconds
[2026-08-06T10:19:25.497+0000] {processor.py:186} INFO - Started process (PID=5735) to work on /opt/airflow/dags/dag_extract_catalogs.py
[2026-08-06T10:19:25.498+0000] {processor.py:914} INFO - Processing file /opt/airflow/dags/dag_extract_catalogs.py for tasks to queue
[2026-08-06T10:19:25.498+0000] {logging_mixin.py:190} INFO - [2026-08-06T10:19:25.498+0000] {dagbag.py:588} INFO - Filling up the DagBag from /opt/airflow/dags/dag_extract_catalogs.py
[2026-08-06T10:19:25.503+0000] {processor.py:925} INFO - DAG(s) 'dag_extract_catalogs' retrieved from /opt/airflow/dags/dag_extract_catalogs.py
[2026-08-06T10:19:25.514+0000] {logging_mixin.py:190} INFO - [2026-08-06T10:19:25.513+0000] {dag.py:3239} INFO - Sync 1 DAGs
[2026-08-06T10:19:25.521+0000] {logging_mixin.py:190} INFO - [2026-08-06T10:19:25.521+0000] {dag.py:4180} INFO - Setting next_dagrun for dag_extract_catalogs to 2026-08-06 01:00:00+00:00, run_after=2026-08-07 01:00:00+00:00
[2026-08-06T10:19:25.526+0000] {processor.py:208} INFO - Processing /opt/airflow/dags/dag_extract_catalogs.py took 0.031 seconds
[2026-08-06T10:50:29.653+0000] {processor.py:186} INFO - Started process (PID=5755) to work on /opt/airflow/dags/dag_extract_catalogs.py
[2026-08-06T10:50:29.653+0000] {processor.py:914} INFO - Processing file /opt/airflow/dags/dag_extract_catalogs.py for tasks to queue
[2026-08-06T10:50:29.654+0000] {logging_mixin.py:190} INFO - [2026-08-06T10:50:29.654+0000] {dagbag.py:588} INFO - Filling up the DagBag from /opt/airflow/dags/dag_extract_catalogs.py
[2026-08-06T10:50:29.659+0000] {processor.py:925} INFO - DAG(s) 'dag_extract_catalogs' retrieved from /opt/airflow/dags/dag_extract_catalogs.py
[2026-08-06T10:50:29.668+0000] {logging_mixin.py:190} INFO - [2026-08-06T10:50:29.668+0000] {dag.py:3239} INFO - Sync 1 DAGs
[2026-08-06T10:50:29.676+0000] {logging_mixin.py:190} INFO - [2026-08-06T10:50:29.676+0000] {dag.py:4180} INFO - Setting next_dagrun for dag_extract_catalogs to 2026-08-06 01:00:00+00:00, run_after=2026-08-07 01:00:00+00:00
[2026-08-06T10:50:29.680+0000] {processor.py:208} INFO - Processing /opt/airflow/dags/dag_extract_catalogs.py took 0.030 seconds
[2026-08-06T12:06:24.125+0000] {processor.py:186} INFO - Started process (PID=5784) to work on /opt/airflow/dags/dag_extract_catalogs.py
[2026-08-06T12:06:24.126+0000] {processor.py:914} INFO - Processing file /opt/airflow/dags/dag_extract_catalogs.py for tasks to queue
[2026-08-06T12:06:24.126+0000] {logging_mixin.py:190} INFO - [2026-08-06T12:06:24.126+0000] {dagbag.py:588} INFO - Filling up the DagBag from /opt/airflow/dags/dag_extract_catalogs.py
[2026-08-06T12:06:24.132+0000] {processor.py:925} INFO - DAG(s) 'dag_extract_catalogs' retrieved from /opt/airflow/dags/dag_extract_catalogs.py
[2026-08-06T12:06:24.143+0000] {logging_mixin.py:190} INFO - [2026-08-06T12:06:24.143+0000] {dag.py:3239} INFO - Sync 1 DAGs
[2026-08-06T12:06:24.152+0000] {logging_mixin.py:190} INFO - [2026-08-06T12:06:24.152+0000] {dag.py:4180} INFO - Setting next_dagrun for dag_extract_catalogs to 2026-08-06 01:00:00+00:00, run_after=2026-08-07 01:00:00+00:00
[2026-08-06T12:06:24.158+0000] {processor.py:208} INFO - Processing /opt/airflow/dags/dag_extract_catalogs.py took 0.035 seconds
[2026-08-06T12:39:04.113+0000] {processor.py:186} INFO - Started process (PID=5807) to work on /opt/airflow/dags/dag_extract_catalogs.py
[2026-08-06T12:39:04.114+0000] {processor.py:914} INFO - Processing file /opt/airflow/dags/dag_extract_catalogs.py for tasks to queue
[2026-08-06T12:39:04.114+0000] {logging_mixin.py:190} INFO - [2026-08-06T12:39:04.114+0000] {dagbag.py:588} INFO - Filling up the DagBag from /opt/airflow/dags/dag_extract_catalogs.py
[2026-08-06T12:39:04.121+0000] {processor.py:925} INFO - DAG(s) 'dag_extract_catalogs' retrieved from /opt/airflow/dags/dag_extract_catalogs.py
[2026-08-06T12:39:04.132+0000] {logging_mixin.py:190} INFO - [2026-08-06T12:39:04.131+0000] {dag.py:3239} INFO - Sync 1 DAGs
[2026-08-06T12:39:04.140+0000] {logging_mixin.py:190} INFO - [2026-08-06T12:39:04.140+0000] {dag.py:4180} INFO - Setting next_dagrun for dag_extract_catalogs to 2026-08-06 01:00:00+00:00, run_after=2026-08-07 01:00:00+00:00
[2026-08-06T12:39:04.145+0000] {processor.py:208} INFO - Processing /opt/airflow/dags/dag_extract_catalogs.py took 0.035 seconds
[2026-08-06T13:10:59.027+0000] {processor.py:186} INFO - Started process (PID=5830) to work on /opt/airflow/dags/dag_extract_catalogs.py
[2026-08-06T13:10:59.027+0000] {processor.py:914} INFO - Processing file /opt/airflow/dags/dag_extract_catalogs.py for tasks to queue
[2026-08-06T13:10:59.027+0000] {logging_mixin.py:190} INFO - [2026-08-06T13:10:59.027+0000] {dagbag.py:588} INFO - Filling up the DagBag from /opt/airflow/dags/dag_extract_catalogs.py
[2026-08-06T13:10:59.032+0000] {processor.py:925} INFO - DAG(s) 'dag_extract_catalogs' retrieved from /opt/airflow/dags/dag_extract_catalogs.py
[2026-08-06T13:10:59.043+0000] {logging_mixin.py:190} INFO - [2026-08-06T13:10:59.043+0000] {dag.py:3239} INFO - Sync 1 DAGs
[2026-08-06T13:10:59.051+0000] {logging_mixin.py:190} INFO - [2026-08-06T13:10:59.051+0000] {dag.py:4180} INFO - Setting next_dagrun for dag_extract_catalogs to 2026-08-06 01:00:00+00:00, run_after=2026-08-07 01:00:00+00:00
[2026-08-06T13:10:59.055+0000] {processor.py:208} INFO - Processing /opt/airflow/dags/dag_extract_catalogs.py took 0.031 seconds
[2026-08-06T13:56:24.977+0000] {processor.py:186} INFO - Started process (PID=5856) to work on /opt/airflow/dags/dag_extract_catalogs.py
[2026-08-06T13:56:24.977+0000] {processor.py:914} INFO - Processing file /opt/airflow/dags/dag_extract_catalogs.py for tasks to queue
[2026-08-06T13:56:24.978+0000] {logging_mixin.py:190} INFO - [2026-08-06T13:56:24.978+0000] {dagbag.py:588} INFO - Filling up the DagBag from /opt/airflow/dags/dag_extract_catalogs.py
[2026-08-06T13:56:24.984+0000] {processor.py:925} INFO - DAG(s) 'dag_extract_catalogs' retrieved from /opt/airflow/dags/dag_extract_catalogs.py
[2026-08-06T13:56:24.997+0000] {logging_mixin.py:190} INFO - [2026-08-06T13:56:24.997+0000] {dag.py:3239} INFO - Sync 1 DAGs
[2026-08-06T13:56:25.007+0000] {logging_mixin.py:190} INFO - [2026-08-06T13:56:25.007+0000] {dag.py:4180} INFO - Setting next_dagrun for dag_extract_catalogs to 2026-08-06 01:00:00+00:00, run_after=2026-08-07 01:00:00+00:00
[2026-08-06T13:56:25.015+0000] {processor.py:208} INFO - Processing /opt/airflow/dags/dag_extract_catalogs.py took 0.041 seconds
[2026-08-06T14:40:21.906+0000] {processor.py:186} INFO - Started process (PID=5881) to work on /opt/airflow/dags/dag_extract_catalogs.py
[2026-08-06T14:40:21.906+0000] {processor.py:914} INFO - Processing file /opt/airflow/dags/dag_extract_catalogs.py for tasks to queue
[2026-08-06T14:40:21.906+0000] {logging_mixin.py:190} INFO - [2026-08-06T14:40:21.906+0000] {dagbag.py:588} INFO - Filling up the DagBag from /opt/airflow/dags/dag_extract_catalogs.py
[2026-08-06T14:40:21.911+0000] {processor.py:925} INFO - DAG(s) 'dag_extract_catalogs' retrieved from /opt/airflow/dags/dag_extract_catalogs.py
[2026-08-06T14:40:21.921+0000] {logging_mixin.py:190} INFO - [2026-08-06T14:40:21.920+0000] {dag.py:3239} INFO - Sync 1 DAGs
[2026-08-06T14:40:21.928+0000] {logging_mixin.py:190} INFO - [2026-08-06T14:40:21.928+0000] {dag.py:4180} INFO - Setting next_dagrun for dag_extract_catalogs to 2026-08-06 01:00:00+00:00, run_after=2026-08-07 01:00:00+00:00
[2026-08-06T14:40:21.933+0000] {processor.py:208} INFO - Processing /opt/airflow/dags/dag_extract_catalogs.py took 0.029 seconds
[2026-08-06T15:13:08.778+0000] {processor.py:186} INFO - Started process (PID=5904) to work on /opt/airflow/dags/dag_extract_catalogs.py
[2026-08-06T15:13:08.779+0000] {processor.py:914} INFO - Processing file /opt/airflow/dags/dag_extract_catalogs.py for tasks to queue
[2026-08-06T15:13:08.779+0000] {logging_mixin.py:190} INFO - [2026-08-06T15:13:08.779+0000] {dagbag.py:588} INFO - Filling up the DagBag from /opt/airflow/dags/dag_extract_catalogs.py
[2026-08-06T15:13:08.785+0000] {processor.py:925} INFO - DAG(s) 'dag_extract_catalogs' retrieved from /opt/airflow/dags/dag_extract_catalogs.py
[2026-08-06T15:13:08.797+0000] {logging_mixin.py:190} INFO - [2026-08-06T15:13:08.796+0000] {dag.py:3239} INFO - Sync 1 DAGs
[2026-08-06T15:13:08.805+0000] {logging_mixin.py:190} INFO - [2026-08-06T15:13:08.805+0000] {dag.py:4180} INFO - Setting next_dagrun for dag_extract_catalogs to 2026-08-06 01:00:00+00:00, run_after=2026-08-07 01:00:00+00:00
[2026-08-06T15:13:08.810+0000] {processor.py:208} INFO - Processing /opt/airflow/dags/dag_extract_catalogs.py took 0.035 seconds
[2026-08-06T15:42:09.972+0000] {processor.py:186} INFO - Started process (PID=5932) to work on /opt/airflow/dags/dag_extract_catalogs.py
[2026-08-06T15:42:09.973+0000] {processor.py:914} INFO - Processing file /opt/airflow/dags/dag_extract_catalogs.py for tasks to queue
[2026-08-06T15:42:09.973+0000] {logging_mixin.py:190} INFO - [2026-08-06T15:42:09.973+0000] {dagbag.py:588} INFO - Filling up the DagBag from /opt/airflow/dags/dag_extract_catalogs.py
[2026-08-06T15:42:09.978+0000] {processor.py:925} INFO - DAG(s) 'dag_extract_catalogs' retrieved from /opt/airflow/dags/dag_extract_catalogs.py
[2026-08-06T15:42:09.987+0000] {logging_mixin.py:190} INFO - [2026-08-06T15:42:09.987+0000] {dag.py:3239} INFO - Sync 1 DAGs
[2026-08-06T15:42:09.995+0000] {logging_mixin.py:190} INFO - [2026-08-06T15:42:09.994+0000] {dag.py:4180} INFO - Setting next_dagrun for dag_extract_catalogs to 2026-08-06 01:00:00+00:00, run_after=2026-08-07 01:00:00+00:00
[2026-08-06T15:42:09.999+0000] {processor.py:208} INFO - Processing /opt/airflow/dags/dag_extract_catalogs.py took 0.029 seconds
[2026-08-06T16:25:28.746+0000] {processor.py:186} INFO - Started process (PID=5955) to work on /opt/airflow/dags/dag_extract_catalogs.py
[2026-08-06T16:25:28.746+0000] {processor.py:914} INFO - Processing file /opt/airflow/dags/dag_extract_catalogs.py for tasks to queue
[2026-08-06T16:25:28.747+0000] {logging_mixin.py:190} INFO - [2026-08-06T16:25:28.747+0000] {dagbag.py:588} INFO - Filling up the DagBag from /opt/airflow/dags/dag_extract_catalogs.py
[2026-08-06T16:25:28.752+0000] {processor.py:925} INFO - DAG(s) 'dag_extract_catalogs' retrieved from /opt/airflow/dags/dag_extract_catalogs.py
[2026-08-06T16:25:28.761+0000] {logging_mixin.py:190} INFO - [2026-08-06T16:25:28.761+0000] {dag.py:3239} INFO - Sync 1 DAGs
[2026-08-06T16:25:28.768+0000] {logging_mixin.py:190} INFO - [2026-08-06T16:25:28.768+0000] {dag.py:4180} INFO - Setting next_dagrun for dag_extract_catalogs to 2026-08-06 01:00:00+00:00, run_after=2026-08-07 01:00:00+00:00
[2026-08-06T16:25:28.773+0000] {processor.py:208} INFO - Processing /opt/airflow/dags/dag_extract_catalogs.py took 0.030 seconds
[2026-08-06T16:58:02.122+0000] {processor.py:186} INFO - Started process (PID=5978) to work on /opt/airflow/dags/dag_extract_catalogs.py
[2026-08-06T16:58:02.123+0000] {processor.py:914} INFO - Processing file /opt/airflow/dags/dag_extract_catalogs.py for tasks to queue
[2026-08-06T16:58:02.123+0000] {logging_mixin.py:190} INFO - [2026-08-06T16:58:02.123+0000] {dagbag.py:588} INFO - Filling up the DagBag from /opt/airflow/dags/dag_extract_catalogs.py
[2026-08-06T16:58:02.129+0000] {processor.py:925} INFO - DAG(s) 'dag_extract_catalogs' retrieved from /opt/airflow/dags/dag_extract_catalogs.py
[2026-08-06T16:58:02.139+0000] {logging_mixin.py:190} INFO - [2026-08-06T16:58:02.139+0000] {dag.py:3239} INFO - Sync 1 DAGs
[2026-08-06T16:58:02.146+0000] {logging_mixin.py:190} INFO - [2026-08-06T16:58:02.146+0000] {dag.py:4180} INFO - Setting next_dagrun for dag_extract_catalogs to 2026-08-06 01:00:00+00:00, run_after=2026-08-07 01:00:00+00:00
[2026-08-06T16:58:02.151+0000] {processor.py:208} INFO - Processing /opt/airflow/dags/dag_extract_catalogs.py took 0.031 seconds
[2026-08-06T17:26:30.145+0000] {processor.py:186} INFO - Started process (PID=6001) to work on /opt/airflow/dags/dag_extract_catalogs.py
[2026-08-06T17:26:30.145+0000] {processor.py:914} INFO - Processing file /opt/airflow/dags/dag_extract_catalogs.py for tasks to queue
[2026-08-06T17:26:30.145+0000] {logging_mixin.py:190} INFO - [2026-08-06T17:26:30.145+0000] {dagbag.py:588} INFO - Filling up the DagBag from /opt/airflow/dags/dag_extract_catalogs.py
[2026-08-06T17:26:30.150+0000] {processor.py:925} INFO - DAG(s) 'dag_extract_catalogs' retrieved from /opt/airflow/dags/dag_extract_catalogs.py
[2026-08-06T17:26:30.160+0000] {logging_mixin.py:190} INFO - [2026-08-06T17:26:30.160+0000] {dag.py:3239} INFO - Sync 1 DAGs
[2026-08-06T17:26:30.167+0000] {logging_mixin.py:190} INFO - [2026-08-06T17:26:30.167+0000] {dag.py:4180} INFO - Setting next_dagrun for dag_extract_catalogs to 2026-08-06 01:00:00+00:00, run_after=2026-08-07 01:00:00+00:00
[2026-08-06T17:26:30.172+0000] {processor.py:208} INFO - Processing /opt/airflow/dags/dag_extract_catalogs.py took 0.030 seconds
[2026-08-06T17:59:13.835+0000] {processor.py:186} INFO - Started process (PID=6021) to work on /opt/airflow/dags/dag_extract_catalogs.py
[2026-08-06T17:59:13.835+0000] {processor.py:914} INFO - Processing file /opt/airflow/dags/dag_extract_catalogs.py for tasks to queue
[2026-08-06T17:59:13.836+0000] {logging_mixin.py:190} INFO - [2026-08-06T17:59:13.836+0000] {dagbag.py:588} INFO - Filling up the DagBag from /opt/airflow/dags/dag_extract_catalogs.py
[2026-08-06T17:59:13.841+0000] {processor.py:925} INFO - DAG(s) 'dag_extract_catalogs' retrieved from /opt/airflow/dags/dag_extract_catalogs.py
[2026-08-06T17:59:13.850+0000] {logging_mixin.py:190} INFO - [2026-08-06T17:59:13.850+0000] {dag.py:3239} INFO - Sync 1 DAGs
[2026-08-06T17:59:13.857+0000] {logging_mixin.py:190} INFO - [2026-08-06T17:59:13.857+0000] {dag.py:4180} INFO - Setting next_dagrun for dag_extract_catalogs to 2026-08-06 01:00:00+00:00, run_after=2026-08-07 01:00:00+00:00
[2026-08-06T17:59:13.863+0000] {processor.py:208} INFO - Processing /opt/airflow/dags/dag_extract_catalogs.py took 0.030 seconds
[2026-08-06T18:27:31.621+0000] {processor.py:186} INFO - Started process (PID=6045) to work on /opt/airflow/dags/dag_extract_catalogs.py
[2026-08-06T18:27:31.622+0000] {processor.py:914} INFO - Processing file /opt/airflow/dags/dag_extract_catalogs.py for tasks to queue
[2026-08-06T18:27:31.622+0000] {logging_mixin.py:190} INFO - [2026-08-06T18:27:31.622+0000] {dagbag.py:588} INFO - Filling up the DagBag from /opt/airflow/dags/dag_extract_catalogs.py
[2026-08-06T18:27:31.628+0000] {processor.py:925} INFO - DAG(s) 'dag_extract_catalogs' retrieved from /opt/airflow/dags/dag_extract_catalogs.py
[2026-08-06T18:27:31.642+0000] {logging_mixin.py:190} INFO - [2026-08-06T18:27:31.642+0000] {dag.py:3239} INFO - Sync 1 DAGs
[2026-08-06T18:27:31.651+0000] {logging_mixin.py:190} INFO - [2026-08-06T18:27:31.651+0000] {dag.py:4180} INFO - Setting next_dagrun for dag_extract_catalogs to 2026-08-06 01:00:00+00:00, run_after=2026-08-07 01:00:00+00:00
[2026-08-06T18:27:31.658+0000] {processor.py:208} INFO - Processing /opt/airflow/dags/dag_extract_catalogs.py took 0.039 seconds
[2026-08-06T19:00:54.158+0000] {processor.py:186} INFO - Started process (PID=6067) to work on /opt/airflow/dags/dag_extract_catalogs.py
[2026-08-06T19:00:54.159+0000] {processor.py:914} INFO - Processing file /opt/airflow/dags/dag_extract_catalogs.py for tasks to queue
[2026-08-06T19:00:54.159+0000] {logging_mixin.py:190} INFO - [2026-08-06T19:00:54.159+0000] {dagbag.py:588} INFO - Filling up the DagBag from /opt/airflow/dags/dag_extract_catalogs.py
[2026-08-06T19:00:54.164+0000] {processor.py:925} INFO - DAG(s) 'dag_extract_catalogs' retrieved from /opt/airflow/dags/dag_extract_catalogs.py
[2026-08-06T19:00:54.174+0000] {logging_mixin.py:190} INFO - [2026-08-06T19:00:54.174+0000] {dag.py:3239} INFO - Sync 1 DAGs
[2026-08-06T19:00:54.181+0000] {logging_mixin.py:190} INFO - [2026-08-06T19:00:54.181+0000] {dag.py:4180} INFO - Setting next_dagrun for dag_extract_catalogs to 2026-08-06 01:00:00+00:00, run_after=2026-08-07 01:00:00+00:00
[2026-08-06T19:00:54.186+0000] {processor.py:208} INFO - Processing /opt/airflow/dags/dag_extract_catalogs.py took 0.030 seconds
[2026-08-06T19:44:26.154+0000] {processor.py:186} INFO - Started process (PID=6088) to work on /opt/airflow/dags/dag_extract_catalogs.py
[2026-08-06T19:44:26.154+0000] {processor.py:914} INFO - Processing file /opt/airflow/dags/dag_extract_catalogs.py for tasks to queue
[2026-08-06T19:44:26.155+0000] {logging_mixin.py:190} INFO - [2026-08-06T19:44:26.155+0000] {dagbag.py:588} INFO - Filling up the DagBag from /opt/airflow/dags/dag_extract_catalogs.py
[2026-08-06T19:44:26.162+0000] {processor.py:925} INFO - DAG(s) 'dag_extract_catalogs' retrieved from /opt/airflow/dags/dag_extract_catalogs.py
[2026-08-06T19:44:26.173+0000] {logging_mixin.py:190} INFO - [2026-08-06T19:44:26.173+0000] {dag.py:3239} INFO - Sync 1 DAGs
[2026-08-06T19:44:26.181+0000] {logging_mixin.py:190} INFO - [2026-08-06T19:44:26.181+0000] {dag.py:4180} INFO - Setting next_dagrun for dag_extract_catalogs to 2026-08-06 01:00:00+00:00, run_after=2026-08-07 01:00:00+00:00
[2026-08-06T19:44:26.187+0000] {processor.py:208} INFO - Processing /opt/airflow/dags/dag_extract_catalogs.py took 0.037 seconds
[2026-08-06T19:59:54.191+0000] {processor.py:186} INFO - Started process (PID=6110) to work on /opt/airflow/dags/dag_extract_catalogs.py
[2026-08-06T19:59:54.191+0000] {processor.py:914} INFO - Processing file /opt/airflow/dags/dag_extract_catalogs.py for tasks to queue
[2026-08-06T19:59:54.192+0000] {logging_mixin.py:190} INFO - [2026-08-06T19:59:54.192+0000] {dagbag.py:588} INFO - Filling up the DagBag from /opt/airflow/dags/dag_extract_catalogs.py
[2026-08-06T19:59:54.196+0000] {processor.py:925} INFO - DAG(s) 'dag_extract_catalogs' retrieved from /opt/airflow/dags/dag_extract_catalogs.py
[2026-08-06T19:59:54.206+0000] {logging_mixin.py:190} INFO - [2026-08-06T19:59:54.206+0000] {dag.py:3239} INFO - Sync 1 DAGs
[2026-08-06T19:59:54.213+0000] {logging_mixin.py:190} INFO - [2026-08-06T19:59:54.213+0000] {dag.py:4180} INFO - Setting next_dagrun for dag_extract_catalogs to 2026-08-06 01:00:00+00:00, run_after=2026-08-07 01:00:00+00:00
[2026-08-06T19:59:54.218+0000] {processor.py:208} INFO - Processing /opt/airflow/dags/dag_extract_catalogs.py took 0.030 seconds
[2026-08-06T20:33:11.857+0000] {processor.py:186} INFO - Started process (PID=6133) to work on /opt/airflow/dags/dag_extract_catalogs.py
[2026-08-06T20:33:11.857+0000] {processor.py:914} INFO - Processing file /opt/airflow/dags/dag_extract_catalogs.py for tasks to queue
[2026-08-06T20:33:11.858+0000] {logging_mixin.py:190} INFO - [2026-08-06T20:33:11.858+0000] {dagbag.py:588} INFO - Filling up the DagBag from /opt/airflow/dags/dag_extract_catalogs.py
[2026-08-06T20:33:11.862+0000] {processor.py:925} INFO - DAG(s) 'dag_extract_catalogs' retrieved from /opt/airflow/dags/dag_extract_catalogs.py
[2026-08-06T20:33:11.872+0000] {logging_mixin.py:190} INFO - [2026-08-06T20:33:11.872+0000] {dag.py:3239} INFO - Sync 1 DAGs
[2026-08-06T20:33:11.879+0000] {logging_mixin.py:190} INFO - [2026-08-06T20:33:11.879+0000] {dag.py:4180} INFO - Setting next_dagrun for dag_extract_catalogs to 2026-08-06 01:00:00+00:00, run_after=2026-08-07 01:00:00+00:00
[2026-08-06T20:33:11.884+0000] {processor.py:208} INFO - Processing /opt/airflow/dags/dag_extract_catalogs.py took 0.029 seconds
[2026-08-06T20:50:20.901+0000] {processor.py:186} INFO - Started process (PID=6156) to work on /opt/airflow/dags/dag_extract_catalogs.py
[2026-08-06T20:50:20.901+0000] {processor.py:914} INFO - Processing file /opt/airflow/dags/dag_extract_catalogs.py for tasks to queue
[2026-08-06T20:50:20.902+0000] {logging_mixin.py:190} INFO - [2026-08-06T20:50:20.902+0000] {dagbag.py:588} INFO - Filling up the DagBag from /opt/airflow/dags/dag_extract_catalogs.py
[2026-08-06T20:50:20.906+0000] {processor.py:925} INFO - DAG(s) 'dag_extract_catalogs' retrieved from /opt/airflow/dags/dag_extract_catalogs.py
[2026-08-06T20:50:20.916+0000] {logging_mixin.py:190} INFO - [2026-08-06T20:50:20.916+0000] {dag.py:3239} INFO - Sync 1 DAGs
[2026-08-06T20:50:20.923+0000] {logging_mixin.py:190} INFO - [2026-08-06T20:50:20.923+0000] {dag.py:4180} INFO - Setting next_dagrun for dag_extract_catalogs to 2026-08-06 01:00:00+00:00, run_after=2026-08-07 01:00:00+00:00
[2026-08-06T20:50:20.929+0000] {processor.py:208} INFO - Processing /opt/airflow/dags/dag_extract_catalogs.py took 0.030 seconds
[2026-08-06T21:06:18.515+0000] {processor.py:186} INFO - Started process (PID=6182) to work on /opt/airflow/dags/dag_extract_catalogs.py
[2026-08-06T21:06:18.516+0000] {processor.py:914} INFO - Processing file /opt/airflow/dags/dag_extract_catalogs.py for tasks to queue
[2026-08-06T21:06:18.516+0000] {logging_mixin.py:190} INFO - [2026-08-06T21:06:18.516+0000] {dagbag.py:588} INFO - Filling up the DagBag from /opt/airflow/dags/dag_extract_catalogs.py
[2026-08-06T21:06:18.521+0000] {processor.py:925} INFO - DAG(s) 'dag_extract_catalogs' retrieved from /opt/airflow/dags/dag_extract_catalogs.py
[2026-08-06T21:06:18.531+0000] {logging_mixin.py:190} INFO - [2026-08-06T21:06:18.531+0000] {dag.py:3239} INFO - Sync 1 DAGs
[2026-08-06T21:06:18.538+0000] {logging_mixin.py:190} INFO - [2026-08-06T21:06:18.538+0000] {dag.py:4180} INFO - Setting next_dagrun for dag_extract_catalogs to 2026-08-06 01:00:00+00:00, run_after=2026-08-07 01:00:00+00:00
[2026-08-06T21:06:18.543+0000] {processor.py:208} INFO - Processing /opt/airflow/dags/dag_extract_catalogs.py took 0.030 seconds
[2026-08-06T21:54:41.518+0000] {processor.py:186} INFO - Started process (PID=6202) to work on /opt/airflow/dags/dag_extract_catalogs.py
[2026-08-06T21:54:41.518+0000] {processor.py:914} INFO - Processing file /opt/airflow/dags/dag_extract_catalogs.py for tasks to queue
[2026-08-06T21:54:41.519+0000] {logging_mixin.py:190} INFO - [2026-08-06T21:54:41.519+0000] {dagbag.py:588} INFO - Filling up the DagBag from /opt/airflow/dags/dag_extract_catalogs.py
[2026-08-06T21:54:41.524+0000] {processor.py:925} INFO - DAG(s) 'dag_extract_catalogs' retrieved from /opt/airflow/dags/dag_extract_catalogs.py
[2026-08-06T21:54:41.533+0000] {logging_mixin.py:190} INFO - [2026-08-06T21:54:41.533+0000] {dag.py:3239} INFO - Sync 1 DAGs
[2026-08-06T21:54:41.541+0000] {logging_mixin.py:190} INFO - [2026-08-06T21:54:41.541+0000] {dag.py:4180} INFO - Setting next_dagrun for dag_extract_catalogs to 2026-08-06 01:00:00+00:00, run_after=2026-08-07 01:00:00+00:00
[2026-08-06T21:54:41.545+0000] {processor.py:208} INFO - Processing /opt/airflow/dags/dag_extract_catalogs.py took 0.030 seconds
[2026-08-06T22:29:44.176+0000] {processor.py:186} INFO - Started process (PID=6225) to work on /opt/airflow/dags/dag_extract_catalogs.py
[2026-08-06T22:29:44.176+0000] {processor.py:914} INFO - Processing file /opt/airflow/dags/dag_extract_catalogs.py for tasks to queue
[2026-08-06T22:29:44.176+0000] {logging_mixin.py:190} INFO - [2026-08-06T22:29:44.176+0000] {dagbag.py:588} INFO - Filling up the DagBag from /opt/airflow/dags/dag_extract_catalogs.py
[2026-08-06T22:29:44.181+0000] {processor.py:925} INFO - DAG(s) 'dag_extract_catalogs' retrieved from /opt/airflow/dags/dag_extract_catalogs.py
[2026-08-06T22:29:44.191+0000] {logging_mixin.py:190} INFO - [2026-08-06T22:29:44.191+0000] {dag.py:3239} INFO - Sync 1 DAGs
[2026-08-06T22:29:44.199+0000] {logging_mixin.py:190} INFO - [2026-08-06T22:29:44.199+0000] {dag.py:4180} INFO - Setting next_dagrun for dag_extract_catalogs to 2026-08-06 01:00:00+00:00, run_after=2026-08-07 01:00:00+00:00
[2026-08-06T22:29:44.204+0000] {processor.py:208} INFO - Processing /opt/airflow/dags/dag_extract_catalogs.py took 0.031 seconds
[2026-08-06T23:18:37.779+0000] {processor.py:186} INFO - Started process (PID=6248) to work on /opt/airflow/dags/dag_extract_catalogs.py
[2026-08-06T23:18:37.779+0000] {processor.py:914} INFO - Processing file /opt/airflow/dags/dag_extract_catalogs.py for tasks to queue
[2026-08-06T23:18:37.779+0000] {logging_mixin.py:190} INFO - [2026-08-06T23:18:37.779+0000] {dagbag.py:588} INFO - Filling up the DagBag from /opt/airflow/dags/dag_extract_catalogs.py
[2026-08-06T23:18:37.785+0000] {processor.py:925} INFO - DAG(s) 'dag_extract_catalogs' retrieved from /opt/airflow/dags/dag_extract_catalogs.py
[2026-08-06T23:18:37.795+0000] {logging_mixin.py:190} INFO - [2026-08-06T23:18:37.795+0000] {dag.py:3239} INFO - Sync 1 DAGs
[2026-08-06T23:18:37.802+0000] {logging_mixin.py:190} INFO - [2026-08-06T23:18:37.802+0000] {dag.py:4180} INFO - Setting next_dagrun for dag_extract_catalogs to 2026-08-06 01:00:00+00:00, run_after=2026-08-07 01:00:00+00:00
[2026-08-06T23:18:37.807+0000] {processor.py:208} INFO - Processing /opt/airflow/dags/dag_extract_catalogs.py took 0.030 seconds
[2026-08-06T23:37:30.722+0000] {processor.py:186} INFO - Started process (PID=6268) to work on /opt/airflow/dags/dag_extract_catalogs.py
[2026-08-06T23:37:30.722+0000] {processor.py:914} INFO - Processing file /opt/airflow/dags/dag_extract_catalogs.py for tasks to queue
[2026-08-06T23:37:30.723+0000] {logging_mixin.py:190} INFO - [2026-08-06T23:37:30.723+0000] {dagbag.py:588} INFO - Filling up the DagBag from /opt/airflow/dags/dag_extract_catalogs.py
[2026-08-06T23:37:30.728+0000] {processor.py:925} INFO - DAG(s) 'dag_extract_catalogs' retrieved from /opt/airflow/dags/dag_extract_catalogs.py
[2026-08-06T23:37:30.737+0000] {logging_mixin.py:190} INFO - [2026-08-06T23:37:30.737+0000] {dag.py:3239} INFO - Sync 1 DAGs
[2026-08-06T23:37:30.745+0000] {logging_mixin.py:190} INFO - [2026-08-06T23:37:30.744+0000] {dag.py:4180} INFO - Setting next_dagrun for dag_extract_catalogs to 2026-08-06 01:00:00+00:00, run_after=2026-08-07 01:00:00+00:00
[2026-08-06T23:37:30.749+0000] {processor.py:208} INFO - Processing /opt/airflow/dags/dag_extract_catalogs.py took 0.030 seconds
[2026-08-06T23:53:00.357+0000] {processor.py:186} INFO - Started process (PID=6289) to work on /opt/airflow/dags/dag_extract_catalogs.py
[2026-08-06T23:53:00.357+0000] {processor.py:914} INFO - Processing file /opt/airflow/dags/dag_extract_catalogs.py for tasks to queue
[2026-08-06T23:53:00.359+0000] {logging_mixin.py:190} INFO - [2026-08-06T23:53:00.359+0000] {dagbag.py:588} INFO - Filling up the DagBag from /opt/airflow/dags/dag_extract_catalogs.py
[2026-08-06T23:53:00.365+0000] {processor.py:925} INFO - DAG(s) 'dag_extract_catalogs' retrieved from /opt/airflow/dags/dag_extract_catalogs.py
[2026-08-06T23:53:00.377+0000] {logging_mixin.py:190} INFO - [2026-08-06T23:53:00.377+0000] {dag.py:3239} INFO - Sync 1 DAGs
[2026-08-06T23:53:00.390+0000] {logging_mixin.py:190} INFO - [2026-08-06T23:53:00.390+0000] {dag.py:4180} INFO - Setting next_dagrun for dag_extract_catalogs to 2026-08-06 01:00:00+00:00, run_after=2026-08-07 01:00:00+00:00
[2026-08-06T23:53:00.400+0000] {processor.py:208} INFO - Processing /opt/airflow/dags/dag_extract_catalogs.py took 0.045 seconds
