[2026-08-04T04:02:51.444+0000] {local_task_job_runner.py:123} INFO - ::group::Pre task execution logs
[2026-08-04T04:02:51.623+0000] {taskinstance.py:2613} INFO - Dependencies all met for dep_context=non-requeueable deps ti=<TaskInstance: dag_transform_mart.transform_putevoy_rabota scheduled__2026-08-03T03:30:00+00:00 [queued]>
[2026-08-04T04:02:51.629+0000] {taskinstance.py:2613} INFO - Dependencies all met for dep_context=requeueable deps ti=<TaskInstance: dag_transform_mart.transform_putevoy_rabota scheduled__2026-08-03T03:30:00+00:00 [queued]>
[2026-08-04T04:02:51.629+0000] {taskinstance.py:2866} INFO - Starting attempt 2 of 3
[2026-08-04T04:02:51.682+0000] {taskinstance.py:2889} INFO - Executing <Task(PythonOperator): transform_putevoy_rabota> on 2026-08-03 03:30:00+00:00
[2026-08-04T04:02:51.687+0000] {standard_task_runner.py:72} INFO - Started process 3969 to run task
[2026-08-04T04:02:51.692+0000] {standard_task_runner.py:104} INFO - Running: ['***', 'tasks', 'run', 'dag_transform_mart', 'transform_putevoy_rabota', 'scheduled__2026-08-03T03:30:00+00:00', '--job-id', '2123', '--raw', '--subdir', 'DAGS_FOLDER/dag_transform_mart.py', '--cfg-path', '/tmp/tmpzer8euth']
[2026-08-04T04:02:51.695+0000] {standard_task_runner.py:105} INFO - Job 2123: Subtask transform_putevoy_rabota
[2026-08-04T04:02:51.730+0000] {task_command.py:467} INFO - Running <TaskInstance: dag_transform_mart.transform_putevoy_rabota scheduled__2026-08-03T03:30:00+00:00 [running]> on host ce016640a6d7
[2026-08-04T04:02:51.779+0000] {taskinstance.py:3132} INFO - Exporting env vars: AIRFLOW_CTX_DAG_OWNER='bi' AIRFLOW_CTX_DAG_ID='dag_transform_mart' AIRFLOW_CTX_TASK_ID='transform_putevoy_rabota' AIRFLOW_CTX_EXECUTION_DATE='2026-08-03T03:30:00+00:00' AIRFLOW_CTX_TRY_NUMBER='2' AIRFLOW_CTX_DAG_RUN_ID='scheduled__2026-08-03T03:30:00+00:00'
[2026-08-04T04:02:51.780+0000] {taskinstance.py:731} INFO - ::endgroup::
[2026-08-04T04:02:51.802+0000] {base.py:84} INFO - Retrieving connection 'postgres_dwh'
[2026-08-04T04:02:51.808+0000] {taskinstance.py:3311} ERROR - Task failed with exception
Traceback (most recent call last):
  File "/home/airflow/.local/lib/python3.11/site-packages/airflow/models/taskinstance.py", line 767, in _execute_task
    result = _execute_callable(context=context, **execute_callable_kwargs)
             ^^^^^^^^^^^^^^^^^^^^^^^^^^^^^^^^^^^^^^^^^^^^^^^^^^^^^^^^^^^^^
  File "/home/airflow/.local/lib/python3.11/site-packages/airflow/models/taskinstance.py", line 733, in _execute_callable
    return ExecutionCallableRunner(
           ^^^^^^^^^^^^^^^^^^^^^^^^
  File "/home/airflow/.local/lib/python3.11/site-packages/airflow/utils/operator_helpers.py", line 252, in run
    return self.func(*args, **kwargs)
           ^^^^^^^^^^^^^^^^^^^^^^^^^^
  File "/home/airflow/.local/lib/python3.11/site-packages/airflow/models/baseoperator.py", line 417, in wrapper
    return func(self, *args, **kwargs)
           ^^^^^^^^^^^^^^^^^^^^^^^^^^^
  File "/home/airflow/.local/lib/python3.11/site-packages/airflow/operators/python.py", line 238, in execute
    return_value = self.execute_callable()
                   ^^^^^^^^^^^^^^^^^^^^^^^
  File "/home/airflow/.local/lib/python3.11/site-packages/airflow/operators/python.py", line 256, in execute_callable
    return runner.run(*self.op_args, **self.op_kwargs)
           ^^^^^^^^^^^^^^^^^^^^^^^^^^^^^^^^^^^^^^^^^^^
  File "/home/airflow/.local/lib/python3.11/site-packages/airflow/utils/operator_helpers.py", line 252, in run
    return self.func(*args, **kwargs)
           ^^^^^^^^^^^^^^^^^^^^^^^^^^
  File "/opt/airflow/dags/dag_transform_mart.py", line 69, in _transform_putevoy
    def _transform_putevoy(**context): _run_sql(SQL_FACT_PUTEVOY, "fact_putevoy_rabota")
                                       ^^^^^^^^^^^^^^^^^^^^^^^^^^^^^^^^^^^^^^^^^^^^^^^^^
  File "/opt/airflow/dags/dag_transform_mart.py", line 63, in _run_sql
    cur.execute(sql)
psycopg2.errors.UndefinedTable: relation "raw.r1c_putevoy_list" does not exist
LINE 9: FROM raw.r1c_putevoy_list p
             ^

[2026-08-04T04:02:51.815+0000] {taskinstance.py:1225} INFO - Marking task as UP_FOR_RETRY. dag_id=dag_transform_mart, task_id=transform_putevoy_rabota, run_id=scheduled__2026-08-03T03:30:00+00:00, execution_date=20260803T033000, start_date=20260804T040251, end_date=20260804T040251
[2026-08-04T04:02:51.821+0000] {taskinstance.py:340} INFO - ::group::Post task execution logs
[2026-08-04T04:02:51.821+0000] {standard_task_runner.py:124} ERROR - Failed to execute job 2123 for task transform_putevoy_rabota (relation "raw.r1c_putevoy_list" does not exist
LINE 9: FROM raw.r1c_putevoy_list p
             ^
; 3969)
Traceback (most recent call last):
  File "/home/airflow/.local/lib/python3.11/site-packages/airflow/task/task_runner/standard_task_runner.py", line 117, in _start_by_fork
    ret = args.func(args, dag=self.dag)
          ^^^^^^^^^^^^^^^^^^^^^^^^^^^^^
  File "/home/airflow/.local/lib/python3.11/site-packages/airflow/cli/cli_config.py", line 49, in command
    return func(*args, **kwargs)
           ^^^^^^^^^^^^^^^^^^^^^
  File "/home/airflow/.local/lib/python3.11/site-packages/airflow/utils/cli.py", line 116, in wrapper
    return f(*args, **kwargs)
           ^^^^^^^^^^^^^^^^^^
  File "/home/airflow/.local/lib/python3.11/site-packages/airflow/cli/commands/task_command.py", line 483, in task_run
    task_return_code = _run_task_by_selected_method(args, _dag, ti)
                       ^^^^^^^^^^^^^^^^^^^^^^^^^^^^^^^^^^^^^^^^^^^^
  File "/home/airflow/.local/lib/python3.11/site-packages/airflow/cli/commands/task_command.py", line 256, in _run_task_by_selected_method
    return _run_raw_task(args, ti)
           ^^^^^^^^^^^^^^^^^^^^^^^
  File "/home/airflow/.local/lib/python3.11/site-packages/airflow/cli/commands/task_command.py", line 341, in _run_raw_task
    return ti._run_raw_task(
           ^^^^^^^^^^^^^^^^^
  File "/home/airflow/.local/lib/python3.11/site-packages/airflow/utils/session.py", line 97, in wrapper
    return func(*args, session=session, **kwargs)
           ^^^^^^^^^^^^^^^^^^^^^^^^^^^^^^^^^^^^^^
  File "/home/airflow/.local/lib/python3.11/site-packages/airflow/models/taskinstance.py", line 3005, in _run_raw_task
    return _run_raw_task(
           ^^^^^^^^^^^^^^
  File "/home/airflow/.local/lib/python3.11/site-packages/airflow/models/taskinstance.py", line 273, in _run_raw_task
    TaskInstance._execute_task_with_callbacks(
  File "/home/airflow/.local/lib/python3.11/site-packages/airflow/models/taskinstance.py", line 3159, in _execute_task_with_callbacks
    result = self._execute_task(context, task_orig)
             ^^^^^^^^^^^^^^^^^^^^^^^^^^^^^^^^^^^^^^
  File "/home/airflow/.local/lib/python3.11/site-packages/airflow/models/taskinstance.py", line 3183, in _execute_task
    return _execute_task(self, context, task_orig)
           ^^^^^^^^^^^^^^^^^^^^^^^^^^^^^^^^^^^^^^^
  File "/home/airflow/.local/lib/python3.11/site-packages/airflow/models/taskinstance.py", line 767, in _execute_task
    result = _execute_callable(context=context, **execute_callable_kwargs)
             ^^^^^^^^^^^^^^^^^^^^^^^^^^^^^^^^^^^^^^^^^^^^^^^^^^^^^^^^^^^^^
  File "/home/airflow/.local/lib/python3.11/site-packages/airflow/models/taskinstance.py", line 733, in _execute_callable
    return ExecutionCallableRunner(
           ^^^^^^^^^^^^^^^^^^^^^^^^
  File "/home/airflow/.local/lib/python3.11/site-packages/airflow/utils/operator_helpers.py", line 252, in run
    return self.func(*args, **kwargs)
           ^^^^^^^^^^^^^^^^^^^^^^^^^^
  File "/home/airflow/.local/lib/python3.11/site-packages/airflow/models/baseoperator.py", line 417, in wrapper
    return func(self, *args, **kwargs)
           ^^^^^^^^^^^^^^^^^^^^^^^^^^^
  File "/home/airflow/.local/lib/python3.11/site-packages/airflow/operators/python.py", line 238, in execute
    return_value = self.execute_callable()
                   ^^^^^^^^^^^^^^^^^^^^^^^
  File "/home/airflow/.local/lib/python3.11/site-packages/airflow/operators/python.py", line 256, in execute_callable
    return runner.run(*self.op_args, **self.op_kwargs)
           ^^^^^^^^^^^^^^^^^^^^^^^^^^^^^^^^^^^^^^^^^^^
  File "/home/airflow/.local/lib/python3.11/site-packages/airflow/utils/operator_helpers.py", line 252, in run
    return self.func(*args, **kwargs)
           ^^^^^^^^^^^^^^^^^^^^^^^^^^
  File "/opt/airflow/dags/dag_transform_mart.py", line 69, in _transform_putevoy
    def _transform_putevoy(**context): _run_sql(SQL_FACT_PUTEVOY, "fact_putevoy_rabota")
                                       ^^^^^^^^^^^^^^^^^^^^^^^^^^^^^^^^^^^^^^^^^^^^^^^^^
  File "/opt/airflow/dags/dag_transform_mart.py", line 63, in _run_sql
    cur.execute(sql)
psycopg2.errors.UndefinedTable: relation "raw.r1c_putevoy_list" does not exist
LINE 9: FROM raw.r1c_putevoy_list p
             ^

[2026-08-04T04:02:51.834+0000] {local_task_job_runner.py:266} INFO - Task exited with return code 1
[2026-08-04T04:02:51.842+0000] {local_task_job_runner.py:245} INFO - ::endgroup::
