[2026-08-07T00:24:29.969+0000] {processor.py:186} INFO - Started process (PID=6299) to work on /opt/airflow/dags/dag_transform_mart.py
[2026-08-07T00:24:29.970+0000] {processor.py:914} INFO - Processing file /opt/airflow/dags/dag_transform_mart.py for tasks to queue
[2026-08-07T00:24:29.971+0000] {logging_mixin.py:190} INFO - [2026-08-07T00:24:29.971+0000] {dagbag.py:588} INFO - Filling up the DagBag from /opt/airflow/dags/dag_transform_mart.py
[2026-08-07T00:24:29.978+0000] {processor.py:925} INFO - DAG(s) 'dag_transform_mart' retrieved from /opt/airflow/dags/dag_transform_mart.py
[2026-08-07T00:24:29.995+0000] {logging_mixin.py:190} INFO - [2026-08-07T00:24:29.995+0000] {dag.py:3239} INFO - Sync 1 DAGs
[2026-08-07T00:24:30.005+0000] {logging_mixin.py:190} INFO - [2026-08-07T00:24:30.005+0000] {dag.py:4180} INFO - Setting next_dagrun for dag_transform_mart to 2026-08-06 03:30:00+00:00, run_after=2026-08-07 03:30:00+00:00
[2026-08-07T00:24:30.012+0000] {processor.py:208} INFO - Processing /opt/airflow/dags/dag_transform_mart.py took 0.047 seconds
[2026-08-07T00:56:27.566+0000] {processor.py:186} INFO - Started process (PID=6319) to work on /opt/airflow/dags/dag_transform_mart.py
[2026-08-07T00:56:27.567+0000] {processor.py:914} INFO - Processing file /opt/airflow/dags/dag_transform_mart.py for tasks to queue
[2026-08-07T00:56:27.568+0000] {logging_mixin.py:190} INFO - [2026-08-07T00:56:27.568+0000] {dagbag.py:588} INFO - Filling up the DagBag from /opt/airflow/dags/dag_transform_mart.py
[2026-08-07T00:56:27.574+0000] {processor.py:925} INFO - DAG(s) 'dag_transform_mart' retrieved from /opt/airflow/dags/dag_transform_mart.py
[2026-08-07T00:56:27.588+0000] {logging_mixin.py:190} INFO - [2026-08-07T00:56:27.588+0000] {dag.py:3239} INFO - Sync 1 DAGs
[2026-08-07T00:56:27.598+0000] {logging_mixin.py:190} INFO - [2026-08-07T00:56:27.598+0000] {dag.py:4180} INFO - Setting next_dagrun for dag_transform_mart to 2026-08-06 03:30:00+00:00, run_after=2026-08-07 03:30:00+00:00
[2026-08-07T00:56:27.607+0000] {processor.py:208} INFO - Processing /opt/airflow/dags/dag_transform_mart.py took 0.045 seconds
[2026-08-07T01:45:41.199+0000] {processor.py:186} INFO - Started process (PID=6339) to work on /opt/airflow/dags/dag_transform_mart.py
[2026-08-07T01:45:41.200+0000] {processor.py:914} INFO - Processing file /opt/airflow/dags/dag_transform_mart.py for tasks to queue
[2026-08-07T01:45:41.201+0000] {logging_mixin.py:190} INFO - [2026-08-07T01:45:41.201+0000] {dagbag.py:588} INFO - Filling up the DagBag from /opt/airflow/dags/dag_transform_mart.py
[2026-08-07T01:45:41.209+0000] {processor.py:925} INFO - DAG(s) 'dag_transform_mart' retrieved from /opt/airflow/dags/dag_transform_mart.py
[2026-08-07T01:45:41.227+0000] {logging_mixin.py:190} INFO - [2026-08-07T01:45:41.227+0000] {dag.py:3239} INFO - Sync 1 DAGs
[2026-08-07T01:45:41.238+0000] {logging_mixin.py:190} INFO - [2026-08-07T01:45:41.238+0000] {dag.py:4180} INFO - Setting next_dagrun for dag_transform_mart to 2026-08-06 03:30:00+00:00, run_after=2026-08-07 03:30:00+00:00
[2026-08-07T01:45:41.255+0000] {processor.py:208} INFO - Processing /opt/airflow/dags/dag_transform_mart.py took 0.060 seconds
[2026-08-07T02:18:35.033+0000] {processor.py:186} INFO - Started process (PID=6371) to work on /opt/airflow/dags/dag_transform_mart.py
[2026-08-07T02:18:35.034+0000] {processor.py:914} INFO - Processing file /opt/airflow/dags/dag_transform_mart.py for tasks to queue
[2026-08-07T02:18:35.035+0000] {logging_mixin.py:190} INFO - [2026-08-07T02:18:35.035+0000] {dagbag.py:588} INFO - Filling up the DagBag from /opt/airflow/dags/dag_transform_mart.py
[2026-08-07T02:18:35.044+0000] {processor.py:925} INFO - DAG(s) 'dag_transform_mart' retrieved from /opt/airflow/dags/dag_transform_mart.py
[2026-08-07T02:18:35.059+0000] {logging_mixin.py:190} INFO - [2026-08-07T02:18:35.058+0000] {dag.py:3239} INFO - Sync 1 DAGs
[2026-08-07T02:18:35.070+0000] {logging_mixin.py:190} INFO - [2026-08-07T02:18:35.070+0000] {dag.py:4180} INFO - Setting next_dagrun for dag_transform_mart to 2026-08-06 03:30:00+00:00, run_after=2026-08-07 03:30:00+00:00
[2026-08-07T02:18:35.076+0000] {processor.py:208} INFO - Processing /opt/airflow/dags/dag_transform_mart.py took 0.048 seconds
[2026-08-07T02:35:48.754+0000] {processor.py:186} INFO - Started process (PID=6394) to work on /opt/airflow/dags/dag_transform_mart.py
[2026-08-07T02:35:48.755+0000] {processor.py:914} INFO - Processing file /opt/airflow/dags/dag_transform_mart.py for tasks to queue
[2026-08-07T02:35:48.758+0000] {logging_mixin.py:190} INFO - [2026-08-07T02:35:48.758+0000] {dagbag.py:588} INFO - Filling up the DagBag from /opt/airflow/dags/dag_transform_mart.py
[2026-08-07T02:35:48.768+0000] {processor.py:925} INFO - DAG(s) 'dag_transform_mart' retrieved from /opt/airflow/dags/dag_transform_mart.py
[2026-08-07T02:35:48.788+0000] {logging_mixin.py:190} INFO - [2026-08-07T02:35:48.787+0000] {dag.py:3239} INFO - Sync 1 DAGs
[2026-08-07T02:35:48.804+0000] {logging_mixin.py:190} INFO - [2026-08-07T02:35:48.804+0000] {dag.py:4180} INFO - Setting next_dagrun for dag_transform_mart to 2026-08-06 03:30:00+00:00, run_after=2026-08-07 03:30:00+00:00
[2026-08-07T02:35:48.815+0000] {processor.py:208} INFO - Processing /opt/airflow/dags/dag_transform_mart.py took 0.066 seconds
[2026-08-07T02:52:26.920+0000] {processor.py:186} INFO - Started process (PID=6426) to work on /opt/airflow/dags/dag_transform_mart.py
[2026-08-07T02:52:26.921+0000] {processor.py:914} INFO - Processing file /opt/airflow/dags/dag_transform_mart.py for tasks to queue
[2026-08-07T02:52:26.921+0000] {logging_mixin.py:190} INFO - [2026-08-07T02:52:26.921+0000] {dagbag.py:588} INFO - Filling up the DagBag from /opt/airflow/dags/dag_transform_mart.py
[2026-08-07T02:52:26.928+0000] {processor.py:925} INFO - DAG(s) 'dag_transform_mart' retrieved from /opt/airflow/dags/dag_transform_mart.py
[2026-08-07T02:52:26.943+0000] {logging_mixin.py:190} INFO - [2026-08-07T02:52:26.943+0000] {dag.py:3239} INFO - Sync 1 DAGs
[2026-08-07T02:52:26.952+0000] {logging_mixin.py:190} INFO - [2026-08-07T02:52:26.952+0000] {dag.py:4180} INFO - Setting next_dagrun for dag_transform_mart to 2026-08-06 03:30:00+00:00, run_after=2026-08-07 03:30:00+00:00
[2026-08-07T02:52:26.957+0000] {processor.py:208} INFO - Processing /opt/airflow/dags/dag_transform_mart.py took 0.042 seconds
[2026-08-07T03:08:09.869+0000] {processor.py:186} INFO - Started process (PID=6452) to work on /opt/airflow/dags/dag_transform_mart.py
[2026-08-07T03:08:09.869+0000] {processor.py:914} INFO - Processing file /opt/airflow/dags/dag_transform_mart.py for tasks to queue
[2026-08-07T03:08:09.870+0000] {logging_mixin.py:190} INFO - [2026-08-07T03:08:09.870+0000] {dagbag.py:588} INFO - Filling up the DagBag from /opt/airflow/dags/dag_transform_mart.py
[2026-08-07T03:08:09.876+0000] {processor.py:925} INFO - DAG(s) 'dag_transform_mart' retrieved from /opt/airflow/dags/dag_transform_mart.py
[2026-08-07T03:08:09.887+0000] {logging_mixin.py:190} INFO - [2026-08-07T03:08:09.887+0000] {dag.py:3239} INFO - Sync 1 DAGs
[2026-08-07T03:08:09.898+0000] {logging_mixin.py:190} INFO - [2026-08-07T03:08:09.898+0000] {dag.py:4180} INFO - Setting next_dagrun for dag_transform_mart to 2026-08-06 03:30:00+00:00, run_after=2026-08-07 03:30:00+00:00
[2026-08-07T03:08:09.903+0000] {processor.py:208} INFO - Processing /opt/airflow/dags/dag_transform_mart.py took 0.038 seconds
[2026-08-07T03:16:26.534+0000] {processor.py:186} INFO - Started process (PID=6475) to work on /opt/airflow/dags/dag_transform_mart.py
[2026-08-07T03:16:26.535+0000] {processor.py:914} INFO - Processing file /opt/airflow/dags/dag_transform_mart.py for tasks to queue
[2026-08-07T03:16:26.536+0000] {logging_mixin.py:190} INFO - [2026-08-07T03:16:26.535+0000] {dagbag.py:588} INFO - Filling up the DagBag from /opt/airflow/dags/dag_transform_mart.py
[2026-08-07T03:16:26.547+0000] {processor.py:925} INFO - DAG(s) 'dag_transform_mart' retrieved from /opt/airflow/dags/dag_transform_mart.py
[2026-08-07T03:16:26.563+0000] {logging_mixin.py:190} INFO - [2026-08-07T03:16:26.563+0000] {dag.py:3239} INFO - Sync 1 DAGs
[2026-08-07T03:16:26.575+0000] {logging_mixin.py:190} INFO - [2026-08-07T03:16:26.575+0000] {dag.py:4180} INFO - Setting next_dagrun for dag_transform_mart to 2026-08-06 03:30:00+00:00, run_after=2026-08-07 03:30:00+00:00
[2026-08-07T03:16:26.581+0000] {processor.py:208} INFO - Processing /opt/airflow/dags/dag_transform_mart.py took 0.053 seconds
[2026-08-07T03:32:40.154+0000] {processor.py:186} INFO - Started process (PID=6516) to work on /opt/airflow/dags/dag_transform_mart.py
[2026-08-07T03:32:40.158+0000] {processor.py:914} INFO - Processing file /opt/airflow/dags/dag_transform_mart.py for tasks to queue
[2026-08-07T03:32:40.160+0000] {logging_mixin.py:190} INFO - [2026-08-07T03:32:40.159+0000] {dagbag.py:588} INFO - Filling up the DagBag from /opt/airflow/dags/dag_transform_mart.py
[2026-08-07T03:32:40.184+0000] {processor.py:925} INFO - DAG(s) 'dag_transform_mart' retrieved from /opt/airflow/dags/dag_transform_mart.py
[2026-08-07T03:32:40.225+0000] {logging_mixin.py:190} INFO - [2026-08-07T03:32:40.225+0000] {dag.py:3239} INFO - Sync 1 DAGs
[2026-08-07T03:32:40.251+0000] {processor.py:208} INFO - Processing /opt/airflow/dags/dag_transform_mart.py took 0.111 seconds
[2026-08-07T04:22:06.587+0000] {processor.py:186} INFO - Started process (PID=6536) to work on /opt/airflow/dags/dag_transform_mart.py
[2026-08-07T04:22:06.588+0000] {processor.py:914} INFO - Processing file /opt/airflow/dags/dag_transform_mart.py for tasks to queue
[2026-08-07T04:22:06.589+0000] {logging_mixin.py:190} INFO - [2026-08-07T04:22:06.589+0000] {dagbag.py:588} INFO - Filling up the DagBag from /opt/airflow/dags/dag_transform_mart.py
[2026-08-07T04:22:06.600+0000] {processor.py:925} INFO - DAG(s) 'dag_transform_mart' retrieved from /opt/airflow/dags/dag_transform_mart.py
[2026-08-07T04:22:06.616+0000] {logging_mixin.py:190} INFO - [2026-08-07T04:22:06.616+0000] {dag.py:3239} INFO - Sync 1 DAGs
[2026-08-07T04:22:06.635+0000] {processor.py:208} INFO - Processing /opt/airflow/dags/dag_transform_mart.py took 0.055 seconds
[2026-08-07T05:32:44.358+0000] {processor.py:186} INFO - Started process (PID=6583) to work on /opt/airflow/dags/dag_transform_mart.py
[2026-08-07T05:32:44.359+0000] {processor.py:914} INFO - Processing file /opt/airflow/dags/dag_transform_mart.py for tasks to queue
[2026-08-07T05:32:44.360+0000] {logging_mixin.py:190} INFO - [2026-08-07T05:32:44.360+0000] {dagbag.py:588} INFO - Filling up the DagBag from /opt/airflow/dags/dag_transform_mart.py
[2026-08-07T05:32:44.369+0000] {processor.py:925} INFO - DAG(s) 'dag_transform_mart' retrieved from /opt/airflow/dags/dag_transform_mart.py
[2026-08-07T05:32:44.569+0000] {logging_mixin.py:190} INFO - [2026-08-07T05:32:44.568+0000] {dag.py:3239} INFO - Sync 1 DAGs
[2026-08-07T05:32:44.617+0000] {processor.py:208} INFO - Processing /opt/airflow/dags/dag_transform_mart.py took 0.264 seconds
[2026-08-07T06:18:01.108+0000] {processor.py:186} INFO - Started process (PID=6603) to work on /opt/airflow/dags/dag_transform_mart.py
[2026-08-07T06:18:01.108+0000] {processor.py:914} INFO - Processing file /opt/airflow/dags/dag_transform_mart.py for tasks to queue
[2026-08-07T06:18:01.110+0000] {logging_mixin.py:190} INFO - [2026-08-07T06:18:01.109+0000] {dagbag.py:588} INFO - Filling up the DagBag from /opt/airflow/dags/dag_transform_mart.py
[2026-08-07T06:18:01.117+0000] {processor.py:925} INFO - DAG(s) 'dag_transform_mart' retrieved from /opt/airflow/dags/dag_transform_mart.py
[2026-08-07T06:18:01.132+0000] {logging_mixin.py:190} INFO - [2026-08-07T06:18:01.132+0000] {dag.py:3239} INFO - Sync 1 DAGs
[2026-08-07T06:18:01.142+0000] {logging_mixin.py:190} INFO - [2026-08-07T06:18:01.142+0000] {dag.py:4180} INFO - Setting next_dagrun for dag_transform_mart to 2026-08-07 03:30:00+00:00, run_after=2026-08-08 03:30:00+00:00
[2026-08-07T06:18:01.151+0000] {processor.py:208} INFO - Processing /opt/airflow/dags/dag_transform_mart.py took 0.047 seconds
[2026-08-07T07:19:00.310+0000] {processor.py:186} INFO - Started process (PID=6623) to work on /opt/airflow/dags/dag_transform_mart.py
[2026-08-07T07:19:00.311+0000] {processor.py:914} INFO - Processing file /opt/airflow/dags/dag_transform_mart.py for tasks to queue
[2026-08-07T07:19:00.312+0000] {logging_mixin.py:190} INFO - [2026-08-07T07:19:00.312+0000] {dagbag.py:588} INFO - Filling up the DagBag from /opt/airflow/dags/dag_transform_mart.py
[2026-08-07T07:19:00.322+0000] {processor.py:925} INFO - DAG(s) 'dag_transform_mart' retrieved from /opt/airflow/dags/dag_transform_mart.py
[2026-08-07T07:19:00.347+0000] {logging_mixin.py:190} INFO - [2026-08-07T07:19:00.347+0000] {dag.py:3239} INFO - Sync 1 DAGs
[2026-08-07T07:19:00.359+0000] {logging_mixin.py:190} INFO - [2026-08-07T07:19:00.359+0000] {dag.py:4180} INFO - Setting next_dagrun for dag_transform_mart to 2026-08-07 03:30:00+00:00, run_after=2026-08-08 03:30:00+00:00
[2026-08-07T07:19:00.367+0000] {processor.py:208} INFO - Processing /opt/airflow/dags/dag_transform_mart.py took 0.063 seconds
[2026-08-07T07:36:49.975+0000] {processor.py:186} INFO - Started process (PID=6646) to work on /opt/airflow/dags/dag_transform_mart.py
[2026-08-07T07:36:49.976+0000] {processor.py:914} INFO - Processing file /opt/airflow/dags/dag_transform_mart.py for tasks to queue
[2026-08-07T07:36:49.977+0000] {logging_mixin.py:190} INFO - [2026-08-07T07:36:49.977+0000] {dagbag.py:588} INFO - Filling up the DagBag from /opt/airflow/dags/dag_transform_mart.py
[2026-08-07T07:36:49.987+0000] {processor.py:925} INFO - DAG(s) 'dag_transform_mart' retrieved from /opt/airflow/dags/dag_transform_mart.py
[2026-08-07T07:36:50.004+0000] {logging_mixin.py:190} INFO - [2026-08-07T07:36:50.004+0000] {dag.py:3239} INFO - Sync 1 DAGs
[2026-08-07T07:36:50.016+0000] {logging_mixin.py:190} INFO - [2026-08-07T07:36:50.016+0000] {dag.py:4180} INFO - Setting next_dagrun for dag_transform_mart to 2026-08-07 03:30:00+00:00, run_after=2026-08-08 03:30:00+00:00
[2026-08-07T07:36:50.023+0000] {processor.py:208} INFO - Processing /opt/airflow/dags/dag_transform_mart.py took 0.056 seconds
[2026-08-07T08:08:05.295+0000] {processor.py:186} INFO - Started process (PID=6672) to work on /opt/airflow/dags/dag_transform_mart.py
[2026-08-07T08:08:05.295+0000] {processor.py:914} INFO - Processing file /opt/airflow/dags/dag_transform_mart.py for tasks to queue
[2026-08-07T08:08:05.296+0000] {logging_mixin.py:190} INFO - [2026-08-07T08:08:05.296+0000] {dagbag.py:588} INFO - Filling up the DagBag from /opt/airflow/dags/dag_transform_mart.py
[2026-08-07T08:08:05.304+0000] {processor.py:925} INFO - DAG(s) 'dag_transform_mart' retrieved from /opt/airflow/dags/dag_transform_mart.py
[2026-08-07T08:08:05.316+0000] {logging_mixin.py:190} INFO - [2026-08-07T08:08:05.316+0000] {dag.py:3239} INFO - Sync 1 DAGs
[2026-08-07T08:08:05.325+0000] {logging_mixin.py:190} INFO - [2026-08-07T08:08:05.325+0000] {dag.py:4180} INFO - Setting next_dagrun for dag_transform_mart to 2026-08-07 03:30:00+00:00, run_after=2026-08-08 03:30:00+00:00
[2026-08-07T08:08:05.331+0000] {processor.py:208} INFO - Processing /opt/airflow/dags/dag_transform_mart.py took 0.040 seconds
[2026-08-07T08:35:29.014+0000] {processor.py:186} INFO - Started process (PID=6692) to work on /opt/airflow/dags/dag_transform_mart.py
[2026-08-07T08:35:29.015+0000] {processor.py:914} INFO - Processing file /opt/airflow/dags/dag_transform_mart.py for tasks to queue
[2026-08-07T08:35:29.016+0000] {logging_mixin.py:190} INFO - [2026-08-07T08:35:29.016+0000] {dagbag.py:588} INFO - Filling up the DagBag from /opt/airflow/dags/dag_transform_mart.py
[2026-08-07T08:35:29.024+0000] {processor.py:925} INFO - DAG(s) 'dag_transform_mart' retrieved from /opt/airflow/dags/dag_transform_mart.py
[2026-08-07T08:35:29.040+0000] {logging_mixin.py:190} INFO - [2026-08-07T08:35:29.040+0000] {dag.py:3239} INFO - Sync 1 DAGs
[2026-08-07T08:35:29.051+0000] {logging_mixin.py:190} INFO - [2026-08-07T08:35:29.051+0000] {dag.py:4180} INFO - Setting next_dagrun for dag_transform_mart to 2026-08-07 03:30:00+00:00, run_after=2026-08-08 03:30:00+00:00
[2026-08-07T08:35:29.176+0000] {processor.py:208} INFO - Processing /opt/airflow/dags/dag_transform_mart.py took 0.167 seconds
[2026-08-07T09:21:01.293+0000] {processor.py:186} INFO - Started process (PID=6712) to work on /opt/airflow/dags/dag_transform_mart.py
[2026-08-07T09:21:01.294+0000] {processor.py:914} INFO - Processing file /opt/airflow/dags/dag_transform_mart.py for tasks to queue
[2026-08-07T09:21:01.295+0000] {logging_mixin.py:190} INFO - [2026-08-07T09:21:01.295+0000] {dagbag.py:588} INFO - Filling up the DagBag from /opt/airflow/dags/dag_transform_mart.py
[2026-08-07T09:21:01.310+0000] {processor.py:925} INFO - DAG(s) 'dag_transform_mart' retrieved from /opt/airflow/dags/dag_transform_mart.py
[2026-08-07T09:21:01.328+0000] {logging_mixin.py:190} INFO - [2026-08-07T09:21:01.328+0000] {dag.py:3239} INFO - Sync 1 DAGs
[2026-08-07T09:21:01.345+0000] {logging_mixin.py:190} INFO - [2026-08-07T09:21:01.345+0000] {dag.py:4180} INFO - Setting next_dagrun for dag_transform_mart to 2026-08-07 03:30:00+00:00, run_after=2026-08-08 03:30:00+00:00
[2026-08-07T09:21:01.354+0000] {processor.py:208} INFO - Processing /opt/airflow/dags/dag_transform_mart.py took 0.067 seconds
[2026-08-07T10:39:18.860+0000] {processor.py:186} INFO - Started process (PID=6738) to work on /opt/airflow/dags/dag_transform_mart.py
[2026-08-07T10:39:18.861+0000] {processor.py:914} INFO - Processing file /opt/airflow/dags/dag_transform_mart.py for tasks to queue
[2026-08-07T10:39:18.861+0000] {logging_mixin.py:190} INFO - [2026-08-07T10:39:18.861+0000] {dagbag.py:588} INFO - Filling up the DagBag from /opt/airflow/dags/dag_transform_mart.py
[2026-08-07T10:39:18.867+0000] {processor.py:925} INFO - DAG(s) 'dag_transform_mart' retrieved from /opt/airflow/dags/dag_transform_mart.py
[2026-08-07T10:39:18.881+0000] {logging_mixin.py:190} INFO - [2026-08-07T10:39:18.881+0000] {dag.py:3239} INFO - Sync 1 DAGs
[2026-08-07T10:39:18.892+0000] {logging_mixin.py:190} INFO - [2026-08-07T10:39:18.892+0000] {dag.py:4180} INFO - Setting next_dagrun for dag_transform_mart to 2026-08-07 03:30:00+00:00, run_after=2026-08-08 03:30:00+00:00
[2026-08-07T10:39:18.900+0000] {processor.py:208} INFO - Processing /opt/airflow/dags/dag_transform_mart.py took 0.043 seconds
[2026-08-07T11:14:13.705+0000] {processor.py:186} INFO - Started process (PID=6761) to work on /opt/airflow/dags/dag_transform_mart.py
[2026-08-07T11:14:13.705+0000] {processor.py:914} INFO - Processing file /opt/airflow/dags/dag_transform_mart.py for tasks to queue
[2026-08-07T11:14:13.706+0000] {logging_mixin.py:190} INFO - [2026-08-07T11:14:13.706+0000] {dagbag.py:588} INFO - Filling up the DagBag from /opt/airflow/dags/dag_transform_mart.py
[2026-08-07T11:14:13.714+0000] {processor.py:925} INFO - DAG(s) 'dag_transform_mart' retrieved from /opt/airflow/dags/dag_transform_mart.py
[2026-08-07T11:14:13.728+0000] {logging_mixin.py:190} INFO - [2026-08-07T11:14:13.728+0000] {dag.py:3239} INFO - Sync 1 DAGs
[2026-08-07T11:14:13.739+0000] {logging_mixin.py:190} INFO - [2026-08-07T11:14:13.739+0000] {dag.py:4180} INFO - Setting next_dagrun for dag_transform_mart to 2026-08-07 03:30:00+00:00, run_after=2026-08-08 03:30:00+00:00
[2026-08-07T11:14:13.849+0000] {processor.py:208} INFO - Processing /opt/airflow/dags/dag_transform_mart.py took 0.148 seconds
[2026-08-07T11:16:14.921+0000] {processor.py:186} INFO - Started process (PID=6781) to work on /opt/airflow/dags/dag_transform_mart.py
[2026-08-07T11:16:14.923+0000] {processor.py:914} INFO - Processing file /opt/airflow/dags/dag_transform_mart.py for tasks to queue
[2026-08-07T11:16:14.924+0000] {logging_mixin.py:190} INFO - [2026-08-07T11:16:14.924+0000] {dagbag.py:588} INFO - Filling up the DagBag from /opt/airflow/dags/dag_transform_mart.py
[2026-08-07T11:16:14.933+0000] {processor.py:925} INFO - DAG(s) 'dag_transform_mart' retrieved from /opt/airflow/dags/dag_transform_mart.py
[2026-08-07T11:16:14.950+0000] {logging_mixin.py:190} INFO - [2026-08-07T11:16:14.950+0000] {dag.py:3239} INFO - Sync 1 DAGs
[2026-08-07T11:16:14.962+0000] {logging_mixin.py:190} INFO - [2026-08-07T11:16:14.962+0000] {dag.py:4180} INFO - Setting next_dagrun for dag_transform_mart to 2026-08-07 03:30:00+00:00, run_after=2026-08-08 03:30:00+00:00
[2026-08-07T11:16:14.971+0000] {processor.py:208} INFO - Processing /opt/airflow/dags/dag_transform_mart.py took 0.057 seconds
[2026-08-07T11:39:21.868+0000] {processor.py:186} INFO - Started process (PID=6804) to work on /opt/airflow/dags/dag_transform_mart.py
[2026-08-07T11:39:21.869+0000] {processor.py:914} INFO - Processing file /opt/airflow/dags/dag_transform_mart.py for tasks to queue
[2026-08-07T11:39:21.869+0000] {logging_mixin.py:190} INFO - [2026-08-07T11:39:21.869+0000] {dagbag.py:588} INFO - Filling up the DagBag from /opt/airflow/dags/dag_transform_mart.py
[2026-08-07T11:39:21.875+0000] {processor.py:925} INFO - DAG(s) 'dag_transform_mart' retrieved from /opt/airflow/dags/dag_transform_mart.py
[2026-08-07T11:39:21.891+0000] {logging_mixin.py:190} INFO - [2026-08-07T11:39:21.891+0000] {dag.py:3239} INFO - Sync 1 DAGs
[2026-08-07T11:39:21.901+0000] {logging_mixin.py:190} INFO - [2026-08-07T11:39:21.901+0000] {dag.py:4180} INFO - Setting next_dagrun for dag_transform_mart to 2026-08-07 03:30:00+00:00, run_after=2026-08-08 03:30:00+00:00
[2026-08-07T11:39:21.909+0000] {processor.py:208} INFO - Processing /opt/airflow/dags/dag_transform_mart.py took 0.044 seconds
[2026-08-07T12:24:08.003+0000] {processor.py:186} INFO - Started process (PID=6827) to work on /opt/airflow/dags/dag_transform_mart.py
[2026-08-07T12:24:08.004+0000] {processor.py:914} INFO - Processing file /opt/airflow/dags/dag_transform_mart.py for tasks to queue
[2026-08-07T12:24:08.005+0000] {logging_mixin.py:190} INFO - [2026-08-07T12:24:08.005+0000] {dagbag.py:588} INFO - Filling up the DagBag from /opt/airflow/dags/dag_transform_mart.py
[2026-08-07T12:24:08.015+0000] {processor.py:925} INFO - DAG(s) 'dag_transform_mart' retrieved from /opt/airflow/dags/dag_transform_mart.py
[2026-08-07T12:24:08.031+0000] {logging_mixin.py:190} INFO - [2026-08-07T12:24:08.030+0000] {dag.py:3239} INFO - Sync 1 DAGs
[2026-08-07T12:24:08.049+0000] {logging_mixin.py:190} INFO - [2026-08-07T12:24:08.049+0000] {dag.py:4180} INFO - Setting next_dagrun for dag_transform_mart to 2026-08-07 03:30:00+00:00, run_after=2026-08-08 03:30:00+00:00
[2026-08-07T12:24:08.123+0000] {processor.py:208} INFO - Processing /opt/airflow/dags/dag_transform_mart.py took 0.126 seconds
[2026-08-07T12:57:15.597+0000] {processor.py:186} INFO - Started process (PID=6847) to work on /opt/airflow/dags/dag_transform_mart.py
[2026-08-07T12:57:15.598+0000] {processor.py:914} INFO - Processing file /opt/airflow/dags/dag_transform_mart.py for tasks to queue
[2026-08-07T12:57:15.598+0000] {logging_mixin.py:190} INFO - [2026-08-07T12:57:15.598+0000] {dagbag.py:588} INFO - Filling up the DagBag from /opt/airflow/dags/dag_transform_mart.py
[2026-08-07T12:57:15.606+0000] {processor.py:925} INFO - DAG(s) 'dag_transform_mart' retrieved from /opt/airflow/dags/dag_transform_mart.py
[2026-08-07T12:57:15.621+0000] {logging_mixin.py:190} INFO - [2026-08-07T12:57:15.621+0000] {dag.py:3239} INFO - Sync 1 DAGs
[2026-08-07T12:57:15.632+0000] {logging_mixin.py:190} INFO - [2026-08-07T12:57:15.632+0000] {dag.py:4180} INFO - Setting next_dagrun for dag_transform_mart to 2026-08-07 03:30:00+00:00, run_after=2026-08-08 03:30:00+00:00
[2026-08-07T12:57:15.642+0000] {processor.py:208} INFO - Processing /opt/airflow/dags/dag_transform_mart.py took 0.049 seconds
[2026-08-07T13:41:02.938+0000] {processor.py:186} INFO - Started process (PID=6870) to work on /opt/airflow/dags/dag_transform_mart.py
[2026-08-07T13:41:02.938+0000] {processor.py:914} INFO - Processing file /opt/airflow/dags/dag_transform_mart.py for tasks to queue
[2026-08-07T13:41:02.939+0000] {logging_mixin.py:190} INFO - [2026-08-07T13:41:02.939+0000] {dagbag.py:588} INFO - Filling up the DagBag from /opt/airflow/dags/dag_transform_mart.py
[2026-08-07T13:41:02.948+0000] {processor.py:925} INFO - DAG(s) 'dag_transform_mart' retrieved from /opt/airflow/dags/dag_transform_mart.py
[2026-08-07T13:41:02.965+0000] {logging_mixin.py:190} INFO - [2026-08-07T13:41:02.965+0000] {dag.py:3239} INFO - Sync 1 DAGs
[2026-08-07T13:41:02.977+0000] {logging_mixin.py:190} INFO - [2026-08-07T13:41:02.977+0000] {dag.py:4180} INFO - Setting next_dagrun for dag_transform_mart to 2026-08-07 03:30:00+00:00, run_after=2026-08-08 03:30:00+00:00
[2026-08-07T13:41:02.986+0000] {processor.py:208} INFO - Processing /opt/airflow/dags/dag_transform_mart.py took 0.053 seconds
[2026-08-07T14:12:59.992+0000] {processor.py:186} INFO - Started process (PID=6893) to work on /opt/airflow/dags/dag_transform_mart.py
[2026-08-07T14:12:59.993+0000] {processor.py:914} INFO - Processing file /opt/airflow/dags/dag_transform_mart.py for tasks to queue
[2026-08-07T14:12:59.994+0000] {logging_mixin.py:190} INFO - [2026-08-07T14:12:59.994+0000] {dagbag.py:588} INFO - Filling up the DagBag from /opt/airflow/dags/dag_transform_mart.py
[2026-08-07T14:13:00.003+0000] {processor.py:925} INFO - DAG(s) 'dag_transform_mart' retrieved from /opt/airflow/dags/dag_transform_mart.py
[2026-08-07T14:13:00.021+0000] {logging_mixin.py:190} INFO - [2026-08-07T14:13:00.021+0000] {dag.py:3239} INFO - Sync 1 DAGs
[2026-08-07T14:13:00.033+0000] {logging_mixin.py:190} INFO - [2026-08-07T14:13:00.033+0000] {dag.py:4180} INFO - Setting next_dagrun for dag_transform_mart to 2026-08-07 03:30:00+00:00, run_after=2026-08-08 03:30:00+00:00
[2026-08-07T14:13:00.118+0000] {processor.py:208} INFO - Processing /opt/airflow/dags/dag_transform_mart.py took 0.130 seconds
[2026-08-07T14:59:43.357+0000] {processor.py:186} INFO - Started process (PID=6916) to work on /opt/airflow/dags/dag_transform_mart.py
[2026-08-07T14:59:43.357+0000] {processor.py:914} INFO - Processing file /opt/airflow/dags/dag_transform_mart.py for tasks to queue
[2026-08-07T14:59:43.359+0000] {logging_mixin.py:190} INFO - [2026-08-07T14:59:43.359+0000] {dagbag.py:588} INFO - Filling up the DagBag from /opt/airflow/dags/dag_transform_mart.py
[2026-08-07T14:59:43.366+0000] {processor.py:925} INFO - DAG(s) 'dag_transform_mart' retrieved from /opt/airflow/dags/dag_transform_mart.py
[2026-08-07T14:59:43.380+0000] {logging_mixin.py:190} INFO - [2026-08-07T14:59:43.380+0000] {dag.py:3239} INFO - Sync 1 DAGs
[2026-08-07T14:59:43.391+0000] {logging_mixin.py:190} INFO - [2026-08-07T14:59:43.391+0000] {dag.py:4180} INFO - Setting next_dagrun for dag_transform_mart to 2026-08-07 03:30:00+00:00, run_after=2026-08-08 03:30:00+00:00
[2026-08-07T14:59:43.398+0000] {processor.py:208} INFO - Processing /opt/airflow/dags/dag_transform_mart.py took 0.047 seconds
[2026-08-07T15:27:04.539+0000] {processor.py:186} INFO - Started process (PID=6939) to work on /opt/airflow/dags/dag_transform_mart.py
[2026-08-07T15:27:04.540+0000] {processor.py:914} INFO - Processing file /opt/airflow/dags/dag_transform_mart.py for tasks to queue
[2026-08-07T15:27:04.541+0000] {logging_mixin.py:190} INFO - [2026-08-07T15:27:04.541+0000] {dagbag.py:588} INFO - Filling up the DagBag from /opt/airflow/dags/dag_transform_mart.py
[2026-08-07T15:27:04.549+0000] {processor.py:925} INFO - DAG(s) 'dag_transform_mart' retrieved from /opt/airflow/dags/dag_transform_mart.py
[2026-08-07T15:27:04.564+0000] {logging_mixin.py:190} INFO - [2026-08-07T15:27:04.564+0000] {dag.py:3239} INFO - Sync 1 DAGs
[2026-08-07T15:27:04.649+0000] {logging_mixin.py:190} INFO - [2026-08-07T15:27:04.649+0000] {dag.py:4180} INFO - Setting next_dagrun for dag_transform_mart to 2026-08-07 03:30:00+00:00, run_after=2026-08-08 03:30:00+00:00
[2026-08-07T15:27:04.654+0000] {processor.py:208} INFO - Processing /opt/airflow/dags/dag_transform_mart.py took 0.123 seconds
[2026-08-07T15:44:42.076+0000] {processor.py:186} INFO - Started process (PID=6960) to work on /opt/airflow/dags/dag_transform_mart.py
[2026-08-07T15:44:42.076+0000] {processor.py:914} INFO - Processing file /opt/airflow/dags/dag_transform_mart.py for tasks to queue
[2026-08-07T15:44:42.077+0000] {logging_mixin.py:190} INFO - [2026-08-07T15:44:42.077+0000] {dagbag.py:588} INFO - Filling up the DagBag from /opt/airflow/dags/dag_transform_mart.py
[2026-08-07T15:44:42.085+0000] {processor.py:925} INFO - DAG(s) 'dag_transform_mart' retrieved from /opt/airflow/dags/dag_transform_mart.py
[2026-08-07T15:44:42.100+0000] {logging_mixin.py:190} INFO - [2026-08-07T15:44:42.100+0000] {dag.py:3239} INFO - Sync 1 DAGs
[2026-08-07T15:44:42.112+0000] {logging_mixin.py:190} INFO - [2026-08-07T15:44:42.112+0000] {dag.py:4180} INFO - Setting next_dagrun for dag_transform_mart to 2026-08-07 03:30:00+00:00, run_after=2026-08-08 03:30:00+00:00
[2026-08-07T15:44:42.215+0000] {processor.py:208} INFO - Processing /opt/airflow/dags/dag_transform_mart.py took 0.142 seconds
[2026-08-07T16:03:26.434+0000] {processor.py:186} INFO - Started process (PID=6982) to work on /opt/airflow/dags/dag_transform_mart.py
[2026-08-07T16:03:26.435+0000] {processor.py:914} INFO - Processing file /opt/airflow/dags/dag_transform_mart.py for tasks to queue
[2026-08-07T16:03:26.436+0000] {logging_mixin.py:190} INFO - [2026-08-07T16:03:26.435+0000] {dagbag.py:588} INFO - Filling up the DagBag from /opt/airflow/dags/dag_transform_mart.py
[2026-08-07T16:03:26.447+0000] {processor.py:925} INFO - DAG(s) 'dag_transform_mart' retrieved from /opt/airflow/dags/dag_transform_mart.py
[2026-08-07T16:03:26.466+0000] {logging_mixin.py:190} INFO - [2026-08-07T16:03:26.466+0000] {dag.py:3239} INFO - Sync 1 DAGs
[2026-08-07T16:03:26.477+0000] {logging_mixin.py:190} INFO - [2026-08-07T16:03:26.477+0000] {dag.py:4180} INFO - Setting next_dagrun for dag_transform_mart to 2026-08-07 03:30:00+00:00, run_after=2026-08-08 03:30:00+00:00
[2026-08-07T16:03:26.487+0000] {processor.py:208} INFO - Processing /opt/airflow/dags/dag_transform_mart.py took 0.058 seconds
[2026-08-07T16:18:51.454+0000] {processor.py:186} INFO - Started process (PID=7005) to work on /opt/airflow/dags/dag_transform_mart.py
[2026-08-07T16:18:51.455+0000] {processor.py:914} INFO - Processing file /opt/airflow/dags/dag_transform_mart.py for tasks to queue
[2026-08-07T16:18:51.455+0000] {logging_mixin.py:190} INFO - [2026-08-07T16:18:51.455+0000] {dagbag.py:588} INFO - Filling up the DagBag from /opt/airflow/dags/dag_transform_mart.py
[2026-08-07T16:18:51.461+0000] {processor.py:925} INFO - DAG(s) 'dag_transform_mart' retrieved from /opt/airflow/dags/dag_transform_mart.py
[2026-08-07T16:18:51.637+0000] {logging_mixin.py:190} INFO - [2026-08-07T16:18:51.636+0000] {dag.py:3239} INFO - Sync 1 DAGs
[2026-08-07T16:18:51.843+0000] {logging_mixin.py:190} INFO - [2026-08-07T16:18:51.843+0000] {dag.py:4180} INFO - Setting next_dagrun for dag_transform_mart to 2026-08-07 03:30:00+00:00, run_after=2026-08-08 03:30:00+00:00
[2026-08-07T16:18:51.859+0000] {processor.py:208} INFO - Processing /opt/airflow/dags/dag_transform_mart.py took 0.408 seconds
[2026-08-07T17:29:10.327+0000] {processor.py:186} INFO - Started process (PID=7031) to work on /opt/airflow/dags/dag_transform_mart.py
[2026-08-07T17:29:10.327+0000] {processor.py:914} INFO - Processing file /opt/airflow/dags/dag_transform_mart.py for tasks to queue
[2026-08-07T17:29:10.328+0000] {logging_mixin.py:190} INFO - [2026-08-07T17:29:10.328+0000] {dagbag.py:588} INFO - Filling up the DagBag from /opt/airflow/dags/dag_transform_mart.py
[2026-08-07T17:29:10.336+0000] {processor.py:925} INFO - DAG(s) 'dag_transform_mart' retrieved from /opt/airflow/dags/dag_transform_mart.py
[2026-08-07T17:29:10.355+0000] {logging_mixin.py:190} INFO - [2026-08-07T17:29:10.355+0000] {dag.py:3239} INFO - Sync 1 DAGs
[2026-08-07T17:29:10.364+0000] {logging_mixin.py:190} INFO - [2026-08-07T17:29:10.364+0000] {dag.py:4180} INFO - Setting next_dagrun for dag_transform_mart to 2026-08-07 03:30:00+00:00, run_after=2026-08-08 03:30:00+00:00
[2026-08-07T17:29:10.374+0000] {processor.py:208} INFO - Processing /opt/airflow/dags/dag_transform_mart.py took 0.051 seconds
[2026-08-07T18:01:48.236+0000] {processor.py:186} INFO - Started process (PID=7051) to work on /opt/airflow/dags/dag_transform_mart.py
[2026-08-07T18:01:48.236+0000] {processor.py:914} INFO - Processing file /opt/airflow/dags/dag_transform_mart.py for tasks to queue
[2026-08-07T18:01:48.237+0000] {logging_mixin.py:190} INFO - [2026-08-07T18:01:48.237+0000] {dagbag.py:588} INFO - Filling up the DagBag from /opt/airflow/dags/dag_transform_mart.py
[2026-08-07T18:01:48.244+0000] {processor.py:925} INFO - DAG(s) 'dag_transform_mart' retrieved from /opt/airflow/dags/dag_transform_mart.py
[2026-08-07T18:01:48.257+0000] {logging_mixin.py:190} INFO - [2026-08-07T18:01:48.257+0000] {dag.py:3239} INFO - Sync 1 DAGs
[2026-08-07T18:01:48.269+0000] {logging_mixin.py:190} INFO - [2026-08-07T18:01:48.269+0000] {dag.py:4180} INFO - Setting next_dagrun for dag_transform_mart to 2026-08-07 03:30:00+00:00, run_after=2026-08-08 03:30:00+00:00
[2026-08-07T18:01:48.276+0000] {processor.py:208} INFO - Processing /opt/airflow/dags/dag_transform_mart.py took 0.044 seconds
[2026-08-07T19:04:16.835+0000] {processor.py:186} INFO - Started process (PID=7077) to work on /opt/airflow/dags/dag_transform_mart.py
[2026-08-07T19:04:16.835+0000] {processor.py:914} INFO - Processing file /opt/airflow/dags/dag_transform_mart.py for tasks to queue
[2026-08-07T19:04:16.836+0000] {logging_mixin.py:190} INFO - [2026-08-07T19:04:16.836+0000] {dagbag.py:588} INFO - Filling up the DagBag from /opt/airflow/dags/dag_transform_mart.py
[2026-08-07T19:04:16.843+0000] {processor.py:925} INFO - DAG(s) 'dag_transform_mart' retrieved from /opt/airflow/dags/dag_transform_mart.py
[2026-08-07T19:04:16.858+0000] {logging_mixin.py:190} INFO - [2026-08-07T19:04:16.858+0000] {dag.py:3239} INFO - Sync 1 DAGs
[2026-08-07T19:04:16.868+0000] {logging_mixin.py:190} INFO - [2026-08-07T19:04:16.868+0000] {dag.py:4180} INFO - Setting next_dagrun for dag_transform_mart to 2026-08-07 03:30:00+00:00, run_after=2026-08-08 03:30:00+00:00
[2026-08-07T19:04:16.874+0000] {processor.py:208} INFO - Processing /opt/airflow/dags/dag_transform_mart.py took 0.043 seconds
[2026-08-07T19:31:03.029+0000] {processor.py:186} INFO - Started process (PID=7097) to work on /opt/airflow/dags/dag_transform_mart.py
[2026-08-07T19:31:03.030+0000] {processor.py:914} INFO - Processing file /opt/airflow/dags/dag_transform_mart.py for tasks to queue
[2026-08-07T19:31:03.031+0000] {logging_mixin.py:190} INFO - [2026-08-07T19:31:03.031+0000] {dagbag.py:588} INFO - Filling up the DagBag from /opt/airflow/dags/dag_transform_mart.py
[2026-08-07T19:31:03.039+0000] {processor.py:925} INFO - DAG(s) 'dag_transform_mart' retrieved from /opt/airflow/dags/dag_transform_mart.py
[2026-08-07T19:31:03.052+0000] {logging_mixin.py:190} INFO - [2026-08-07T19:31:03.052+0000] {dag.py:3239} INFO - Sync 1 DAGs
[2026-08-07T19:31:03.062+0000] {logging_mixin.py:190} INFO - [2026-08-07T19:31:03.062+0000] {dag.py:4180} INFO - Setting next_dagrun for dag_transform_mart to 2026-08-07 03:30:00+00:00, run_after=2026-08-08 03:30:00+00:00
[2026-08-07T19:31:03.068+0000] {processor.py:208} INFO - Processing /opt/airflow/dags/dag_transform_mart.py took 0.045 seconds
[2026-08-07T20:20:37.211+0000] {processor.py:186} INFO - Started process (PID=7117) to work on /opt/airflow/dags/dag_transform_mart.py
[2026-08-07T20:20:37.212+0000] {processor.py:914} INFO - Processing file /opt/airflow/dags/dag_transform_mart.py for tasks to queue
[2026-08-07T20:20:37.213+0000] {logging_mixin.py:190} INFO - [2026-08-07T20:20:37.212+0000] {dagbag.py:588} INFO - Filling up the DagBag from /opt/airflow/dags/dag_transform_mart.py
[2026-08-07T20:20:37.221+0000] {processor.py:925} INFO - DAG(s) 'dag_transform_mart' retrieved from /opt/airflow/dags/dag_transform_mart.py
[2026-08-07T20:20:37.240+0000] {logging_mixin.py:190} INFO - [2026-08-07T20:20:37.240+0000] {dag.py:3239} INFO - Sync 1 DAGs
[2026-08-07T20:20:37.254+0000] {logging_mixin.py:190} INFO - [2026-08-07T20:20:37.254+0000] {dag.py:4180} INFO - Setting next_dagrun for dag_transform_mart to 2026-08-07 03:30:00+00:00, run_after=2026-08-08 03:30:00+00:00
[2026-08-07T20:20:37.262+0000] {processor.py:208} INFO - Processing /opt/airflow/dags/dag_transform_mart.py took 0.056 seconds
[2026-08-07T21:10:03.470+0000] {processor.py:186} INFO - Started process (PID=7140) to work on /opt/airflow/dags/dag_transform_mart.py
[2026-08-07T21:10:03.472+0000] {processor.py:914} INFO - Processing file /opt/airflow/dags/dag_transform_mart.py for tasks to queue
[2026-08-07T21:10:03.473+0000] {logging_mixin.py:190} INFO - [2026-08-07T21:10:03.473+0000] {dagbag.py:588} INFO - Filling up the DagBag from /opt/airflow/dags/dag_transform_mart.py
[2026-08-07T21:10:03.488+0000] {processor.py:925} INFO - DAG(s) 'dag_transform_mart' retrieved from /opt/airflow/dags/dag_transform_mart.py
[2026-08-07T21:10:03.505+0000] {logging_mixin.py:190} INFO - [2026-08-07T21:10:03.505+0000] {dag.py:3239} INFO - Sync 1 DAGs
[2026-08-07T21:10:03.517+0000] {logging_mixin.py:190} INFO - [2026-08-07T21:10:03.516+0000] {dag.py:4180} INFO - Setting next_dagrun for dag_transform_mart to 2026-08-07 03:30:00+00:00, run_after=2026-08-08 03:30:00+00:00
[2026-08-07T21:10:03.526+0000] {processor.py:208} INFO - Processing /opt/airflow/dags/dag_transform_mart.py took 0.061 seconds
[2026-08-07T22:01:10.282+0000] {processor.py:186} INFO - Started process (PID=7168) to work on /opt/airflow/dags/dag_transform_mart.py
[2026-08-07T22:01:10.284+0000] {processor.py:914} INFO - Processing file /opt/airflow/dags/dag_transform_mart.py for tasks to queue
[2026-08-07T22:01:10.285+0000] {logging_mixin.py:190} INFO - [2026-08-07T22:01:10.284+0000] {dagbag.py:588} INFO - Filling up the DagBag from /opt/airflow/dags/dag_transform_mart.py
[2026-08-07T22:01:10.295+0000] {processor.py:925} INFO - DAG(s) 'dag_transform_mart' retrieved from /opt/airflow/dags/dag_transform_mart.py
[2026-08-07T22:01:10.316+0000] {logging_mixin.py:190} INFO - [2026-08-07T22:01:10.316+0000] {dag.py:3239} INFO - Sync 1 DAGs
[2026-08-07T22:01:10.328+0000] {logging_mixin.py:190} INFO - [2026-08-07T22:01:10.328+0000] {dag.py:4180} INFO - Setting next_dagrun for dag_transform_mart to 2026-08-07 03:30:00+00:00, run_after=2026-08-08 03:30:00+00:00
[2026-08-07T22:01:10.338+0000] {processor.py:208} INFO - Processing /opt/airflow/dags/dag_transform_mart.py took 0.059 seconds
[2026-08-07T22:16:56.367+0000] {processor.py:186} INFO - Started process (PID=7186) to work on /opt/airflow/dags/dag_transform_mart.py
[2026-08-07T22:16:56.368+0000] {processor.py:914} INFO - Processing file /opt/airflow/dags/dag_transform_mart.py for tasks to queue
[2026-08-07T22:16:56.369+0000] {logging_mixin.py:190} INFO - [2026-08-07T22:16:56.369+0000] {dagbag.py:588} INFO - Filling up the DagBag from /opt/airflow/dags/dag_transform_mart.py
[2026-08-07T22:16:56.377+0000] {processor.py:925} INFO - DAG(s) 'dag_transform_mart' retrieved from /opt/airflow/dags/dag_transform_mart.py
[2026-08-07T22:16:56.393+0000] {logging_mixin.py:190} INFO - [2026-08-07T22:16:56.393+0000] {dag.py:3239} INFO - Sync 1 DAGs
[2026-08-07T22:16:56.403+0000] {logging_mixin.py:190} INFO - [2026-08-07T22:16:56.403+0000] {dag.py:4180} INFO - Setting next_dagrun for dag_transform_mart to 2026-08-07 03:30:00+00:00, run_after=2026-08-08 03:30:00+00:00
[2026-08-07T22:16:56.413+0000] {processor.py:208} INFO - Processing /opt/airflow/dags/dag_transform_mart.py took 0.050 seconds
[2026-08-07T22:33:30.934+0000] {processor.py:186} INFO - Started process (PID=7206) to work on /opt/airflow/dags/dag_transform_mart.py
[2026-08-07T22:33:30.935+0000] {processor.py:914} INFO - Processing file /opt/airflow/dags/dag_transform_mart.py for tasks to queue
[2026-08-07T22:33:30.936+0000] {logging_mixin.py:190} INFO - [2026-08-07T22:33:30.935+0000] {dagbag.py:588} INFO - Filling up the DagBag from /opt/airflow/dags/dag_transform_mart.py
[2026-08-07T22:33:30.944+0000] {processor.py:925} INFO - DAG(s) 'dag_transform_mart' retrieved from /opt/airflow/dags/dag_transform_mart.py
[2026-08-07T22:33:30.964+0000] {logging_mixin.py:190} INFO - [2026-08-07T22:33:30.964+0000] {dag.py:3239} INFO - Sync 1 DAGs
[2026-08-07T22:33:30.977+0000] {logging_mixin.py:190} INFO - [2026-08-07T22:33:30.977+0000] {dag.py:4180} INFO - Setting next_dagrun for dag_transform_mart to 2026-08-07 03:30:00+00:00, run_after=2026-08-08 03:30:00+00:00
[2026-08-07T22:33:30.986+0000] {processor.py:208} INFO - Processing /opt/airflow/dags/dag_transform_mart.py took 0.058 seconds
[2026-08-07T23:06:01.116+0000] {processor.py:186} INFO - Started process (PID=7232) to work on /opt/airflow/dags/dag_transform_mart.py
[2026-08-07T23:06:01.117+0000] {processor.py:914} INFO - Processing file /opt/airflow/dags/dag_transform_mart.py for tasks to queue
[2026-08-07T23:06:01.118+0000] {logging_mixin.py:190} INFO - [2026-08-07T23:06:01.118+0000] {dagbag.py:588} INFO - Filling up the DagBag from /opt/airflow/dags/dag_transform_mart.py
[2026-08-07T23:06:01.126+0000] {processor.py:925} INFO - DAG(s) 'dag_transform_mart' retrieved from /opt/airflow/dags/dag_transform_mart.py
[2026-08-07T23:06:01.144+0000] {logging_mixin.py:190} INFO - [2026-08-07T23:06:01.144+0000] {dag.py:3239} INFO - Sync 1 DAGs
[2026-08-07T23:06:01.158+0000] {logging_mixin.py:190} INFO - [2026-08-07T23:06:01.158+0000] {dag.py:4180} INFO - Setting next_dagrun for dag_transform_mart to 2026-08-07 03:30:00+00:00, run_after=2026-08-08 03:30:00+00:00
[2026-08-07T23:06:01.167+0000] {processor.py:208} INFO - Processing /opt/airflow/dags/dag_transform_mart.py took 0.054 seconds
[2026-08-07T23:53:40.489+0000] {processor.py:186} INFO - Started process (PID=7252) to work on /opt/airflow/dags/dag_transform_mart.py
[2026-08-07T23:53:40.490+0000] {processor.py:914} INFO - Processing file /opt/airflow/dags/dag_transform_mart.py for tasks to queue
[2026-08-07T23:53:40.491+0000] {logging_mixin.py:190} INFO - [2026-08-07T23:53:40.491+0000] {dagbag.py:588} INFO - Filling up the DagBag from /opt/airflow/dags/dag_transform_mart.py
[2026-08-07T23:53:40.499+0000] {processor.py:925} INFO - DAG(s) 'dag_transform_mart' retrieved from /opt/airflow/dags/dag_transform_mart.py
[2026-08-07T23:53:40.514+0000] {logging_mixin.py:190} INFO - [2026-08-07T23:53:40.514+0000] {dag.py:3239} INFO - Sync 1 DAGs
[2026-08-07T23:53:40.524+0000] {logging_mixin.py:190} INFO - [2026-08-07T23:53:40.524+0000] {dag.py:4180} INFO - Setting next_dagrun for dag_transform_mart to 2026-08-07 03:30:00+00:00, run_after=2026-08-08 03:30:00+00:00
[2026-08-07T23:53:40.531+0000] {processor.py:208} INFO - Processing /opt/airflow/dags/dag_transform_mart.py took 0.048 seconds
