[2026-08-07T00:24:30.064+0000] {processor.py:186} INFO - Started process (PID=6314) to work on /opt/airflow/dags/dag_extract_catalogs.py
[2026-08-07T00:24:30.064+0000] {processor.py:914} INFO - Processing file /opt/airflow/dags/dag_extract_catalogs.py for tasks to queue
[2026-08-07T00:24:30.064+0000] {logging_mixin.py:190} INFO - [2026-08-07T00:24:30.064+0000] {dagbag.py:588} INFO - Filling up the DagBag from /opt/airflow/dags/dag_extract_catalogs.py
[2026-08-07T00:24:30.069+0000] {processor.py:925} INFO - DAG(s) 'dag_extract_catalogs' retrieved from /opt/airflow/dags/dag_extract_catalogs.py
[2026-08-07T00:24:30.079+0000] {logging_mixin.py:190} INFO - [2026-08-07T00:24:30.079+0000] {dag.py:3239} INFO - Sync 1 DAGs
[2026-08-07T00:24:30.086+0000] {logging_mixin.py:190} INFO - [2026-08-07T00:24:30.086+0000] {dag.py:4180} INFO - Setting next_dagrun for dag_extract_catalogs to 2026-08-06 01:00:00+00:00, run_after=2026-08-07 01:00:00+00:00
[2026-08-07T00:24:30.091+0000] {processor.py:208} INFO - Processing /opt/airflow/dags/dag_extract_catalogs.py took 0.029 seconds
[2026-08-07T00:56:27.626+0000] {processor.py:186} INFO - Started process (PID=6332) to work on /opt/airflow/dags/dag_extract_catalogs.py
[2026-08-07T00:56:27.627+0000] {processor.py:914} INFO - Processing file /opt/airflow/dags/dag_extract_catalogs.py for tasks to queue
[2026-08-07T00:56:27.627+0000] {logging_mixin.py:190} INFO - [2026-08-07T00:56:27.627+0000] {dagbag.py:588} INFO - Filling up the DagBag from /opt/airflow/dags/dag_extract_catalogs.py
[2026-08-07T00:56:27.634+0000] {processor.py:925} INFO - DAG(s) 'dag_extract_catalogs' retrieved from /opt/airflow/dags/dag_extract_catalogs.py
[2026-08-07T00:56:27.648+0000] {logging_mixin.py:190} INFO - [2026-08-07T00:56:27.648+0000] {dag.py:3239} INFO - Sync 1 DAGs
[2026-08-07T00:56:27.658+0000] {logging_mixin.py:190} INFO - [2026-08-07T00:56:27.658+0000] {dag.py:4180} INFO - Setting next_dagrun for dag_extract_catalogs to 2026-08-06 01:00:00+00:00, run_after=2026-08-07 01:00:00+00:00
[2026-08-07T00:56:27.663+0000] {processor.py:208} INFO - Processing /opt/airflow/dags/dag_extract_catalogs.py took 0.040 seconds
[2026-08-07T01:45:41.293+0000] {processor.py:186} INFO - Started process (PID=6356) to work on /opt/airflow/dags/dag_extract_catalogs.py
[2026-08-07T01:45:41.294+0000] {processor.py:914} INFO - Processing file /opt/airflow/dags/dag_extract_catalogs.py for tasks to queue
[2026-08-07T01:45:41.295+0000] {logging_mixin.py:190} INFO - [2026-08-07T01:45:41.295+0000] {dagbag.py:588} INFO - Filling up the DagBag from /opt/airflow/dags/dag_extract_catalogs.py
[2026-08-07T01:45:41.307+0000] {processor.py:925} INFO - DAG(s) 'dag_extract_catalogs' retrieved from /opt/airflow/dags/dag_extract_catalogs.py
[2026-08-07T01:45:41.330+0000] {logging_mixin.py:190} INFO - [2026-08-07T01:45:41.330+0000] {dag.py:3239} INFO - Sync 1 DAGs
[2026-08-07T01:45:41.353+0000] {processor.py:208} INFO - Processing /opt/airflow/dags/dag_extract_catalogs.py took 0.065 seconds
[2026-08-07T02:18:35.134+0000] {processor.py:186} INFO - Started process (PID=6386) to work on /opt/airflow/dags/dag_extract_catalogs.py
[2026-08-07T02:18:35.134+0000] {processor.py:914} INFO - Processing file /opt/airflow/dags/dag_extract_catalogs.py for tasks to queue
[2026-08-07T02:18:35.135+0000] {logging_mixin.py:190} INFO - [2026-08-07T02:18:35.135+0000] {dagbag.py:588} INFO - Filling up the DagBag from /opt/airflow/dags/dag_extract_catalogs.py
[2026-08-07T02:18:35.143+0000] {processor.py:925} INFO - DAG(s) 'dag_extract_catalogs' retrieved from /opt/airflow/dags/dag_extract_catalogs.py
[2026-08-07T02:18:35.158+0000] {logging_mixin.py:190} INFO - [2026-08-07T02:18:35.158+0000] {dag.py:3239} INFO - Sync 1 DAGs
[2026-08-07T02:18:35.174+0000] {processor.py:208} INFO - Processing /opt/airflow/dags/dag_extract_catalogs.py took 0.044 seconds
[2026-08-07T02:35:48.897+0000] {processor.py:186} INFO - Started process (PID=6421) to work on /opt/airflow/dags/dag_extract_catalogs.py
[2026-08-07T02:35:48.898+0000] {processor.py:914} INFO - Processing file /opt/airflow/dags/dag_extract_catalogs.py for tasks to queue
[2026-08-07T02:35:48.899+0000] {logging_mixin.py:190} INFO - [2026-08-07T02:35:48.898+0000] {dagbag.py:588} INFO - Filling up the DagBag from /opt/airflow/dags/dag_extract_catalogs.py
[2026-08-07T02:35:48.907+0000] {processor.py:925} INFO - DAG(s) 'dag_extract_catalogs' retrieved from /opt/airflow/dags/dag_extract_catalogs.py
[2026-08-07T02:35:48.926+0000] {logging_mixin.py:190} INFO - [2026-08-07T02:35:48.925+0000] {dag.py:3239} INFO - Sync 1 DAGs
[2026-08-07T02:35:48.946+0000] {processor.py:208} INFO - Processing /opt/airflow/dags/dag_extract_catalogs.py took 0.052 seconds
[2026-08-07T02:52:26.972+0000] {processor.py:186} INFO - Started process (PID=6439) to work on /opt/airflow/dags/dag_extract_catalogs.py
[2026-08-07T02:52:26.972+0000] {processor.py:914} INFO - Processing file /opt/airflow/dags/dag_extract_catalogs.py for tasks to queue
[2026-08-07T02:52:26.973+0000] {logging_mixin.py:190} INFO - [2026-08-07T02:52:26.972+0000] {dagbag.py:588} INFO - Filling up the DagBag from /opt/airflow/dags/dag_extract_catalogs.py
[2026-08-07T02:52:26.978+0000] {processor.py:925} INFO - DAG(s) 'dag_extract_catalogs' retrieved from /opt/airflow/dags/dag_extract_catalogs.py
[2026-08-07T02:52:26.988+0000] {logging_mixin.py:190} INFO - [2026-08-07T02:52:26.988+0000] {dag.py:3239} INFO - Sync 1 DAGs
[2026-08-07T02:52:27.000+0000] {processor.py:208} INFO - Processing /opt/airflow/dags/dag_extract_catalogs.py took 0.031 seconds
[2026-08-07T03:08:09.952+0000] {processor.py:186} INFO - Started process (PID=6467) to work on /opt/airflow/dags/dag_extract_catalogs.py
[2026-08-07T03:08:09.952+0000] {processor.py:914} INFO - Processing file /opt/airflow/dags/dag_extract_catalogs.py for tasks to queue
[2026-08-07T03:08:09.952+0000] {logging_mixin.py:190} INFO - [2026-08-07T03:08:09.952+0000] {dagbag.py:588} INFO - Filling up the DagBag from /opt/airflow/dags/dag_extract_catalogs.py
[2026-08-07T03:08:09.957+0000] {processor.py:925} INFO - DAG(s) 'dag_extract_catalogs' retrieved from /opt/airflow/dags/dag_extract_catalogs.py
[2026-08-07T03:08:09.967+0000] {logging_mixin.py:190} INFO - [2026-08-07T03:08:09.967+0000] {dag.py:3239} INFO - Sync 1 DAGs
[2026-08-07T03:08:09.978+0000] {processor.py:208} INFO - Processing /opt/airflow/dags/dag_extract_catalogs.py took 0.029 seconds
[2026-08-07T03:16:26.632+0000] {processor.py:186} INFO - Started process (PID=6490) to work on /opt/airflow/dags/dag_extract_catalogs.py
[2026-08-07T03:16:26.632+0000] {processor.py:914} INFO - Processing file /opt/airflow/dags/dag_extract_catalogs.py for tasks to queue
[2026-08-07T03:16:26.633+0000] {logging_mixin.py:190} INFO - [2026-08-07T03:16:26.633+0000] {dagbag.py:588} INFO - Filling up the DagBag from /opt/airflow/dags/dag_extract_catalogs.py
[2026-08-07T03:16:26.638+0000] {processor.py:925} INFO - DAG(s) 'dag_extract_catalogs' retrieved from /opt/airflow/dags/dag_extract_catalogs.py
[2026-08-07T03:16:26.647+0000] {logging_mixin.py:190} INFO - [2026-08-07T03:16:26.647+0000] {dag.py:3239} INFO - Sync 1 DAGs
[2026-08-07T03:16:26.659+0000] {processor.py:208} INFO - Processing /opt/airflow/dags/dag_extract_catalogs.py took 0.029 seconds
[2026-08-07T03:32:40.316+0000] {processor.py:186} INFO - Started process (PID=6531) to work on /opt/airflow/dags/dag_extract_catalogs.py
[2026-08-07T03:32:40.316+0000] {processor.py:914} INFO - Processing file /opt/airflow/dags/dag_extract_catalogs.py for tasks to queue
[2026-08-07T03:32:40.317+0000] {logging_mixin.py:190} INFO - [2026-08-07T03:32:40.317+0000] {dagbag.py:588} INFO - Filling up the DagBag from /opt/airflow/dags/dag_extract_catalogs.py
[2026-08-07T03:32:40.322+0000] {processor.py:925} INFO - DAG(s) 'dag_extract_catalogs' retrieved from /opt/airflow/dags/dag_extract_catalogs.py
[2026-08-07T03:32:40.334+0000] {logging_mixin.py:190} INFO - [2026-08-07T03:32:40.334+0000] {dag.py:3239} INFO - Sync 1 DAGs
[2026-08-07T03:32:40.349+0000] {processor.py:208} INFO - Processing /opt/airflow/dags/dag_extract_catalogs.py took 0.036 seconds
[2026-08-07T04:22:06.687+0000] {processor.py:186} INFO - Started process (PID=6551) to work on /opt/airflow/dags/dag_extract_catalogs.py
[2026-08-07T04:22:06.687+0000] {processor.py:914} INFO - Processing file /opt/airflow/dags/dag_extract_catalogs.py for tasks to queue
[2026-08-07T04:22:06.688+0000] {logging_mixin.py:190} INFO - [2026-08-07T04:22:06.688+0000] {dagbag.py:588} INFO - Filling up the DagBag from /opt/airflow/dags/dag_extract_catalogs.py
[2026-08-07T04:22:06.693+0000] {processor.py:925} INFO - DAG(s) 'dag_extract_catalogs' retrieved from /opt/airflow/dags/dag_extract_catalogs.py
[2026-08-07T04:22:06.702+0000] {logging_mixin.py:190} INFO - [2026-08-07T04:22:06.702+0000] {dag.py:3239} INFO - Sync 1 DAGs
[2026-08-07T04:22:06.710+0000] {logging_mixin.py:190} INFO - [2026-08-07T04:22:06.710+0000] {dag.py:4180} INFO - Setting next_dagrun for dag_extract_catalogs to 2026-08-07 01:00:00+00:00, run_after=2026-08-08 01:00:00+00:00
[2026-08-07T04:22:06.715+0000] {processor.py:208} INFO - Processing /opt/airflow/dags/dag_extract_catalogs.py took 0.030 seconds
[2026-08-07T05:32:44.704+0000] {processor.py:186} INFO - Started process (PID=6598) to work on /opt/airflow/dags/dag_extract_catalogs.py
[2026-08-07T05:32:44.704+0000] {processor.py:914} INFO - Processing file /opt/airflow/dags/dag_extract_catalogs.py for tasks to queue
[2026-08-07T05:32:44.705+0000] {logging_mixin.py:190} INFO - [2026-08-07T05:32:44.705+0000] {dagbag.py:588} INFO - Filling up the DagBag from /opt/airflow/dags/dag_extract_catalogs.py
[2026-08-07T05:32:44.711+0000] {processor.py:925} INFO - DAG(s) 'dag_extract_catalogs' retrieved from /opt/airflow/dags/dag_extract_catalogs.py
[2026-08-07T05:32:44.725+0000] {logging_mixin.py:190} INFO - [2026-08-07T05:32:44.724+0000] {dag.py:3239} INFO - Sync 1 DAGs
[2026-08-07T05:32:44.736+0000] {logging_mixin.py:190} INFO - [2026-08-07T05:32:44.736+0000] {dag.py:4180} INFO - Setting next_dagrun for dag_extract_catalogs to 2026-08-07 01:00:00+00:00, run_after=2026-08-08 01:00:00+00:00
[2026-08-07T05:32:44.757+0000] {processor.py:208} INFO - Processing /opt/airflow/dags/dag_extract_catalogs.py took 0.057 seconds
[2026-08-07T06:18:01.208+0000] {processor.py:186} INFO - Started process (PID=6618) to work on /opt/airflow/dags/dag_extract_catalogs.py
[2026-08-07T06:18:01.209+0000] {processor.py:914} INFO - Processing file /opt/airflow/dags/dag_extract_catalogs.py for tasks to queue
[2026-08-07T06:18:01.209+0000] {logging_mixin.py:190} INFO - [2026-08-07T06:18:01.209+0000] {dagbag.py:588} INFO - Filling up the DagBag from /opt/airflow/dags/dag_extract_catalogs.py
[2026-08-07T06:18:01.214+0000] {processor.py:925} INFO - DAG(s) 'dag_extract_catalogs' retrieved from /opt/airflow/dags/dag_extract_catalogs.py
[2026-08-07T06:18:01.225+0000] {logging_mixin.py:190} INFO - [2026-08-07T06:18:01.225+0000] {dag.py:3239} INFO - Sync 1 DAGs
[2026-08-07T06:18:01.233+0000] {logging_mixin.py:190} INFO - [2026-08-07T06:18:01.233+0000] {dag.py:4180} INFO - Setting next_dagrun for dag_extract_catalogs to 2026-08-07 01:00:00+00:00, run_after=2026-08-08 01:00:00+00:00
[2026-08-07T06:18:01.238+0000] {processor.py:208} INFO - Processing /opt/airflow/dags/dag_extract_catalogs.py took 0.033 seconds
[2026-08-07T07:19:00.416+0000] {processor.py:186} INFO - Started process (PID=6638) to work on /opt/airflow/dags/dag_extract_catalogs.py
[2026-08-07T07:19:00.417+0000] {processor.py:914} INFO - Processing file /opt/airflow/dags/dag_extract_catalogs.py for tasks to queue
[2026-08-07T07:19:00.417+0000] {logging_mixin.py:190} INFO - [2026-08-07T07:19:00.417+0000] {dagbag.py:588} INFO - Filling up the DagBag from /opt/airflow/dags/dag_extract_catalogs.py
[2026-08-07T07:19:00.422+0000] {processor.py:925} INFO - DAG(s) 'dag_extract_catalogs' retrieved from /opt/airflow/dags/dag_extract_catalogs.py
[2026-08-07T07:19:00.432+0000] {logging_mixin.py:190} INFO - [2026-08-07T07:19:00.432+0000] {dag.py:3239} INFO - Sync 1 DAGs
[2026-08-07T07:19:00.440+0000] {logging_mixin.py:190} INFO - [2026-08-07T07:19:00.439+0000] {dag.py:4180} INFO - Setting next_dagrun for dag_extract_catalogs to 2026-08-07 01:00:00+00:00, run_after=2026-08-08 01:00:00+00:00
[2026-08-07T07:19:00.446+0000] {processor.py:208} INFO - Processing /opt/airflow/dags/dag_extract_catalogs.py took 0.032 seconds
[2026-08-07T07:36:50.076+0000] {processor.py:186} INFO - Started process (PID=6661) to work on /opt/airflow/dags/dag_extract_catalogs.py
[2026-08-07T07:36:50.077+0000] {processor.py:914} INFO - Processing file /opt/airflow/dags/dag_extract_catalogs.py for tasks to queue
[2026-08-07T07:36:50.077+0000] {logging_mixin.py:190} INFO - [2026-08-07T07:36:50.077+0000] {dagbag.py:588} INFO - Filling up the DagBag from /opt/airflow/dags/dag_extract_catalogs.py
[2026-08-07T07:36:50.082+0000] {processor.py:925} INFO - DAG(s) 'dag_extract_catalogs' retrieved from /opt/airflow/dags/dag_extract_catalogs.py
[2026-08-07T07:36:50.092+0000] {logging_mixin.py:190} INFO - [2026-08-07T07:36:50.092+0000] {dag.py:3239} INFO - Sync 1 DAGs
[2026-08-07T07:36:50.099+0000] {logging_mixin.py:190} INFO - [2026-08-07T07:36:50.099+0000] {dag.py:4180} INFO - Setting next_dagrun for dag_extract_catalogs to 2026-08-07 01:00:00+00:00, run_after=2026-08-08 01:00:00+00:00
[2026-08-07T07:36:50.104+0000] {processor.py:208} INFO - Processing /opt/airflow/dags/dag_extract_catalogs.py took 0.030 seconds
[2026-08-07T08:08:05.347+0000] {processor.py:186} INFO - Started process (PID=6685) to work on /opt/airflow/dags/dag_extract_catalogs.py
[2026-08-07T08:08:05.347+0000] {processor.py:914} INFO - Processing file /opt/airflow/dags/dag_extract_catalogs.py for tasks to queue
[2026-08-07T08:08:05.347+0000] {logging_mixin.py:190} INFO - [2026-08-07T08:08:05.347+0000] {dagbag.py:588} INFO - Filling up the DagBag from /opt/airflow/dags/dag_extract_catalogs.py
[2026-08-07T08:08:05.353+0000] {processor.py:925} INFO - DAG(s) 'dag_extract_catalogs' retrieved from /opt/airflow/dags/dag_extract_catalogs.py
[2026-08-07T08:08:05.365+0000] {logging_mixin.py:190} INFO - [2026-08-07T08:08:05.365+0000] {dag.py:3239} INFO - Sync 1 DAGs
[2026-08-07T08:08:05.373+0000] {logging_mixin.py:190} INFO - [2026-08-07T08:08:05.373+0000] {dag.py:4180} INFO - Setting next_dagrun for dag_extract_catalogs to 2026-08-07 01:00:00+00:00, run_after=2026-08-08 01:00:00+00:00
[2026-08-07T08:08:05.379+0000] {processor.py:208} INFO - Processing /opt/airflow/dags/dag_extract_catalogs.py took 0.035 seconds
[2026-08-07T08:35:29.129+0000] {processor.py:186} INFO - Started process (PID=6705) to work on /opt/airflow/dags/dag_extract_catalogs.py
[2026-08-07T08:35:29.130+0000] {processor.py:914} INFO - Processing file /opt/airflow/dags/dag_extract_catalogs.py for tasks to queue
[2026-08-07T08:35:29.130+0000] {logging_mixin.py:190} INFO - [2026-08-07T08:35:29.130+0000] {dagbag.py:588} INFO - Filling up the DagBag from /opt/airflow/dags/dag_extract_catalogs.py
[2026-08-07T08:35:29.137+0000] {processor.py:925} INFO - DAG(s) 'dag_extract_catalogs' retrieved from /opt/airflow/dags/dag_extract_catalogs.py
[2026-08-07T08:35:29.151+0000] {logging_mixin.py:190} INFO - [2026-08-07T08:35:29.151+0000] {dag.py:3239} INFO - Sync 1 DAGs
[2026-08-07T08:35:29.160+0000] {logging_mixin.py:190} INFO - [2026-08-07T08:35:29.159+0000] {dag.py:4180} INFO - Setting next_dagrun for dag_extract_catalogs to 2026-08-07 01:00:00+00:00, run_after=2026-08-08 01:00:00+00:00
[2026-08-07T08:35:29.165+0000] {processor.py:208} INFO - Processing /opt/airflow/dags/dag_extract_catalogs.py took 0.039 seconds
[2026-08-07T09:21:01.493+0000] {processor.py:186} INFO - Started process (PID=6728) to work on /opt/airflow/dags/dag_extract_catalogs.py
[2026-08-07T09:21:01.494+0000] {processor.py:914} INFO - Processing file /opt/airflow/dags/dag_extract_catalogs.py for tasks to queue
[2026-08-07T09:21:01.494+0000] {logging_mixin.py:190} INFO - [2026-08-07T09:21:01.494+0000] {dagbag.py:588} INFO - Filling up the DagBag from /opt/airflow/dags/dag_extract_catalogs.py
[2026-08-07T09:21:01.501+0000] {processor.py:925} INFO - DAG(s) 'dag_extract_catalogs' retrieved from /opt/airflow/dags/dag_extract_catalogs.py
[2026-08-07T09:21:01.515+0000] {logging_mixin.py:190} INFO - [2026-08-07T09:21:01.515+0000] {dag.py:3239} INFO - Sync 1 DAGs
[2026-08-07T09:21:01.526+0000] {logging_mixin.py:190} INFO - [2026-08-07T09:21:01.525+0000] {dag.py:4180} INFO - Setting next_dagrun for dag_extract_catalogs to 2026-08-07 01:00:00+00:00, run_after=2026-08-08 01:00:00+00:00
[2026-08-07T09:21:01.533+0000] {processor.py:208} INFO - Processing /opt/airflow/dags/dag_extract_catalogs.py took 0.043 seconds
[2026-08-07T10:39:18.921+0000] {processor.py:186} INFO - Started process (PID=6751) to work on /opt/airflow/dags/dag_extract_catalogs.py
[2026-08-07T10:39:18.921+0000] {processor.py:914} INFO - Processing file /opt/airflow/dags/dag_extract_catalogs.py for tasks to queue
[2026-08-07T10:39:18.922+0000] {logging_mixin.py:190} INFO - [2026-08-07T10:39:18.922+0000] {dagbag.py:588} INFO - Filling up the DagBag from /opt/airflow/dags/dag_extract_catalogs.py
[2026-08-07T10:39:18.929+0000] {processor.py:925} INFO - DAG(s) 'dag_extract_catalogs' retrieved from /opt/airflow/dags/dag_extract_catalogs.py
[2026-08-07T10:39:18.940+0000] {logging_mixin.py:190} INFO - [2026-08-07T10:39:18.940+0000] {dag.py:3239} INFO - Sync 1 DAGs
[2026-08-07T10:39:18.948+0000] {logging_mixin.py:190} INFO - [2026-08-07T10:39:18.948+0000] {dag.py:4180} INFO - Setting next_dagrun for dag_extract_catalogs to 2026-08-07 01:00:00+00:00, run_after=2026-08-08 01:00:00+00:00
[2026-08-07T10:39:18.957+0000] {processor.py:208} INFO - Processing /opt/airflow/dags/dag_extract_catalogs.py took 0.039 seconds
[2026-08-07T11:14:13.828+0000] {processor.py:186} INFO - Started process (PID=6774) to work on /opt/airflow/dags/dag_extract_catalogs.py
[2026-08-07T11:14:13.828+0000] {processor.py:914} INFO - Processing file /opt/airflow/dags/dag_extract_catalogs.py for tasks to queue
[2026-08-07T11:14:13.829+0000] {logging_mixin.py:190} INFO - [2026-08-07T11:14:13.828+0000] {dagbag.py:588} INFO - Filling up the DagBag from /opt/airflow/dags/dag_extract_catalogs.py
[2026-08-07T11:14:13.835+0000] {processor.py:925} INFO - DAG(s) 'dag_extract_catalogs' retrieved from /opt/airflow/dags/dag_extract_catalogs.py
[2026-08-07T11:14:13.848+0000] {logging_mixin.py:190} INFO - [2026-08-07T11:14:13.848+0000] {dag.py:3239} INFO - Sync 1 DAGs
[2026-08-07T11:14:13.857+0000] {logging_mixin.py:190} INFO - [2026-08-07T11:14:13.857+0000] {dag.py:4180} INFO - Setting next_dagrun for dag_extract_catalogs to 2026-08-07 01:00:00+00:00, run_after=2026-08-08 01:00:00+00:00
[2026-08-07T11:14:13.862+0000] {processor.py:208} INFO - Processing /opt/airflow/dags/dag_extract_catalogs.py took 0.037 seconds
[2026-08-07T11:16:15.082+0000] {processor.py:186} INFO - Started process (PID=6796) to work on /opt/airflow/dags/dag_extract_catalogs.py
[2026-08-07T11:16:15.083+0000] {processor.py:914} INFO - Processing file /opt/airflow/dags/dag_extract_catalogs.py for tasks to queue
[2026-08-07T11:16:15.083+0000] {logging_mixin.py:190} INFO - [2026-08-07T11:16:15.083+0000] {dagbag.py:588} INFO - Filling up the DagBag from /opt/airflow/dags/dag_extract_catalogs.py
[2026-08-07T11:16:15.088+0000] {processor.py:925} INFO - DAG(s) 'dag_extract_catalogs' retrieved from /opt/airflow/dags/dag_extract_catalogs.py
[2026-08-07T11:16:15.098+0000] {logging_mixin.py:190} INFO - [2026-08-07T11:16:15.098+0000] {dag.py:3239} INFO - Sync 1 DAGs
[2026-08-07T11:16:15.161+0000] {logging_mixin.py:190} INFO - [2026-08-07T11:16:15.161+0000] {dag.py:4180} INFO - Setting next_dagrun for dag_extract_catalogs to 2026-08-07 01:00:00+00:00, run_after=2026-08-08 01:00:00+00:00
[2026-08-07T11:16:15.166+0000] {processor.py:208} INFO - Processing /opt/airflow/dags/dag_extract_catalogs.py took 0.086 seconds
[2026-08-07T11:39:21.960+0000] {processor.py:186} INFO - Started process (PID=6819) to work on /opt/airflow/dags/dag_extract_catalogs.py
[2026-08-07T11:39:21.960+0000] {processor.py:914} INFO - Processing file /opt/airflow/dags/dag_extract_catalogs.py for tasks to queue
[2026-08-07T11:39:21.961+0000] {logging_mixin.py:190} INFO - [2026-08-07T11:39:21.961+0000] {dagbag.py:588} INFO - Filling up the DagBag from /opt/airflow/dags/dag_extract_catalogs.py
[2026-08-07T11:39:21.966+0000] {processor.py:925} INFO - DAG(s) 'dag_extract_catalogs' retrieved from /opt/airflow/dags/dag_extract_catalogs.py
[2026-08-07T11:39:21.975+0000] {logging_mixin.py:190} INFO - [2026-08-07T11:39:21.975+0000] {dag.py:3239} INFO - Sync 1 DAGs
[2026-08-07T11:39:21.983+0000] {logging_mixin.py:190} INFO - [2026-08-07T11:39:21.983+0000] {dag.py:4180} INFO - Setting next_dagrun for dag_extract_catalogs to 2026-08-07 01:00:00+00:00, run_after=2026-08-08 01:00:00+00:00
[2026-08-07T11:39:21.988+0000] {processor.py:208} INFO - Processing /opt/airflow/dags/dag_extract_catalogs.py took 0.031 seconds
[2026-08-07T12:24:08.144+0000] {processor.py:186} INFO - Started process (PID=6840) to work on /opt/airflow/dags/dag_extract_catalogs.py
[2026-08-07T12:24:08.145+0000] {processor.py:914} INFO - Processing file /opt/airflow/dags/dag_extract_catalogs.py for tasks to queue
[2026-08-07T12:24:08.145+0000] {logging_mixin.py:190} INFO - [2026-08-07T12:24:08.145+0000] {dagbag.py:588} INFO - Filling up the DagBag from /opt/airflow/dags/dag_extract_catalogs.py
[2026-08-07T12:24:08.151+0000] {processor.py:925} INFO - DAG(s) 'dag_extract_catalogs' retrieved from /opt/airflow/dags/dag_extract_catalogs.py
[2026-08-07T12:24:08.163+0000] {logging_mixin.py:190} INFO - [2026-08-07T12:24:08.162+0000] {dag.py:3239} INFO - Sync 1 DAGs
[2026-08-07T12:24:08.174+0000] {logging_mixin.py:190} INFO - [2026-08-07T12:24:08.173+0000] {dag.py:4180} INFO - Setting next_dagrun for dag_extract_catalogs to 2026-08-07 01:00:00+00:00, run_after=2026-08-08 01:00:00+00:00
[2026-08-07T12:24:08.179+0000] {processor.py:208} INFO - Processing /opt/airflow/dags/dag_extract_catalogs.py took 0.037 seconds
[2026-08-07T12:57:15.779+0000] {processor.py:186} INFO - Started process (PID=6862) to work on /opt/airflow/dags/dag_extract_catalogs.py
[2026-08-07T12:57:15.779+0000] {processor.py:914} INFO - Processing file /opt/airflow/dags/dag_extract_catalogs.py for tasks to queue
[2026-08-07T12:57:15.780+0000] {logging_mixin.py:190} INFO - [2026-08-07T12:57:15.780+0000] {dagbag.py:588} INFO - Filling up the DagBag from /opt/airflow/dags/dag_extract_catalogs.py
[2026-08-07T12:57:15.784+0000] {processor.py:925} INFO - DAG(s) 'dag_extract_catalogs' retrieved from /opt/airflow/dags/dag_extract_catalogs.py
[2026-08-07T12:57:15.794+0000] {logging_mixin.py:190} INFO - [2026-08-07T12:57:15.794+0000] {dag.py:3239} INFO - Sync 1 DAGs
[2026-08-07T12:57:15.873+0000] {logging_mixin.py:190} INFO - [2026-08-07T12:57:15.873+0000] {dag.py:4180} INFO - Setting next_dagrun for dag_extract_catalogs to 2026-08-07 01:00:00+00:00, run_after=2026-08-08 01:00:00+00:00
[2026-08-07T12:57:15.880+0000] {processor.py:208} INFO - Processing /opt/airflow/dags/dag_extract_catalogs.py took 0.104 seconds
[2026-08-07T13:41:03.018+0000] {processor.py:186} INFO - Started process (PID=6884) to work on /opt/airflow/dags/dag_extract_catalogs.py
[2026-08-07T13:41:03.019+0000] {processor.py:914} INFO - Processing file /opt/airflow/dags/dag_extract_catalogs.py for tasks to queue
[2026-08-07T13:41:03.020+0000] {logging_mixin.py:190} INFO - [2026-08-07T13:41:03.019+0000] {dagbag.py:588} INFO - Filling up the DagBag from /opt/airflow/dags/dag_extract_catalogs.py
[2026-08-07T13:41:03.028+0000] {processor.py:925} INFO - DAG(s) 'dag_extract_catalogs' retrieved from /opt/airflow/dags/dag_extract_catalogs.py
[2026-08-07T13:41:03.042+0000] {logging_mixin.py:190} INFO - [2026-08-07T13:41:03.041+0000] {dag.py:3239} INFO - Sync 1 DAGs
[2026-08-07T13:41:03.051+0000] {logging_mixin.py:190} INFO - [2026-08-07T13:41:03.051+0000] {dag.py:4180} INFO - Setting next_dagrun for dag_extract_catalogs to 2026-08-07 01:00:00+00:00, run_after=2026-08-08 01:00:00+00:00
[2026-08-07T13:41:03.058+0000] {processor.py:208} INFO - Processing /opt/airflow/dags/dag_extract_catalogs.py took 0.042 seconds
[2026-08-07T14:13:00.233+0000] {processor.py:186} INFO - Started process (PID=6908) to work on /opt/airflow/dags/dag_extract_catalogs.py
[2026-08-07T14:13:00.234+0000] {processor.py:914} INFO - Processing file /opt/airflow/dags/dag_extract_catalogs.py for tasks to queue
[2026-08-07T14:13:00.234+0000] {logging_mixin.py:190} INFO - [2026-08-07T14:13:00.234+0000] {dagbag.py:588} INFO - Filling up the DagBag from /opt/airflow/dags/dag_extract_catalogs.py
[2026-08-07T14:13:00.239+0000] {processor.py:925} INFO - DAG(s) 'dag_extract_catalogs' retrieved from /opt/airflow/dags/dag_extract_catalogs.py
[2026-08-07T14:13:00.249+0000] {logging_mixin.py:190} INFO - [2026-08-07T14:13:00.249+0000] {dag.py:3239} INFO - Sync 1 DAGs
[2026-08-07T14:13:00.256+0000] {logging_mixin.py:190} INFO - [2026-08-07T14:13:00.256+0000] {dag.py:4180} INFO - Setting next_dagrun for dag_extract_catalogs to 2026-08-07 01:00:00+00:00, run_after=2026-08-08 01:00:00+00:00
[2026-08-07T14:13:00.261+0000] {processor.py:208} INFO - Processing /opt/airflow/dags/dag_extract_catalogs.py took 0.030 seconds
[2026-08-07T14:59:43.510+0000] {processor.py:186} INFO - Started process (PID=6931) to work on /opt/airflow/dags/dag_extract_catalogs.py
[2026-08-07T14:59:43.510+0000] {processor.py:914} INFO - Processing file /opt/airflow/dags/dag_extract_catalogs.py for tasks to queue
[2026-08-07T14:59:43.511+0000] {logging_mixin.py:190} INFO - [2026-08-07T14:59:43.511+0000] {dagbag.py:588} INFO - Filling up the DagBag from /opt/airflow/dags/dag_extract_catalogs.py
[2026-08-07T14:59:43.516+0000] {processor.py:925} INFO - DAG(s) 'dag_extract_catalogs' retrieved from /opt/airflow/dags/dag_extract_catalogs.py
[2026-08-07T14:59:43.525+0000] {logging_mixin.py:190} INFO - [2026-08-07T14:59:43.525+0000] {dag.py:3239} INFO - Sync 1 DAGs
[2026-08-07T14:59:43.588+0000] {logging_mixin.py:190} INFO - [2026-08-07T14:59:43.587+0000] {dag.py:4180} INFO - Setting next_dagrun for dag_extract_catalogs to 2026-08-07 01:00:00+00:00, run_after=2026-08-08 01:00:00+00:00
[2026-08-07T14:59:43.592+0000] {processor.py:208} INFO - Processing /opt/airflow/dags/dag_extract_catalogs.py took 0.085 seconds
[2026-08-07T15:27:04.643+0000] {processor.py:186} INFO - Started process (PID=6952) to work on /opt/airflow/dags/dag_extract_catalogs.py
[2026-08-07T15:27:04.644+0000] {processor.py:914} INFO - Processing file /opt/airflow/dags/dag_extract_catalogs.py for tasks to queue
[2026-08-07T15:27:04.644+0000] {logging_mixin.py:190} INFO - [2026-08-07T15:27:04.644+0000] {dagbag.py:588} INFO - Filling up the DagBag from /opt/airflow/dags/dag_extract_catalogs.py
[2026-08-07T15:27:04.650+0000] {processor.py:925} INFO - DAG(s) 'dag_extract_catalogs' retrieved from /opt/airflow/dags/dag_extract_catalogs.py
[2026-08-07T15:27:04.661+0000] {logging_mixin.py:190} INFO - [2026-08-07T15:27:04.661+0000] {dag.py:3239} INFO - Sync 1 DAGs
[2026-08-07T15:27:04.668+0000] {logging_mixin.py:190} INFO - [2026-08-07T15:27:04.668+0000] {dag.py:4180} INFO - Setting next_dagrun for dag_extract_catalogs to 2026-08-07 01:00:00+00:00, run_after=2026-08-08 01:00:00+00:00
[2026-08-07T15:27:04.674+0000] {processor.py:208} INFO - Processing /opt/airflow/dags/dag_extract_catalogs.py took 0.033 seconds
[2026-08-07T15:44:42.322+0000] {processor.py:186} INFO - Started process (PID=6977) to work on /opt/airflow/dags/dag_extract_catalogs.py
[2026-08-07T15:44:42.322+0000] {processor.py:914} INFO - Processing file /opt/airflow/dags/dag_extract_catalogs.py for tasks to queue
[2026-08-07T15:44:42.322+0000] {logging_mixin.py:190} INFO - [2026-08-07T15:44:42.322+0000] {dagbag.py:588} INFO - Filling up the DagBag from /opt/airflow/dags/dag_extract_catalogs.py
[2026-08-07T15:44:42.327+0000] {processor.py:925} INFO - DAG(s) 'dag_extract_catalogs' retrieved from /opt/airflow/dags/dag_extract_catalogs.py
[2026-08-07T15:44:42.395+0000] {logging_mixin.py:190} INFO - [2026-08-07T15:44:42.395+0000] {dag.py:3239} INFO - Sync 1 DAGs
[2026-08-07T15:44:42.402+0000] {logging_mixin.py:190} INFO - [2026-08-07T15:44:42.402+0000] {dag.py:4180} INFO - Setting next_dagrun for dag_extract_catalogs to 2026-08-07 01:00:00+00:00, run_after=2026-08-08 01:00:00+00:00
[2026-08-07T15:44:42.406+0000] {processor.py:208} INFO - Processing /opt/airflow/dags/dag_extract_catalogs.py took 0.087 seconds
[2026-08-07T16:03:26.605+0000] {processor.py:186} INFO - Started process (PID=6997) to work on /opt/airflow/dags/dag_extract_catalogs.py
[2026-08-07T16:03:26.606+0000] {processor.py:914} INFO - Processing file /opt/airflow/dags/dag_extract_catalogs.py for tasks to queue
[2026-08-07T16:03:26.606+0000] {logging_mixin.py:190} INFO - [2026-08-07T16:03:26.606+0000] {dagbag.py:588} INFO - Filling up the DagBag from /opt/airflow/dags/dag_extract_catalogs.py
[2026-08-07T16:03:26.611+0000] {processor.py:925} INFO - DAG(s) 'dag_extract_catalogs' retrieved from /opt/airflow/dags/dag_extract_catalogs.py
[2026-08-07T16:03:26.621+0000] {logging_mixin.py:190} INFO - [2026-08-07T16:03:26.621+0000] {dag.py:3239} INFO - Sync 1 DAGs
[2026-08-07T16:03:26.684+0000] {logging_mixin.py:190} INFO - [2026-08-07T16:03:26.684+0000] {dag.py:4180} INFO - Setting next_dagrun for dag_extract_catalogs to 2026-08-07 01:00:00+00:00, run_after=2026-08-08 01:00:00+00:00
[2026-08-07T16:03:26.689+0000] {processor.py:208} INFO - Processing /opt/airflow/dags/dag_extract_catalogs.py took 0.086 seconds
[2026-08-07T16:18:52.009+0000] {processor.py:186} INFO - Started process (PID=7023) to work on /opt/airflow/dags/dag_extract_catalogs.py
[2026-08-07T16:18:52.010+0000] {processor.py:914} INFO - Processing file /opt/airflow/dags/dag_extract_catalogs.py for tasks to queue
[2026-08-07T16:18:52.010+0000] {logging_mixin.py:190} INFO - [2026-08-07T16:18:52.010+0000] {dagbag.py:588} INFO - Filling up the DagBag from /opt/airflow/dags/dag_extract_catalogs.py
[2026-08-07T16:18:52.015+0000] {processor.py:925} INFO - DAG(s) 'dag_extract_catalogs' retrieved from /opt/airflow/dags/dag_extract_catalogs.py
[2026-08-07T16:18:52.026+0000] {logging_mixin.py:190} INFO - [2026-08-07T16:18:52.026+0000] {dag.py:3239} INFO - Sync 1 DAGs
[2026-08-07T16:18:52.034+0000] {logging_mixin.py:190} INFO - [2026-08-07T16:18:52.034+0000] {dag.py:4180} INFO - Setting next_dagrun for dag_extract_catalogs to 2026-08-07 01:00:00+00:00, run_after=2026-08-08 01:00:00+00:00
[2026-08-07T16:18:52.040+0000] {processor.py:208} INFO - Processing /opt/airflow/dags/dag_extract_catalogs.py took 0.033 seconds
[2026-08-07T17:29:10.424+0000] {processor.py:186} INFO - Started process (PID=7046) to work on /opt/airflow/dags/dag_extract_catalogs.py
[2026-08-07T17:29:10.425+0000] {processor.py:914} INFO - Processing file /opt/airflow/dags/dag_extract_catalogs.py for tasks to queue
[2026-08-07T17:29:10.425+0000] {logging_mixin.py:190} INFO - [2026-08-07T17:29:10.425+0000] {dagbag.py:588} INFO - Filling up the DagBag from /opt/airflow/dags/dag_extract_catalogs.py
[2026-08-07T17:29:10.430+0000] {processor.py:925} INFO - DAG(s) 'dag_extract_catalogs' retrieved from /opt/airflow/dags/dag_extract_catalogs.py
[2026-08-07T17:29:10.439+0000] {logging_mixin.py:190} INFO - [2026-08-07T17:29:10.439+0000] {dag.py:3239} INFO - Sync 1 DAGs
[2026-08-07T17:29:10.447+0000] {logging_mixin.py:190} INFO - [2026-08-07T17:29:10.446+0000] {dag.py:4180} INFO - Setting next_dagrun for dag_extract_catalogs to 2026-08-07 01:00:00+00:00, run_after=2026-08-08 01:00:00+00:00
[2026-08-07T17:29:10.451+0000] {processor.py:208} INFO - Processing /opt/airflow/dags/dag_extract_catalogs.py took 0.029 seconds
[2026-08-07T18:01:48.302+0000] {processor.py:186} INFO - Started process (PID=7065) to work on /opt/airflow/dags/dag_extract_catalogs.py
[2026-08-07T18:01:48.303+0000] {processor.py:914} INFO - Processing file /opt/airflow/dags/dag_extract_catalogs.py for tasks to queue
[2026-08-07T18:01:48.304+0000] {logging_mixin.py:190} INFO - [2026-08-07T18:01:48.303+0000] {dagbag.py:588} INFO - Filling up the DagBag from /opt/airflow/dags/dag_extract_catalogs.py
[2026-08-07T18:01:48.312+0000] {processor.py:925} INFO - DAG(s) 'dag_extract_catalogs' retrieved from /opt/airflow/dags/dag_extract_catalogs.py
[2026-08-07T18:01:48.327+0000] {logging_mixin.py:190} INFO - [2026-08-07T18:01:48.326+0000] {dag.py:3239} INFO - Sync 1 DAGs
[2026-08-07T18:01:48.337+0000] {logging_mixin.py:190} INFO - [2026-08-07T18:01:48.337+0000] {dag.py:4180} INFO - Setting next_dagrun for dag_extract_catalogs to 2026-08-07 01:00:00+00:00, run_after=2026-08-08 01:00:00+00:00
[2026-08-07T18:01:48.342+0000] {processor.py:208} INFO - Processing /opt/airflow/dags/dag_extract_catalogs.py took 0.043 seconds
[2026-08-07T19:04:16.925+0000] {processor.py:186} INFO - Started process (PID=7092) to work on /opt/airflow/dags/dag_extract_catalogs.py
[2026-08-07T19:04:16.926+0000] {processor.py:914} INFO - Processing file /opt/airflow/dags/dag_extract_catalogs.py for tasks to queue
[2026-08-07T19:04:16.926+0000] {logging_mixin.py:190} INFO - [2026-08-07T19:04:16.926+0000] {dagbag.py:588} INFO - Filling up the DagBag from /opt/airflow/dags/dag_extract_catalogs.py
[2026-08-07T19:04:16.932+0000] {processor.py:925} INFO - DAG(s) 'dag_extract_catalogs' retrieved from /opt/airflow/dags/dag_extract_catalogs.py
[2026-08-07T19:04:16.945+0000] {logging_mixin.py:190} INFO - [2026-08-07T19:04:16.945+0000] {dag.py:3239} INFO - Sync 1 DAGs
[2026-08-07T19:04:16.953+0000] {logging_mixin.py:190} INFO - [2026-08-07T19:04:16.953+0000] {dag.py:4180} INFO - Setting next_dagrun for dag_extract_catalogs to 2026-08-07 01:00:00+00:00, run_after=2026-08-08 01:00:00+00:00
[2026-08-07T19:04:16.959+0000] {processor.py:208} INFO - Processing /opt/airflow/dags/dag_extract_catalogs.py took 0.036 seconds
[2026-08-07T19:31:03.119+0000] {processor.py:186} INFO - Started process (PID=7112) to work on /opt/airflow/dags/dag_extract_catalogs.py
[2026-08-07T19:31:03.119+0000] {processor.py:914} INFO - Processing file /opt/airflow/dags/dag_extract_catalogs.py for tasks to queue
[2026-08-07T19:31:03.120+0000] {logging_mixin.py:190} INFO - [2026-08-07T19:31:03.119+0000] {dagbag.py:588} INFO - Filling up the DagBag from /opt/airflow/dags/dag_extract_catalogs.py
[2026-08-07T19:31:03.125+0000] {processor.py:925} INFO - DAG(s) 'dag_extract_catalogs' retrieved from /opt/airflow/dags/dag_extract_catalogs.py
[2026-08-07T19:31:03.134+0000] {logging_mixin.py:190} INFO - [2026-08-07T19:31:03.134+0000] {dag.py:3239} INFO - Sync 1 DAGs
[2026-08-07T19:31:03.143+0000] {logging_mixin.py:190} INFO - [2026-08-07T19:31:03.143+0000] {dag.py:4180} INFO - Setting next_dagrun for dag_extract_catalogs to 2026-08-07 01:00:00+00:00, run_after=2026-08-08 01:00:00+00:00
[2026-08-07T19:31:03.148+0000] {processor.py:208} INFO - Processing /opt/airflow/dags/dag_extract_catalogs.py took 0.031 seconds
[2026-08-07T20:20:37.323+0000] {processor.py:186} INFO - Started process (PID=7133) to work on /opt/airflow/dags/dag_extract_catalogs.py
[2026-08-07T20:20:37.324+0000] {processor.py:914} INFO - Processing file /opt/airflow/dags/dag_extract_catalogs.py for tasks to queue
[2026-08-07T20:20:37.325+0000] {logging_mixin.py:190} INFO - [2026-08-07T20:20:37.324+0000] {dagbag.py:588} INFO - Filling up the DagBag from /opt/airflow/dags/dag_extract_catalogs.py
[2026-08-07T20:20:37.334+0000] {processor.py:925} INFO - DAG(s) 'dag_extract_catalogs' retrieved from /opt/airflow/dags/dag_extract_catalogs.py
[2026-08-07T20:20:37.347+0000] {logging_mixin.py:190} INFO - [2026-08-07T20:20:37.346+0000] {dag.py:3239} INFO - Sync 1 DAGs
[2026-08-07T20:20:37.355+0000] {logging_mixin.py:190} INFO - [2026-08-07T20:20:37.355+0000] {dag.py:4180} INFO - Setting next_dagrun for dag_extract_catalogs to 2026-08-07 01:00:00+00:00, run_after=2026-08-08 01:00:00+00:00
[2026-08-07T20:20:37.362+0000] {processor.py:208} INFO - Processing /opt/airflow/dags/dag_extract_catalogs.py took 0.041 seconds
[2026-08-07T21:10:03.589+0000] {processor.py:186} INFO - Started process (PID=7155) to work on /opt/airflow/dags/dag_extract_catalogs.py
[2026-08-07T21:10:03.590+0000] {processor.py:914} INFO - Processing file /opt/airflow/dags/dag_extract_catalogs.py for tasks to queue
[2026-08-07T21:10:03.590+0000] {logging_mixin.py:190} INFO - [2026-08-07T21:10:03.590+0000] {dagbag.py:588} INFO - Filling up the DagBag from /opt/airflow/dags/dag_extract_catalogs.py
[2026-08-07T21:10:03.595+0000] {processor.py:925} INFO - DAG(s) 'dag_extract_catalogs' retrieved from /opt/airflow/dags/dag_extract_catalogs.py
[2026-08-07T21:10:03.606+0000] {logging_mixin.py:190} INFO - [2026-08-07T21:10:03.606+0000] {dag.py:3239} INFO - Sync 1 DAGs
[2026-08-07T21:10:03.613+0000] {logging_mixin.py:190} INFO - [2026-08-07T21:10:03.613+0000] {dag.py:4180} INFO - Setting next_dagrun for dag_extract_catalogs to 2026-08-07 01:00:00+00:00, run_after=2026-08-08 01:00:00+00:00
[2026-08-07T21:10:03.618+0000] {processor.py:208} INFO - Processing /opt/airflow/dags/dag_extract_catalogs.py took 0.031 seconds
[2026-08-07T22:01:10.355+0000] {processor.py:186} INFO - Started process (PID=7178) to work on /opt/airflow/dags/dag_extract_catalogs.py
[2026-08-07T22:01:10.356+0000] {processor.py:914} INFO - Processing file /opt/airflow/dags/dag_extract_catalogs.py for tasks to queue
[2026-08-07T22:01:10.356+0000] {logging_mixin.py:190} INFO - [2026-08-07T22:01:10.356+0000] {dagbag.py:588} INFO - Filling up the DagBag from /opt/airflow/dags/dag_extract_catalogs.py
[2026-08-07T22:01:10.363+0000] {processor.py:925} INFO - DAG(s) 'dag_extract_catalogs' retrieved from /opt/airflow/dags/dag_extract_catalogs.py
[2026-08-07T22:01:10.376+0000] {logging_mixin.py:190} INFO - [2026-08-07T22:01:10.376+0000] {dag.py:3239} INFO - Sync 1 DAGs
[2026-08-07T22:01:10.386+0000] {logging_mixin.py:190} INFO - [2026-08-07T22:01:10.386+0000] {dag.py:4180} INFO - Setting next_dagrun for dag_extract_catalogs to 2026-08-07 01:00:00+00:00, run_after=2026-08-08 01:00:00+00:00
[2026-08-07T22:01:10.394+0000] {processor.py:208} INFO - Processing /opt/airflow/dags/dag_extract_catalogs.py took 0.042 seconds
[2026-08-07T22:16:56.464+0000] {processor.py:186} INFO - Started process (PID=7201) to work on /opt/airflow/dags/dag_extract_catalogs.py
[2026-08-07T22:16:56.465+0000] {processor.py:914} INFO - Processing file /opt/airflow/dags/dag_extract_catalogs.py for tasks to queue
[2026-08-07T22:16:56.465+0000] {logging_mixin.py:190} INFO - [2026-08-07T22:16:56.465+0000] {dagbag.py:588} INFO - Filling up the DagBag from /opt/airflow/dags/dag_extract_catalogs.py
[2026-08-07T22:16:56.470+0000] {processor.py:925} INFO - DAG(s) 'dag_extract_catalogs' retrieved from /opt/airflow/dags/dag_extract_catalogs.py
[2026-08-07T22:16:56.480+0000] {logging_mixin.py:190} INFO - [2026-08-07T22:16:56.480+0000] {dag.py:3239} INFO - Sync 1 DAGs
[2026-08-07T22:16:56.487+0000] {logging_mixin.py:190} INFO - [2026-08-07T22:16:56.487+0000] {dag.py:4180} INFO - Setting next_dagrun for dag_extract_catalogs to 2026-08-07 01:00:00+00:00, run_after=2026-08-08 01:00:00+00:00
[2026-08-07T22:16:56.492+0000] {processor.py:208} INFO - Processing /opt/airflow/dags/dag_extract_catalogs.py took 0.030 seconds
[2026-08-07T22:33:31.035+0000] {processor.py:186} INFO - Started process (PID=7221) to work on /opt/airflow/dags/dag_extract_catalogs.py
[2026-08-07T22:33:31.036+0000] {processor.py:914} INFO - Processing file /opt/airflow/dags/dag_extract_catalogs.py for tasks to queue
[2026-08-07T22:33:31.036+0000] {logging_mixin.py:190} INFO - [2026-08-07T22:33:31.036+0000] {dagbag.py:588} INFO - Filling up the DagBag from /opt/airflow/dags/dag_extract_catalogs.py
[2026-08-07T22:33:31.041+0000] {processor.py:925} INFO - DAG(s) 'dag_extract_catalogs' retrieved from /opt/airflow/dags/dag_extract_catalogs.py
[2026-08-07T22:33:31.050+0000] {logging_mixin.py:190} INFO - [2026-08-07T22:33:31.050+0000] {dag.py:3239} INFO - Sync 1 DAGs
[2026-08-07T22:33:31.058+0000] {logging_mixin.py:190} INFO - [2026-08-07T22:33:31.057+0000] {dag.py:4180} INFO - Setting next_dagrun for dag_extract_catalogs to 2026-08-07 01:00:00+00:00, run_after=2026-08-08 01:00:00+00:00
[2026-08-07T22:33:31.063+0000] {processor.py:208} INFO - Processing /opt/airflow/dags/dag_extract_catalogs.py took 0.030 seconds
[2026-08-07T23:06:01.189+0000] {processor.py:186} INFO - Started process (PID=7242) to work on /opt/airflow/dags/dag_extract_catalogs.py
[2026-08-07T23:06:01.190+0000] {processor.py:914} INFO - Processing file /opt/airflow/dags/dag_extract_catalogs.py for tasks to queue
[2026-08-07T23:06:01.191+0000] {logging_mixin.py:190} INFO - [2026-08-07T23:06:01.191+0000] {dagbag.py:588} INFO - Filling up the DagBag from /opt/airflow/dags/dag_extract_catalogs.py
[2026-08-07T23:06:01.199+0000] {processor.py:925} INFO - DAG(s) 'dag_extract_catalogs' retrieved from /opt/airflow/dags/dag_extract_catalogs.py
[2026-08-07T23:06:01.215+0000] {logging_mixin.py:190} INFO - [2026-08-07T23:06:01.215+0000] {dag.py:3239} INFO - Sync 1 DAGs
[2026-08-07T23:06:01.225+0000] {logging_mixin.py:190} INFO - [2026-08-07T23:06:01.225+0000] {dag.py:4180} INFO - Setting next_dagrun for dag_extract_catalogs to 2026-08-07 01:00:00+00:00, run_after=2026-08-08 01:00:00+00:00
[2026-08-07T23:06:01.234+0000] {processor.py:208} INFO - Processing /opt/airflow/dags/dag_extract_catalogs.py took 0.047 seconds
[2026-08-07T23:53:40.554+0000] {processor.py:186} INFO - Started process (PID=7265) to work on /opt/airflow/dags/dag_extract_catalogs.py
[2026-08-07T23:53:40.555+0000] {processor.py:914} INFO - Processing file /opt/airflow/dags/dag_extract_catalogs.py for tasks to queue
[2026-08-07T23:53:40.556+0000] {logging_mixin.py:190} INFO - [2026-08-07T23:53:40.556+0000] {dagbag.py:588} INFO - Filling up the DagBag from /opt/airflow/dags/dag_extract_catalogs.py
[2026-08-07T23:53:40.563+0000] {processor.py:925} INFO - DAG(s) 'dag_extract_catalogs' retrieved from /opt/airflow/dags/dag_extract_catalogs.py
[2026-08-07T23:53:40.577+0000] {logging_mixin.py:190} INFO - [2026-08-07T23:53:40.577+0000] {dag.py:3239} INFO - Sync 1 DAGs
[2026-08-07T23:53:40.586+0000] {logging_mixin.py:190} INFO - [2026-08-07T23:53:40.586+0000] {dag.py:4180} INFO - Setting next_dagrun for dag_extract_catalogs to 2026-08-07 01:00:00+00:00, run_after=2026-08-08 01:00:00+00:00
[2026-08-07T23:53:40.592+0000] {processor.py:208} INFO - Processing /opt/airflow/dags/dag_extract_catalogs.py took 0.040 seconds
