[2026-08-07T00:24:29.974+0000] {processor.py:186} INFO - Started process (PID=6302) to work on /opt/airflow/dags/dag_extract_putevoy_list.py
[2026-08-07T00:24:29.975+0000] {processor.py:914} INFO - Processing file /opt/airflow/dags/dag_extract_putevoy_list.py for tasks to queue
[2026-08-07T00:24:29.976+0000] {logging_mixin.py:190} INFO - [2026-08-07T00:24:29.975+0000] {dagbag.py:588} INFO - Filling up the DagBag from /opt/airflow/dags/dag_extract_putevoy_list.py
[2026-08-07T00:24:29.985+0000] {processor.py:925} INFO - DAG(s) 'dag_extract_putevoy_list' retrieved from /opt/airflow/dags/dag_extract_putevoy_list.py
[2026-08-07T00:24:29.998+0000] {logging_mixin.py:190} INFO - [2026-08-07T00:24:29.998+0000] {dag.py:3239} INFO - Sync 1 DAGs
[2026-08-07T00:24:30.008+0000] {logging_mixin.py:190} INFO - [2026-08-07T00:24:30.008+0000] {dag.py:4180} INFO - Setting next_dagrun for dag_extract_putevoy_list to 2026-08-06 02:00:00+00:00, run_after=2026-08-07 02:00:00+00:00
[2026-08-07T00:24:30.016+0000] {processor.py:208} INFO - Processing /opt/airflow/dags/dag_extract_putevoy_list.py took 0.046 seconds
[2026-08-07T00:56:27.570+0000] {processor.py:186} INFO - Started process (PID=6322) to work on /opt/airflow/dags/dag_extract_putevoy_list.py
[2026-08-07T00:56:27.572+0000] {processor.py:914} INFO - Processing file /opt/airflow/dags/dag_extract_putevoy_list.py for tasks to queue
[2026-08-07T00:56:27.573+0000] {logging_mixin.py:190} INFO - [2026-08-07T00:56:27.573+0000] {dagbag.py:588} INFO - Filling up the DagBag from /opt/airflow/dags/dag_extract_putevoy_list.py
[2026-08-07T00:56:27.582+0000] {processor.py:925} INFO - DAG(s) 'dag_extract_putevoy_list' retrieved from /opt/airflow/dags/dag_extract_putevoy_list.py
[2026-08-07T00:56:27.595+0000] {logging_mixin.py:190} INFO - [2026-08-07T00:56:27.594+0000] {dag.py:3239} INFO - Sync 1 DAGs
[2026-08-07T00:56:27.605+0000] {logging_mixin.py:190} INFO - [2026-08-07T00:56:27.605+0000] {dag.py:4180} INFO - Setting next_dagrun for dag_extract_putevoy_list to 2026-08-06 02:00:00+00:00, run_after=2026-08-07 02:00:00+00:00
[2026-08-07T00:56:27.612+0000] {processor.py:208} INFO - Processing /opt/airflow/dags/dag_extract_putevoy_list.py took 0.045 seconds
[2026-08-07T01:45:41.205+0000] {processor.py:186} INFO - Started process (PID=6342) to work on /opt/airflow/dags/dag_extract_putevoy_list.py
[2026-08-07T01:45:41.206+0000] {processor.py:914} INFO - Processing file /opt/airflow/dags/dag_extract_putevoy_list.py for tasks to queue
[2026-08-07T01:45:41.207+0000] {logging_mixin.py:190} INFO - [2026-08-07T01:45:41.207+0000] {dagbag.py:588} INFO - Filling up the DagBag from /opt/airflow/dags/dag_extract_putevoy_list.py
[2026-08-07T01:45:41.215+0000] {processor.py:925} INFO - DAG(s) 'dag_extract_putevoy_list' retrieved from /opt/airflow/dags/dag_extract_putevoy_list.py
[2026-08-07T01:45:41.232+0000] {logging_mixin.py:190} INFO - [2026-08-07T01:45:41.232+0000] {dag.py:3239} INFO - Sync 1 DAGs
[2026-08-07T01:45:41.244+0000] {logging_mixin.py:190} INFO - [2026-08-07T01:45:41.244+0000] {dag.py:4180} INFO - Setting next_dagrun for dag_extract_putevoy_list to 2026-08-06 02:00:00+00:00, run_after=2026-08-07 02:00:00+00:00
[2026-08-07T01:45:41.264+0000] {processor.py:208} INFO - Processing /opt/airflow/dags/dag_extract_putevoy_list.py took 0.063 seconds
[2026-08-07T02:18:35.036+0000] {processor.py:186} INFO - Started process (PID=6374) to work on /opt/airflow/dags/dag_extract_putevoy_list.py
[2026-08-07T02:18:35.036+0000] {processor.py:914} INFO - Processing file /opt/airflow/dags/dag_extract_putevoy_list.py for tasks to queue
[2026-08-07T02:18:35.037+0000] {logging_mixin.py:190} INFO - [2026-08-07T02:18:35.037+0000] {dagbag.py:588} INFO - Filling up the DagBag from /opt/airflow/dags/dag_extract_putevoy_list.py
[2026-08-07T02:18:35.044+0000] {processor.py:925} INFO - DAG(s) 'dag_extract_putevoy_list' retrieved from /opt/airflow/dags/dag_extract_putevoy_list.py
[2026-08-07T02:18:35.059+0000] {logging_mixin.py:190} INFO - [2026-08-07T02:18:35.058+0000] {dag.py:3239} INFO - Sync 1 DAGs
[2026-08-07T02:18:35.070+0000] {logging_mixin.py:190} INFO - [2026-08-07T02:18:35.069+0000] {dag.py:4180} INFO - Setting next_dagrun for dag_extract_putevoy_list to 2026-08-06 02:00:00+00:00, run_after=2026-08-07 02:00:00+00:00
[2026-08-07T02:18:35.076+0000] {processor.py:208} INFO - Processing /opt/airflow/dags/dag_extract_putevoy_list.py took 0.044 seconds
[2026-08-07T02:35:48.762+0000] {processor.py:186} INFO - Started process (PID=6397) to work on /opt/airflow/dags/dag_extract_putevoy_list.py
[2026-08-07T02:35:48.763+0000] {processor.py:914} INFO - Processing file /opt/airflow/dags/dag_extract_putevoy_list.py for tasks to queue
[2026-08-07T02:35:48.765+0000] {logging_mixin.py:190} INFO - [2026-08-07T02:35:48.764+0000] {dagbag.py:588} INFO - Filling up the DagBag from /opt/airflow/dags/dag_extract_putevoy_list.py
[2026-08-07T02:35:48.777+0000] {processor.py:925} INFO - DAG(s) 'dag_extract_putevoy_list' retrieved from /opt/airflow/dags/dag_extract_putevoy_list.py
[2026-08-07T02:35:48.795+0000] {logging_mixin.py:190} INFO - [2026-08-07T02:35:48.794+0000] {dag.py:3239} INFO - Sync 1 DAGs
[2026-08-07T02:35:48.816+0000] {processor.py:208} INFO - Processing /opt/airflow/dags/dag_extract_putevoy_list.py took 0.058 seconds
[2026-08-07T02:52:26.925+0000] {processor.py:186} INFO - Started process (PID=6429) to work on /opt/airflow/dags/dag_extract_putevoy_list.py
[2026-08-07T02:52:26.925+0000] {processor.py:914} INFO - Processing file /opt/airflow/dags/dag_extract_putevoy_list.py for tasks to queue
[2026-08-07T02:52:26.926+0000] {logging_mixin.py:190} INFO - [2026-08-07T02:52:26.926+0000] {dagbag.py:588} INFO - Filling up the DagBag from /opt/airflow/dags/dag_extract_putevoy_list.py
[2026-08-07T02:52:26.932+0000] {processor.py:925} INFO - DAG(s) 'dag_extract_putevoy_list' retrieved from /opt/airflow/dags/dag_extract_putevoy_list.py
[2026-08-07T02:52:26.944+0000] {logging_mixin.py:190} INFO - [2026-08-07T02:52:26.944+0000] {dag.py:3239} INFO - Sync 1 DAGs
[2026-08-07T02:52:26.957+0000] {processor.py:208} INFO - Processing /opt/airflow/dags/dag_extract_putevoy_list.py took 0.036 seconds
[2026-08-07T03:08:09.873+0000] {processor.py:186} INFO - Started process (PID=6455) to work on /opt/airflow/dags/dag_extract_putevoy_list.py
[2026-08-07T03:08:09.874+0000] {processor.py:914} INFO - Processing file /opt/airflow/dags/dag_extract_putevoy_list.py for tasks to queue
[2026-08-07T03:08:09.874+0000] {logging_mixin.py:190} INFO - [2026-08-07T03:08:09.874+0000] {dagbag.py:588} INFO - Filling up the DagBag from /opt/airflow/dags/dag_extract_putevoy_list.py
[2026-08-07T03:08:09.879+0000] {processor.py:925} INFO - DAG(s) 'dag_extract_putevoy_list' retrieved from /opt/airflow/dags/dag_extract_putevoy_list.py
[2026-08-07T03:08:09.890+0000] {logging_mixin.py:190} INFO - [2026-08-07T03:08:09.890+0000] {dag.py:3239} INFO - Sync 1 DAGs
[2026-08-07T03:08:09.903+0000] {processor.py:208} INFO - Processing /opt/airflow/dags/dag_extract_putevoy_list.py took 0.033 seconds
[2026-08-07T03:16:26.539+0000] {processor.py:186} INFO - Started process (PID=6478) to work on /opt/airflow/dags/dag_extract_putevoy_list.py
[2026-08-07T03:16:26.539+0000] {processor.py:914} INFO - Processing file /opt/airflow/dags/dag_extract_putevoy_list.py for tasks to queue
[2026-08-07T03:16:26.540+0000] {logging_mixin.py:190} INFO - [2026-08-07T03:16:26.540+0000] {dagbag.py:588} INFO - Filling up the DagBag from /opt/airflow/dags/dag_extract_putevoy_list.py
[2026-08-07T03:16:26.549+0000] {processor.py:925} INFO - DAG(s) 'dag_extract_putevoy_list' retrieved from /opt/airflow/dags/dag_extract_putevoy_list.py
[2026-08-07T03:16:26.563+0000] {logging_mixin.py:190} INFO - [2026-08-07T03:16:26.563+0000] {dag.py:3239} INFO - Sync 1 DAGs
[2026-08-07T03:16:26.581+0000] {processor.py:208} INFO - Processing /opt/airflow/dags/dag_extract_putevoy_list.py took 0.047 seconds
[2026-08-07T03:32:40.165+0000] {processor.py:186} INFO - Started process (PID=6519) to work on /opt/airflow/dags/dag_extract_putevoy_list.py
[2026-08-07T03:32:40.166+0000] {processor.py:914} INFO - Processing file /opt/airflow/dags/dag_extract_putevoy_list.py for tasks to queue
[2026-08-07T03:32:40.167+0000] {logging_mixin.py:190} INFO - [2026-08-07T03:32:40.167+0000] {dagbag.py:588} INFO - Filling up the DagBag from /opt/airflow/dags/dag_extract_putevoy_list.py
[2026-08-07T03:32:40.184+0000] {processor.py:925} INFO - DAG(s) 'dag_extract_putevoy_list' retrieved from /opt/airflow/dags/dag_extract_putevoy_list.py
[2026-08-07T03:32:40.206+0000] {logging_mixin.py:190} INFO - [2026-08-07T03:32:40.206+0000] {dag.py:3239} INFO - Sync 1 DAGs
[2026-08-07T03:32:40.247+0000] {processor.py:208} INFO - Processing /opt/airflow/dags/dag_extract_putevoy_list.py took 0.091 seconds
[2026-08-07T04:22:06.591+0000] {processor.py:186} INFO - Started process (PID=6539) to work on /opt/airflow/dags/dag_extract_putevoy_list.py
[2026-08-07T04:22:06.592+0000] {processor.py:914} INFO - Processing file /opt/airflow/dags/dag_extract_putevoy_list.py for tasks to queue
[2026-08-07T04:22:06.593+0000] {logging_mixin.py:190} INFO - [2026-08-07T04:22:06.592+0000] {dagbag.py:588} INFO - Filling up the DagBag from /opt/airflow/dags/dag_extract_putevoy_list.py
[2026-08-07T04:22:06.600+0000] {processor.py:925} INFO - DAG(s) 'dag_extract_putevoy_list' retrieved from /opt/airflow/dags/dag_extract_putevoy_list.py
[2026-08-07T04:22:06.616+0000] {logging_mixin.py:190} INFO - [2026-08-07T04:22:06.616+0000] {dag.py:3239} INFO - Sync 1 DAGs
[2026-08-07T04:22:06.629+0000] {logging_mixin.py:190} INFO - [2026-08-07T04:22:06.629+0000] {dag.py:4180} INFO - Setting next_dagrun for dag_extract_putevoy_list to 2026-08-07 02:00:00+00:00, run_after=2026-08-08 02:00:00+00:00
[2026-08-07T04:22:06.638+0000] {processor.py:208} INFO - Processing /opt/airflow/dags/dag_extract_putevoy_list.py took 0.052 seconds
[2026-08-07T05:32:44.362+0000] {processor.py:186} INFO - Started process (PID=6586) to work on /opt/airflow/dags/dag_extract_putevoy_list.py
[2026-08-07T05:32:44.362+0000] {processor.py:914} INFO - Processing file /opt/airflow/dags/dag_extract_putevoy_list.py for tasks to queue
[2026-08-07T05:32:44.363+0000] {logging_mixin.py:190} INFO - [2026-08-07T05:32:44.363+0000] {dagbag.py:588} INFO - Filling up the DagBag from /opt/airflow/dags/dag_extract_putevoy_list.py
[2026-08-07T05:32:44.369+0000] {processor.py:925} INFO - DAG(s) 'dag_extract_putevoy_list' retrieved from /opt/airflow/dags/dag_extract_putevoy_list.py
[2026-08-07T05:32:44.564+0000] {logging_mixin.py:190} INFO - [2026-08-07T05:32:44.564+0000] {dag.py:3239} INFO - Sync 1 DAGs
[2026-08-07T05:32:44.588+0000] {logging_mixin.py:190} INFO - [2026-08-07T05:32:44.588+0000] {dag.py:4180} INFO - Setting next_dagrun for dag_extract_putevoy_list to 2026-08-07 02:00:00+00:00, run_after=2026-08-08 02:00:00+00:00
[2026-08-07T05:32:44.618+0000] {processor.py:208} INFO - Processing /opt/airflow/dags/dag_extract_putevoy_list.py took 0.259 seconds
[2026-08-07T06:18:01.112+0000] {processor.py:186} INFO - Started process (PID=6606) to work on /opt/airflow/dags/dag_extract_putevoy_list.py
[2026-08-07T06:18:01.112+0000] {processor.py:914} INFO - Processing file /opt/airflow/dags/dag_extract_putevoy_list.py for tasks to queue
[2026-08-07T06:18:01.114+0000] {logging_mixin.py:190} INFO - [2026-08-07T06:18:01.113+0000] {dagbag.py:588} INFO - Filling up the DagBag from /opt/airflow/dags/dag_extract_putevoy_list.py
[2026-08-07T06:18:01.123+0000] {processor.py:925} INFO - DAG(s) 'dag_extract_putevoy_list' retrieved from /opt/airflow/dags/dag_extract_putevoy_list.py
[2026-08-07T06:18:01.135+0000] {logging_mixin.py:190} INFO - [2026-08-07T06:18:01.135+0000] {dag.py:3239} INFO - Sync 1 DAGs
[2026-08-07T06:18:01.145+0000] {logging_mixin.py:190} INFO - [2026-08-07T06:18:01.144+0000] {dag.py:4180} INFO - Setting next_dagrun for dag_extract_putevoy_list to 2026-08-07 02:00:00+00:00, run_after=2026-08-08 02:00:00+00:00
[2026-08-07T06:18:01.154+0000] {processor.py:208} INFO - Processing /opt/airflow/dags/dag_extract_putevoy_list.py took 0.045 seconds
[2026-08-07T07:19:00.315+0000] {processor.py:186} INFO - Started process (PID=6626) to work on /opt/airflow/dags/dag_extract_putevoy_list.py
[2026-08-07T07:19:00.316+0000] {processor.py:914} INFO - Processing file /opt/airflow/dags/dag_extract_putevoy_list.py for tasks to queue
[2026-08-07T07:19:00.318+0000] {logging_mixin.py:190} INFO - [2026-08-07T07:19:00.318+0000] {dagbag.py:588} INFO - Filling up the DagBag from /opt/airflow/dags/dag_extract_putevoy_list.py
[2026-08-07T07:19:00.328+0000] {processor.py:925} INFO - DAG(s) 'dag_extract_putevoy_list' retrieved from /opt/airflow/dags/dag_extract_putevoy_list.py
[2026-08-07T07:19:00.348+0000] {logging_mixin.py:190} INFO - [2026-08-07T07:19:00.347+0000] {dag.py:3239} INFO - Sync 1 DAGs
[2026-08-07T07:19:00.360+0000] {logging_mixin.py:190} INFO - [2026-08-07T07:19:00.360+0000] {dag.py:4180} INFO - Setting next_dagrun for dag_extract_putevoy_list to 2026-08-07 02:00:00+00:00, run_after=2026-08-08 02:00:00+00:00
[2026-08-07T07:19:00.368+0000] {processor.py:208} INFO - Processing /opt/airflow/dags/dag_extract_putevoy_list.py took 0.058 seconds
[2026-08-07T07:36:49.982+0000] {processor.py:186} INFO - Started process (PID=6649) to work on /opt/airflow/dags/dag_extract_putevoy_list.py
[2026-08-07T07:36:49.983+0000] {processor.py:914} INFO - Processing file /opt/airflow/dags/dag_extract_putevoy_list.py for tasks to queue
[2026-08-07T07:36:49.984+0000] {logging_mixin.py:190} INFO - [2026-08-07T07:36:49.983+0000] {dagbag.py:588} INFO - Filling up the DagBag from /opt/airflow/dags/dag_extract_putevoy_list.py
[2026-08-07T07:36:49.990+0000] {processor.py:925} INFO - DAG(s) 'dag_extract_putevoy_list' retrieved from /opt/airflow/dags/dag_extract_putevoy_list.py
[2026-08-07T07:36:50.007+0000] {logging_mixin.py:190} INFO - [2026-08-07T07:36:50.007+0000] {dag.py:3239} INFO - Sync 1 DAGs
[2026-08-07T07:36:50.016+0000] {logging_mixin.py:190} INFO - [2026-08-07T07:36:50.016+0000] {dag.py:4180} INFO - Setting next_dagrun for dag_extract_putevoy_list to 2026-08-07 02:00:00+00:00, run_after=2026-08-08 02:00:00+00:00
[2026-08-07T07:36:50.024+0000] {processor.py:208} INFO - Processing /opt/airflow/dags/dag_extract_putevoy_list.py took 0.047 seconds
[2026-08-07T08:08:05.298+0000] {processor.py:186} INFO - Started process (PID=6675) to work on /opt/airflow/dags/dag_extract_putevoy_list.py
[2026-08-07T08:08:05.299+0000] {processor.py:914} INFO - Processing file /opt/airflow/dags/dag_extract_putevoy_list.py for tasks to queue
[2026-08-07T08:08:05.299+0000] {logging_mixin.py:190} INFO - [2026-08-07T08:08:05.299+0000] {dagbag.py:588} INFO - Filling up the DagBag from /opt/airflow/dags/dag_extract_putevoy_list.py
[2026-08-07T08:08:05.305+0000] {processor.py:925} INFO - DAG(s) 'dag_extract_putevoy_list' retrieved from /opt/airflow/dags/dag_extract_putevoy_list.py
[2026-08-07T08:08:05.316+0000] {logging_mixin.py:190} INFO - [2026-08-07T08:08:05.316+0000] {dag.py:3239} INFO - Sync 1 DAGs
[2026-08-07T08:08:05.325+0000] {logging_mixin.py:190} INFO - [2026-08-07T08:08:05.325+0000] {dag.py:4180} INFO - Setting next_dagrun for dag_extract_putevoy_list to 2026-08-07 02:00:00+00:00, run_after=2026-08-08 02:00:00+00:00
[2026-08-07T08:08:05.331+0000] {processor.py:208} INFO - Processing /opt/airflow/dags/dag_extract_putevoy_list.py took 0.036 seconds
[2026-08-07T08:35:29.020+0000] {processor.py:186} INFO - Started process (PID=6695) to work on /opt/airflow/dags/dag_extract_putevoy_list.py
[2026-08-07T08:35:29.021+0000] {processor.py:914} INFO - Processing file /opt/airflow/dags/dag_extract_putevoy_list.py for tasks to queue
[2026-08-07T08:35:29.021+0000] {logging_mixin.py:190} INFO - [2026-08-07T08:35:29.021+0000] {dagbag.py:588} INFO - Filling up the DagBag from /opt/airflow/dags/dag_extract_putevoy_list.py
[2026-08-07T08:35:29.029+0000] {processor.py:925} INFO - DAG(s) 'dag_extract_putevoy_list' retrieved from /opt/airflow/dags/dag_extract_putevoy_list.py
[2026-08-07T08:35:29.043+0000] {logging_mixin.py:190} INFO - [2026-08-07T08:35:29.043+0000] {dag.py:3239} INFO - Sync 1 DAGs
[2026-08-07T08:35:29.052+0000] {logging_mixin.py:190} INFO - [2026-08-07T08:35:29.052+0000] {dag.py:4180} INFO - Setting next_dagrun for dag_extract_putevoy_list to 2026-08-07 02:00:00+00:00, run_after=2026-08-08 02:00:00+00:00
[2026-08-07T08:35:29.059+0000] {processor.py:208} INFO - Processing /opt/airflow/dags/dag_extract_putevoy_list.py took 0.043 seconds
[2026-08-07T09:21:01.297+0000] {processor.py:186} INFO - Started process (PID=6715) to work on /opt/airflow/dags/dag_extract_putevoy_list.py
[2026-08-07T09:21:01.298+0000] {processor.py:914} INFO - Processing file /opt/airflow/dags/dag_extract_putevoy_list.py for tasks to queue
[2026-08-07T09:21:01.299+0000] {logging_mixin.py:190} INFO - [2026-08-07T09:21:01.299+0000] {dagbag.py:588} INFO - Filling up the DagBag from /opt/airflow/dags/dag_extract_putevoy_list.py
[2026-08-07T09:21:01.314+0000] {processor.py:925} INFO - DAG(s) 'dag_extract_putevoy_list' retrieved from /opt/airflow/dags/dag_extract_putevoy_list.py
[2026-08-07T09:21:01.331+0000] {logging_mixin.py:190} INFO - [2026-08-07T09:21:01.331+0000] {dag.py:3239} INFO - Sync 1 DAGs
[2026-08-07T09:21:01.345+0000] {logging_mixin.py:190} INFO - [2026-08-07T09:21:01.344+0000] {dag.py:4180} INFO - Setting next_dagrun for dag_extract_putevoy_list to 2026-08-07 02:00:00+00:00, run_after=2026-08-08 02:00:00+00:00
[2026-08-07T09:21:01.355+0000] {processor.py:208} INFO - Processing /opt/airflow/dags/dag_extract_putevoy_list.py took 0.062 seconds
[2026-08-07T10:39:18.863+0000] {processor.py:186} INFO - Started process (PID=6741) to work on /opt/airflow/dags/dag_extract_putevoy_list.py
[2026-08-07T10:39:18.864+0000] {processor.py:914} INFO - Processing file /opt/airflow/dags/dag_extract_putevoy_list.py for tasks to queue
[2026-08-07T10:39:18.866+0000] {logging_mixin.py:190} INFO - [2026-08-07T10:39:18.866+0000] {dagbag.py:588} INFO - Filling up the DagBag from /opt/airflow/dags/dag_extract_putevoy_list.py
[2026-08-07T10:39:18.874+0000] {processor.py:925} INFO - DAG(s) 'dag_extract_putevoy_list' retrieved from /opt/airflow/dags/dag_extract_putevoy_list.py
[2026-08-07T10:39:18.886+0000] {logging_mixin.py:190} INFO - [2026-08-07T10:39:18.886+0000] {dag.py:3239} INFO - Sync 1 DAGs
[2026-08-07T10:39:18.895+0000] {logging_mixin.py:190} INFO - [2026-08-07T10:39:18.895+0000] {dag.py:4180} INFO - Setting next_dagrun for dag_extract_putevoy_list to 2026-08-07 02:00:00+00:00, run_after=2026-08-08 02:00:00+00:00
[2026-08-07T10:39:18.905+0000] {processor.py:208} INFO - Processing /opt/airflow/dags/dag_extract_putevoy_list.py took 0.044 seconds
[2026-08-07T11:14:13.711+0000] {processor.py:186} INFO - Started process (PID=6764) to work on /opt/airflow/dags/dag_extract_putevoy_list.py
[2026-08-07T11:14:13.711+0000] {processor.py:914} INFO - Processing file /opt/airflow/dags/dag_extract_putevoy_list.py for tasks to queue
[2026-08-07T11:14:13.712+0000] {logging_mixin.py:190} INFO - [2026-08-07T11:14:13.712+0000] {dagbag.py:588} INFO - Filling up the DagBag from /opt/airflow/dags/dag_extract_putevoy_list.py
[2026-08-07T11:14:13.719+0000] {processor.py:925} INFO - DAG(s) 'dag_extract_putevoy_list' retrieved from /opt/airflow/dags/dag_extract_putevoy_list.py
[2026-08-07T11:14:13.732+0000] {logging_mixin.py:190} INFO - [2026-08-07T11:14:13.732+0000] {dag.py:3239} INFO - Sync 1 DAGs
[2026-08-07T11:14:13.741+0000] {logging_mixin.py:190} INFO - [2026-08-07T11:14:13.741+0000] {dag.py:4180} INFO - Setting next_dagrun for dag_extract_putevoy_list to 2026-08-07 02:00:00+00:00, run_after=2026-08-08 02:00:00+00:00
[2026-08-07T11:14:13.749+0000] {processor.py:208} INFO - Processing /opt/airflow/dags/dag_extract_putevoy_list.py took 0.043 seconds
[2026-08-07T11:16:14.929+0000] {processor.py:186} INFO - Started process (PID=6784) to work on /opt/airflow/dags/dag_extract_putevoy_list.py
[2026-08-07T11:16:14.930+0000] {processor.py:914} INFO - Processing file /opt/airflow/dags/dag_extract_putevoy_list.py for tasks to queue
[2026-08-07T11:16:14.931+0000] {logging_mixin.py:190} INFO - [2026-08-07T11:16:14.931+0000] {dagbag.py:588} INFO - Filling up the DagBag from /opt/airflow/dags/dag_extract_putevoy_list.py
[2026-08-07T11:16:14.940+0000] {processor.py:925} INFO - DAG(s) 'dag_extract_putevoy_list' retrieved from /opt/airflow/dags/dag_extract_putevoy_list.py
[2026-08-07T11:16:14.953+0000] {logging_mixin.py:190} INFO - [2026-08-07T11:16:14.953+0000] {dag.py:3239} INFO - Sync 1 DAGs
[2026-08-07T11:16:14.963+0000] {logging_mixin.py:190} INFO - [2026-08-07T11:16:14.963+0000] {dag.py:4180} INFO - Setting next_dagrun for dag_extract_putevoy_list to 2026-08-07 02:00:00+00:00, run_after=2026-08-08 02:00:00+00:00
[2026-08-07T11:16:14.971+0000] {processor.py:208} INFO - Processing /opt/airflow/dags/dag_extract_putevoy_list.py took 0.047 seconds
[2026-08-07T11:39:21.871+0000] {processor.py:186} INFO - Started process (PID=6807) to work on /opt/airflow/dags/dag_extract_putevoy_list.py
[2026-08-07T11:39:21.874+0000] {processor.py:914} INFO - Processing file /opt/airflow/dags/dag_extract_putevoy_list.py for tasks to queue
[2026-08-07T11:39:21.875+0000] {logging_mixin.py:190} INFO - [2026-08-07T11:39:21.875+0000] {dagbag.py:588} INFO - Filling up the DagBag from /opt/airflow/dags/dag_extract_putevoy_list.py
[2026-08-07T11:39:21.882+0000] {processor.py:925} INFO - DAG(s) 'dag_extract_putevoy_list' retrieved from /opt/airflow/dags/dag_extract_putevoy_list.py
[2026-08-07T11:39:21.897+0000] {logging_mixin.py:190} INFO - [2026-08-07T11:39:21.897+0000] {dag.py:3239} INFO - Sync 1 DAGs
[2026-08-07T11:39:21.905+0000] {logging_mixin.py:190} INFO - [2026-08-07T11:39:21.905+0000] {dag.py:4180} INFO - Setting next_dagrun for dag_extract_putevoy_list to 2026-08-07 02:00:00+00:00, run_after=2026-08-08 02:00:00+00:00
[2026-08-07T11:39:21.912+0000] {processor.py:208} INFO - Processing /opt/airflow/dags/dag_extract_putevoy_list.py took 0.043 seconds
[2026-08-07T12:24:08.005+0000] {processor.py:186} INFO - Started process (PID=6830) to work on /opt/airflow/dags/dag_extract_putevoy_list.py
[2026-08-07T12:24:08.006+0000] {processor.py:914} INFO - Processing file /opt/airflow/dags/dag_extract_putevoy_list.py for tasks to queue
[2026-08-07T12:24:08.006+0000] {logging_mixin.py:190} INFO - [2026-08-07T12:24:08.006+0000] {dagbag.py:588} INFO - Filling up the DagBag from /opt/airflow/dags/dag_extract_putevoy_list.py
[2026-08-07T12:24:08.015+0000] {processor.py:925} INFO - DAG(s) 'dag_extract_putevoy_list' retrieved from /opt/airflow/dags/dag_extract_putevoy_list.py
[2026-08-07T12:24:08.031+0000] {logging_mixin.py:190} INFO - [2026-08-07T12:24:08.030+0000] {dag.py:3239} INFO - Sync 1 DAGs
[2026-08-07T12:24:08.123+0000] {logging_mixin.py:190} INFO - [2026-08-07T12:24:08.123+0000] {dag.py:4180} INFO - Setting next_dagrun for dag_extract_putevoy_list to 2026-08-07 02:00:00+00:00, run_after=2026-08-08 02:00:00+00:00
[2026-08-07T12:24:08.129+0000] {processor.py:208} INFO - Processing /opt/airflow/dags/dag_extract_putevoy_list.py took 0.128 seconds
[2026-08-07T12:57:15.601+0000] {processor.py:186} INFO - Started process (PID=6850) to work on /opt/airflow/dags/dag_extract_putevoy_list.py
[2026-08-07T12:57:15.602+0000] {processor.py:914} INFO - Processing file /opt/airflow/dags/dag_extract_putevoy_list.py for tasks to queue
[2026-08-07T12:57:15.603+0000] {logging_mixin.py:190} INFO - [2026-08-07T12:57:15.603+0000] {dagbag.py:588} INFO - Filling up the DagBag from /opt/airflow/dags/dag_extract_putevoy_list.py
[2026-08-07T12:57:15.612+0000] {processor.py:925} INFO - DAG(s) 'dag_extract_putevoy_list' retrieved from /opt/airflow/dags/dag_extract_putevoy_list.py
[2026-08-07T12:57:15.624+0000] {logging_mixin.py:190} INFO - [2026-08-07T12:57:15.624+0000] {dag.py:3239} INFO - Sync 1 DAGs
[2026-08-07T12:57:15.635+0000] {logging_mixin.py:190} INFO - [2026-08-07T12:57:15.635+0000] {dag.py:4180} INFO - Setting next_dagrun for dag_extract_putevoy_list to 2026-08-07 02:00:00+00:00, run_after=2026-08-08 02:00:00+00:00
[2026-08-07T12:57:15.645+0000] {processor.py:208} INFO - Processing /opt/airflow/dags/dag_extract_putevoy_list.py took 0.047 seconds
[2026-08-07T13:41:02.942+0000] {processor.py:186} INFO - Started process (PID=6874) to work on /opt/airflow/dags/dag_extract_putevoy_list.py
[2026-08-07T13:41:02.943+0000] {processor.py:914} INFO - Processing file /opt/airflow/dags/dag_extract_putevoy_list.py for tasks to queue
[2026-08-07T13:41:02.944+0000] {logging_mixin.py:190} INFO - [2026-08-07T13:41:02.944+0000] {dagbag.py:588} INFO - Filling up the DagBag from /opt/airflow/dags/dag_extract_putevoy_list.py
[2026-08-07T13:41:02.955+0000] {processor.py:925} INFO - DAG(s) 'dag_extract_putevoy_list' retrieved from /opt/airflow/dags/dag_extract_putevoy_list.py
[2026-08-07T13:41:02.972+0000] {logging_mixin.py:190} INFO - [2026-08-07T13:41:02.972+0000] {dag.py:3239} INFO - Sync 1 DAGs
[2026-08-07T13:41:02.983+0000] {logging_mixin.py:190} INFO - [2026-08-07T13:41:02.983+0000] {dag.py:4180} INFO - Setting next_dagrun for dag_extract_putevoy_list to 2026-08-07 02:00:00+00:00, run_after=2026-08-08 02:00:00+00:00
[2026-08-07T13:41:02.996+0000] {processor.py:208} INFO - Processing /opt/airflow/dags/dag_extract_putevoy_list.py took 0.057 seconds
[2026-08-07T14:12:59.996+0000] {processor.py:186} INFO - Started process (PID=6896) to work on /opt/airflow/dags/dag_extract_putevoy_list.py
[2026-08-07T14:12:59.997+0000] {processor.py:914} INFO - Processing file /opt/airflow/dags/dag_extract_putevoy_list.py for tasks to queue
[2026-08-07T14:12:59.999+0000] {logging_mixin.py:190} INFO - [2026-08-07T14:12:59.998+0000] {dagbag.py:588} INFO - Filling up the DagBag from /opt/airflow/dags/dag_extract_putevoy_list.py
[2026-08-07T14:13:00.007+0000] {processor.py:925} INFO - DAG(s) 'dag_extract_putevoy_list' retrieved from /opt/airflow/dags/dag_extract_putevoy_list.py
[2026-08-07T14:13:00.023+0000] {logging_mixin.py:190} INFO - [2026-08-07T14:13:00.023+0000] {dag.py:3239} INFO - Sync 1 DAGs
[2026-08-07T14:13:00.116+0000] {logging_mixin.py:190} INFO - [2026-08-07T14:13:00.116+0000] {dag.py:4180} INFO - Setting next_dagrun for dag_extract_putevoy_list to 2026-08-07 02:00:00+00:00, run_after=2026-08-08 02:00:00+00:00
[2026-08-07T14:13:00.123+0000] {processor.py:208} INFO - Processing /opt/airflow/dags/dag_extract_putevoy_list.py took 0.130 seconds
[2026-08-07T14:59:43.361+0000] {processor.py:186} INFO - Started process (PID=6919) to work on /opt/airflow/dags/dag_extract_putevoy_list.py
[2026-08-07T14:59:43.362+0000] {processor.py:914} INFO - Processing file /opt/airflow/dags/dag_extract_putevoy_list.py for tasks to queue
[2026-08-07T14:59:43.364+0000] {logging_mixin.py:190} INFO - [2026-08-07T14:59:43.364+0000] {dagbag.py:588} INFO - Filling up the DagBag from /opt/airflow/dags/dag_extract_putevoy_list.py
[2026-08-07T14:59:43.373+0000] {processor.py:925} INFO - DAG(s) 'dag_extract_putevoy_list' retrieved from /opt/airflow/dags/dag_extract_putevoy_list.py
[2026-08-07T14:59:43.385+0000] {logging_mixin.py:190} INFO - [2026-08-07T14:59:43.385+0000] {dag.py:3239} INFO - Sync 1 DAGs
[2026-08-07T14:59:43.394+0000] {logging_mixin.py:190} INFO - [2026-08-07T14:59:43.394+0000] {dag.py:4180} INFO - Setting next_dagrun for dag_extract_putevoy_list to 2026-08-07 02:00:00+00:00, run_after=2026-08-08 02:00:00+00:00
[2026-08-07T14:59:43.403+0000] {processor.py:208} INFO - Processing /opt/airflow/dags/dag_extract_putevoy_list.py took 0.045 seconds
[2026-08-07T15:27:04.544+0000] {processor.py:186} INFO - Started process (PID=6942) to work on /opt/airflow/dags/dag_extract_putevoy_list.py
[2026-08-07T15:27:04.545+0000] {processor.py:914} INFO - Processing file /opt/airflow/dags/dag_extract_putevoy_list.py for tasks to queue
[2026-08-07T15:27:04.545+0000] {logging_mixin.py:190} INFO - [2026-08-07T15:27:04.545+0000] {dagbag.py:588} INFO - Filling up the DagBag from /opt/airflow/dags/dag_extract_putevoy_list.py
[2026-08-07T15:27:04.553+0000] {processor.py:925} INFO - DAG(s) 'dag_extract_putevoy_list' retrieved from /opt/airflow/dags/dag_extract_putevoy_list.py
[2026-08-07T15:27:04.565+0000] {logging_mixin.py:190} INFO - [2026-08-07T15:27:04.565+0000] {dag.py:3239} INFO - Sync 1 DAGs
[2026-08-07T15:27:04.578+0000] {logging_mixin.py:190} INFO - [2026-08-07T15:27:04.578+0000] {dag.py:4180} INFO - Setting next_dagrun for dag_extract_putevoy_list to 2026-08-07 02:00:00+00:00, run_after=2026-08-08 02:00:00+00:00
[2026-08-07T15:27:04.585+0000] {processor.py:208} INFO - Processing /opt/airflow/dags/dag_extract_putevoy_list.py took 0.045 seconds
[2026-08-07T15:44:42.082+0000] {processor.py:186} INFO - Started process (PID=6963) to work on /opt/airflow/dags/dag_extract_putevoy_list.py
[2026-08-07T15:44:42.083+0000] {processor.py:914} INFO - Processing file /opt/airflow/dags/dag_extract_putevoy_list.py for tasks to queue
[2026-08-07T15:44:42.083+0000] {logging_mixin.py:190} INFO - [2026-08-07T15:44:42.083+0000] {dagbag.py:588} INFO - Filling up the DagBag from /opt/airflow/dags/dag_extract_putevoy_list.py
[2026-08-07T15:44:42.090+0000] {processor.py:925} INFO - DAG(s) 'dag_extract_putevoy_list' retrieved from /opt/airflow/dags/dag_extract_putevoy_list.py
[2026-08-07T15:44:42.102+0000] {logging_mixin.py:190} INFO - [2026-08-07T15:44:42.102+0000] {dag.py:3239} INFO - Sync 1 DAGs
[2026-08-07T15:44:42.214+0000] {logging_mixin.py:190} INFO - [2026-08-07T15:44:42.214+0000] {dag.py:4180} INFO - Setting next_dagrun for dag_extract_putevoy_list to 2026-08-07 02:00:00+00:00, run_after=2026-08-08 02:00:00+00:00
[2026-08-07T15:44:42.219+0000] {processor.py:208} INFO - Processing /opt/airflow/dags/dag_extract_putevoy_list.py took 0.140 seconds
[2026-08-07T16:03:26.437+0000] {processor.py:186} INFO - Started process (PID=6985) to work on /opt/airflow/dags/dag_extract_putevoy_list.py
[2026-08-07T16:03:26.438+0000] {processor.py:914} INFO - Processing file /opt/airflow/dags/dag_extract_putevoy_list.py for tasks to queue
[2026-08-07T16:03:26.439+0000] {logging_mixin.py:190} INFO - [2026-08-07T16:03:26.438+0000] {dagbag.py:588} INFO - Filling up the DagBag from /opt/airflow/dags/dag_extract_putevoy_list.py
[2026-08-07T16:03:26.448+0000] {processor.py:925} INFO - DAG(s) 'dag_extract_putevoy_list' retrieved from /opt/airflow/dags/dag_extract_putevoy_list.py
[2026-08-07T16:03:26.466+0000] {logging_mixin.py:190} INFO - [2026-08-07T16:03:26.465+0000] {dag.py:3239} INFO - Sync 1 DAGs
[2026-08-07T16:03:26.478+0000] {logging_mixin.py:190} INFO - [2026-08-07T16:03:26.478+0000] {dag.py:4180} INFO - Setting next_dagrun for dag_extract_putevoy_list to 2026-08-07 02:00:00+00:00, run_after=2026-08-08 02:00:00+00:00
[2026-08-07T16:03:26.487+0000] {processor.py:208} INFO - Processing /opt/airflow/dags/dag_extract_putevoy_list.py took 0.054 seconds
[2026-08-07T16:18:51.459+0000] {processor.py:186} INFO - Started process (PID=7008) to work on /opt/airflow/dags/dag_extract_putevoy_list.py
[2026-08-07T16:18:51.460+0000] {processor.py:914} INFO - Processing file /opt/airflow/dags/dag_extract_putevoy_list.py for tasks to queue
[2026-08-07T16:18:51.460+0000] {logging_mixin.py:190} INFO - [2026-08-07T16:18:51.460+0000] {dagbag.py:588} INFO - Filling up the DagBag from /opt/airflow/dags/dag_extract_putevoy_list.py
[2026-08-07T16:18:51.581+0000] {processor.py:925} INFO - DAG(s) 'dag_extract_putevoy_list' retrieved from /opt/airflow/dags/dag_extract_putevoy_list.py
[2026-08-07T16:18:51.820+0000] {logging_mixin.py:190} INFO - [2026-08-07T16:18:51.819+0000] {dag.py:3239} INFO - Sync 1 DAGs
[2026-08-07T16:18:51.835+0000] {logging_mixin.py:190} INFO - [2026-08-07T16:18:51.835+0000] {dag.py:4180} INFO - Setting next_dagrun for dag_extract_putevoy_list to 2026-08-07 02:00:00+00:00, run_after=2026-08-08 02:00:00+00:00
[2026-08-07T16:18:51.849+0000] {processor.py:208} INFO - Processing /opt/airflow/dags/dag_extract_putevoy_list.py took 0.394 seconds
[2026-08-07T17:29:10.331+0000] {processor.py:186} INFO - Started process (PID=7034) to work on /opt/airflow/dags/dag_extract_putevoy_list.py
[2026-08-07T17:29:10.332+0000] {processor.py:914} INFO - Processing file /opt/airflow/dags/dag_extract_putevoy_list.py for tasks to queue
[2026-08-07T17:29:10.333+0000] {logging_mixin.py:190} INFO - [2026-08-07T17:29:10.333+0000] {dagbag.py:588} INFO - Filling up the DagBag from /opt/airflow/dags/dag_extract_putevoy_list.py
[2026-08-07T17:29:10.341+0000] {processor.py:925} INFO - DAG(s) 'dag_extract_putevoy_list' retrieved from /opt/airflow/dags/dag_extract_putevoy_list.py
[2026-08-07T17:29:10.358+0000] {logging_mixin.py:190} INFO - [2026-08-07T17:29:10.357+0000] {dag.py:3239} INFO - Sync 1 DAGs
[2026-08-07T17:29:10.367+0000] {logging_mixin.py:190} INFO - [2026-08-07T17:29:10.367+0000] {dag.py:4180} INFO - Setting next_dagrun for dag_extract_putevoy_list to 2026-08-07 02:00:00+00:00, run_after=2026-08-08 02:00:00+00:00
[2026-08-07T17:29:10.376+0000] {processor.py:208} INFO - Processing /opt/airflow/dags/dag_extract_putevoy_list.py took 0.048 seconds
[2026-08-07T18:01:48.241+0000] {processor.py:186} INFO - Started process (PID=7054) to work on /opt/airflow/dags/dag_extract_putevoy_list.py
[2026-08-07T18:01:48.242+0000] {processor.py:914} INFO - Processing file /opt/airflow/dags/dag_extract_putevoy_list.py for tasks to queue
[2026-08-07T18:01:48.243+0000] {logging_mixin.py:190} INFO - [2026-08-07T18:01:48.243+0000] {dagbag.py:588} INFO - Filling up the DagBag from /opt/airflow/dags/dag_extract_putevoy_list.py
[2026-08-07T18:01:48.252+0000] {processor.py:925} INFO - DAG(s) 'dag_extract_putevoy_list' retrieved from /opt/airflow/dags/dag_extract_putevoy_list.py
[2026-08-07T18:01:48.265+0000] {logging_mixin.py:190} INFO - [2026-08-07T18:01:48.265+0000] {dag.py:3239} INFO - Sync 1 DAGs
[2026-08-07T18:01:48.275+0000] {logging_mixin.py:190} INFO - [2026-08-07T18:01:48.275+0000] {dag.py:4180} INFO - Setting next_dagrun for dag_extract_putevoy_list to 2026-08-07 02:00:00+00:00, run_after=2026-08-08 02:00:00+00:00
[2026-08-07T18:01:48.284+0000] {processor.py:208} INFO - Processing /opt/airflow/dags/dag_extract_putevoy_list.py took 0.047 seconds
[2026-08-07T19:04:16.839+0000] {processor.py:186} INFO - Started process (PID=7080) to work on /opt/airflow/dags/dag_extract_putevoy_list.py
[2026-08-07T19:04:16.840+0000] {processor.py:914} INFO - Processing file /opt/airflow/dags/dag_extract_putevoy_list.py for tasks to queue
[2026-08-07T19:04:16.841+0000] {logging_mixin.py:190} INFO - [2026-08-07T19:04:16.840+0000] {dagbag.py:588} INFO - Filling up the DagBag from /opt/airflow/dags/dag_extract_putevoy_list.py
[2026-08-07T19:04:16.847+0000] {processor.py:925} INFO - DAG(s) 'dag_extract_putevoy_list' retrieved from /opt/airflow/dags/dag_extract_putevoy_list.py
[2026-08-07T19:04:16.860+0000] {logging_mixin.py:190} INFO - [2026-08-07T19:04:16.860+0000] {dag.py:3239} INFO - Sync 1 DAGs
[2026-08-07T19:04:16.869+0000] {logging_mixin.py:190} INFO - [2026-08-07T19:04:16.869+0000] {dag.py:4180} INFO - Setting next_dagrun for dag_extract_putevoy_list to 2026-08-07 02:00:00+00:00, run_after=2026-08-08 02:00:00+00:00
[2026-08-07T19:04:16.874+0000] {processor.py:208} INFO - Processing /opt/airflow/dags/dag_extract_putevoy_list.py took 0.038 seconds
[2026-08-07T19:31:03.034+0000] {processor.py:186} INFO - Started process (PID=7100) to work on /opt/airflow/dags/dag_extract_putevoy_list.py
[2026-08-07T19:31:03.035+0000] {processor.py:914} INFO - Processing file /opt/airflow/dags/dag_extract_putevoy_list.py for tasks to queue
[2026-08-07T19:31:03.036+0000] {logging_mixin.py:190} INFO - [2026-08-07T19:31:03.035+0000] {dagbag.py:588} INFO - Filling up the DagBag from /opt/airflow/dags/dag_extract_putevoy_list.py
[2026-08-07T19:31:03.042+0000] {processor.py:925} INFO - DAG(s) 'dag_extract_putevoy_list' retrieved from /opt/airflow/dags/dag_extract_putevoy_list.py
[2026-08-07T19:31:03.054+0000] {logging_mixin.py:190} INFO - [2026-08-07T19:31:03.054+0000] {dag.py:3239} INFO - Sync 1 DAGs
[2026-08-07T19:31:03.063+0000] {logging_mixin.py:190} INFO - [2026-08-07T19:31:03.063+0000] {dag.py:4180} INFO - Setting next_dagrun for dag_extract_putevoy_list to 2026-08-07 02:00:00+00:00, run_after=2026-08-08 02:00:00+00:00
[2026-08-07T19:31:03.068+0000] {processor.py:208} INFO - Processing /opt/airflow/dags/dag_extract_putevoy_list.py took 0.037 seconds
[2026-08-07T20:20:37.214+0000] {processor.py:186} INFO - Started process (PID=7120) to work on /opt/airflow/dags/dag_extract_putevoy_list.py
[2026-08-07T20:20:37.215+0000] {processor.py:914} INFO - Processing file /opt/airflow/dags/dag_extract_putevoy_list.py for tasks to queue
[2026-08-07T20:20:37.216+0000] {logging_mixin.py:190} INFO - [2026-08-07T20:20:37.216+0000] {dagbag.py:588} INFO - Filling up the DagBag from /opt/airflow/dags/dag_extract_putevoy_list.py
[2026-08-07T20:20:37.228+0000] {processor.py:925} INFO - DAG(s) 'dag_extract_putevoy_list' retrieved from /opt/airflow/dags/dag_extract_putevoy_list.py
[2026-08-07T20:20:37.244+0000] {logging_mixin.py:190} INFO - [2026-08-07T20:20:37.244+0000] {dag.py:3239} INFO - Sync 1 DAGs
[2026-08-07T20:20:37.256+0000] {logging_mixin.py:190} INFO - [2026-08-07T20:20:37.256+0000] {dag.py:4180} INFO - Setting next_dagrun for dag_extract_putevoy_list to 2026-08-07 02:00:00+00:00, run_after=2026-08-08 02:00:00+00:00
[2026-08-07T20:20:37.265+0000] {processor.py:208} INFO - Processing /opt/airflow/dags/dag_extract_putevoy_list.py took 0.054 seconds
[2026-08-07T21:10:03.485+0000] {processor.py:186} INFO - Started process (PID=7143) to work on /opt/airflow/dags/dag_extract_putevoy_list.py
[2026-08-07T21:10:03.486+0000] {processor.py:914} INFO - Processing file /opt/airflow/dags/dag_extract_putevoy_list.py for tasks to queue
[2026-08-07T21:10:03.487+0000] {logging_mixin.py:190} INFO - [2026-08-07T21:10:03.486+0000] {dagbag.py:588} INFO - Filling up the DagBag from /opt/airflow/dags/dag_extract_putevoy_list.py
[2026-08-07T21:10:03.494+0000] {processor.py:925} INFO - DAG(s) 'dag_extract_putevoy_list' retrieved from /opt/airflow/dags/dag_extract_putevoy_list.py
[2026-08-07T21:10:03.510+0000] {logging_mixin.py:190} INFO - [2026-08-07T21:10:03.510+0000] {dag.py:3239} INFO - Sync 1 DAGs
[2026-08-07T21:10:03.521+0000] {logging_mixin.py:190} INFO - [2026-08-07T21:10:03.521+0000] {dag.py:4180} INFO - Setting next_dagrun for dag_extract_putevoy_list to 2026-08-07 02:00:00+00:00, run_after=2026-08-08 02:00:00+00:00
[2026-08-07T21:10:03.528+0000] {processor.py:208} INFO - Processing /opt/airflow/dags/dag_extract_putevoy_list.py took 0.052 seconds
[2026-08-07T22:01:10.289+0000] {processor.py:186} INFO - Started process (PID=7171) to work on /opt/airflow/dags/dag_extract_putevoy_list.py
[2026-08-07T22:01:10.290+0000] {processor.py:914} INFO - Processing file /opt/airflow/dags/dag_extract_putevoy_list.py for tasks to queue
[2026-08-07T22:01:10.293+0000] {logging_mixin.py:190} INFO - [2026-08-07T22:01:10.292+0000] {dagbag.py:588} INFO - Filling up the DagBag from /opt/airflow/dags/dag_extract_putevoy_list.py
[2026-08-07T22:01:10.303+0000] {processor.py:925} INFO - DAG(s) 'dag_extract_putevoy_list' retrieved from /opt/airflow/dags/dag_extract_putevoy_list.py
[2026-08-07T22:01:10.325+0000] {logging_mixin.py:190} INFO - [2026-08-07T22:01:10.325+0000] {dag.py:3239} INFO - Sync 1 DAGs
[2026-08-07T22:01:10.337+0000] {logging_mixin.py:190} INFO - [2026-08-07T22:01:10.336+0000] {dag.py:4180} INFO - Setting next_dagrun for dag_extract_putevoy_list to 2026-08-07 02:00:00+00:00, run_after=2026-08-08 02:00:00+00:00
[2026-08-07T22:01:10.344+0000] {processor.py:208} INFO - Processing /opt/airflow/dags/dag_extract_putevoy_list.py took 0.060 seconds
[2026-08-07T22:16:56.373+0000] {processor.py:186} INFO - Started process (PID=7189) to work on /opt/airflow/dags/dag_extract_putevoy_list.py
[2026-08-07T22:16:56.374+0000] {processor.py:914} INFO - Processing file /opt/airflow/dags/dag_extract_putevoy_list.py for tasks to queue
[2026-08-07T22:16:56.375+0000] {logging_mixin.py:190} INFO - [2026-08-07T22:16:56.374+0000] {dagbag.py:588} INFO - Filling up the DagBag from /opt/airflow/dags/dag_extract_putevoy_list.py
[2026-08-07T22:16:56.383+0000] {processor.py:925} INFO - DAG(s) 'dag_extract_putevoy_list' retrieved from /opt/airflow/dags/dag_extract_putevoy_list.py
[2026-08-07T22:16:56.396+0000] {logging_mixin.py:190} INFO - [2026-08-07T22:16:56.396+0000] {dag.py:3239} INFO - Sync 1 DAGs
[2026-08-07T22:16:56.405+0000] {logging_mixin.py:190} INFO - [2026-08-07T22:16:56.405+0000] {dag.py:4180} INFO - Setting next_dagrun for dag_extract_putevoy_list to 2026-08-07 02:00:00+00:00, run_after=2026-08-08 02:00:00+00:00
[2026-08-07T22:16:56.414+0000] {processor.py:208} INFO - Processing /opt/airflow/dags/dag_extract_putevoy_list.py took 0.045 seconds
[2026-08-07T22:33:30.938+0000] {processor.py:186} INFO - Started process (PID=7209) to work on /opt/airflow/dags/dag_extract_putevoy_list.py
[2026-08-07T22:33:30.939+0000] {processor.py:914} INFO - Processing file /opt/airflow/dags/dag_extract_putevoy_list.py for tasks to queue
[2026-08-07T22:33:30.941+0000] {logging_mixin.py:190} INFO - [2026-08-07T22:33:30.941+0000] {dagbag.py:588} INFO - Filling up the DagBag from /opt/airflow/dags/dag_extract_putevoy_list.py
[2026-08-07T22:33:30.949+0000] {processor.py:925} INFO - DAG(s) 'dag_extract_putevoy_list' retrieved from /opt/airflow/dags/dag_extract_putevoy_list.py
[2026-08-07T22:33:30.967+0000] {logging_mixin.py:190} INFO - [2026-08-07T22:33:30.967+0000] {dag.py:3239} INFO - Sync 1 DAGs
[2026-08-07T22:33:30.978+0000] {logging_mixin.py:190} INFO - [2026-08-07T22:33:30.978+0000] {dag.py:4180} INFO - Setting next_dagrun for dag_extract_putevoy_list to 2026-08-07 02:00:00+00:00, run_after=2026-08-08 02:00:00+00:00
[2026-08-07T22:33:30.986+0000] {processor.py:208} INFO - Processing /opt/airflow/dags/dag_extract_putevoy_list.py took 0.052 seconds
[2026-08-07T23:06:01.161+0000] {processor.py:186} INFO - Started process (PID=7237) to work on /opt/airflow/dags/dag_extract_putevoy_list.py
[2026-08-07T23:06:01.162+0000] {processor.py:914} INFO - Processing file /opt/airflow/dags/dag_extract_putevoy_list.py for tasks to queue
[2026-08-07T23:06:01.163+0000] {logging_mixin.py:190} INFO - [2026-08-07T23:06:01.162+0000] {dagbag.py:588} INFO - Filling up the DagBag from /opt/airflow/dags/dag_extract_putevoy_list.py
[2026-08-07T23:06:01.169+0000] {processor.py:925} INFO - DAG(s) 'dag_extract_putevoy_list' retrieved from /opt/airflow/dags/dag_extract_putevoy_list.py
[2026-08-07T23:06:01.185+0000] {logging_mixin.py:190} INFO - [2026-08-07T23:06:01.185+0000] {dag.py:3239} INFO - Sync 1 DAGs
[2026-08-07T23:06:01.196+0000] {logging_mixin.py:190} INFO - [2026-08-07T23:06:01.196+0000] {dag.py:4180} INFO - Setting next_dagrun for dag_extract_putevoy_list to 2026-08-07 02:00:00+00:00, run_after=2026-08-08 02:00:00+00:00
[2026-08-07T23:06:01.206+0000] {processor.py:208} INFO - Processing /opt/airflow/dags/dag_extract_putevoy_list.py took 0.049 seconds
[2026-08-07T23:53:40.494+0000] {processor.py:186} INFO - Started process (PID=7255) to work on /opt/airflow/dags/dag_extract_putevoy_list.py
[2026-08-07T23:53:40.495+0000] {processor.py:914} INFO - Processing file /opt/airflow/dags/dag_extract_putevoy_list.py for tasks to queue
[2026-08-07T23:53:40.497+0000] {logging_mixin.py:190} INFO - [2026-08-07T23:53:40.496+0000] {dagbag.py:588} INFO - Filling up the DagBag from /opt/airflow/dags/dag_extract_putevoy_list.py
[2026-08-07T23:53:40.505+0000] {processor.py:925} INFO - DAG(s) 'dag_extract_putevoy_list' retrieved from /opt/airflow/dags/dag_extract_putevoy_list.py
[2026-08-07T23:53:40.519+0000] {logging_mixin.py:190} INFO - [2026-08-07T23:53:40.518+0000] {dag.py:3239} INFO - Sync 1 DAGs
[2026-08-07T23:53:40.529+0000] {logging_mixin.py:190} INFO - [2026-08-07T23:53:40.529+0000] {dag.py:4180} INFO - Setting next_dagrun for dag_extract_putevoy_list to 2026-08-07 02:00:00+00:00, run_after=2026-08-08 02:00:00+00:00
[2026-08-07T23:53:40.540+0000] {processor.py:208} INFO - Processing /opt/airflow/dags/dag_extract_putevoy_list.py took 0.050 seconds
