[2026-07-14T03:33:12.479+0000] {local_task_job_runner.py:123} INFO - ::group::Pre task execution logs
[2026-07-14T03:33:12.492+0000] {taskinstance.py:2613} INFO - Dependencies all met for dep_context=non-requeueable deps ti=<TaskInstance: dag_extract_catalogs.extract_polya manual__2026-07-13T19:34:48.346958+00:00 [queued]>
[2026-07-14T03:33:12.497+0000] {taskinstance.py:2613} INFO - Dependencies all met for dep_context=requeueable deps ti=<TaskInstance: dag_extract_catalogs.extract_polya manual__2026-07-13T19:34:48.346958+00:00 [queued]>
[2026-07-14T03:33:12.498+0000] {taskinstance.py:2866} INFO - Starting attempt 2 of 3
[2026-07-14T03:33:12.511+0000] {taskinstance.py:2889} INFO - Executing <Task(PythonOperator): extract_polya> on 2026-07-13 19:34:48.346958+00:00
[2026-07-14T03:33:12.517+0000] {standard_task_runner.py:72} INFO - Started process 73667 to run task
[2026-07-14T03:33:12.522+0000] {standard_task_runner.py:104} INFO - Running: ['***', 'tasks', 'run', 'dag_extract_catalogs', 'extract_polya', 'manual__2026-07-13T19:34:48.346958+00:00', '--job-id', '843', '--raw', '--subdir', 'DAGS_FOLDER/dag_extract_catalogs.py', '--cfg-path', '/tmp/tmp7j4qxkms']
[2026-07-14T03:33:12.531+0000] {standard_task_runner.py:105} INFO - Job 843: Subtask extract_polya
[2026-07-14T03:33:12.587+0000] {task_command.py:467} INFO - Running <TaskInstance: dag_extract_catalogs.extract_polya manual__2026-07-13T19:34:48.346958+00:00 [running]> on host ce016640a6d7
[2026-07-14T03:33:12.646+0000] {taskinstance.py:3132} INFO - Exporting env vars: AIRFLOW_CTX_DAG_OWNER='bi' AIRFLOW_CTX_DAG_ID='dag_extract_catalogs' AIRFLOW_CTX_TASK_ID='extract_polya' AIRFLOW_CTX_EXECUTION_DATE='2026-07-13T19:34:48.346958+00:00' AIRFLOW_CTX_TRY_NUMBER='2' AIRFLOW_CTX_DAG_RUN_ID='manual__2026-07-13T19:34:48.346958+00:00'
[2026-07-14T03:33:12.647+0000] {taskinstance.py:731} INFO - ::endgroup::
[2026-07-14T03:33:15.184+0000] {taskinstance.py:3311} ERROR - Task failed with exception
Traceback (most recent call last):
  File "/home/airflow/.local/lib/python3.11/site-packages/airflow/models/taskinstance.py", line 767, in _execute_task
    result = _execute_callable(context=context, **execute_callable_kwargs)
             ^^^^^^^^^^^^^^^^^^^^^^^^^^^^^^^^^^^^^^^^^^^^^^^^^^^^^^^^^^^^^
  File "/home/airflow/.local/lib/python3.11/site-packages/airflow/models/taskinstance.py", line 733, in _execute_callable
    return ExecutionCallableRunner(
           ^^^^^^^^^^^^^^^^^^^^^^^^
  File "/home/airflow/.local/lib/python3.11/site-packages/airflow/utils/operator_helpers.py", line 252, in run
    return self.func(*args, **kwargs)
           ^^^^^^^^^^^^^^^^^^^^^^^^^^
  File "/home/airflow/.local/lib/python3.11/site-packages/airflow/models/baseoperator.py", line 417, in wrapper
    return func(self, *args, **kwargs)
           ^^^^^^^^^^^^^^^^^^^^^^^^^^^
  File "/home/airflow/.local/lib/python3.11/site-packages/airflow/operators/python.py", line 238, in execute
    return_value = self.execute_callable()
                   ^^^^^^^^^^^^^^^^^^^^^^^
  File "/home/airflow/.local/lib/python3.11/site-packages/airflow/operators/python.py", line 256, in execute_callable
    return runner.run(*self.op_args, **self.op_kwargs)
           ^^^^^^^^^^^^^^^^^^^^^^^^^^^^^^^^^^^^^^^^^^^
  File "/home/airflow/.local/lib/python3.11/site-packages/airflow/utils/operator_helpers.py", line 252, in run
    return self.func(*args, **kwargs)
           ^^^^^^^^^^^^^^^^^^^^^^^^^^
  File "/opt/airflow/dags/dag_extract_catalogs.py", line 67, in _extract_polya
    raw = _fetch_all(cfg, "Catalog_АпкПоля", "Ref_Key,DeletionMark,Description,Parent_Key,АпкПлощадьПоляГа,КадастровыйНомер,Хозяйство_Key")
          ^^^^^^^^^^^^^^^^^^^^^^^^^^^^^^^^^^^^^^^^^^^^^^^^^^^^^^^^^^^^^^^^^^^^^^^^^^^^^^^^^^^^^^^^^^^^^^^^^^^^^^^^^^^^^^^^^^^^^^^^^^^^^^^^^
  File "/opt/airflow/dags/dag_extract_catalogs.py", line 42, in _fetch_all
    resp.raise_for_status()
  File "/home/airflow/.local/lib/python3.11/site-packages/requests/models.py", line 1024, in raise_for_status
    raise HTTPError(http_error_msg, response=self)
requests.exceptions.HTTPError: 400 Client Error: Bad request for url: http://10.50.254.22/ld_erp_ibiOdata/odata/standard.odata/Catalog_%D0%90%D0%BF%D0%BA%D0%9F%D0%BE%D0%BB%D1%8F?$format=json&$select=Ref_Key,DeletionMark,Description,Parent_Key,%D0%90%D0%BF%D0%BA%D0%9F%D0%BB%D0%BE%D1%89%D0%B0%D0%B4%D1%8C%D0%9F%D0%BE%D0%BB%D1%8F%D0%93%D0%B0,%D0%9A%D0%B0%D0%B4%D0%B0%D1%81%D1%82%D1%80%D0%BE%D0%B2%D1%8B%D0%B9%D0%9D%D0%BE%D0%BC%D0%B5%D1%80,%D0%A5%D0%BE%D0%B7%D1%8F%D0%B9%D1%81%D1%82%D0%B2%D0%BE_Key&$top=500&$skip=0
[2026-07-14T03:33:15.208+0000] {taskinstance.py:1225} INFO - Marking task as UP_FOR_RETRY. dag_id=dag_extract_catalogs, task_id=extract_polya, run_id=manual__2026-07-13T19:34:48.346958+00:00, execution_date=20260713T193448, start_date=20260714T033312, end_date=20260714T033315
[2026-07-14T03:33:15.217+0000] {taskinstance.py:340} INFO - ::group::Post task execution logs
[2026-07-14T03:33:15.218+0000] {standard_task_runner.py:124} ERROR - Failed to execute job 843 for task extract_polya (400 Client Error: Bad request for url: http://10.50.254.22/ld_erp_ibiOdata/odata/standard.odata/Catalog_%D0%90%D0%BF%D0%BA%D0%9F%D0%BE%D0%BB%D1%8F?$format=json&$select=Ref_Key,DeletionMark,Description,Parent_Key,%D0%90%D0%BF%D0%BA%D0%9F%D0%BB%D0%BE%D1%89%D0%B0%D0%B4%D1%8C%D0%9F%D0%BE%D0%BB%D1%8F%D0%93%D0%B0,%D0%9A%D0%B0%D0%B4%D0%B0%D1%81%D1%82%D1%80%D0%BE%D0%B2%D1%8B%D0%B9%D0%9D%D0%BE%D0%BC%D0%B5%D1%80,%D0%A5%D0%BE%D0%B7%D1%8F%D0%B9%D1%81%D1%82%D0%B2%D0%BE_Key&$top=500&$skip=0; 73667)
Traceback (most recent call last):
  File "/home/airflow/.local/lib/python3.11/site-packages/airflow/task/task_runner/standard_task_runner.py", line 117, in _start_by_fork
    ret = args.func(args, dag=self.dag)
          ^^^^^^^^^^^^^^^^^^^^^^^^^^^^^
  File "/home/airflow/.local/lib/python3.11/site-packages/airflow/cli/cli_config.py", line 49, in command
    return func(*args, **kwargs)
           ^^^^^^^^^^^^^^^^^^^^^
  File "/home/airflow/.local/lib/python3.11/site-packages/airflow/utils/cli.py", line 116, in wrapper
    return f(*args, **kwargs)
           ^^^^^^^^^^^^^^^^^^
  File "/home/airflow/.local/lib/python3.11/site-packages/airflow/cli/commands/task_command.py", line 483, in task_run
    task_return_code = _run_task_by_selected_method(args, _dag, ti)
                       ^^^^^^^^^^^^^^^^^^^^^^^^^^^^^^^^^^^^^^^^^^^^
  File "/home/airflow/.local/lib/python3.11/site-packages/airflow/cli/commands/task_command.py", line 256, in _run_task_by_selected_method
    return _run_raw_task(args, ti)
           ^^^^^^^^^^^^^^^^^^^^^^^
  File "/home/airflow/.local/lib/python3.11/site-packages/airflow/cli/commands/task_command.py", line 341, in _run_raw_task
    return ti._run_raw_task(
           ^^^^^^^^^^^^^^^^^
  File "/home/airflow/.local/lib/python3.11/site-packages/airflow/utils/session.py", line 97, in wrapper
    return func(*args, session=session, **kwargs)
           ^^^^^^^^^^^^^^^^^^^^^^^^^^^^^^^^^^^^^^
  File "/home/airflow/.local/lib/python3.11/site-packages/airflow/models/taskinstance.py", line 3005, in _run_raw_task
    return _run_raw_task(
           ^^^^^^^^^^^^^^
  File "/home/airflow/.local/lib/python3.11/site-packages/airflow/models/taskinstance.py", line 273, in _run_raw_task
    TaskInstance._execute_task_with_callbacks(
  File "/home/airflow/.local/lib/python3.11/site-packages/airflow/models/taskinstance.py", line 3159, in _execute_task_with_callbacks
    result = self._execute_task(context, task_orig)
             ^^^^^^^^^^^^^^^^^^^^^^^^^^^^^^^^^^^^^^
  File "/home/airflow/.local/lib/python3.11/site-packages/airflow/models/taskinstance.py", line 3183, in _execute_task
    return _execute_task(self, context, task_orig)
           ^^^^^^^^^^^^^^^^^^^^^^^^^^^^^^^^^^^^^^^
  File "/home/airflow/.local/lib/python3.11/site-packages/airflow/models/taskinstance.py", line 767, in _execute_task
    result = _execute_callable(context=context, **execute_callable_kwargs)
             ^^^^^^^^^^^^^^^^^^^^^^^^^^^^^^^^^^^^^^^^^^^^^^^^^^^^^^^^^^^^^
  File "/home/airflow/.local/lib/python3.11/site-packages/airflow/models/taskinstance.py", line 733, in _execute_callable
    return ExecutionCallableRunner(
           ^^^^^^^^^^^^^^^^^^^^^^^^
  File "/home/airflow/.local/lib/python3.11/site-packages/airflow/utils/operator_helpers.py", line 252, in run
    return self.func(*args, **kwargs)
           ^^^^^^^^^^^^^^^^^^^^^^^^^^
  File "/home/airflow/.local/lib/python3.11/site-packages/airflow/models/baseoperator.py", line 417, in wrapper
    return func(self, *args, **kwargs)
           ^^^^^^^^^^^^^^^^^^^^^^^^^^^
  File "/home/airflow/.local/lib/python3.11/site-packages/airflow/operators/python.py", line 238, in execute
    return_value = self.execute_callable()
                   ^^^^^^^^^^^^^^^^^^^^^^^
  File "/home/airflow/.local/lib/python3.11/site-packages/airflow/operators/python.py", line 256, in execute_callable
    return runner.run(*self.op_args, **self.op_kwargs)
           ^^^^^^^^^^^^^^^^^^^^^^^^^^^^^^^^^^^^^^^^^^^
  File "/home/airflow/.local/lib/python3.11/site-packages/airflow/utils/operator_helpers.py", line 252, in run
    return self.func(*args, **kwargs)
           ^^^^^^^^^^^^^^^^^^^^^^^^^^
  File "/opt/airflow/dags/dag_extract_catalogs.py", line 67, in _extract_polya
    raw = _fetch_all(cfg, "Catalog_АпкПоля", "Ref_Key,DeletionMark,Description,Parent_Key,АпкПлощадьПоляГа,КадастровыйНомер,Хозяйство_Key")
          ^^^^^^^^^^^^^^^^^^^^^^^^^^^^^^^^^^^^^^^^^^^^^^^^^^^^^^^^^^^^^^^^^^^^^^^^^^^^^^^^^^^^^^^^^^^^^^^^^^^^^^^^^^^^^^^^^^^^^^^^^^^^^^^^^
  File "/opt/airflow/dags/dag_extract_catalogs.py", line 42, in _fetch_all
    resp.raise_for_status()
  File "/home/airflow/.local/lib/python3.11/site-packages/requests/models.py", line 1024, in raise_for_status
    raise HTTPError(http_error_msg, response=self)
requests.exceptions.HTTPError: 400 Client Error: Bad request for url: http://10.50.254.22/ld_erp_ibiOdata/odata/standard.odata/Catalog_%D0%90%D0%BF%D0%BA%D0%9F%D0%BE%D0%BB%D1%8F?$format=json&$select=Ref_Key,DeletionMark,Description,Parent_Key,%D0%90%D0%BF%D0%BA%D0%9F%D0%BB%D0%BE%D1%89%D0%B0%D0%B4%D1%8C%D0%9F%D0%BE%D0%BB%D1%8F%D0%93%D0%B0,%D0%9A%D0%B0%D0%B4%D0%B0%D1%81%D1%82%D1%80%D0%BE%D0%B2%D1%8B%D0%B9%D0%9D%D0%BE%D0%BC%D0%B5%D1%80,%D0%A5%D0%BE%D0%B7%D1%8F%D0%B9%D1%81%D1%82%D0%B2%D0%BE_Key&$top=500&$skip=0
[2026-07-14T03:33:15.257+0000] {local_task_job_runner.py:266} INFO - Task exited with return code 1
[2026-07-14T03:33:15.265+0000] {local_task_job_runner.py:245} INFO - ::endgroup::
